  Determining projects to restore...
  All projects are up-to-date for restore.
  SunamoDevCode -> E:\vs\Projects\PlatformIndependentNuGetPackages\SunamoDevCode\SunamoDevCode\bin\Debug\net9.0\SunamoDevCode.dll
  SunamoDevCode -> E:\vs\Projects\PlatformIndependentNuGetPackages\SunamoDevCode\SunamoDevCode\bin\Debug\net10.0\SunamoDevCode.dll
  SunamoDevCode -> E:\vs\Projects\PlatformIndependentNuGetPackages\SunamoDevCode\SunamoDevCode\bin\Debug\net8.0\SunamoDevCode.dll
E:\vs\Projects\PlatformIndependentNuGetPackages\SunamoStringGetLines\SunamoStringGetLines\SHGetLines.cs(5,14): warning CS1591: Missing XML comment for publicly visible type or member 'SHGetLines' [E:\vs\Projects\PlatformIndependentNuGetPackages\SunamoStringGetLines\SunamoStringGetLines\SunamoStringGetLines.csproj::TargetFramework=net10.0]
E:\vs\Projects\PlatformIndependentNuGetPackages\SunamoStringGetLines\SunamoStringGetLines\SHGetLines.cs(7,32): warning CS1591: Missing XML comment for publicly visible type or member 'SHGetLines.GetLines(string, GetLinesArgs?)' [E:\vs\Projects\PlatformIndependentNuGetPackages\SunamoStringGetLines\SunamoStringGetLines\SunamoStringGetLines.csproj::TargetFramework=net10.0]
E:\vs\Projects\PlatformIndependentNuGetPackages\SunamoStringGetLines\SunamoStringGetLines\SHGetLines.cs(22,32): warning CS1591: Missing XML comment for publicly visible type or member 'SHGetLines.GetLinesFromLinesWithOneRow(List<string>)' [E:\vs\Projects\PlatformIndependentNuGetPackages\SunamoStringGetLines\SunamoStringGetLines\SunamoStringGetLines.csproj::TargetFramework=net10.0]
E:\vs\Projects\PlatformIndependentNuGetPackages\SunamoStringGetLines\SunamoStringGetLines\SHGetLines.cs(5,14): warning CS1591: Missing XML comment for publicly visible type or member 'SHGetLines' [E:\vs\Projects\PlatformIndependentNuGetPackages\SunamoStringGetLines\SunamoStringGetLines\SunamoStringGetLines.csproj::TargetFramework=net9.0]
E:\vs\Projects\PlatformIndependentNuGetPackages\SunamoStringGetLines\SunamoStringGetLines\SHGetLines.cs(7,32): warning CS1591: Missing XML comment for publicly visible type or member 'SHGetLines.GetLines(string, GetLinesArgs?)' [E:\vs\Projects\PlatformIndependentNuGetPackages\SunamoStringGetLines\SunamoStringGetLines\SunamoStringGetLines.csproj::TargetFramework=net9.0]
E:\vs\Projects\PlatformIndependentNuGetPackages\SunamoStringGetLines\SunamoStringGetLines\SHGetLines.cs(22,32): warning CS1591: Missing XML comment for publicly visible type or member 'SHGetLines.GetLinesFromLinesWithOneRow(List<string>)' [E:\vs\Projects\PlatformIndependentNuGetPackages\SunamoStringGetLines\SunamoStringGetLines\SunamoStringGetLines.csproj::TargetFramework=net9.0]
  SunamoStringGetLines -> E:\vs\Projects\PlatformIndependentNuGetPackages\SunamoStringGetLines\SunamoStringGetLines\bin\Debug\net9.0\SunamoStringGetLines.dll
  SunamoStringGetLines -> E:\vs\Projects\PlatformIndependentNuGetPackages\SunamoStringGetLines\SunamoStringGetLines\bin\Debug\net10.0\SunamoStringGetLines.dll
E:\vs\Projects\PlatformIndependentNuGetPackages\SunamoString\SunamoString\_public\SunamoData\Data\FromToString.cs(5,32): warning CS0108: 'FromToString.Empty' hides inherited member 'FromToTSHString<long>.Empty'. Use the new keyword if hiding was intended. [E:\vs\Projects\PlatformIndependentNuGetPackages\SunamoString\SunamoString\SunamoString.csproj::TargetFramework=net10.0]
E:\vs\Projects\PlatformIndependentNuGetPackages\SunamoString\SunamoString\_sunamo\SunamoDictionary\DictionaryHelper.cs(5,58): warning CS8714: The type 'T' cannot be used as type parameter 'TKey' in the generic type or method 'Dictionary<TKey, TValue>'. Nullability of type argument 'T' doesn't match 'notnull' constraint. [E:\vs\Projects\PlatformIndependentNuGetPackages\SunamoString\SunamoString\SunamoString.csproj::TargetFramework=net10.0]
E:\vs\Projects\PlatformIndependentNuGetPackages\SunamoString\SunamoString\SH.cs(530,78): warning CS8625: Cannot convert null literal to non-nullable reference type. [E:\vs\Projects\PlatformIndependentNuGetPackages\SunamoString\SunamoString\SunamoString.csproj::TargetFramework=net10.0]
E:\vs\Projects\PlatformIndependentNuGetPackages\SunamoString\SunamoString\SH.cs(670,101): warning CS8625: Cannot convert null literal to non-nullable reference type. [E:\vs\Projects\PlatformIndependentNuGetPackages\SunamoString\SunamoString\SunamoString.csproj::TargetFramework=net10.0]
E:\vs\Projects\PlatformIndependentNuGetPackages\SunamoString\SunamoString\SH.cs(2230,37): warning CS8625: Cannot convert null literal to non-nullable reference type. [E:\vs\Projects\PlatformIndependentNuGetPackages\SunamoString\SunamoString\SunamoString.csproj::TargetFramework=net10.0]
E:\vs\Projects\PlatformIndependentNuGetPackages\SunamoString\SunamoString\_public\StringOrStringList.cs(5,12): warning CS8618: Non-nullable property 'List' must contain a non-null value when exiting constructor. Consider adding the 'required' modifier or declaring the property as nullable. [E:\vs\Projects\PlatformIndependentNuGetPackages\SunamoString\SunamoString\SunamoString.csproj::TargetFramework=net10.0]
E:\vs\Projects\PlatformIndependentNuGetPackages\SunamoString\SunamoString\_sunamo\WhitespaceCharService.cs(5,25): warning CS8618: Non-nullable field 'WhiteSpaceChars' must contain a non-null value when exiting constructor. Consider adding the 'required' modifier or declaring the field as nullable. [E:\vs\Projects\PlatformIndependentNuGetPackages\SunamoString\SunamoString\SunamoString.csproj::TargetFramework=net10.0]
E:\vs\Projects\PlatformIndependentNuGetPackages\SunamoString\SunamoString\_sunamo\LetterAndDigitCharService.cs(5,25): warning CS8618: Non-nullable field 'AllCharsWithoutSpecial' must contain a non-null value when exiting constructor. Consider adding the 'required' modifier or declaring the field as nullable. [E:\vs\Projects\PlatformIndependentNuGetPackages\SunamoString\SunamoString\SunamoString.csproj::TargetFramework=net10.0]
E:\vs\Projects\PlatformIndependentNuGetPackages\SunamoString\SunamoString\_sunamo\LetterAndDigitCharService.cs(6,25): warning CS8618: Non-nullable field 'AllChars' must contain a non-null value when exiting constructor. Consider adding the 'required' modifier or declaring the field as nullable. [E:\vs\Projects\PlatformIndependentNuGetPackages\SunamoString\SunamoString\SunamoString.csproj::TargetFramework=net10.0]
E:\vs\Projects\PlatformIndependentNuGetPackages\SunamoString\SunamoString\_public\StringOrStringList.cs(9,12): warning CS8618: Non-nullable property 'String' must contain a non-null value when exiting constructor. Consider adding the 'required' modifier or declaring the property as nullable. [E:\vs\Projects\PlatformIndependentNuGetPackages\SunamoString\SunamoString\SunamoString.csproj::TargetFramework=net10.0]
E:\vs\Projects\PlatformIndependentNuGetPackages\SunamoString\SunamoString\TT.cs(19,78): warning CS8604: Possible null reference argument for parameter 'value' in 'string TT.NameValue(string name, string value)'. [E:\vs\Projects\PlatformIndependentNuGetPackages\SunamoString\SunamoString\SunamoString.csproj::TargetFramework=net10.0]
E:\vs\Projects\PlatformIndependentNuGetPackages\SunamoString\SunamoString\_public\SunamoData\Data\ABString.cs(11,37): warning CS8625: Cannot convert null literal to non-nullable reference type. [E:\vs\Projects\PlatformIndependentNuGetPackages\SunamoString\SunamoString\SunamoString.csproj::TargetFramework=net10.0]
E:\vs\Projects\PlatformIndependentNuGetPackages\SunamoString\SunamoString\_public\SunamoData\Data\ABString.cs(17,37): warning CS8625: Cannot convert null literal to non-nullable reference type. [E:\vs\Projects\PlatformIndependentNuGetPackages\SunamoString\SunamoString\SunamoString.csproj::TargetFramework=net10.0]
E:\vs\Projects\PlatformIndependentNuGetPackages\SunamoString\SunamoString\_public\SunamoData\Data\SquareMapLines.cs(22,12): warning CS8618: Non-nullable property 'CurlyBrackets' must contain a non-null value when exiting constructor. Consider adding the 'required' modifier or declaring the property as nullable. [E:\vs\Projects\PlatformIndependentNuGetPackages\SunamoString\SunamoString\SunamoString.csproj::TargetFramework=net10.0]
E:\vs\Projects\PlatformIndependentNuGetPackages\SunamoString\SunamoString\_public\SunamoData\Data\SquareMapLines.cs(22,12): warning CS8618: Non-nullable property 'SquareBrackets' must contain a non-null value when exiting constructor. Consider adding the 'required' modifier or declaring the property as nullable. [E:\vs\Projects\PlatformIndependentNuGetPackages\SunamoString\SunamoString\SunamoString.csproj::TargetFramework=net10.0]
E:\vs\Projects\PlatformIndependentNuGetPackages\SunamoString\SunamoString\_public\SunamoData\Data\SquareMapLines.cs(22,12): warning CS8618: Non-nullable property 'Brackets' must contain a non-null value when exiting constructor. Consider adding the 'required' modifier or declaring the property as nullable. [E:\vs\Projects\PlatformIndependentNuGetPackages\SunamoString\SunamoString\SunamoString.csproj::TargetFramework=net10.0]
E:\vs\Projects\PlatformIndependentNuGetPackages\SunamoString\SunamoString\_public\SunamoData\Data\SquareMapLines.cs(22,12): warning CS8618: Non-nullable property 'EndingCurlyBrackets' must contain a non-null value when exiting constructor. Consider adding the 'required' modifier or declaring the property as nullable. [E:\vs\Projects\PlatformIndependentNuGetPackages\SunamoString\SunamoString\SunamoString.csproj::TargetFramework=net10.0]
E:\vs\Projects\PlatformIndependentNuGetPackages\SunamoString\SunamoString\_public\SunamoData\Data\SquareMapLines.cs(22,12): warning CS8618: Non-nullable property 'EndingSquareBrackets' must contain a non-null value when exiting constructor. Consider adding the 'required' modifier or declaring the property as nullable. [E:\vs\Projects\PlatformIndependentNuGetPackages\SunamoString\SunamoString\SunamoString.csproj::TargetFramework=net10.0]
E:\vs\Projects\PlatformIndependentNuGetPackages\SunamoString\SunamoString\_public\SunamoData\Data\SquareMapLines.cs(22,12): warning CS8618: Non-nullable property 'EndingBrackets' must contain a non-null value when exiting constructor. Consider adding the 'required' modifier or declaring the property as nullable. [E:\vs\Projects\PlatformIndependentNuGetPackages\SunamoString\SunamoString\SunamoString.csproj::TargetFramework=net10.0]
E:\vs\Projects\PlatformIndependentNuGetPackages\SunamoString\SunamoString\_public\SunamoData\Data\ABString.cs(27,29): warning CS8604: Possible null reference argument for parameter 'firstValue' in 'ABString.ABString(string firstValue, object secondValue)'. [E:\vs\Projects\PlatformIndependentNuGetPackages\SunamoString\SunamoString\SunamoString.csproj::TargetFramework=net10.0]
E:\vs\Projects\PlatformIndependentNuGetPackages\SunamoString\SunamoString\_public\SunamoData\Data\SquareMapLines.cs(26,12): warning CS8618: Non-nullable property 'CurlyBrackets' must contain a non-null value when exiting constructor. Consider adding the 'required' modifier or declaring the property as nullable. [E:\vs\Projects\PlatformIndependentNuGetPackages\SunamoString\SunamoString\SunamoString.csproj::TargetFramework=net10.0]
E:\vs\Projects\PlatformIndependentNuGetPackages\SunamoString\SunamoString\_public\SunamoData\Data\SquareMapLines.cs(26,12): warning CS8618: Non-nullable property 'SquareBrackets' must contain a non-null value when exiting constructor. Consider adding the 'required' modifier or declaring the property as nullable. [E:\vs\Projects\PlatformIndependentNuGetPackages\SunamoString\SunamoString\SunamoString.csproj::TargetFramework=net10.0]
E:\vs\Projects\PlatformIndependentNuGetPackages\SunamoString\SunamoString\_public\SunamoData\Data\SquareMapLines.cs(26,12): warning CS8618: Non-nullable property 'Brackets' must contain a non-null value when exiting constructor. Consider adding the 'required' modifier or declaring the property as nullable. [E:\vs\Projects\PlatformIndependentNuGetPackages\SunamoString\SunamoString\SunamoString.csproj::TargetFramework=net10.0]
E:\vs\Projects\PlatformIndependentNuGetPackages\SunamoString\SunamoString\_public\SunamoData\Data\SquareMapLines.cs(26,12): warning CS8618: Non-nullable property 'EndingCurlyBrackets' must contain a non-null value when exiting constructor. Consider adding the 'required' modifier or declaring the property as nullable. [E:\vs\Projects\PlatformIndependentNuGetPackages\SunamoString\SunamoString\SunamoString.csproj::TargetFramework=net10.0]
E:\vs\Projects\PlatformIndependentNuGetPackages\SunamoString\SunamoString\_public\SunamoData\Data\SquareMapLines.cs(26,12): warning CS8618: Non-nullable property 'EndingSquareBrackets' must contain a non-null value when exiting constructor. Consider adding the 'required' modifier or declaring the property as nullable. [E:\vs\Projects\PlatformIndependentNuGetPackages\SunamoString\SunamoString\SunamoString.csproj::TargetFramework=net10.0]
E:\vs\Projects\PlatformIndependentNuGetPackages\SunamoString\SunamoString\_public\SunamoData\Data\SquareMapLines.cs(26,12): warning CS8618: Non-nullable property 'EndingBrackets' must contain a non-null value when exiting constructor. Consider adding the 'required' modifier or declaring the property as nullable. [E:\vs\Projects\PlatformIndependentNuGetPackages\SunamoString\SunamoString\SunamoString.csproj::TargetFramework=net10.0]
E:\vs\Projects\PlatformIndependentNuGetPackages\SunamoString\SunamoString\_public\SunamoData\Data\CharFormatDataString.cs(15,42): warning CS8625: Cannot convert null literal to non-nullable reference type. [E:\vs\Projects\PlatformIndependentNuGetPackages\SunamoString\SunamoString\SunamoString.csproj::TargetFramework=net10.0]
E:\vs\Projects\PlatformIndependentNuGetPackages\SunamoString\SunamoString\_public\SunamoData\Data\CharFormatDataString.cs(38,48): warning CS8625: Cannot convert null literal to non-nullable reference type. [E:\vs\Projects\PlatformIndependentNuGetPackages\SunamoString\SunamoString\SunamoString.csproj::TargetFramework=net10.0]
E:\vs\Projects\PlatformIndependentNuGetPackages\SunamoString\SunamoString\_sunamo\SpecialCharsService.cs(16,34): warning CS8618: Non-nullable field 'SpecialCharsAll' must contain a non-null value when exiting constructor. Consider adding the 'required' modifier or declaring the field as nullable. [E:\vs\Projects\PlatformIndependentNuGetPackages\SunamoString\SunamoString\SunamoString.csproj::TargetFramework=net10.0]
E:\vs\Projects\PlatformIndependentNuGetPackages\SunamoString\SunamoString\_public\SunamoData\Data\ABCString.cs(29,22): warning CS8625: Cannot convert null literal to non-nullable reference type. [E:\vs\Projects\PlatformIndependentNuGetPackages\SunamoString\SunamoString\SunamoString.csproj::TargetFramework=net10.0]
E:\vs\Projects\PlatformIndependentNuGetPackages\SunamoString\SunamoString\_public\SunamoData\Data\FromToTSHString.cs(31,30): warning CS8600: Converting null literal or possible null value to non-nullable type. [E:\vs\Projects\PlatformIndependentNuGetPackages\SunamoString\SunamoString\SunamoString.csproj::TargetFramework=net10.0]
E:\vs\Projects\PlatformIndependentNuGetPackages\SunamoString\SunamoString\_public\SunamoData\Data\FromToTSHString.cs(36,28): warning CS8600: Converting null literal or possible null value to non-nullable type. [E:\vs\Projects\PlatformIndependentNuGetPackages\SunamoString\SunamoString\SunamoString.csproj::TargetFramework=net10.0]
E:\vs\Projects\PlatformIndependentNuGetPackages\SunamoString\SunamoString\_public\SunamoData\Data\ABCString.cs(44,36): warning CS8602: Dereference of a possibly null reference. [E:\vs\Projects\PlatformIndependentNuGetPackages\SunamoString\SunamoString\SunamoString.csproj::TargetFramework=net10.0]
E:\vs\Projects\PlatformIndependentNuGetPackages\SunamoString\SunamoString\_public\SunamoData\Data\ABCString.cs(45,26): warning CS8602: Dereference of a possibly null reference. [E:\vs\Projects\PlatformIndependentNuGetPackages\SunamoString\SunamoString\SunamoString.csproj::TargetFramework=net10.0]
E:\vs\Projects\PlatformIndependentNuGetPackages\SunamoString\SunamoString\_public\SunamoData\Data\ABCString.cs(84,39): warning CS8604: Possible null reference argument for parameter 'firstValue' in 'ABString ABString.Get(string firstValue, object secondValue)'. [E:\vs\Projects\PlatformIndependentNuGetPackages\SunamoString\SunamoString\SunamoString.csproj::TargetFramework=net10.0]
E:\vs\Projects\PlatformIndependentNuGetPackages\SunamoString\SunamoString\SH.cs(13,23): warning CS8600: Converting null literal or possible null value to non-nullable type. [E:\vs\Projects\PlatformIndependentNuGetPackages\SunamoString\SunamoString\SunamoString.csproj::TargetFramework=net10.0]
E:\vs\Projects\PlatformIndependentNuGetPackages\SunamoString\SunamoString\SH.cs(60,31): warning CS8604: Possible null reference argument for parameter 'value' in 'bool string.Contains(string value)'. [E:\vs\Projects\PlatformIndependentNuGetPackages\SunamoString\SunamoString\SunamoString.csproj::TargetFramework=net10.0]
E:\vs\Projects\PlatformIndependentNuGetPackages\SunamoString\SunamoString\Extensions\StringExtensions.cs(34,36): warning CS8600: Converting null literal or possible null value to non-nullable type. [E:\vs\Projects\PlatformIndependentNuGetPackages\SunamoString\SunamoString\SunamoString.csproj::TargetFramework=net10.0]
E:\vs\Projects\PlatformIndependentNuGetPackages\SunamoString\SunamoString\_sunamo\SunamoStringParts\SHParts.cs(7,37): warning CS8604: Possible null reference argument for parameter 'value' in 'int string.LastIndexOf(string value)'. [E:\vs\Projects\PlatformIndependentNuGetPackages\SunamoString\SunamoString\SunamoString.csproj::TargetFramework=net10.0]
E:\vs\Projects\PlatformIndependentNuGetPackages\SunamoString\SunamoString\_sunamo\SunamoStringReplace\SHReplace.cs(40,25): warning CS8600: Converting null literal or possible null value to non-nullable type. [E:\vs\Projects\PlatformIndependentNuGetPackages\SunamoString\SunamoString\SunamoString.csproj::TargetFramework=net10.0]
E:\vs\Projects\PlatformIndependentNuGetPackages\SunamoString\SunamoString\_sunamo\SunamoStringReplace\SHReplace.cs(40,20): warning CS8600: Converting null literal or possible null value to non-nullable type. [E:\vs\Projects\PlatformIndependentNuGetPackages\SunamoString\SunamoString\SunamoString.csproj::TargetFramework=net10.0]
E:\vs\Projects\PlatformIndependentNuGetPackages\SunamoString\SunamoString\_sunamo\SunamoStringReplace\SHReplace.cs(33,16): warning CS0219: The variable 'methodName' is assigned but its value is never used [E:\vs\Projects\PlatformIndependentNuGetPackages\SunamoString\SunamoString\SunamoString.csproj::TargetFramework=net10.0]
E:\vs\Projects\PlatformIndependentNuGetPackages\SunamoString\SunamoString\SH.cs(235,43): warning CS8600: Converting null literal or possible null value to non-nullable type. [E:\vs\Projects\PlatformIndependentNuGetPackages\SunamoString\SunamoString\SunamoString.csproj::TargetFramework=net10.0]
E:\vs\Projects\PlatformIndependentNuGetPackages\SunamoString\SunamoString\SH.cs(236,44): warning CS8600: Converting null literal or possible null value to non-nullable type. [E:\vs\Projects\PlatformIndependentNuGetPackages\SunamoString\SunamoString\SunamoString.csproj::TargetFramework=net10.0]
E:\vs\Projects\PlatformIndependentNuGetPackages\SunamoString\SunamoString\SH.cs(237,93): warning CS8601: Possible null reference assignment. [E:\vs\Projects\PlatformIndependentNuGetPackages\SunamoString\SunamoString\SunamoString.csproj::TargetFramework=net10.0]
E:\vs\Projects\PlatformIndependentNuGetPackages\SunamoString\SunamoString\SH.cs(237,120): warning CS8601: Possible null reference assignment. [E:\vs\Projects\PlatformIndependentNuGetPackages\SunamoString\SunamoString\SunamoString.csproj::TargetFramework=net10.0]
E:\vs\Projects\PlatformIndependentNuGetPackages\SunamoString\SunamoString\_sunamo\SunamoValues\Values\AllLists.cs(8,81): warning CS8625: Cannot convert null literal to non-nullable reference type. [E:\vs\Projects\PlatformIndependentNuGetPackages\SunamoString\SunamoString\SunamoString.csproj::TargetFramework=net10.0]
E:\vs\Projects\PlatformIndependentNuGetPackages\SunamoString\SunamoString\_sunamo\SunamoValues\Values\AllLists.cs(13,86): warning CS8625: Cannot convert null literal to non-nullable reference type. [E:\vs\Projects\PlatformIndependentNuGetPackages\SunamoString\SunamoString\SunamoString.csproj::TargetFramework=net10.0]
E:\vs\Projects\PlatformIndependentNuGetPackages\SunamoString\SunamoString\_sunamo\SunamoValues\Values\AllLists.cs(20,67): warning CS8625: Cannot convert null literal to non-nullable reference type. [E:\vs\Projects\PlatformIndependentNuGetPackages\SunamoString\SunamoString\SunamoString.csproj::TargetFramework=net10.0]
E:\vs\Projects\PlatformIndependentNuGetPackages\SunamoString\SunamoString\_sunamo\SunamoValues\Values\AllLists.cs(34,63): warning CS8625: Cannot convert null literal to non-nullable reference type. [E:\vs\Projects\PlatformIndependentNuGetPackages\SunamoString\SunamoString\SunamoString.csproj::TargetFramework=net10.0]
E:\vs\Projects\PlatformIndependentNuGetPackages\SunamoString\SunamoString\SH.cs(553,51): warning CS8603: Possible null reference return. [E:\vs\Projects\PlatformIndependentNuGetPackages\SunamoString\SunamoString\SunamoString.csproj::TargetFramework=net10.0]
E:\vs\Projects\PlatformIndependentNuGetPackages\SunamoString\SunamoString\SH.cs(684,16): warning CS8603: Possible null reference return. [E:\vs\Projects\PlatformIndependentNuGetPackages\SunamoString\SunamoString\SunamoString.csproj::TargetFramework=net10.0]
E:\vs\Projects\PlatformIndependentNuGetPackages\SunamoString\SunamoString\SH.cs(695,39): warning CS8600: Converting null literal or possible null value to non-nullable type. [E:\vs\Projects\PlatformIndependentNuGetPackages\SunamoString\SunamoString\SunamoString.csproj::TargetFramework=net10.0]
E:\vs\Projects\PlatformIndependentNuGetPackages\SunamoString\SunamoString\SH.cs(704,21): warning CS8602: Dereference of a possibly null reference. [E:\vs\Projects\PlatformIndependentNuGetPackages\SunamoString\SunamoString\SunamoString.csproj::TargetFramework=net10.0]
E:\vs\Projects\PlatformIndependentNuGetPackages\SunamoString\SunamoString\SH.cs(950,31): warning CS8600: Converting null literal or possible null value to non-nullable type. [E:\vs\Projects\PlatformIndependentNuGetPackages\SunamoString\SunamoString\SunamoString.csproj::TargetFramework=net10.0]
E:\vs\Projects\PlatformIndependentNuGetPackages\SunamoString\SunamoString\SH.cs(1013,23): warning CS8600: Converting null literal or possible null value to non-nullable type. [E:\vs\Projects\PlatformIndependentNuGetPackages\SunamoString\SunamoString\SunamoString.csproj::TargetFramework=net10.0]
E:\vs\Projects\PlatformIndependentNuGetPackages\SunamoString\SunamoString\SH.cs(1113,13): warning CS0219: The variable 'firstCharBeforeIsLetter' is assigned but its value is never used [E:\vs\Projects\PlatformIndependentNuGetPackages\SunamoString\SunamoString\SunamoString.csproj::TargetFramework=net10.0]
E:\vs\Projects\PlatformIndependentNuGetPackages\SunamoString\SunamoString\SH.cs(1142,48): warning CS0642: Possible mistaken empty statement [E:\vs\Projects\PlatformIndependentNuGetPackages\SunamoString\SunamoString\SunamoString.csproj::TargetFramework=net10.0]
E:\vs\Projects\PlatformIndependentNuGetPackages\SunamoString\SunamoString\SH.cs(1237,36): warning CS8625: Cannot convert null literal to non-nullable reference type. [E:\vs\Projects\PlatformIndependentNuGetPackages\SunamoString\SunamoString\SunamoString.csproj::TargetFramework=net10.0]
E:\vs\Projects\PlatformIndependentNuGetPackages\SunamoString\SunamoString\SH.cs(1237,20): warning CS8601: Possible null reference assignment. [E:\vs\Projects\PlatformIndependentNuGetPackages\SunamoString\SunamoString\SunamoString.csproj::TargetFramework=net10.0]
E:\vs\Projects\PlatformIndependentNuGetPackages\SunamoString\SunamoString\SH.cs(1348,35): warning CS8603: Possible null reference return. [E:\vs\Projects\PlatformIndependentNuGetPackages\SunamoString\SunamoString\SunamoString.csproj::TargetFramework=net10.0]
E:\vs\Projects\PlatformIndependentNuGetPackages\SunamoString\SunamoString\SH.cs(1349,16): warning CS8603: Possible null reference return. [E:\vs\Projects\PlatformIndependentNuGetPackages\SunamoString\SunamoString\SunamoString.csproj::TargetFramework=net10.0]
E:\vs\Projects\PlatformIndependentNuGetPackages\SunamoString\SunamoString\SH.cs(1854,9): warning CS0162: Unreachable code detected [E:\vs\Projects\PlatformIndependentNuGetPackages\SunamoString\SunamoString\SunamoString.csproj::TargetFramework=net10.0]
E:\vs\Projects\PlatformIndependentNuGetPackages\SunamoString\SunamoString\SH.cs(1951,16): warning CS8603: Possible null reference return. [E:\vs\Projects\PlatformIndependentNuGetPackages\SunamoString\SunamoString\SunamoString.csproj::TargetFramework=net10.0]
E:\vs\Projects\PlatformIndependentNuGetPackages\SunamoString\SunamoString\SH.cs(2260,17): warning CS8602: Dereference of a possibly null reference. [E:\vs\Projects\PlatformIndependentNuGetPackages\SunamoString\SunamoString\SunamoString.csproj::TargetFramework=net10.0]
E:\vs\Projects\PlatformIndependentNuGetPackages\SunamoString\SunamoString\SH.cs(2376,24): warning CS8600: Converting null literal or possible null value to non-nullable type. [E:\vs\Projects\PlatformIndependentNuGetPackages\SunamoString\SunamoString\SunamoString.csproj::TargetFramework=net10.0]
E:\vs\Projects\PlatformIndependentNuGetPackages\SunamoString\SunamoString\SH.cs(2376,16): warning CS8600: Converting null literal or possible null value to non-nullable type. [E:\vs\Projects\PlatformIndependentNuGetPackages\SunamoString\SunamoString\SunamoString.csproj::TargetFramework=net10.0]
E:\vs\Projects\PlatformIndependentNuGetPackages\SunamoString\SunamoString\SH.cs(2377,42): warning CS8601: Possible null reference assignment. [E:\vs\Projects\PlatformIndependentNuGetPackages\SunamoString\SunamoString\SunamoString.csproj::TargetFramework=net10.0]
E:\vs\Projects\PlatformIndependentNuGetPackages\SunamoString\SunamoString\SH.cs(2377,52): warning CS8601: Possible null reference assignment. [E:\vs\Projects\PlatformIndependentNuGetPackages\SunamoString\SunamoString\SunamoString.csproj::TargetFramework=net10.0]
E:\vs\Projects\PlatformIndependentNuGetPackages\SunamoString\SunamoString\SH.cs(2380,12): warning CS8618: Non-nullable property 'BracketsLeftList' must contain a non-null value when exiting constructor. Consider adding the 'required' modifier or declaring the property as nullable. [E:\vs\Projects\PlatformIndependentNuGetPackages\SunamoString\SunamoString\SunamoString.csproj::TargetFramework=net10.0]
E:\vs\Projects\PlatformIndependentNuGetPackages\SunamoString\SunamoString\SH.cs(2380,12): warning CS8618: Non-nullable property 'BracketsRightList' must contain a non-null value when exiting constructor. Consider adding the 'required' modifier or declaring the property as nullable. [E:\vs\Projects\PlatformIndependentNuGetPackages\SunamoString\SunamoString\SunamoString.csproj::TargetFramework=net10.0]
E:\vs\Projects\PlatformIndependentNuGetPackages\SunamoString\SunamoString\SH.cs(2380,12): warning CS8618: Non-nullable field 'BracketsLeft' must contain a non-null value when exiting constructor. Consider adding the 'required' modifier or declaring the field as nullable. [E:\vs\Projects\PlatformIndependentNuGetPackages\SunamoString\SunamoString\SunamoString.csproj::TargetFramework=net10.0]
E:\vs\Projects\PlatformIndependentNuGetPackages\SunamoString\SunamoString\SH.cs(2380,12): warning CS8618: Non-nullable field 'BracketsRight' must contain a non-null value when exiting constructor. Consider adding the 'required' modifier or declaring the field as nullable. [E:\vs\Projects\PlatformIndependentNuGetPackages\SunamoString\SunamoString\SunamoString.csproj::TargetFramework=net10.0]
E:\vs\Projects\PlatformIndependentNuGetPackages\SunamoString\SunamoString\SH.cs(3159,21): warning CS8600: Converting null literal or possible null value to non-nullable type. [E:\vs\Projects\PlatformIndependentNuGetPackages\SunamoString\SunamoString\SunamoString.csproj::TargetFramework=net10.0]
E:\vs\Projects\PlatformIndependentNuGetPackages\SunamoString\SunamoString\SH.cs(3183,24): warning CS8603: Possible null reference return. [E:\vs\Projects\PlatformIndependentNuGetPackages\SunamoString\SunamoString\SunamoString.csproj::TargetFramework=net10.0]
E:\vs\Projects\PlatformIndependentNuGetPackages\SunamoString\SunamoString\SH.cs(3187,16): warning CS8603: Possible null reference return. [E:\vs\Projects\PlatformIndependentNuGetPackages\SunamoString\SunamoString\SunamoString.csproj::TargetFramework=net10.0]
E:\vs\Projects\PlatformIndependentNuGetPackages\SunamoString\SunamoString\SH.cs(3216,16): warning CS8603: Possible null reference return. [E:\vs\Projects\PlatformIndependentNuGetPackages\SunamoString\SunamoString\SunamoString.csproj::TargetFramework=net10.0]
E:\vs\Projects\PlatformIndependentNuGetPackages\SunamoString\SunamoString\_sunamo\LetterAndDigitCharService.cs(5,25): warning CS0649: Field 'LetterAndDigitCharService.AllCharsWithoutSpecial' is never assigned to, and will always have its default value null [E:\vs\Projects\PlatformIndependentNuGetPackages\SunamoString\SunamoString\SunamoString.csproj::TargetFramework=net10.0]
E:\vs\Projects\PlatformIndependentNuGetPackages\SunamoString\SunamoString\_sunamo\SpecialCharsService.cs(16,34): warning CS0649: Field 'SpecialCharsService.SpecialCharsAll' is never assigned to, and will always have its default value null [E:\vs\Projects\PlatformIndependentNuGetPackages\SunamoString\SunamoString\SunamoString.csproj::TargetFramework=net10.0]
E:\vs\Projects\PlatformIndependentNuGetPackages\SunamoString\SunamoString\_sunamo\WhitespaceCharService.cs(5,25): warning CS0649: Field 'WhitespaceCharService.WhiteSpaceChars' is never assigned to, and will always have its default value null [E:\vs\Projects\PlatformIndependentNuGetPackages\SunamoString\SunamoString\SunamoString.csproj::TargetFramework=net10.0]
E:\vs\Projects\PlatformIndependentNuGetPackages\SunamoString\SunamoString\_sunamo\LetterAndDigitCharService.cs(6,25): warning CS0649: Field 'LetterAndDigitCharService.AllChars' is never assigned to, and will always have its default value null [E:\vs\Projects\PlatformIndependentNuGetPackages\SunamoString\SunamoString\SunamoString.csproj::TargetFramework=net10.0]
E:\vs\Projects\PlatformIndependentNuGetPackages\SunamoString\SunamoString\BalancedBrackets.cs(3,14): warning CS1591: Missing XML comment for publicly visible type or member 'BalancedBrackets' [E:\vs\Projects\PlatformIndependentNuGetPackages\SunamoString\SunamoString\SunamoString.csproj::TargetFramework=net10.0]
E:\vs\Projects\PlatformIndependentNuGetPackages\SunamoString\SunamoString\BalancedBrackets.cs(21,24): warning CS1591: Missing XML comment for publicly visible type or member 'BalancedBrackets.AreBracketsBalanced(List<char>)' [E:\vs\Projects\PlatformIndependentNuGetPackages\SunamoString\SunamoString\SunamoString.csproj::TargetFramework=net10.0]
E:\vs\Projects\PlatformIndependentNuGetPackages\SunamoString\SunamoString\Delegates\StringDelegates.cs(3,14): warning CS1591: Missing XML comment for publicly visible type or member 'StringDelegates' [E:\vs\Projects\PlatformIndependentNuGetPackages\SunamoString\SunamoString\SunamoString.csproj::TargetFramework=net10.0]
E:\vs\Projects\PlatformIndependentNuGetPackages\SunamoString\SunamoString\Delegates\StringDelegates.cs(6,24): warning CS1591: Missing XML comment for publicly visible type or member 'StringDelegates.Contains(string, string)' [E:\vs\Projects\PlatformIndependentNuGetPackages\SunamoString\SunamoString\SunamoString.csproj::TargetFramework=net10.0]
E:\vs\Projects\PlatformIndependentNuGetPackages\SunamoString\SunamoString\Enums\Brackets.cs(3,13): warning CS1591: Missing XML comment for publicly visible type or member 'Brackets' [E:\vs\Projects\PlatformIndependentNuGetPackages\SunamoString\SunamoString\SunamoString.csproj::TargetFramework=net10.0]
E:\vs\Projects\PlatformIndependentNuGetPackages\SunamoString\SunamoString\Enums\Brackets.cs(5,5): warning CS1591: Missing XML comment for publicly visible type or member 'Brackets.Curly' [E:\vs\Projects\PlatformIndependentNuGetPackages\SunamoString\SunamoString\SunamoString.csproj::TargetFramework=net10.0]
E:\vs\Projects\PlatformIndependentNuGetPackages\SunamoString\SunamoString\Enums\Brackets.cs(6,5): warning CS1591: Missing XML comment for publicly visible type or member 'Brackets.Square' [E:\vs\Projects\PlatformIndependentNuGetPackages\SunamoString\SunamoString\SunamoString.csproj::TargetFramework=net10.0]
E:\vs\Projects\PlatformIndependentNuGetPackages\SunamoString\SunamoString\Enums\Brackets.cs(7,5): warning CS1591: Missing XML comment for publicly visible type or member 'Brackets.Normal' [E:\vs\Projects\PlatformIndependentNuGetPackages\SunamoString\SunamoString\SunamoString.csproj::TargetFramework=net10.0]
E:\vs\Projects\PlatformIndependentNuGetPackages\SunamoString\SunamoString\Enums\Brackets.cs(8,5): warning CS1591: Missing XML comment for publicly visible type or member 'Brackets.None' [E:\vs\Projects\PlatformIndependentNuGetPackages\SunamoString\SunamoString\SunamoString.csproj::TargetFramework=net10.0]
E:\vs\Projects\PlatformIndependentNuGetPackages\SunamoString\SunamoString\Enums\SearchStrategy.cs(3,13): warning CS1591: Missing XML comment for publicly visible type or member 'SearchStrategy' [E:\vs\Projects\PlatformIndependentNuGetPackages\SunamoString\SunamoString\SunamoString.csproj::TargetFramework=net10.0]
E:\vs\Projects\PlatformIndependentNuGetPackages\SunamoString\SunamoString\Extensions\StringExtensions.cs(6,21): warning CS1591: Missing XML comment for publicly visible type or member 'StringExtensions' [E:\vs\Projects\PlatformIndependentNuGetPackages\SunamoString\SunamoString\SunamoString.csproj::TargetFramework=net10.0]
E:\vs\Projects\PlatformIndependentNuGetPackages\SunamoString\SunamoString\Extensions\StringExtensions.cs(8,26): warning CS1591: Missing XML comment for publicly visible type or member 'StringExtensions.RemoveInvisibleChars(string)' [E:\vs\Projects\PlatformIndependentNuGetPackages\SunamoString\SunamoString\SunamoString.csproj::TargetFramework=net10.0]
E:\vs\Projects\PlatformIndependentNuGetPackages\SunamoString\SunamoString\Extensions\StringExtensions.cs(16,26): warning CS1591: Missing XML comment for publicly visible type or member 'StringExtensions.RemoveWhitespaceChars(string)' [E:\vs\Projects\PlatformIndependentNuGetPackages\SunamoString\SunamoString\SunamoString.csproj::TargetFramework=net10.0]
E:\vs\Projects\PlatformIndependentNuGetPackages\SunamoString\SunamoString\Extensions\StringExtensions.cs(25,26): warning CS1591: Missing XML comment for publicly visible type or member 'StringExtensions.FromSpace160To32(string)' [E:\vs\Projects\PlatformIndependentNuGetPackages\SunamoString\SunamoString\SunamoString.csproj::TargetFramework=net10.0]
E:\vs\Projects\PlatformIndependentNuGetPackages\SunamoString\SunamoString\Extensions\StringExtensions.cs(30,39): warning CS1591: Missing XML comment for publicly visible type or member 'StringExtensions.SplitAndKeep(string, char[])' [E:\vs\Projects\PlatformIndependentNuGetPackages\SunamoString\SunamoString\SunamoString.csproj::TargetFramework=net10.0]
E:\vs\Projects\PlatformIndependentNuGetPackages\SunamoString\SunamoString\Generators\LoremIpsumGenerator.cs(3,21): warning CS1591: Missing XML comment for publicly visible type or member 'LoremIpsumGenerator' [E:\vs\Projects\PlatformIndependentNuGetPackages\SunamoString\SunamoString\SunamoString.csproj::TargetFramework=net10.0]
E:\vs\Projects\PlatformIndependentNuGetPackages\SunamoString\SunamoString\Generators\LoremIpsumGenerator.cs(52,26): warning CS1591: Missing XML comment for publicly visible type or member 'LoremIpsumGenerator.Generate(int)' [E:\vs\Projects\PlatformIndependentNuGetPackages\SunamoString\SunamoString\SunamoString.csproj::TargetFramework=net10.0]
E:\vs\Projects\PlatformIndependentNuGetPackages\SunamoString\SunamoString\SH.cs(3,14): warning CS1591: Missing XML comment for publicly visible type or member 'SH' [E:\vs\Projects\PlatformIndependentNuGetPackages\SunamoString\SunamoString\SunamoString.csproj::TargetFramework=net10.0]
E:\vs\Projects\PlatformIndependentNuGetPackages\SunamoString\SunamoString\SH.cs(5,33): warning CS1591: Missing XML comment for publicly visible type or member 'SH.BracketsLeftList' [E:\vs\Projects\PlatformIndependentNuGetPackages\SunamoString\SunamoString\SunamoString.csproj::TargetFramework=net10.0]
E:\vs\Projects\PlatformIndependentNuGetPackages\SunamoString\SunamoString\SH.cs(6,33): warning CS1591: Missing XML comment for publicly visible type or member 'SH.BracketsRightList' [E:\vs\Projects\PlatformIndependentNuGetPackages\SunamoString\SunamoString\SunamoString.csproj::TargetFramework=net10.0]
E:\vs\Projects\PlatformIndependentNuGetPackages\SunamoString\SunamoString\SH.cs(8,26): warning CS1591: Missing XML comment for publicly visible type or member 'SH.XMismatchCountInInputArraysOfSHAllHaveRightFormat' [E:\vs\Projects\PlatformIndependentNuGetPackages\SunamoString\SunamoString\SunamoString.csproj::TargetFramework=net10.0]
E:\vs\Projects\PlatformIndependentNuGetPackages\SunamoString\SunamoString\SH.cs(11,24): warning CS1591: Missing XML comment for publicly visible type or member 'SH.ContainsCl(string, StringOrStringList, SearchStrategy, bool, bool)' [E:\vs\Projects\PlatformIndependentNuGetPackages\SunamoString\SunamoString\SunamoString.csproj::TargetFramework=net10.0]
E:\vs\Projects\PlatformIndependentNuGetPackages\SunamoString\SunamoString\SH.cs(62,26): warning CS1591: Missing XML comment for publicly visible type or member 'SH.WhiteSpaceFromStart(string)' [E:\vs\Projects\PlatformIndependentNuGetPackages\SunamoString\SunamoString\SunamoString.csproj::TargetFramework=net10.0]
E:\vs\Projects\PlatformIndependentNuGetPackages\SunamoString\SunamoString\SH.cs(184,26): warning CS1591: Missing XML comment for publicly visible type or member 'SH.PrefixIfNotStartedWith(string, string, bool)' [E:\vs\Projects\PlatformIndependentNuGetPackages\SunamoString\SunamoString\SunamoString.csproj::TargetFramework=net10.0]
E:\vs\Projects\PlatformIndependentNuGetPackages\SunamoString\SunamoString\SH.cs(195,26): warning CS1591: Missing XML comment for publicly visible type or member 'SH.RemoveLastChar(string)' [E:\vs\Projects\PlatformIndependentNuGetPackages\SunamoString\SunamoString\SunamoString.csproj::TargetFramework=net10.0]
E:\vs\Projects\PlatformIndependentNuGetPackages\SunamoString\SunamoString\SH.cs(212,26): warning CS1591: Missing XML comment for publicly visible type or member 'SH.AddBeforeUpperChars(string, char, bool)' [E:\vs\Projects\PlatformIndependentNuGetPackages\SunamoString\SunamoString\SunamoString.csproj::TargetFramework=net10.0]
E:\vs\Projects\PlatformIndependentNuGetPackages\SunamoString\SunamoString\SH.cs(229,26): warning CS1591: Missing XML comment for publicly visible type or member 'SH.RemoveEndingPairCharsWhenDontHaveStarting(string, string, string)' [E:\vs\Projects\PlatformIndependentNuGetPackages\SunamoString\SunamoString\SunamoString.csproj::TargetFramework=net10.0]
E:\vs\Projects\PlatformIndependentNuGetPackages\SunamoString\SunamoString\SH.cs(243,41): warning CS1591: Missing XML comment for publicly visible type or member 'SH.GetPairsStartAndEnd(List<int>, List<int>, ref List<int>, ref List<int>)' [E:\vs\Projects\PlatformIndependentNuGetPackages\SunamoString\SunamoString\SunamoString.csproj::TargetFramework=net10.0]
E:\vs\Projects\PlatformIndependentNuGetPackages\SunamoString\SunamoString\SH.cs(337,26): warning CS1591: Missing XML comment for publicly visible type or member 'SH.RemoveAndInsertReplace(string, int, string, string)' [E:\vs\Projects\PlatformIndependentNuGetPackages\SunamoString\SunamoString\SunamoString.csproj::TargetFramework=net10.0]
E:\vs\Projects\PlatformIndependentNuGetPackages\SunamoString\SunamoString\SH.cs(347,26): warning CS1591: Missing XML comment for publicly visible type or member 'SH.ReplaceOnce(string, string, string)' [E:\vs\Projects\PlatformIndependentNuGetPackages\SunamoString\SunamoString\SunamoString.csproj::TargetFramework=net10.0]
E:\vs\Projects\PlatformIndependentNuGetPackages\SunamoString\SunamoString\SH.cs(354,26): warning CS1591: Missing XML comment for publicly visible type or member 'SH.ReplaceOnceIfStartedWith(string, string, string)' [E:\vs\Projects\PlatformIndependentNuGetPackages\SunamoString\SunamoString\SunamoString.csproj::TargetFramework=net10.0]
E:\vs\Projects\PlatformIndependentNuGetPackages\SunamoString\SunamoString\SH.cs(359,26): warning CS1591: Missing XML comment for publicly visible type or member 'SH.ReplaceOnceIfStartedWith(string, string, string, out bool)' [E:\vs\Projects\PlatformIndependentNuGetPackages\SunamoString\SunamoString\SunamoString.csproj::TargetFramework=net10.0]
E:\vs\Projects\PlatformIndependentNuGetPackages\SunamoString\SunamoString\SH.cs(369,26): warning CS1591: Missing XML comment for publicly visible type or member 'SH.NormalizeString(string)' [E:\vs\Projects\PlatformIndependentNuGetPackages\SunamoString\SunamoString\SunamoString.csproj::TargetFramework=net10.0]
E:\vs\Projects\PlatformIndependentNuGetPackages\SunamoString\SunamoString\SH.cs(406,29): warning CS1591: Missing XML comment for publicly visible type or member 'SH.TabOrSpaceNextTo(string)' [E:\vs\Projects\PlatformIndependentNuGetPackages\SunamoString\SunamoString\SunamoString.csproj::TargetFramework=net10.0]
E:\vs\Projects\PlatformIndependentNuGetPackages\SunamoString\SunamoString\SH.cs(428,26): warning CS1591: Missing XML comment for publicly visible type or member 'SH.WrapWithBs(string)' [E:\vs\Projects\PlatformIndependentNuGetPackages\SunamoString\SunamoString\SunamoString.csproj::TargetFramework=net10.0]
E:\vs\Projects\PlatformIndependentNuGetPackages\SunamoString\SunamoString\SH.cs(432,26): warning CS1591: Missing XML comment for publicly visible type or member 'SH.WrapWithSpace(string)' [E:\vs\Projects\PlatformIndependentNuGetPackages\SunamoString\SunamoString\SunamoString.csproj::TargetFramework=net10.0]
E:\vs\Projects\PlatformIndependentNuGetPackages\SunamoString\SunamoString\SH.cs(436,26): warning CS1591: Missing XML comment for publicly visible type or member 'SH.WrapWithQm(string)' [E:\vs\Projects\PlatformIndependentNuGetPackages\SunamoString\SunamoString\SunamoString.csproj::TargetFramework=net10.0]
E:\vs\Projects\PlatformIndependentNuGetPackages\SunamoString\SunamoString\SH.cs(440,26): warning CS1591: Missing XML comment for publicly visible type or member 'SH.WrapWithIf(string, string, Func<string, string, bool>)' [E:\vs\Projects\PlatformIndependentNuGetPackages\SunamoString\SunamoString\SunamoString.csproj::TargetFramework=net10.0]
E:\vs\Projects\PlatformIndependentNuGetPackages\SunamoString\SunamoString\SH.cs(445,26): warning CS1591: Missing XML comment for publicly visible type or member 'SH.WrapWithQm(string, bool)' [E:\vs\Projects\PlatformIndependentNuGetPackages\SunamoString\SunamoString\SunamoString.csproj::TargetFramework=net10.0]
E:\vs\Projects\PlatformIndependentNuGetPackages\SunamoString\SunamoString\SH.cs(449,23): warning CS1591: Missing XML comment for publicly visible type or member 'SH.OccurencesOfStringIn(string, string)' [E:\vs\Projects\PlatformIndependentNuGetPackages\SunamoString\SunamoString\SunamoString.csproj::TargetFramework=net10.0]
E:\vs\Projects\PlatformIndependentNuGetPackages\SunamoString\SunamoString\SH.cs(476,36): warning CS1591: Missing XML comment for publicly visible type or member 'SH.GetPartsByLocationNoOutInt(string, int)' [E:\vs\Projects\PlatformIndependentNuGetPackages\SunamoString\SunamoString\SunamoString.csproj::TargetFramework=net10.0]
E:\vs\Projects\PlatformIndependentNuGetPackages\SunamoString\SunamoString\SH.cs(482,36): warning CS1591: Missing XML comment for publicly visible type or member 'SH.GetPartsByLocationNoOut(string, char)' [E:\vs\Projects\PlatformIndependentNuGetPackages\SunamoString\SunamoString\SunamoString.csproj::TargetFramework=net10.0]
E:\vs\Projects\PlatformIndependentNuGetPackages\SunamoString\SunamoString\SH.cs(562,26): warning CS1591: Missing XML comment for publicly visible type or member 'SH.GetTextBetweenTwoCharsInts(string, int, int)' [E:\vs\Projects\PlatformIndependentNuGetPackages\SunamoString\SunamoString\SunamoString.csproj::TargetFramework=net10.0]
E:\vs\Projects\PlatformIndependentNuGetPackages\SunamoString\SunamoString\SH.cs(571,24): warning CS1591: Missing XML comment for publicly visible type or member 'SH.FirstCharUpper(ref string)' [E:\vs\Projects\PlatformIndependentNuGetPackages\SunamoString\SunamoString\SunamoString.csproj::TargetFramework=net10.0]
E:\vs\Projects\PlatformIndependentNuGetPackages\SunamoString\SunamoString\SH.cs(575,26): warning CS1591: Missing XML comment for publicly visible type or member 'SH.FirstCharUpper(string)' [E:\vs\Projects\PlatformIndependentNuGetPackages\SunamoString\SunamoString\SunamoString.csproj::TargetFramework=net10.0]
E:\vs\Projects\PlatformIndependentNuGetPackages\SunamoString\SunamoString\SH.cs(602,26): warning CS1591: Missing XML comment for publicly visible type or member 'SH.FromSpace160To32(string)' [E:\vs\Projects\PlatformIndependentNuGetPackages\SunamoString\SunamoString\SunamoString.csproj::TargetFramework=net10.0]
E:\vs\Projects\PlatformIndependentNuGetPackages\SunamoString\SunamoString\SH.cs(607,24): warning CS1591: Missing XML comment for publicly visible type or member 'SH.IsNumber(string, params char[])' [E:\vs\Projects\PlatformIndependentNuGetPackages\SunamoString\SunamoString\SunamoString.csproj::TargetFramework=net10.0]
E:\vs\Projects\PlatformIndependentNuGetPackages\SunamoString\SunamoString\SH.cs(615,26): warning CS1591: Missing XML comment for publicly visible type or member 'SH.MakeUpToXChars(int, int)' [E:\vs\Projects\PlatformIndependentNuGetPackages\SunamoString\SunamoString\SunamoString.csproj::TargetFramework=net10.0]
E:\vs\Projects\PlatformIndependentNuGetPackages\SunamoString\SunamoString\SH.cs(624,24): warning CS1591: Missing XML comment for publicly visible type or member 'SH.GetFirstChar(string)' [E:\vs\Projects\PlatformIndependentNuGetPackages\SunamoString\SunamoString\SunamoString.csproj::TargetFramework=net10.0]
E:\vs\Projects\PlatformIndependentNuGetPackages\SunamoString\SunamoString\SH.cs(628,26): warning CS1591: Missing XML comment for publicly visible type or member 'SH.ToPascalCase(string)' [E:\vs\Projects\PlatformIndependentNuGetPackages\SunamoString\SunamoString\SunamoString.csproj::TargetFramework=net10.0]
E:\vs\Projects\PlatformIndependentNuGetPackages\SunamoString\SunamoString\SH.cs(641,24): warning CS1591: Missing XML comment for publicly visible type or member 'SH.StartWithWhitespace(string)' [E:\vs\Projects\PlatformIndependentNuGetPackages\SunamoString\SunamoString\SunamoString.csproj::TargetFramework=net10.0]
E:\vs\Projects\PlatformIndependentNuGetPackages\SunamoString\SunamoString\SH.cs(647,26): warning CS1591: Missing XML comment for publicly visible type or member 'SH.DetectNewline(string)' [E:\vs\Projects\PlatformIndependentNuGetPackages\SunamoString\SunamoString\SunamoString.csproj::TargetFramework=net10.0]
E:\vs\Projects\PlatformIndependentNuGetPackages\SunamoString\SunamoString\SH.cs(652,26): warning CS1591: Missing XML comment for publicly visible type or member 'SH.RemoveLastWord(string)' [E:\vs\Projects\PlatformIndependentNuGetPackages\SunamoString\SunamoString\SunamoString.csproj::TargetFramework=net10.0]
E:\vs\Projects\PlatformIndependentNuGetPackages\SunamoString\SunamoString\SH.cs(656,29): warning CS1591: Missing XML comment for publicly visible type or member 'SH.GetIndexesOfLinesStartingWith(List<string>, Func<string, bool>)' [E:\vs\Projects\PlatformIndependentNuGetPackages\SunamoString\SunamoString\SunamoString.csproj::TargetFramework=net10.0]
E:\vs\Projects\PlatformIndependentNuGetPackages\SunamoString\SunamoString\SH.cs(663,26): warning CS1591: Missing XML comment for publicly visible type or member 'SH.RemoveLinesWhichContains(string, string)' [E:\vs\Projects\PlatformIndependentNuGetPackages\SunamoString\SunamoString\SunamoString.csproj::TargetFramework=net10.0]
E:\vs\Projects\PlatformIndependentNuGetPackages\SunamoString\SunamoString\SH.cs(670,26): warning CS1591: Missing XML comment for publicly visible type or member 'SH.AddIfNotContains(string, string, string)' [E:\vs\Projects\PlatformIndependentNuGetPackages\SunamoString\SunamoString\SunamoString.csproj::TargetFramework=net10.0]
E:\vs\Projects\PlatformIndependentNuGetPackages\SunamoString\SunamoString\SH.cs(680,26): warning CS1591: Missing XML comment for publicly visible type or member 'SH.SwitchSwap(string, string)' [E:\vs\Projects\PlatformIndependentNuGetPackages\SunamoString\SunamoString\SunamoString.csproj::TargetFramework=net10.0]
E:\vs\Projects\PlatformIndependentNuGetPackages\SunamoString\SunamoString\SH.cs(686,26): warning CS1591: Missing XML comment for publicly visible type or member 'SH.InsertBeforeEndingBracket(string, string)' [E:\vs\Projects\PlatformIndependentNuGetPackages\SunamoString\SunamoString\SunamoString.csproj::TargetFramework=net10.0]
E:\vs\Projects\PlatformIndependentNuGetPackages\SunamoString\SunamoString\SH.cs(692,41): warning CS1591: Missing XML comment for publicly visible type or member 'SH.StatisticLetterChars(string, StatisticLetterCharsStrategy, params char[])' [E:\vs\Projects\PlatformIndependentNuGetPackages\SunamoString\SunamoString\SunamoString.csproj::TargetFramework=net10.0]
E:\vs\Projects\PlatformIndependentNuGetPackages\SunamoString\SunamoString\SH.cs(710,30): warning CS1591: Missing XML comment for publicly visible type or member 'SH.AllBrackets(string)' [E:\vs\Projects\PlatformIndependentNuGetPackages\SunamoString\SunamoString\SunamoString.csproj::TargetFramework=net10.0]
E:\vs\Projects\PlatformIndependentNuGetPackages\SunamoString\SunamoString\SH.cs(721,52): warning CS1591: Missing XML comment for publicly visible type or member 'SH.IndexesOfBrackets(string)' [E:\vs\Projects\PlatformIndependentNuGetPackages\SunamoString\SunamoString\SunamoString.csproj::TargetFramework=net10.0]
E:\vs\Projects\PlatformIndependentNuGetPackages\SunamoString\SunamoString\SH.cs(756,26): warning CS1591: Missing XML comment for publicly visible type or member 'SH.ReplaceBrackets(string, Brackets, Brackets)' [E:\vs\Projects\PlatformIndependentNuGetPackages\SunamoString\SunamoString\SunamoString.csproj::TargetFramework=net10.0]
E:\vs\Projects\PlatformIndependentNuGetPackages\SunamoString\SunamoString\SH.cs(762,29): warning CS1591: Missing XML comment for publicly visible type or member 'SH.ContainsAnyFromElement(StringBuilder, IList<string>)' [E:\vs\Projects\PlatformIndependentNuGetPackages\SunamoString\SunamoString\SunamoString.csproj::TargetFramework=net10.0]
E:\vs\Projects\PlatformIndependentNuGetPackages\SunamoString\SunamoString\SH.cs(773,23): warning CS1591: Missing XML comment for publicly visible type or member 'SH.FindClosingBracketIndexChar(StringBuilder, bool, string)' [E:\vs\Projects\PlatformIndependentNuGetPackages\SunamoString\SunamoString\SunamoString.csproj::TargetFramework=net10.0]
E:\vs\Projects\PlatformIndependentNuGetPackages\SunamoString\SunamoString\SH.cs(778,23): warning CS1591: Missing XML comment for publicly visible type or member 'SH.FindClosingBracketIndex(StringBuilder, bool, int)' [E:\vs\Projects\PlatformIndependentNuGetPackages\SunamoString\SunamoString\SunamoString.csproj::TargetFramework=net10.0]
E:\vs\Projects\PlatformIndependentNuGetPackages\SunamoString\SunamoString\SH.cs(807,24): warning CS1591: Missing XML comment for publicly visible type or member 'SH.CheckWhetherNoBrackedIsBeforeOther2(string)' [E:\vs\Projects\PlatformIndependentNuGetPackages\SunamoString\SunamoString\SunamoString.csproj::TargetFramework=net10.0]
E:\vs\Projects\PlatformIndependentNuGetPackages\SunamoString\SunamoString\SH.cs(811,24): warning CS1591: Missing XML comment for publicly visible type or member 'SH.CheckWhetherNoBrackedIsBeforeOther1(string)' [E:\vs\Projects\PlatformIndependentNuGetPackages\SunamoString\SunamoString\SunamoString.csproj::TargetFramework=net10.0]
E:\vs\Projects\PlatformIndependentNuGetPackages\SunamoString\SunamoString\SH.cs(822,26): warning CS1591: Missing XML comment for publicly visible type or member 'SH.ConvertWhitespaceToVisible(string)' [E:\vs\Projects\PlatformIndependentNuGetPackages\SunamoString\SunamoString\SunamoString.csproj::TargetFramework=net10.0]
E:\vs\Projects\PlatformIndependentNuGetPackages\SunamoString\SunamoString\SH.cs(830,26): warning CS1591: Missing XML comment for publicly visible type or member 'SH.ConcatSpace(IList)' [E:\vs\Projects\PlatformIndependentNuGetPackages\SunamoString\SunamoString\SunamoString.csproj::TargetFramework=net10.0]
E:\vs\Projects\PlatformIndependentNuGetPackages\SunamoString\SunamoString\SH.cs(836,24): warning CS1591: Missing XML comment for publicly visible type or member 'SH.IsNullOrWhiteSpaceRange(params string[])' [E:\vs\Projects\PlatformIndependentNuGetPackages\SunamoString\SunamoString\SunamoString.csproj::TargetFramework=net10.0]
E:\vs\Projects\PlatformIndependentNuGetPackages\SunamoString\SunamoString\SH.cs(843,24): warning CS1591: Missing XML comment for publicly visible type or member 'SH.IsSingleLine(string)' [E:\vs\Projects\PlatformIndependentNuGetPackages\SunamoString\SunamoString\SunamoString.csproj::TargetFramework=net10.0]
E:\vs\Projects\PlatformIndependentNuGetPackages\SunamoString\SunamoString\SH.cs(847,26): warning CS1591: Missing XML comment for publicly visible type or member 'SH.GetWhitespaceFromBeginning(StringBuilder, string)' [E:\vs\Projects\PlatformIndependentNuGetPackages\SunamoString\SunamoString\SunamoString.csproj::TargetFramework=net10.0]
E:\vs\Projects\PlatformIndependentNuGetPackages\SunamoString\SunamoString\SH.cs(891,24): warning CS1591: Missing XML comment for publicly visible type or member 'SH.ContainsNewLine(string)' [E:\vs\Projects\PlatformIndependentNuGetPackages\SunamoString\SunamoString\SunamoString.csproj::TargetFramework=net10.0]
E:\vs\Projects\PlatformIndependentNuGetPackages\SunamoString\SunamoString\SH.cs(895,24): warning CS1591: Missing XML comment for publicly visible type or member 'SH.ChangeEncodingProcessWrongCharacters(ref string)' [E:\vs\Projects\PlatformIndependentNuGetPackages\SunamoString\SunamoString\SunamoString.csproj::TargetFramework=net10.0]
E:\vs\Projects\PlatformIndependentNuGetPackages\SunamoString\SunamoString\SH.cs(933,32): warning CS1591: Missing XML comment for publicly visible type or member 'SH.AddSpaceAfterFirstLetterForEveryAndSort(List<string>)' [E:\vs\Projects\PlatformIndependentNuGetPackages\SunamoString\SunamoString\SunamoString.csproj::TargetFramework=net10.0]
E:\vs\Projects\PlatformIndependentNuGetPackages\SunamoString\SunamoString\SH.cs(940,26): warning CS1591: Missing XML comment for publicly visible type or member 'SH.GetLastWord(string, bool)' [E:\vs\Projects\PlatformIndependentNuGetPackages\SunamoString\SunamoString\SunamoString.csproj::TargetFramework=net10.0]
E:\vs\Projects\PlatformIndependentNuGetPackages\SunamoString\SunamoString\SH.cs(948,26): warning CS1591: Missing XML comment for publicly visible type or member 'SH.AddSpaceAndDontDuplicate(bool, string, string)' [E:\vs\Projects\PlatformIndependentNuGetPackages\SunamoString\SunamoString\SunamoString.csproj::TargetFramework=net10.0]
E:\vs\Projects\PlatformIndependentNuGetPackages\SunamoString\SunamoString\SH.cs(969,26): warning CS1591: Missing XML comment for publicly visible type or member 'SH.CountOfItems(List<KeyValuePair<string, int>>)' [E:\vs\Projects\PlatformIndependentNuGetPackages\SunamoString\SunamoString\SunamoString.csproj::TargetFramework=net10.0]
E:\vs\Projects\PlatformIndependentNuGetPackages\SunamoString\SunamoString\SH.cs(975,26): warning CS1591: Missing XML comment for publicly visible type or member 'SH.MultiWhitespaceLineToSingle(List<string>)' [E:\vs\Projects\PlatformIndependentNuGetPackages\SunamoString\SunamoString\SunamoString.csproj::TargetFramework=net10.0]
E:\vs\Projects\PlatformIndependentNuGetPackages\SunamoString\SunamoString\SH.cs(1010,24): warning CS1591: Missing XML comment for publicly visible type or member 'SH.IndentAsPreviousLine(List<string>)' [E:\vs\Projects\PlatformIndependentNuGetPackages\SunamoString\SunamoString\SunamoString.csproj::TargetFramework=net10.0]
E:\vs\Projects\PlatformIndependentNuGetPackages\SunamoString\SunamoString\SH.cs(1037,24): warning CS1591: Missing XML comment for publicly visible type or member 'SH.ContainsLine(string, bool, params string[])' [E:\vs\Projects\PlatformIndependentNuGetPackages\SunamoString\SunamoString\SunamoString.csproj::TargetFramework=net10.0]
E:\vs\Projects\PlatformIndependentNuGetPackages\SunamoString\SunamoString\SH.cs(1064,26): warning CS1591: Missing XML comment for publicly visible type or member 'SH.WordAfter(string, string)' [E:\vs\Projects\PlatformIndependentNuGetPackages\SunamoString\SunamoString\SunamoString.csproj::TargetFramework=net10.0]
E:\vs\Projects\PlatformIndependentNuGetPackages\SunamoString\SunamoString\SH.cs(1084,26): warning CS1591: Missing XML comment for publicly visible type or member 'SH.Leading(string, Func<char, bool>)' [E:\vs\Projects\PlatformIndependentNuGetPackages\SunamoString\SunamoString\SunamoString.csproj::TargetFramework=net10.0]
E:\vs\Projects\PlatformIndependentNuGetPackages\SunamoString\SunamoString\SH.cs(1094,24): warning CS1591: Missing XML comment for publicly visible type or member 'SH.IsOnIndex(string, int, Func<char, bool>)' [E:\vs\Projects\PlatformIndependentNuGetPackages\SunamoString\SunamoString\SunamoString.csproj::TargetFramework=net10.0]
E:\vs\Projects\PlatformIndependentNuGetPackages\SunamoString\SunamoString\SH.cs(1099,23): warning CS1591: Missing XML comment for publicly visible type or member 'SH.CountLines(string)' [E:\vs\Projects\PlatformIndependentNuGetPackages\SunamoString\SunamoString\SunamoString.csproj::TargetFramework=net10.0]
E:\vs\Projects\PlatformIndependentNuGetPackages\SunamoString\SunamoString\SH.cs(1103,24): warning CS1591: Missing XML comment for publicly visible type or member 'SH.HasLetter(string)' [E:\vs\Projects\PlatformIndependentNuGetPackages\SunamoString\SunamoString\SunamoString.csproj::TargetFramework=net10.0]
E:\vs\Projects\PlatformIndependentNuGetPackages\SunamoString\SunamoString\SH.cs(1110,32): warning CS1591: Missing XML comment for publicly visible type or member 'SH.GetTextsBetween(string, string, string, bool)' [E:\vs\Projects\PlatformIndependentNuGetPackages\SunamoString\SunamoString\SunamoString.csproj::TargetFramework=net10.0]
E:\vs\Projects\PlatformIndependentNuGetPackages\SunamoString\SunamoString\SH.cs(1116,32): warning CS1591: Missing XML comment for publicly visible type or member 'SH.GetTextsBetween(string, string, string, bool, out bool)' [E:\vs\Projects\PlatformIndependentNuGetPackages\SunamoString\SunamoString\SunamoString.csproj::TargetFramework=net10.0]
E:\vs\Projects\PlatformIndependentNuGetPackages\SunamoString\SunamoString\SH.cs(1184,26): warning CS1591: Missing XML comment for publicly visible type or member 'SH.RemoveLastLetters(string, int)' [E:\vs\Projects\PlatformIndependentNuGetPackages\SunamoString\SunamoString\SunamoString.csproj::TargetFramework=net10.0]
E:\vs\Projects\PlatformIndependentNuGetPackages\SunamoString\SunamoString\SH.cs(1213,24): warning CS1591: Missing XML comment for publicly visible type or member 'SH.HasCharRightFormat(char, CharFormatDataString)' [E:\vs\Projects\PlatformIndependentNuGetPackages\SunamoString\SunamoString\SunamoString.csproj::TargetFramework=net10.0]
E:\vs\Projects\PlatformIndependentNuGetPackages\SunamoString\SunamoString\SH.cs(1235,24): warning CS1591: Missing XML comment for publicly visible type or member 'SH.GetTextInLastSquareBracketsAndOther(string, out string, out string)' [E:\vs\Projects\PlatformIndependentNuGetPackages\SunamoString\SunamoString\SunamoString.csproj::TargetFramework=net10.0]
E:\vs\Projects\PlatformIndependentNuGetPackages\SunamoString\SunamoString\SH.cs(1248,26): warning CS1591: Missing XML comment for publicly visible type or member 'SH.RemoveBracketsWithTextCaseInsensitive(string, string, params string[])' [E:\vs\Projects\PlatformIndependentNuGetPackages\SunamoString\SunamoString\SunamoString.csproj::TargetFramework=net10.0]
E:\vs\Projects\PlatformIndependentNuGetPackages\SunamoString\SunamoString\SH.cs(1257,26): warning CS1591: Missing XML comment for publicly visible type or member 'SH.RemoveBracketsWithoutText(string)' [E:\vs\Projects\PlatformIndependentNuGetPackages\SunamoString\SunamoString\SunamoString.csproj::TargetFramework=net10.0]
E:\vs\Projects\PlatformIndependentNuGetPackages\SunamoString\SunamoString\SH.cs(1261,26): warning CS1591: Missing XML comment for publicly visible type or member 'SH.WithoutSpecialChars(string, params char[])' [E:\vs\Projects\PlatformIndependentNuGetPackages\SunamoString\SunamoString\SunamoString.csproj::TargetFramework=net10.0]
E:\vs\Projects\PlatformIndependentNuGetPackages\SunamoString\SunamoString\SH.cs(1271,26): warning CS1591: Missing XML comment for publicly visible type or member 'SH.RemoveBracketsFromStart(string)' [E:\vs\Projects\PlatformIndependentNuGetPackages\SunamoString\SunamoString\SunamoString.csproj::TargetFramework=net10.0]
E:\vs\Projects\PlatformIndependentNuGetPackages\SunamoString\SunamoString\SH.cs(1298,26): warning CS1591: Missing XML comment for publicly visible type or member 'SH.RemoveLastCharIfIs(string, char)' [E:\vs\Projects\PlatformIndependentNuGetPackages\SunamoString\SunamoString\SunamoString.csproj::TargetFramework=net10.0]
E:\vs\Projects\PlatformIndependentNuGetPackages\SunamoString\SunamoString\SH.cs(1318,26): warning CS1591: Missing XML comment for publicly visible type or member 'SH.AddEmptyLines(string, int)' [E:\vs\Projects\PlatformIndependentNuGetPackages\SunamoString\SunamoString\SunamoString.csproj::TargetFramework=net10.0]
E:\vs\Projects\PlatformIndependentNuGetPackages\SunamoString\SunamoString\SH.cs(1324,26): warning CS1591: Missing XML comment for publicly visible type or member 'SH.ToCase(string, bool?)' [E:\vs\Projects\PlatformIndependentNuGetPackages\SunamoString\SunamoString\SunamoString.csproj::TargetFramework=net10.0]
E:\vs\Projects\PlatformIndependentNuGetPackages\SunamoString\SunamoString\SH.cs(1334,24): warning CS1591: Missing XML comment for publicly visible type or member 'SH.EndsWithNumber(string)' [E:\vs\Projects\PlatformIndependentNuGetPackages\SunamoString\SunamoString\SunamoString.csproj::TargetFramework=net10.0]
E:\vs\Projects\PlatformIndependentNuGetPackages\SunamoString\SunamoString\SH.cs(1351,24): warning CS1591: Missing XML comment for publicly visible type or member 'SH.LastCharEquals(string, char)' [E:\vs\Projects\PlatformIndependentNuGetPackages\SunamoString\SunamoString\SunamoString.csproj::TargetFramework=net10.0]
E:\vs\Projects\PlatformIndependentNuGetPackages\SunamoString\SunamoString\SH.cs(1358,26): warning CS1591: Missing XML comment for publicly visible type or member 'SH.GetWithoutLastWord(string)' [E:\vs\Projects\PlatformIndependentNuGetPackages\SunamoString\SunamoString\SunamoString.csproj::TargetFramework=net10.0]
E:\vs\Projects\PlatformIndependentNuGetPackages\SunamoString\SunamoString\SH.cs(1365,26): warning CS1591: Missing XML comment for publicly visible type or member 'SH.DeleteCharsOutOfAscii(string)' [E:\vs\Projects\PlatformIndependentNuGetPackages\SunamoString\SunamoString\SunamoString.csproj::TargetFramework=net10.0]
E:\vs\Projects\PlatformIndependentNuGetPackages\SunamoString\SunamoString\SH.cs(1401,26): warning CS1591: Missing XML comment for publicly visible type or member 'SH.StripFunctationsAndSymbols(string)' [E:\vs\Projects\PlatformIndependentNuGetPackages\SunamoString\SunamoString\SunamoString.csproj::TargetFramework=net10.0]
E:\vs\Projects\PlatformIndependentNuGetPackages\SunamoString\SunamoString\SH.cs(1428,26): warning CS1591: Missing XML comment for publicly visible type or member 'SH.GetWithoutFirstWord(string)' [E:\vs\Projects\PlatformIndependentNuGetPackages\SunamoString\SunamoString\SunamoString.csproj::TargetFramework=net10.0]
E:\vs\Projects\PlatformIndependentNuGetPackages\SunamoString\SunamoString\SH.cs(1436,23): warning CS1591: Missing XML comment for publicly visible type or member 'SH.EndsWithIndex(string, params string[])' [E:\vs\Projects\PlatformIndependentNuGetPackages\SunamoString\SunamoString\SunamoString.csproj::TargetFramework=net10.0]
E:\vs\Projects\PlatformIndependentNuGetPackages\SunamoString\SunamoString\SH.cs(1455,26): warning CS1591: Missing XML comment for publicly visible type or member 'SH.FirstCharLower(string)' [E:\vs\Projects\PlatformIndependentNuGetPackages\SunamoString\SunamoString\SunamoString.csproj::TargetFramework=net10.0]
E:\vs\Projects\PlatformIndependentNuGetPackages\SunamoString\SunamoString\SH.cs(1482,5): warning CS1587: XML comment is not placed on a valid language element [E:\vs\Projects\PlatformIndependentNuGetPackages\SunamoString\SunamoString\SunamoString.csproj::TargetFramework=net10.0]
E:\vs\Projects\PlatformIndependentNuGetPackages\SunamoString\SunamoString\SH.cs(1524,26): warning CS1591: Missing XML comment for publicly visible type or member 'SH.WrapWithChar(string, char, bool, bool)' [E:\vs\Projects\PlatformIndependentNuGetPackages\SunamoString\SunamoString\SunamoString.csproj::TargetFramework=net10.0]
E:\vs\Projects\PlatformIndependentNuGetPackages\SunamoString\SunamoString\SH.cs(1538,49): warning CS1591: Missing XML comment for publicly visible type or member 'SH.BracketsLeft' [E:\vs\Projects\PlatformIndependentNuGetPackages\SunamoString\SunamoString\SunamoString.csproj::TargetFramework=net10.0]
E:\vs\Projects\PlatformIndependentNuGetPackages\SunamoString\SunamoString\SH.cs(1539,49): warning CS1591: Missing XML comment for publicly visible type or member 'SH.BracketsRight' [E:\vs\Projects\PlatformIndependentNuGetPackages\SunamoString\SunamoString\SunamoString.csproj::TargetFramework=net10.0]
E:\vs\Projects\PlatformIndependentNuGetPackages\SunamoString\SunamoString\SH.cs(1540,27): warning CS1591: Missing XML comment for publicly visible type or member 'SH.Init()' [E:\vs\Projects\PlatformIndependentNuGetPackages\SunamoString\SunamoString\SunamoString.csproj::TargetFramework=net10.0]
E:\vs\Projects\PlatformIndependentNuGetPackages\SunamoString\SunamoString\SH.cs(1559,23): warning CS1591: Missing XML comment for publicly visible type or member 'SH.CountOf(string, char)' [E:\vs\Projects\PlatformIndependentNuGetPackages\SunamoString\SunamoString\SunamoString.csproj::TargetFramework=net10.0]
E:\vs\Projects\PlatformIndependentNuGetPackages\SunamoString\SunamoString\SH.cs(1600,24): warning CS1591: Missing XML comment for publicly visible type or member 'SH.HasIndex(int, string, bool)' [E:\vs\Projects\PlatformIndependentNuGetPackages\SunamoString\SunamoString\SunamoString.csproj::TargetFramework=net10.0]
E:\vs\Projects\PlatformIndependentNuGetPackages\SunamoString\SunamoString\SH.cs(1611,24): warning CS1591: Missing XML comment for publicly visible type or member 'SH.IsNegation(string)' [E:\vs\Projects\PlatformIndependentNuGetPackages\SunamoString\SunamoString\SunamoString.csproj::TargetFramework=net10.0]
E:\vs\Projects\PlatformIndependentNuGetPackages\SunamoString\SunamoString\SH.cs(1616,34): warning CS1591: Missing XML comment for publicly visible type or member 'SH.IsNegationTuple(string)' [E:\vs\Projects\PlatformIndependentNuGetPackages\SunamoString\SunamoString\SunamoString.csproj::TargetFramework=net10.0]
E:\vs\Projects\PlatformIndependentNuGetPackages\SunamoString\SunamoString\SH.cs(1640,24): warning CS1591: Missing XML comment for publicly visible type or member 'SH.EqualsOneOfThis(string, params string[])' [E:\vs\Projects\PlatformIndependentNuGetPackages\SunamoString\SunamoString\SunamoString.csproj::TargetFramework=net10.0]
E:\vs\Projects\PlatformIndependentNuGetPackages\SunamoString\SunamoString\SH.cs(1856,23): warning CS1591: Missing XML comment for publicly visible type or member 'SH.FirstWordWhichIsNumberAllIndexes(List<string>, bool)' [E:\vs\Projects\PlatformIndependentNuGetPackages\SunamoString\SunamoString\SunamoString.csproj::TargetFramework=net10.0]
E:\vs\Projects\PlatformIndependentNuGetPackages\SunamoString\SunamoString\SH.cs(1872,24): warning CS1591: Missing XML comment for publicly visible type or member 'SH.CompareStringIgnoreWhitespaces2(string, string)' [E:\vs\Projects\PlatformIndependentNuGetPackages\SunamoString\SunamoString\SunamoString.csproj::TargetFramework=net10.0]
E:\vs\Projects\PlatformIndependentNuGetPackages\SunamoString\SunamoString\SH.cs(1877,24): warning CS1591: Missing XML comment for publicly visible type or member 'SH.CompareStringIgnoreWhitespaces(string, string)' [E:\vs\Projects\PlatformIndependentNuGetPackages\SunamoString\SunamoString\SunamoString.csproj::TargetFramework=net10.0]
E:\vs\Projects\PlatformIndependentNuGetPackages\SunamoString\SunamoString\SH.cs(1906,24): warning CS1591: Missing XML comment for publicly visible type or member 'SH.ContainsOnly(string, List<char>)' [E:\vs\Projects\PlatformIndependentNuGetPackages\SunamoString\SunamoString\SunamoString.csproj::TargetFramework=net10.0]
E:\vs\Projects\PlatformIndependentNuGetPackages\SunamoString\SunamoString\SH.cs(1953,26): warning CS1591: Missing XML comment for publicly visible type or member 'SH.InBrackets(string)' [E:\vs\Projects\PlatformIndependentNuGetPackages\SunamoString\SunamoString\SunamoString.csproj::TargetFramework=net10.0]
E:\vs\Projects\PlatformIndependentNuGetPackages\SunamoString\SunamoString\SH.cs(1983,30): warning CS1591: Missing XML comment for publicly visible type or member 'SH.ContainsAnyChar(string, bool, IList<char>)' [E:\vs\Projects\PlatformIndependentNuGetPackages\SunamoString\SunamoString\SunamoString.csproj::TargetFramework=net10.0]
E:\vs\Projects\PlatformIndependentNuGetPackages\SunamoString\SunamoString\SH.cs(2030,27): warning CS1591: Missing XML comment for publicly visible type or member 'SH.GetWordOnIndex(string, int)' [E:\vs\Projects\PlatformIndependentNuGetPackages\SunamoString\SunamoString\SunamoString.csproj::TargetFramework=net10.0]
E:\vs\Projects\PlatformIndependentNuGetPackages\SunamoString\SunamoString\SH.cs(2034,24): warning CS1591: Missing XML comment for publicly visible type or member 'SH.ContainsUpper(string)' [E:\vs\Projects\PlatformIndependentNuGetPackages\SunamoString\SunamoString\SunamoString.csproj::TargetFramework=net10.0]
E:\vs\Projects\PlatformIndependentNuGetPackages\SunamoString\SunamoString\SH.cs(2038,24): warning CS1591: Missing XML comment for publicly visible type or member 'SH.ContainsLower(string)' [E:\vs\Projects\PlatformIndependentNuGetPackages\SunamoString\SunamoString\SunamoString.csproj::TargetFramework=net10.0]
E:\vs\Projects\PlatformIndependentNuGetPackages\SunamoString\SunamoString\SH.cs(2236,32): warning CS1591: Missing XML comment for publicly visible type or member 'SH.ValuesBetweenQuotes(string, bool, bool)' [E:\vs\Projects\PlatformIndependentNuGetPackages\SunamoString\SunamoString\SunamoString.csproj::TargetFramework=net10.0]
E:\vs\Projects\PlatformIndependentNuGetPackages\SunamoString\SunamoString\SH.cs(2242,32): warning CS1591: Missing XML comment for publicly visible type or member 'SH.ValuesBetweenQuotesAndApos(string, bool, bool)' [E:\vs\Projects\PlatformIndependentNuGetPackages\SunamoString\SunamoString\SunamoString.csproj::TargetFramework=net10.0]
E:\vs\Projects\PlatformIndependentNuGetPackages\SunamoString\SunamoString\SH.cs(2275,24): warning CS1591: Missing XML comment for publicly visible type or member 'SH.ContainsAtLeastOne(string, List<string>)' [E:\vs\Projects\PlatformIndependentNuGetPackages\SunamoString\SunamoString\SunamoString.csproj::TargetFramework=net10.0]
E:\vs\Projects\PlatformIndependentNuGetPackages\SunamoString\SunamoString\SH.cs(2334,23): warning CS1591: Missing XML comment for publicly visible type or member 'SH.AnotherOtherThanLetterOrDigit(string, int)' [E:\vs\Projects\PlatformIndependentNuGetPackages\SunamoString\SunamoString\SunamoString.csproj::TargetFramework=net10.0]
E:\vs\Projects\PlatformIndependentNuGetPackages\SunamoString\SunamoString\SH.cs(2344,26): warning CS1591: Missing XML comment for publicly visible type or member 'SH.LastChars(string, int)' [E:\vs\Projects\PlatformIndependentNuGetPackages\SunamoString\SunamoString\SunamoString.csproj::TargetFramework=net10.0]
E:\vs\Projects\PlatformIndependentNuGetPackages\SunamoString\SunamoString\SH.cs(2349,26): warning CS1591: Missing XML comment for publicly visible type or member 'SH.TabToNewLine(string)' [E:\vs\Projects\PlatformIndependentNuGetPackages\SunamoString\SunamoString\SunamoString.csproj::TargetFramework=net10.0]
E:\vs\Projects\PlatformIndependentNuGetPackages\SunamoString\SunamoString\SH.cs(2358,24): warning CS1591: Missing XML comment for publicly visible type or member 'SH.IsAllLower(string)' [E:\vs\Projects\PlatformIndependentNuGetPackages\SunamoString\SunamoString\SunamoString.csproj::TargetFramework=net10.0]
E:\vs\Projects\PlatformIndependentNuGetPackages\SunamoString\SunamoString\SH.cs(2369,24): warning CS1591: Missing XML comment for publicly visible type or member 'SH.IsAllUpper(string)' [E:\vs\Projects\PlatformIndependentNuGetPackages\SunamoString\SunamoString\SunamoString.csproj::TargetFramework=net10.0]
E:\vs\Projects\PlatformIndependentNuGetPackages\SunamoString\SunamoString\SH.cs(2373,24): warning CS1591: Missing XML comment for publicly visible type or member 'SH.ContainsBracket(string, bool)' [E:\vs\Projects\PlatformIndependentNuGetPackages\SunamoString\SunamoString\SunamoString.csproj::TargetFramework=net10.0]
E:\vs\Projects\PlatformIndependentNuGetPackages\SunamoString\SunamoString\SH.cs(2379,27): warning CS1591: Missing XML comment for publicly visible type or member 'SH.S_Cs' [E:\vs\Projects\PlatformIndependentNuGetPackages\SunamoString\SunamoString\SunamoString.csproj::TargetFramework=net10.0]
E:\vs\Projects\PlatformIndependentNuGetPackages\SunamoString\SunamoString\SH.cs(2385,29): warning CS1591: Missing XML comment for publicly visible type or member 'SH.IndexesOfChars(string, char)' [E:\vs\Projects\PlatformIndependentNuGetPackages\SunamoString\SunamoString\SunamoString.csproj::TargetFramework=net10.0]
E:\vs\Projects\PlatformIndependentNuGetPackages\SunamoString\SunamoString\SH.cs(2403,24): warning CS1591: Missing XML comment for publicly visible type or member 'SH.ContainsBracket(string, ref List<char>, ref List<char>, bool)' [E:\vs\Projects\PlatformIndependentNuGetPackages\SunamoString\SunamoString\SunamoString.csproj::TargetFramework=net10.0]
E:\vs\Projects\PlatformIndependentNuGetPackages\SunamoString\SunamoString\SH.cs(2418,24): warning CS1591: Missing XML comment for publicly visible type or member 'SH.ClosingBracketFor(char)' [E:\vs\Projects\PlatformIndependentNuGetPackages\SunamoString\SunamoString\SunamoString.csproj::TargetFramework=net10.0]
E:\vs\Projects\PlatformIndependentNuGetPackages\SunamoString\SunamoString\SH.cs(2437,26): warning CS1591: Missing XML comment for publicly visible type or member 'SH.PadRight(string, string, int)' [E:\vs\Projects\PlatformIndependentNuGetPackages\SunamoString\SunamoString\SunamoString.csproj::TargetFramework=net10.0]
E:\vs\Projects\PlatformIndependentNuGetPackages\SunamoString\SunamoString\SH.cs(2443,24): warning CS1591: Missing XML comment for publicly visible type or member 'SH.RemoveLastCharSb(StringBuilder)' [E:\vs\Projects\PlatformIndependentNuGetPackages\SunamoString\SunamoString\SunamoString.csproj::TargetFramework=net10.0]
E:\vs\Projects\PlatformIndependentNuGetPackages\SunamoString\SunamoString\SH.cs(2447,26): warning CS1591: Missing XML comment for publicly visible type or member 'SH.RemoveUselessWhitespaces(string)' [E:\vs\Projects\PlatformIndependentNuGetPackages\SunamoString\SunamoString\SunamoString.csproj::TargetFramework=net10.0]
E:\vs\Projects\PlatformIndependentNuGetPackages\SunamoString\SunamoString\SH.cs(2482,21): warning CS1591: Missing XML comment for publicly visible type or member 'SH.ToNumber<T>(Func<string, T>, string)' [E:\vs\Projects\PlatformIndependentNuGetPackages\SunamoString\SunamoString\SunamoString.csproj::TargetFramework=net10.0]
E:\vs\Projects\PlatformIndependentNuGetPackages\SunamoString\SunamoString\SH.cs(2486,26): warning CS1591: Missing XML comment for publicly visible type or member 'SH.RepairQuotes(string)' [E:\vs\Projects\PlatformIndependentNuGetPackages\SunamoString\SunamoString\SunamoString.csproj::TargetFramework=net10.0]
E:\vs\Projects\PlatformIndependentNuGetPackages\SunamoString\SunamoString\SH.cs(2494,24): warning CS1591: Missing XML comment for publicly visible type or member 'SH.IsNumbered(string)' [E:\vs\Projects\PlatformIndependentNuGetPackages\SunamoString\SunamoString\SunamoString.csproj::TargetFramework=net10.0]
E:\vs\Projects\PlatformIndependentNuGetPackages\SunamoString\SunamoString\SH.cs(2512,26): warning CS1591: Missing XML comment for publicly visible type or member 'SH.InsertEndingBracket(string, char)' [E:\vs\Projects\PlatformIndependentNuGetPackages\SunamoString\SunamoString\SunamoString.csproj::TargetFramework=net10.0]
E:\vs\Projects\PlatformIndependentNuGetPackages\SunamoString\SunamoString\SH.cs(2524,26): warning CS1591: Missing XML comment for publicly visible type or member 'SH.InsertEndingBracket(string, List<char>, List<char>)' [E:\vs\Projects\PlatformIndependentNuGetPackages\SunamoString\SunamoString\SunamoString.csproj::TargetFramework=net10.0]
E:\vs\Projects\PlatformIndependentNuGetPackages\SunamoString\SunamoString\SH.cs(2528,26): warning CS1591: Missing XML comment for publicly visible type or member 'SH.InsertEndingBracketWorker(string, int, int, List<char>, char)' [E:\vs\Projects\PlatformIndependentNuGetPackages\SunamoString\SunamoString\SunamoString.csproj::TargetFramework=net10.0]
E:\vs\Projects\PlatformIndependentNuGetPackages\SunamoString\SunamoString\SH.cs(2554,26): warning CS1591: Missing XML comment for publicly visible type or member 'SH.PairsBracketsToCompleteBlock(string)' [E:\vs\Projects\PlatformIndependentNuGetPackages\SunamoString\SunamoString\SunamoString.csproj::TargetFramework=net10.0]
E:\vs\Projects\PlatformIndependentNuGetPackages\SunamoString\SunamoString\SH.cs(2618,30): warning CS1591: Missing XML comment for publicly visible type or member 'SH.IncludeBrackets(string, bool)' [E:\vs\Projects\PlatformIndependentNuGetPackages\SunamoString\SunamoString\SunamoString.csproj::TargetFramework=net10.0]
E:\vs\Projects\PlatformIndependentNuGetPackages\SunamoString\SunamoString\SH.cs(2635,24): warning CS1591: Missing XML comment for publicly visible type or member 'SH.IsValidISO(string)' [E:\vs\Projects\PlatformIndependentNuGetPackages\SunamoString\SunamoString\SunamoString.csproj::TargetFramework=net10.0]
E:\vs\Projects\PlatformIndependentNuGetPackages\SunamoString\SunamoString\SH.cs(2685,24): warning CS1591: Missing XML comment for publicly visible type or member 'SH.ContainsOnlyCase(string, bool, bool)' [E:\vs\Projects\PlatformIndependentNuGetPackages\SunamoString\SunamoString\SunamoString.csproj::TargetFramework=net10.0]
E:\vs\Projects\PlatformIndependentNuGetPackages\SunamoString\SunamoString\SH.cs(2709,26): warning CS1591: Missing XML comment for publicly visible type or member 'SH.ShortForLettersCount(string, int)' [E:\vs\Projects\PlatformIndependentNuGetPackages\SunamoString\SunamoString\SunamoString.csproj::TargetFramework=net10.0]
E:\vs\Projects\PlatformIndependentNuGetPackages\SunamoString\SunamoString\SH.cs(2726,24): warning CS1591: Missing XML comment for publicly visible type or member 'SH.ContainsVariable(string)' [E:\vs\Projects\PlatformIndependentNuGetPackages\SunamoString\SunamoString\SunamoString.csproj::TargetFramework=net10.0]
E:\vs\Projects\PlatformIndependentNuGetPackages\SunamoString\SunamoString\SH.cs(2730,24): warning CS1591: Missing XML comment for publicly visible type or member 'SH.ContainsVariable(char, char, string)' [E:\vs\Projects\PlatformIndependentNuGetPackages\SunamoString\SunamoString\SunamoString.csproj::TargetFramework=net10.0]
E:\vs\Projects\PlatformIndependentNuGetPackages\SunamoString\SunamoString\SH.cs(2760,29): warning CS1591: Missing XML comment for publicly visible type or member 'SH.GetVariablesInString(string)' [E:\vs\Projects\PlatformIndependentNuGetPackages\SunamoString\SunamoString\SunamoString.csproj::TargetFramework=net10.0]
E:\vs\Projects\PlatformIndependentNuGetPackages\SunamoString\SunamoString\SH.cs(2849,24): warning CS1591: Missing XML comment for publicly visible type or member 'SH.ContainsOtherChatThanLetterAndDigit(string)' [E:\vs\Projects\PlatformIndependentNuGetPackages\SunamoString\SunamoString\SunamoString.csproj::TargetFramework=net10.0]
E:\vs\Projects\PlatformIndependentNuGetPackages\SunamoString\SunamoString\SH.cs(2856,26): warning CS1591: Missing XML comment for publicly visible type or member 'SH.GetOddIndexesOfWord(string)' [E:\vs\Projects\PlatformIndependentNuGetPackages\SunamoString\SunamoString\SunamoString.csproj::TargetFramework=net10.0]
E:\vs\Projects\PlatformIndependentNuGetPackages\SunamoString\SunamoString\SH.cs(2908,32): warning CS1591: Missing XML comment for publicly visible type or member 'SH.RemoveDuplicatesNone(string, string)' [E:\vs\Projects\PlatformIndependentNuGetPackages\SunamoString\SunamoString\SunamoString.csproj::TargetFramework=net10.0]
E:\vs\Projects\PlatformIndependentNuGetPackages\SunamoString\SunamoString\SH.cs(3049,42): warning CS1591: Missing XML comment for publicly visible type or member 'SH.ReturnOccurencesOfStringFromToWord(string, params string[])' [E:\vs\Projects\PlatformIndependentNuGetPackages\SunamoString\SunamoString\SunamoString.csproj::TargetFramework=net10.0]
E:\vs\Projects\PlatformIndependentNuGetPackages\SunamoString\SunamoString\SH.cs(3112,26): warning CS1591: Missing XML comment for publicly visible type or member 'SH.GetFirstPartByLocation(string, int)' [E:\vs\Projects\PlatformIndependentNuGetPackages\SunamoString\SunamoString\SunamoString.csproj::TargetFramework=net10.0]
E:\vs\Projects\PlatformIndependentNuGetPackages\SunamoString\SunamoString\SH.cs(3189,24): warning CS1591: Missing XML comment for publicly visible type or member 'SH.EndsWith(string, string)' [E:\vs\Projects\PlatformIndependentNuGetPackages\SunamoString\SunamoString\SunamoString.csproj::TargetFramework=net10.0]
E:\vs\Projects\PlatformIndependentNuGetPackages\SunamoString\SunamoString\SH.cs(3193,24): warning CS1591: Missing XML comment for publicly visible type or member 'SH.RemovePrefix(ref string, string)' [E:\vs\Projects\PlatformIndependentNuGetPackages\SunamoString\SunamoString\SunamoString.csproj::TargetFramework=net10.0]
E:\vs\Projects\PlatformIndependentNuGetPackages\SunamoString\SunamoString\SH.cs(3202,26): warning CS1591: Missing XML comment for publicly visible type or member 'SH.GetToFirstChar(string, int)' [E:\vs\Projects\PlatformIndependentNuGetPackages\SunamoString\SunamoString\SunamoString.csproj::TargetFramework=net10.0]
E:\vs\Projects\PlatformIndependentNuGetPackages\SunamoString\SunamoString\SH.cs(3218,24): warning CS1591: Missing XML comment for publicly visible type or member 'SH.ContainsFromEnd(string, char, out int)' [E:\vs\Projects\PlatformIndependentNuGetPackages\SunamoString\SunamoString\SunamoString.csproj::TargetFramework=net10.0]
E:\vs\Projects\PlatformIndependentNuGetPackages\SunamoString\SunamoString\SH.cs(3229,26): warning CS1591: Missing XML comment for publicly visible type or member 'SH.FirstWhichIsNotEmpty(params string[])' [E:\vs\Projects\PlatformIndependentNuGetPackages\SunamoString\SunamoString\SunamoString.csproj::TargetFramework=net10.0]
E:\vs\Projects\PlatformIndependentNuGetPackages\SunamoString\SunamoString\SH.cs(3277,24): warning CS1591: Missing XML comment for publicly visible type or member 'SH.IsNullOrWhiteSpace(string)' [E:\vs\Projects\PlatformIndependentNuGetPackages\SunamoString\SunamoString\SunamoString.csproj::TargetFramework=net10.0]
E:\vs\Projects\PlatformIndependentNuGetPackages\SunamoString\SunamoString\SHNotTranslateAble.cs(3,21): warning CS1591: Missing XML comment for publicly visible type or member 'SHNotTranslateAble' [E:\vs\Projects\PlatformIndependentNuGetPackages\SunamoString\SunamoString\SunamoString.csproj::TargetFramework=net10.0]
E:\vs\Projects\PlatformIndependentNuGetPackages\SunamoString\SunamoString\TT.cs(11,26): warning CS1591: Missing XML comment for publicly visible type or member 'TT.NameValue(string, string)' [E:\vs\Projects\PlatformIndependentNuGetPackages\SunamoString\SunamoString\SunamoString.csproj::TargetFramework=net10.0]
E:\vs\Projects\PlatformIndependentNuGetPackages\SunamoString\SunamoString\TT.cs(16,26): warning CS1591: Missing XML comment for publicly visible type or member 'TT.NameValue(ABCString, string)' [E:\vs\Projects\PlatformIndependentNuGetPackages\SunamoString\SunamoString\SunamoString.csproj::TargetFramework=net10.0]
E:\vs\Projects\PlatformIndependentNuGetPackages\SunamoString\SunamoString\_public\StringOrStringList.cs(3,14): warning CS1591: Missing XML comment for publicly visible type or member 'StringOrStringList' [E:\vs\Projects\PlatformIndependentNuGetPackages\SunamoString\SunamoString\SunamoString.csproj::TargetFramework=net10.0]
E:\vs\Projects\PlatformIndependentNuGetPackages\SunamoString\SunamoString\_public\StringOrStringList.cs(5,12): warning CS1591: Missing XML comment for publicly visible type or member 'StringOrStringList.StringOrStringList(string)' [E:\vs\Projects\PlatformIndependentNuGetPackages\SunamoString\SunamoString\SunamoString.csproj::TargetFramework=net10.0]
E:\vs\Projects\PlatformIndependentNuGetPackages\SunamoString\SunamoString\_public\StringOrStringList.cs(9,12): warning CS1591: Missing XML comment for publicly visible type or member 'StringOrStringList.StringOrStringList(List<string>)' [E:\vs\Projects\PlatformIndependentNuGetPackages\SunamoString\SunamoString\SunamoString.csproj::TargetFramework=net10.0]
E:\vs\Projects\PlatformIndependentNuGetPackages\SunamoString\SunamoString\_public\StringOrStringList.cs(13,19): warning CS1591: Missing XML comment for publicly visible type or member 'StringOrStringList.String' [E:\vs\Projects\PlatformIndependentNuGetPackages\SunamoString\SunamoString\SunamoString.csproj::TargetFramework=net10.0]
E:\vs\Projects\PlatformIndependentNuGetPackages\SunamoString\SunamoString\_public\StringOrStringList.cs(14,25): warning CS1591: Missing XML comment for publicly visible type or member 'StringOrStringList.List' [E:\vs\Projects\PlatformIndependentNuGetPackages\SunamoString\SunamoString\SunamoString.csproj::TargetFramework=net10.0]
E:\vs\Projects\PlatformIndependentNuGetPackages\SunamoString\SunamoString\_public\StringOrStringList.cs(15,19): warning CS1591: Missing XML comment for publicly visible type or member 'StringOrStringList.GetString()' [E:\vs\Projects\PlatformIndependentNuGetPackages\SunamoString\SunamoString\SunamoString.csproj::TargetFramework=net10.0]
E:\vs\Projects\PlatformIndependentNuGetPackages\SunamoString\SunamoString\_public\StringOrStringList.cs(31,25): warning CS1591: Missing XML comment for publicly visible type or member 'StringOrStringList.GetList()' [E:\vs\Projects\PlatformIndependentNuGetPackages\SunamoString\SunamoString\SunamoString.csproj::TargetFramework=net10.0]
E:\vs\Projects\PlatformIndependentNuGetPackages\SunamoString\SunamoString\_public\SunamoData\Data\ABCString.cs(3,14): warning CS1591: Missing XML comment for publicly visible type or member 'ABCString' [E:\vs\Projects\PlatformIndependentNuGetPackages\SunamoString\SunamoString\SunamoString.csproj::TargetFramework=net10.0]
E:\vs\Projects\PlatformIndependentNuGetPackages\SunamoString\SunamoString\_public\SunamoData\Data\ABCString.cs(5,29): warning CS1591: Missing XML comment for publicly visible type or member 'ABCString.Empty' [E:\vs\Projects\PlatformIndependentNuGetPackages\SunamoString\SunamoString\SunamoString.csproj::TargetFramework=net10.0]
E:\vs\Projects\PlatformIndependentNuGetPackages\SunamoString\SunamoString\_public\SunamoData\Data\ABCString.cs(6,12): warning CS1591: Missing XML comment for publicly visible type or member 'ABCString.ABCString()' [E:\vs\Projects\PlatformIndependentNuGetPackages\SunamoString\SunamoString\SunamoString.csproj::TargetFramework=net10.0]
E:\vs\Projects\PlatformIndependentNuGetPackages\SunamoString\SunamoString\_public\SunamoData\Data\ABCString.cs(9,28): warning CS1591: Missing XML comment for publicly visible type or member 'ABCString.ToString()' [E:\vs\Projects\PlatformIndependentNuGetPackages\SunamoString\SunamoString\SunamoString.csproj::TargetFramework=net10.0]
E:\vs\Projects\PlatformIndependentNuGetPackages\SunamoString\SunamoString\_public\SunamoData\Data\ABCString.cs(18,16): warning CS1591: Missing XML comment for publicly visible type or member 'ABCString.Length' [E:\vs\Projects\PlatformIndependentNuGetPackages\SunamoString\SunamoString\SunamoString.csproj::TargetFramework=net10.0]
E:\vs\Projects\PlatformIndependentNuGetPackages\SunamoString\SunamoString\_public\SunamoData\Data\ABCString.cs(25,12): warning CS1591: Missing XML comment for publicly visible type or member 'ABCString.ABCString(int)' [E:\vs\Projects\PlatformIndependentNuGetPackages\SunamoString\SunamoString\SunamoString.csproj::TargetFramework=net10.0]
E:\vs\Projects\PlatformIndependentNuGetPackages\SunamoString\SunamoString\_public\SunamoData\Data\ABCString.cs(32,12): warning CS1591: Missing XML comment for publicly visible type or member 'ABCString.ABCString(params object[])' [E:\vs\Projects\PlatformIndependentNuGetPackages\SunamoString\SunamoString\SunamoString.csproj::TargetFramework=net10.0]
E:\vs\Projects\PlatformIndependentNuGetPackages\SunamoString\SunamoString\_public\SunamoData\Data\ABCString.cs(88,12): warning CS1591: Missing XML comment for publicly visible type or member 'ABCString.ABCString(params ABString[])' [E:\vs\Projects\PlatformIndependentNuGetPackages\SunamoString\SunamoString\SunamoString.csproj::TargetFramework=net10.0]
E:\vs\Projects\PlatformIndependentNuGetPackages\SunamoString\SunamoString\_public\SunamoData\Data\ABCString.cs(96,21): warning CS1591: Missing XML comment for publicly visible type or member 'ABCString.OnlyBs()' [E:\vs\Projects\PlatformIndependentNuGetPackages\SunamoString\SunamoString\SunamoString.csproj::TargetFramework=net10.0]
E:\vs\Projects\PlatformIndependentNuGetPackages\SunamoString\SunamoString\_public\SunamoData\Data\ABCString.cs(100,25): warning CS1591: Missing XML comment for publicly visible type or member 'ABCString.OnlyBsList()' [E:\vs\Projects\PlatformIndependentNuGetPackages\SunamoString\SunamoString\SunamoString.csproj::TargetFramework=net10.0]
E:\vs\Projects\PlatformIndependentNuGetPackages\SunamoString\SunamoString\_public\SunamoData\Data\ABCString.cs(109,25): warning CS1591: Missing XML comment for publicly visible type or member 'ABCString.OnlyAs()' [E:\vs\Projects\PlatformIndependentNuGetPackages\SunamoString\SunamoString\SunamoString.csproj::TargetFramework=net10.0]
E:\vs\Projects\PlatformIndependentNuGetPackages\SunamoString\SunamoString\_public\SunamoData\Data\ABCString.cs(119,32): warning CS1591: Missing XML comment for publicly visible type or member 'ABCString.OnlyBs(List<ABString>)' [E:\vs\Projects\PlatformIndependentNuGetPackages\SunamoString\SunamoString\SunamoString.csproj::TargetFramework=net10.0]
E:\vs\Projects\PlatformIndependentNuGetPackages\SunamoString\SunamoString\_public\SunamoData\Data\ABString.cs(3,14): warning CS1591: Missing XML comment for publicly visible type or member 'ABString' [E:\vs\Projects\PlatformIndependentNuGetPackages\SunamoString\SunamoString\SunamoString.csproj::TargetFramework=net10.0]
E:\vs\Projects\PlatformIndependentNuGetPackages\SunamoString\SunamoString\_public\SunamoData\Data\ABString.cs(5,24): warning CS1591: Missing XML comment for publicly visible type or member 'ABString.Type' [E:\vs\Projects\PlatformIndependentNuGetPackages\SunamoString\SunamoString\SunamoString.csproj::TargetFramework=net10.0]
E:\vs\Projects\PlatformIndependentNuGetPackages\SunamoString\SunamoString\_public\SunamoData\Data\ABString.cs(19,12): warning CS1591: Missing XML comment for publicly visible type or member 'ABString.ABString(string, object)' [E:\vs\Projects\PlatformIndependentNuGetPackages\SunamoString\SunamoString\SunamoString.csproj::TargetFramework=net10.0]
E:\vs\Projects\PlatformIndependentNuGetPackages\SunamoString\SunamoString\_public\SunamoData\Data\ABString.cs(25,28): warning CS1591: Missing XML comment for publicly visible type or member 'ABString.Get(Type, object)' [E:\vs\Projects\PlatformIndependentNuGetPackages\SunamoString\SunamoString\SunamoString.csproj::TargetFramework=net10.0]
E:\vs\Projects\PlatformIndependentNuGetPackages\SunamoString\SunamoString\_public\SunamoData\Data\ABString.cs(30,28): warning CS1591: Missing XML comment for publicly visible type or member 'ABString.Get(string, object)' [E:\vs\Projects\PlatformIndependentNuGetPackages\SunamoString\SunamoString\SunamoString.csproj::TargetFramework=net10.0]
E:\vs\Projects\PlatformIndependentNuGetPackages\SunamoString\SunamoString\_public\SunamoData\Data\ABString.cs(35,28): warning CS1591: Missing XML comment for publicly visible type or member 'ABString.ToString()' [E:\vs\Projects\PlatformIndependentNuGetPackages\SunamoString\SunamoString\SunamoString.csproj::TargetFramework=net10.0]
E:\vs\Projects\PlatformIndependentNuGetPackages\SunamoString\SunamoString\_public\SunamoData\Data\CharFormatDataString.cs(3,14): warning CS1591: Missing XML comment for publicly visible type or member 'CharFormatDataString' [E:\vs\Projects\PlatformIndependentNuGetPackages\SunamoString\SunamoString\SunamoString.csproj::TargetFramework=net10.0]
E:\vs\Projects\PlatformIndependentNuGetPackages\SunamoString\SunamoString\_public\SunamoData\Data\CharFormatDataString.cs(16,25): warning CS1591: Missing XML comment for publicly visible type or member 'CharFormatDataString.Templates' [E:\vs\Projects\PlatformIndependentNuGetPackages\SunamoString\SunamoString\SunamoString.csproj::TargetFramework=net10.0]
E:\vs\Projects\PlatformIndependentNuGetPackages\SunamoString\SunamoString\_public\SunamoData\Data\CharFormatDataString.cs(19,44): warning CS1591: Missing XML comment for publicly visible type or member 'CharFormatDataString.Templates.Dash' [E:\vs\Projects\PlatformIndependentNuGetPackages\SunamoString\SunamoString\SunamoString.csproj::TargetFramework=net10.0]
E:\vs\Projects\PlatformIndependentNuGetPackages\SunamoString\SunamoString\_public\SunamoData\Data\CharFormatDataString.cs(20,44): warning CS1591: Missing XML comment for publicly visible type or member 'CharFormatDataString.Templates.NotNumber' [E:\vs\Projects\PlatformIndependentNuGetPackages\SunamoString\SunamoString\SunamoString.csproj::TargetFramework=net10.0]
E:\vs\Projects\PlatformIndependentNuGetPackages\SunamoString\SunamoString\_public\SunamoData\Data\CharFormatDataString.cs(24,44): warning CS1591: Missing XML comment for publicly visible type or member 'CharFormatDataString.Templates.TwoLetterNumber' [E:\vs\Projects\PlatformIndependentNuGetPackages\SunamoString\SunamoString\SunamoString.csproj::TargetFramework=net10.0]
E:\vs\Projects\PlatformIndependentNuGetPackages\SunamoString\SunamoString\_public\SunamoData\Data\CharFormatDataString.cs(31,44): warning CS1591: Missing XML comment for publicly visible type or member 'CharFormatDataString.Templates.Any' [E:\vs\Projects\PlatformIndependentNuGetPackages\SunamoString\SunamoString\SunamoString.csproj::TargetFramework=net10.0]
E:\vs\Projects\PlatformIndependentNuGetPackages\SunamoString\SunamoString\_public\SunamoData\Data\CharFormatDataString.cs(39,12): warning CS1591: Missing XML comment for publicly visible type or member 'CharFormatDataString.CharFormatDataString(bool?, char[])' [E:\vs\Projects\PlatformIndependentNuGetPackages\SunamoString\SunamoString\SunamoString.csproj::TargetFramework=net10.0]
E:\vs\Projects\PlatformIndependentNuGetPackages\SunamoString\SunamoString\_public\SunamoData\Data\CharFormatDataString.cs(44,12): warning CS1591: Missing XML comment for publicly visible type or member 'CharFormatDataString.CharFormatDataString()' [E:\vs\Projects\PlatformIndependentNuGetPackages\SunamoString\SunamoString\SunamoString.csproj::TargetFramework=net10.0]
E:\vs\Projects\PlatformIndependentNuGetPackages\SunamoString\SunamoString\_public\SunamoData\Data\CharFormatDataString.cs(47,40): warning CS1591: Missing XML comment for publicly visible type or member 'CharFormatDataString.GetOnlyNumbers(FromToString)' [E:\vs\Projects\PlatformIndependentNuGetPackages\SunamoString\SunamoString\SunamoString.csproj::TargetFramework=net10.0]
E:\vs\Projects\PlatformIndependentNuGetPackages\SunamoString\SunamoString\_public\SunamoData\Data\CharFormatDataString.cs(63,40): warning CS1591: Missing XML comment for publicly visible type or member 'CharFormatDataString.Get(bool?, FromToString, params char[])' [E:\vs\Projects\PlatformIndependentNuGetPackages\SunamoString\SunamoString\SunamoString.csproj::TargetFramework=net10.0]
E:\vs\Projects\PlatformIndependentNuGetPackages\SunamoString\SunamoString\_public\SunamoData\Data\FromToString.cs(3,14): warning CS1591: Missing XML comment for publicly visible type or member 'FromToString' [E:\vs\Projects\PlatformIndependentNuGetPackages\SunamoString\SunamoString\SunamoString.csproj::TargetFramework=net10.0]
E:\vs\Projects\PlatformIndependentNuGetPackages\SunamoString\SunamoString\_public\SunamoData\Data\FromToString.cs(5,32): warning CS1591: Missing XML comment for publicly visible type or member 'FromToString.Empty' [E:\vs\Projects\PlatformIndependentNuGetPackages\SunamoString\SunamoString\SunamoString.csproj::TargetFramework=net10.0]
E:\vs\Projects\PlatformIndependentNuGetPackages\SunamoString\SunamoString\_public\SunamoData\Data\FromToString.cs(6,12): warning CS1591: Missing XML comment for publicly visible type or member 'FromToString.FromToString()' [E:\vs\Projects\PlatformIndependentNuGetPackages\SunamoString\SunamoString\SunamoString.csproj::TargetFramework=net10.0]
E:\vs\Projects\PlatformIndependentNuGetPackages\SunamoString\SunamoString\_public\SunamoData\Data\FromToString.cs(24,12): warning CS1591: Missing XML comment for publicly visible type or member 'FromToString.FromToString(long, long, FromToUseString)' [E:\vs\Projects\PlatformIndependentNuGetPackages\SunamoString\SunamoString\SunamoString.csproj::TargetFramework=net10.0]
E:\vs\Projects\PlatformIndependentNuGetPackages\SunamoString\SunamoString\_public\SunamoData\Data\FromToTSHString.cs(3,14): warning CS1591: Missing XML comment for publicly visible type or member 'FromToTSHString<T>' [E:\vs\Projects\PlatformIndependentNuGetPackages\SunamoString\SunamoString\SunamoString.csproj::TargetFramework=net10.0]
E:\vs\Projects\PlatformIndependentNuGetPackages\SunamoString\SunamoString\_public\SunamoData\Data\FromToTSHString.cs(6,17): warning CS1591: Missing XML comment for publicly visible type or member 'FromToTSHString<T>.Empty' [E:\vs\Projects\PlatformIndependentNuGetPackages\SunamoString\SunamoString\SunamoString.csproj::TargetFramework=net10.0]
E:\vs\Projects\PlatformIndependentNuGetPackages\SunamoString\SunamoString\_public\SunamoData\Data\FromToTSHString.cs(8,28): warning CS1591: Missing XML comment for publicly visible type or member 'FromToTSHString<T>.FtUse' [E:\vs\Projects\PlatformIndependentNuGetPackages\SunamoString\SunamoString\SunamoString.csproj::TargetFramework=net10.0]
E:\vs\Projects\PlatformIndependentNuGetPackages\SunamoString\SunamoString\_public\SunamoData\Data\FromToTSHString.cs(10,12): warning CS1591: Missing XML comment for publicly visible type or member 'FromToTSHString<T>.FromToTSHString()' [E:\vs\Projects\PlatformIndependentNuGetPackages\SunamoString\SunamoString\SunamoString.csproj::TargetFramework=net10.0]
E:\vs\Projects\PlatformIndependentNuGetPackages\SunamoString\SunamoString\_public\SunamoData\Data\FromToTSHString.cs(22,12): warning CS1591: Missing XML comment for publicly visible type or member 'FromToTSHString<T>.FromToTSHString(T, T, FromToUseString)' [E:\vs\Projects\PlatformIndependentNuGetPackages\SunamoString\SunamoString\SunamoString.csproj::TargetFramework=net10.0]
E:\vs\Projects\PlatformIndependentNuGetPackages\SunamoString\SunamoString\_public\SunamoData\Data\FromToTSHString.cs(28,14): warning CS1591: Missing XML comment for publicly visible type or member 'FromToTSHString<T>.From' [E:\vs\Projects\PlatformIndependentNuGetPackages\SunamoString\SunamoString\SunamoString.csproj::TargetFramework=net10.0]
E:\vs\Projects\PlatformIndependentNuGetPackages\SunamoString\SunamoString\_public\SunamoData\Data\FromToTSHString.cs(33,14): warning CS1591: Missing XML comment for publicly visible type or member 'FromToTSHString<T>.To' [E:\vs\Projects\PlatformIndependentNuGetPackages\SunamoString\SunamoString\SunamoString.csproj::TargetFramework=net10.0]
E:\vs\Projects\PlatformIndependentNuGetPackages\SunamoString\SunamoString\_public\SunamoData\Data\FromToTSHString.cs(38,17): warning CS1591: Missing XML comment for publicly visible type or member 'FromToTSHString<T>.FromL' [E:\vs\Projects\PlatformIndependentNuGetPackages\SunamoString\SunamoString\SunamoString.csproj::TargetFramework=net10.0]
E:\vs\Projects\PlatformIndependentNuGetPackages\SunamoString\SunamoString\_public\SunamoData\Data\FromToTSHString.cs(39,17): warning CS1591: Missing XML comment for publicly visible type or member 'FromToTSHString<T>.ToL' [E:\vs\Projects\PlatformIndependentNuGetPackages\SunamoString\SunamoString\SunamoString.csproj::TargetFramework=net10.0]
E:\vs\Projects\PlatformIndependentNuGetPackages\SunamoString\SunamoString\_public\SunamoData\Data\FromToWordString.cs(3,14): warning CS1591: Missing XML comment for publicly visible type or member 'FromToWordString' [E:\vs\Projects\PlatformIndependentNuGetPackages\SunamoString\SunamoString\SunamoString.csproj::TargetFramework=net10.0]
E:\vs\Projects\PlatformIndependentNuGetPackages\SunamoString\SunamoString\_public\SunamoData\Data\FromToWordString.cs(5,16): warning CS1591: Missing XML comment for publicly visible type or member 'FromToWordString.From' [E:\vs\Projects\PlatformIndependentNuGetPackages\SunamoString\SunamoString\SunamoString.csproj::TargetFramework=net10.0]
E:\vs\Projects\PlatformIndependentNuGetPackages\SunamoString\SunamoString\_public\SunamoData\Data\FromToWordString.cs(6,16): warning CS1591: Missing XML comment for publicly visible type or member 'FromToWordString.To' [E:\vs\Projects\PlatformIndependentNuGetPackages\SunamoString\SunamoString\SunamoString.csproj::TargetFramework=net10.0]
E:\vs\Projects\PlatformIndependentNuGetPackages\SunamoString\SunamoString\_public\SunamoData\Data\FromToWordString.cs(7,19): warning CS1591: Missing XML comment for publicly visible type or member 'FromToWordString.Word' [E:\vs\Projects\PlatformIndependentNuGetPackages\SunamoString\SunamoString\SunamoString.csproj::TargetFramework=net10.0]
E:\vs\Projects\PlatformIndependentNuGetPackages\SunamoString\SunamoString\_public\SunamoData\Data\SquareMap.cs(5,14): warning CS1591: Missing XML comment for publicly visible type or member 'SquareMap' [E:\vs\Projects\PlatformIndependentNuGetPackages\SunamoString\SunamoString\SunamoString.csproj::TargetFramework=net10.0]
E:\vs\Projects\PlatformIndependentNuGetPackages\SunamoString\SunamoString\_public\SunamoData\Data\SquareMap.cs(7,22): warning CS1591: Missing XML comment for publicly visible type or member 'SquareMap.CurlyBrackets' [E:\vs\Projects\PlatformIndependentNuGetPackages\SunamoString\SunamoString\SunamoString.csproj::TargetFramework=net10.0]
E:\vs\Projects\PlatformIndependentNuGetPackages\SunamoString\SunamoString\_public\SunamoData\Data\SquareMap.cs(8,22): warning CS1591: Missing XML comment for publicly visible type or member 'SquareMap.SquareBrackets' [E:\vs\Projects\PlatformIndependentNuGetPackages\SunamoString\SunamoString\SunamoString.csproj::TargetFramework=net10.0]
E:\vs\Projects\PlatformIndependentNuGetPackages\SunamoString\SunamoString\_public\SunamoData\Data\SquareMap.cs(9,22): warning CS1591: Missing XML comment for publicly visible type or member 'SquareMap.Brackets' [E:\vs\Projects\PlatformIndependentNuGetPackages\SunamoString\SunamoString\SunamoString.csproj::TargetFramework=net10.0]
E:\vs\Projects\PlatformIndependentNuGetPackages\SunamoString\SunamoString\_public\SunamoData\Data\SquareMap.cs(10,22): warning CS1591: Missing XML comment for publicly visible type or member 'SquareMap.EndingCurlyBrackets' [E:\vs\Projects\PlatformIndependentNuGetPackages\SunamoString\SunamoString\SunamoString.csproj::TargetFramework=net10.0]
E:\vs\Projects\PlatformIndependentNuGetPackages\SunamoString\SunamoString\_public\SunamoData\Data\SquareMap.cs(11,22): warning CS1591: Missing XML comment for publicly visible type or member 'SquareMap.EndingSquareBrackets' [E:\vs\Projects\PlatformIndependentNuGetPackages\SunamoString\SunamoString\SunamoString.csproj::TargetFramework=net10.0]
E:\vs\Projects\PlatformIndependentNuGetPackages\SunamoString\SunamoString\_public\SunamoData\Data\SquareMap.cs(12,22): warning CS1591: Missing XML comment for publicly visible type or member 'SquareMap.EndingBrackets' [E:\vs\Projects\PlatformIndependentNuGetPackages\SunamoString\SunamoString\SunamoString.csproj::TargetFramework=net10.0]
E:\vs\Projects\PlatformIndependentNuGetPackages\SunamoString\SunamoString\_public\SunamoData\Data\SquareMap.cs(15,17): warning CS1591: Missing XML comment for publicly visible type or member 'SquareMap.Add(Brackets, bool, int)' [E:\vs\Projects\PlatformIndependentNuGetPackages\SunamoString\SunamoString\SunamoString.csproj::TargetFramework=net10.0]
E:\vs\Projects\PlatformIndependentNuGetPackages\SunamoString\SunamoString\_public\SunamoData\Data\SquareMapLines.cs(5,14): warning CS1591: Missing XML comment for publicly visible type or member 'SquareMapLines' [E:\vs\Projects\PlatformIndependentNuGetPackages\SunamoString\SunamoString\SunamoString.csproj::TargetFramework=net10.0]
E:\vs\Projects\PlatformIndependentNuGetPackages\SunamoString\SunamoString\_public\SunamoData\Data\SquareMapLines.cs(7,39): warning CS1591: Missing XML comment for publicly visible type or member 'SquareMapLines.CurlyBrackets' [E:\vs\Projects\PlatformIndependentNuGetPackages\SunamoString\SunamoString\SunamoString.csproj::TargetFramework=net10.0]
E:\vs\Projects\PlatformIndependentNuGetPackages\SunamoString\SunamoString\_public\SunamoData\Data\SquareMapLines.cs(8,39): warning CS1591: Missing XML comment for publicly visible type or member 'SquareMapLines.SquareBrackets' [E:\vs\Projects\PlatformIndependentNuGetPackages\SunamoString\SunamoString\SunamoString.csproj::TargetFramework=net10.0]
E:\vs\Projects\PlatformIndependentNuGetPackages\SunamoString\SunamoString\_public\SunamoData\Data\SquareMapLines.cs(9,39): warning CS1591: Missing XML comment for publicly visible type or member 'SquareMapLines.Brackets' [E:\vs\Projects\PlatformIndependentNuGetPackages\SunamoString\SunamoString\SunamoString.csproj::TargetFramework=net10.0]
E:\vs\Projects\PlatformIndependentNuGetPackages\SunamoString\SunamoString\_public\SunamoData\Data\SquareMapLines.cs(10,39): warning CS1591: Missing XML comment for publicly visible type or member 'SquareMapLines.EndingCurlyBrackets' [E:\vs\Projects\PlatformIndependentNuGetPackages\SunamoString\SunamoString\SunamoString.csproj::TargetFramework=net10.0]
E:\vs\Projects\PlatformIndependentNuGetPackages\SunamoString\SunamoString\_public\SunamoData\Data\SquareMapLines.cs(11,39): warning CS1591: Missing XML comment for publicly visible type or member 'SquareMapLines.EndingSquareBrackets' [E:\vs\Projects\PlatformIndependentNuGetPackages\SunamoString\SunamoString\SunamoString.csproj::TargetFramework=net10.0]
E:\vs\Projects\PlatformIndependentNuGetPackages\SunamoString\SunamoString\_public\SunamoData\Data\SquareMapLines.cs(12,39): warning CS1591: Missing XML comment for publicly visible type or member 'SquareMapLines.EndingBrackets' [E:\vs\Projects\PlatformIndependentNuGetPackages\SunamoString\SunamoString\SunamoString.csproj::TargetFramework=net10.0]
E:\vs\Projects\PlatformIndependentNuGetPackages\SunamoString\SunamoString\_public\SunamoData\Data\SquareMapLines.cs(22,12): warning CS1591: Missing XML comment for publicly visible type or member 'SquareMapLines.SquareMapLines(SquareMap)' [E:\vs\Projects\PlatformIndependentNuGetPackages\SunamoString\SunamoString\SunamoString.csproj::TargetFramework=net10.0]
E:\vs\Projects\PlatformIndependentNuGetPackages\SunamoString\SunamoString\_public\SunamoData\Data\SquareMapLines.cs(26,12): warning CS1591: Missing XML comment for publicly visible type or member 'SquareMapLines.SquareMapLines()' [E:\vs\Projects\PlatformIndependentNuGetPackages\SunamoString\SunamoString\SunamoString.csproj::TargetFramework=net10.0]
E:\vs\Projects\PlatformIndependentNuGetPackages\SunamoString\SunamoString\_public\SunamoData\Data\SquareMapLines.cs(38,17): warning CS1591: Missing XML comment for publicly visible type or member 'SquareMapLines.Add(Brackets, bool, int, int)' [E:\vs\Projects\PlatformIndependentNuGetPackages\SunamoString\SunamoString\SunamoString.csproj::TargetFramework=net10.0]
E:\vs\Projects\PlatformIndependentNuGetPackages\SunamoString\SunamoString\_public\SunamoEnums\Enums\ContainsCompareMethodString.cs(3,13): warning CS1591: Missing XML comment for publicly visible type or member 'ContainsCompareMethodString' [E:\vs\Projects\PlatformIndependentNuGetPackages\SunamoString\SunamoString\SunamoString.csproj::TargetFramework=net10.0]
E:\vs\Projects\PlatformIndependentNuGetPackages\SunamoString\SunamoString\_public\SunamoEnums\Enums\ContainsCompareMethodString.cs(5,5): warning CS1591: Missing XML comment for publicly visible type or member 'ContainsCompareMethodString.WholeInput' [E:\vs\Projects\PlatformIndependentNuGetPackages\SunamoString\SunamoString\SunamoString.csproj::TargetFramework=net10.0]
E:\vs\Projects\PlatformIndependentNuGetPackages\SunamoString\SunamoString\_public\SunamoEnums\Enums\ContainsCompareMethodString.cs(6,5): warning CS1591: Missing XML comment for publicly visible type or member 'ContainsCompareMethodString.SplitToWords' [E:\vs\Projects\PlatformIndependentNuGetPackages\SunamoString\SunamoString\SunamoString.csproj::TargetFramework=net10.0]
E:\vs\Projects\PlatformIndependentNuGetPackages\SunamoString\SunamoString\_public\SunamoEnums\Enums\ContainsCompareMethodString.cs(10,5): warning CS1591: Missing XML comment for publicly visible type or member 'ContainsCompareMethodString.Negations' [E:\vs\Projects\PlatformIndependentNuGetPackages\SunamoString\SunamoString\SunamoString.csproj::TargetFramework=net10.0]
E:\vs\Projects\PlatformIndependentNuGetPackages\SunamoString\SunamoString\_public\SunamoEnums\Enums\FromToUse.cs(6,13): warning CS1591: Missing XML comment for publicly visible type or member 'FromToUseString' [E:\vs\Projects\PlatformIndependentNuGetPackages\SunamoString\SunamoString\SunamoString.csproj::TargetFramework=net10.0]
E:\vs\Projects\PlatformIndependentNuGetPackages\SunamoString\SunamoString\_public\SunamoEnums\Enums\FromToUse.cs(8,5): warning CS1591: Missing XML comment for publicly visible type or member 'FromToUseString.DateTime' [E:\vs\Projects\PlatformIndependentNuGetPackages\SunamoString\SunamoString\SunamoString.csproj::TargetFramework=net10.0]
E:\vs\Projects\PlatformIndependentNuGetPackages\SunamoString\SunamoString\_public\SunamoEnums\Enums\FromToUse.cs(9,5): warning CS1591: Missing XML comment for publicly visible type or member 'FromToUseString.Unix' [E:\vs\Projects\PlatformIndependentNuGetPackages\SunamoString\SunamoString\SunamoString.csproj::TargetFramework=net10.0]
E:\vs\Projects\PlatformIndependentNuGetPackages\SunamoString\SunamoString\_public\SunamoEnums\Enums\FromToUse.cs(10,5): warning CS1591: Missing XML comment for publicly visible type or member 'FromToUseString.UnixJustTime' [E:\vs\Projects\PlatformIndependentNuGetPackages\SunamoString\SunamoString\SunamoString.csproj::TargetFramework=net10.0]
E:\vs\Projects\PlatformIndependentNuGetPackages\SunamoString\SunamoString\_public\SunamoEnums\Enums\FromToUse.cs(11,5): warning CS1591: Missing XML comment for publicly visible type or member 'FromToUseString.None' [E:\vs\Projects\PlatformIndependentNuGetPackages\SunamoString\SunamoString\SunamoString.csproj::TargetFramework=net10.0]
E:\vs\Projects\PlatformIndependentNuGetPackages\SunamoString\SunamoString\_public\SunamoEnums\Enums\StatisticLetterCharsStrategy.cs(3,13): warning CS1591: Missing XML comment for publicly visible type or member 'StatisticLetterCharsStrategy' [E:\vs\Projects\PlatformIndependentNuGetPackages\SunamoString\SunamoString\SunamoString.csproj::TargetFramework=net10.0]
E:\vs\Projects\PlatformIndependentNuGetPackages\SunamoString\SunamoString\_public\SunamoEnums\Enums\StatisticLetterCharsStrategy.cs(5,5): warning CS1591: Missing XML comment for publicly visible type or member 'StatisticLetterCharsStrategy.AddAsFirst' [E:\vs\Projects\PlatformIndependentNuGetPackages\SunamoString\SunamoString\SunamoString.csproj::TargetFramework=net10.0]
E:\vs\Projects\PlatformIndependentNuGetPackages\SunamoString\SunamoString\_public\SunamoEnums\Enums\StatisticLetterCharsStrategy.cs(6,5): warning CS1591: Missing XML comment for publicly visible type or member 'StatisticLetterCharsStrategy.IgnoreCompletely' [E:\vs\Projects\PlatformIndependentNuGetPackages\SunamoString\SunamoString\SunamoString.csproj::TargetFramework=net10.0]
E:\vs\Projects\PlatformIndependentNuGetPackages\SunamoString\SunamoString\SH.cs(2768,9): warning CS1587: XML comment is not placed on a valid language element [E:\vs\Projects\PlatformIndependentNuGetPackages\SunamoString\SunamoString\SunamoString.csproj::TargetFramework=net10.0]
E:\vs\Projects\PlatformIndependentNuGetPackages\SunamoString\SunamoString\TT.cs(9,5): warning CS1587: XML comment is not placed on a valid language element [E:\vs\Projects\PlatformIndependentNuGetPackages\SunamoString\SunamoString\SunamoString.csproj::TargetFramework=net10.0]
  SunamoString -> E:\vs\Projects\PlatformIndependentNuGetPackages\SunamoString\SunamoString\bin\Debug\net10.0\SunamoString.dll
E:\vs\Projects\PlatformIndependentNuGetPackages\SunamoString\SunamoString\_sunamo\SunamoDictionary\DictionaryHelper.cs(5,58): warning CS8714: The type 'T' cannot be used as type parameter 'TKey' in the generic type or method 'Dictionary<TKey, TValue>'. Nullability of type argument 'T' doesn't match 'notnull' constraint. [E:\vs\Projects\PlatformIndependentNuGetPackages\SunamoString\SunamoString\SunamoString.csproj::TargetFramework=net9.0]
E:\vs\Projects\PlatformIndependentNuGetPackages\SunamoString\SunamoString\_public\SunamoData\Data\FromToString.cs(5,32): warning CS0108: 'FromToString.Empty' hides inherited member 'FromToTSHString<long>.Empty'. Use the new keyword if hiding was intended. [E:\vs\Projects\PlatformIndependentNuGetPackages\SunamoString\SunamoString\SunamoString.csproj::TargetFramework=net9.0]
E:\vs\Projects\PlatformIndependentNuGetPackages\SunamoString\SunamoString\SH.cs(530,78): warning CS8625: Cannot convert null literal to non-nullable reference type. [E:\vs\Projects\PlatformIndependentNuGetPackages\SunamoString\SunamoString\SunamoString.csproj::TargetFramework=net9.0]
E:\vs\Projects\PlatformIndependentNuGetPackages\SunamoString\SunamoString\SH.cs(670,101): warning CS8625: Cannot convert null literal to non-nullable reference type. [E:\vs\Projects\PlatformIndependentNuGetPackages\SunamoString\SunamoString\SunamoString.csproj::TargetFramework=net9.0]
E:\vs\Projects\PlatformIndependentNuGetPackages\SunamoString\SunamoString\SH.cs(2230,37): warning CS8625: Cannot convert null literal to non-nullable reference type. [E:\vs\Projects\PlatformIndependentNuGetPackages\SunamoString\SunamoString\SunamoString.csproj::TargetFramework=net9.0]
E:\vs\Projects\PlatformIndependentNuGetPackages\SunamoString\SunamoString\_sunamo\WhitespaceCharService.cs(5,25): warning CS8618: Non-nullable field 'WhiteSpaceChars' must contain a non-null value when exiting constructor. Consider adding the 'required' modifier or declaring the field as nullable. [E:\vs\Projects\PlatformIndependentNuGetPackages\SunamoString\SunamoString\SunamoString.csproj::TargetFramework=net9.0]
E:\vs\Projects\PlatformIndependentNuGetPackages\SunamoString\SunamoString\_public\StringOrStringList.cs(5,12): warning CS8618: Non-nullable property 'List' must contain a non-null value when exiting constructor. Consider adding the 'required' modifier or declaring the property as nullable. [E:\vs\Projects\PlatformIndependentNuGetPackages\SunamoString\SunamoString\SunamoString.csproj::TargetFramework=net9.0]
E:\vs\Projects\PlatformIndependentNuGetPackages\SunamoString\SunamoString\_sunamo\LetterAndDigitCharService.cs(5,25): warning CS8618: Non-nullable field 'AllCharsWithoutSpecial' must contain a non-null value when exiting constructor. Consider adding the 'required' modifier or declaring the field as nullable. [E:\vs\Projects\PlatformIndependentNuGetPackages\SunamoString\SunamoString\SunamoString.csproj::TargetFramework=net9.0]
E:\vs\Projects\PlatformIndependentNuGetPackages\SunamoString\SunamoString\_sunamo\LetterAndDigitCharService.cs(6,25): warning CS8618: Non-nullable field 'AllChars' must contain a non-null value when exiting constructor. Consider adding the 'required' modifier or declaring the field as nullable. [E:\vs\Projects\PlatformIndependentNuGetPackages\SunamoString\SunamoString\SunamoString.csproj::TargetFramework=net9.0]
E:\vs\Projects\PlatformIndependentNuGetPackages\SunamoString\SunamoString\_public\SunamoData\Data\ABString.cs(11,37): warning CS8625: Cannot convert null literal to non-nullable reference type. [E:\vs\Projects\PlatformIndependentNuGetPackages\SunamoString\SunamoString\SunamoString.csproj::TargetFramework=net9.0]
E:\vs\Projects\PlatformIndependentNuGetPackages\SunamoString\SunamoString\_public\SunamoData\Data\ABString.cs(17,37): warning CS8625: Cannot convert null literal to non-nullable reference type. [E:\vs\Projects\PlatformIndependentNuGetPackages\SunamoString\SunamoString\SunamoString.csproj::TargetFramework=net9.0]
E:\vs\Projects\PlatformIndependentNuGetPackages\SunamoString\SunamoString\_public\SunamoData\Data\ABString.cs(27,29): warning CS8604: Possible null reference argument for parameter 'firstValue' in 'ABString.ABString(string firstValue, object secondValue)'. [E:\vs\Projects\PlatformIndependentNuGetPackages\SunamoString\SunamoString\SunamoString.csproj::TargetFramework=net9.0]
E:\vs\Projects\PlatformIndependentNuGetPackages\SunamoString\SunamoString\_public\StringOrStringList.cs(9,12): warning CS8618: Non-nullable property 'String' must contain a non-null value when exiting constructor. Consider adding the 'required' modifier or declaring the property as nullable. [E:\vs\Projects\PlatformIndependentNuGetPackages\SunamoString\SunamoString\SunamoString.csproj::TargetFramework=net9.0]
E:\vs\Projects\PlatformIndependentNuGetPackages\SunamoString\SunamoString\_public\SunamoData\Data\SquareMapLines.cs(22,12): warning CS8618: Non-nullable property 'CurlyBrackets' must contain a non-null value when exiting constructor. Consider adding the 'required' modifier or declaring the property as nullable. [E:\vs\Projects\PlatformIndependentNuGetPackages\SunamoString\SunamoString\SunamoString.csproj::TargetFramework=net9.0]
E:\vs\Projects\PlatformIndependentNuGetPackages\SunamoString\SunamoString\_public\SunamoData\Data\SquareMapLines.cs(22,12): warning CS8618: Non-nullable property 'SquareBrackets' must contain a non-null value when exiting constructor. Consider adding the 'required' modifier or declaring the property as nullable. [E:\vs\Projects\PlatformIndependentNuGetPackages\SunamoString\SunamoString\SunamoString.csproj::TargetFramework=net9.0]
E:\vs\Projects\PlatformIndependentNuGetPackages\SunamoString\SunamoString\_public\SunamoData\Data\SquareMapLines.cs(22,12): warning CS8618: Non-nullable property 'Brackets' must contain a non-null value when exiting constructor. Consider adding the 'required' modifier or declaring the property as nullable. [E:\vs\Projects\PlatformIndependentNuGetPackages\SunamoString\SunamoString\SunamoString.csproj::TargetFramework=net9.0]
E:\vs\Projects\PlatformIndependentNuGetPackages\SunamoString\SunamoString\_public\SunamoData\Data\SquareMapLines.cs(22,12): warning CS8618: Non-nullable property 'EndingCurlyBrackets' must contain a non-null value when exiting constructor. Consider adding the 'required' modifier or declaring the property as nullable. [E:\vs\Projects\PlatformIndependentNuGetPackages\SunamoString\SunamoString\SunamoString.csproj::TargetFramework=net9.0]
E:\vs\Projects\PlatformIndependentNuGetPackages\SunamoString\SunamoString\_public\SunamoData\Data\SquareMapLines.cs(22,12): warning CS8618: Non-nullable property 'EndingSquareBrackets' must contain a non-null value when exiting constructor. Consider adding the 'required' modifier or declaring the property as nullable. [E:\vs\Projects\PlatformIndependentNuGetPackages\SunamoString\SunamoString\SunamoString.csproj::TargetFramework=net9.0]
E:\vs\Projects\PlatformIndependentNuGetPackages\SunamoString\SunamoString\_public\SunamoData\Data\SquareMapLines.cs(22,12): warning CS8618: Non-nullable property 'EndingBrackets' must contain a non-null value when exiting constructor. Consider adding the 'required' modifier or declaring the property as nullable. [E:\vs\Projects\PlatformIndependentNuGetPackages\SunamoString\SunamoString\SunamoString.csproj::TargetFramework=net9.0]
E:\vs\Projects\PlatformIndependentNuGetPackages\SunamoString\SunamoString\_public\SunamoData\Data\SquareMapLines.cs(26,12): warning CS8618: Non-nullable property 'CurlyBrackets' must contain a non-null value when exiting constructor. Consider adding the 'required' modifier or declaring the property as nullable. [E:\vs\Projects\PlatformIndependentNuGetPackages\SunamoString\SunamoString\SunamoString.csproj::TargetFramework=net9.0]
E:\vs\Projects\PlatformIndependentNuGetPackages\SunamoString\SunamoString\_public\SunamoData\Data\SquareMapLines.cs(26,12): warning CS8618: Non-nullable property 'SquareBrackets' must contain a non-null value when exiting constructor. Consider adding the 'required' modifier or declaring the property as nullable. [E:\vs\Projects\PlatformIndependentNuGetPackages\SunamoString\SunamoString\SunamoString.csproj::TargetFramework=net9.0]
E:\vs\Projects\PlatformIndependentNuGetPackages\SunamoString\SunamoString\_public\SunamoData\Data\SquareMapLines.cs(26,12): warning CS8618: Non-nullable property 'Brackets' must contain a non-null value when exiting constructor. Consider adding the 'required' modifier or declaring the property as nullable. [E:\vs\Projects\PlatformIndependentNuGetPackages\SunamoString\SunamoString\SunamoString.csproj::TargetFramework=net9.0]
E:\vs\Projects\PlatformIndependentNuGetPackages\SunamoString\SunamoString\_public\SunamoData\Data\SquareMapLines.cs(26,12): warning CS8618: Non-nullable property 'EndingCurlyBrackets' must contain a non-null value when exiting constructor. Consider adding the 'required' modifier or declaring the property as nullable. [E:\vs\Projects\PlatformIndependentNuGetPackages\SunamoString\SunamoString\SunamoString.csproj::TargetFramework=net9.0]
E:\vs\Projects\PlatformIndependentNuGetPackages\SunamoString\SunamoString\_public\SunamoData\Data\SquareMapLines.cs(26,12): warning CS8618: Non-nullable property 'EndingSquareBrackets' must contain a non-null value when exiting constructor. Consider adding the 'required' modifier or declaring the property as nullable. [E:\vs\Projects\PlatformIndependentNuGetPackages\SunamoString\SunamoString\SunamoString.csproj::TargetFramework=net9.0]
E:\vs\Projects\PlatformIndependentNuGetPackages\SunamoString\SunamoString\_public\SunamoData\Data\SquareMapLines.cs(26,12): warning CS8618: Non-nullable property 'EndingBrackets' must contain a non-null value when exiting constructor. Consider adding the 'required' modifier or declaring the property as nullable. [E:\vs\Projects\PlatformIndependentNuGetPackages\SunamoString\SunamoString\SunamoString.csproj::TargetFramework=net9.0]
E:\vs\Projects\PlatformIndependentNuGetPackages\SunamoString\SunamoString\_public\SunamoData\Data\CharFormatDataString.cs(15,42): warning CS8625: Cannot convert null literal to non-nullable reference type. [E:\vs\Projects\PlatformIndependentNuGetPackages\SunamoString\SunamoString\SunamoString.csproj::TargetFramework=net9.0]
E:\vs\Projects\PlatformIndependentNuGetPackages\SunamoString\SunamoString\_public\SunamoData\Data\CharFormatDataString.cs(38,48): warning CS8625: Cannot convert null literal to non-nullable reference type. [E:\vs\Projects\PlatformIndependentNuGetPackages\SunamoString\SunamoString\SunamoString.csproj::TargetFramework=net9.0]
E:\vs\Projects\PlatformIndependentNuGetPackages\SunamoString\SunamoString\_sunamo\SpecialCharsService.cs(16,34): warning CS8618: Non-nullable field 'SpecialCharsAll' must contain a non-null value when exiting constructor. Consider adding the 'required' modifier or declaring the field as nullable. [E:\vs\Projects\PlatformIndependentNuGetPackages\SunamoString\SunamoString\SunamoString.csproj::TargetFramework=net9.0]
E:\vs\Projects\PlatformIndependentNuGetPackages\SunamoString\SunamoString\_public\SunamoData\Data\FromToTSHString.cs(31,30): warning CS8600: Converting null literal or possible null value to non-nullable type. [E:\vs\Projects\PlatformIndependentNuGetPackages\SunamoString\SunamoString\SunamoString.csproj::TargetFramework=net9.0]
E:\vs\Projects\PlatformIndependentNuGetPackages\SunamoString\SunamoString\_sunamo\SunamoStringParts\SHParts.cs(7,37): warning CS8604: Possible null reference argument for parameter 'value' in 'int string.LastIndexOf(string value)'. [E:\vs\Projects\PlatformIndependentNuGetPackages\SunamoString\SunamoString\SunamoString.csproj::TargetFramework=net9.0]
E:\vs\Projects\PlatformIndependentNuGetPackages\SunamoString\SunamoString\_public\SunamoData\Data\FromToTSHString.cs(36,28): warning CS8600: Converting null literal or possible null value to non-nullable type. [E:\vs\Projects\PlatformIndependentNuGetPackages\SunamoString\SunamoString\SunamoString.csproj::TargetFramework=net9.0]
E:\vs\Projects\PlatformIndependentNuGetPackages\SunamoString\SunamoString\SH.cs(13,23): warning CS8600: Converting null literal or possible null value to non-nullable type. [E:\vs\Projects\PlatformIndependentNuGetPackages\SunamoString\SunamoString\SunamoString.csproj::TargetFramework=net9.0]
E:\vs\Projects\PlatformIndependentNuGetPackages\SunamoString\SunamoString\SH.cs(60,31): warning CS8604: Possible null reference argument for parameter 'value' in 'bool string.Contains(string value)'. [E:\vs\Projects\PlatformIndependentNuGetPackages\SunamoString\SunamoString\SunamoString.csproj::TargetFramework=net9.0]
E:\vs\Projects\PlatformIndependentNuGetPackages\SunamoString\SunamoString\_public\SunamoData\Data\ABCString.cs(29,22): warning CS8625: Cannot convert null literal to non-nullable reference type. [E:\vs\Projects\PlatformIndependentNuGetPackages\SunamoString\SunamoString\SunamoString.csproj::TargetFramework=net9.0]
E:\vs\Projects\PlatformIndependentNuGetPackages\SunamoString\SunamoString\Extensions\StringExtensions.cs(34,36): warning CS8600: Converting null literal or possible null value to non-nullable type. [E:\vs\Projects\PlatformIndependentNuGetPackages\SunamoString\SunamoString\SunamoString.csproj::TargetFramework=net9.0]
E:\vs\Projects\PlatformIndependentNuGetPackages\SunamoString\SunamoString\_sunamo\SunamoStringReplace\SHReplace.cs(40,25): warning CS8600: Converting null literal or possible null value to non-nullable type. [E:\vs\Projects\PlatformIndependentNuGetPackages\SunamoString\SunamoString\SunamoString.csproj::TargetFramework=net9.0]
E:\vs\Projects\PlatformIndependentNuGetPackages\SunamoString\SunamoString\_sunamo\SunamoStringReplace\SHReplace.cs(40,20): warning CS8600: Converting null literal or possible null value to non-nullable type. [E:\vs\Projects\PlatformIndependentNuGetPackages\SunamoString\SunamoString\SunamoString.csproj::TargetFramework=net9.0]
E:\vs\Projects\PlatformIndependentNuGetPackages\SunamoString\SunamoString\_sunamo\SunamoStringReplace\SHReplace.cs(33,16): warning CS0219: The variable 'methodName' is assigned but its value is never used [E:\vs\Projects\PlatformIndependentNuGetPackages\SunamoString\SunamoString\SunamoString.csproj::TargetFramework=net9.0]
E:\vs\Projects\PlatformIndependentNuGetPackages\SunamoString\SunamoString\TT.cs(19,78): warning CS8604: Possible null reference argument for parameter 'value' in 'string TT.NameValue(string name, string value)'. [E:\vs\Projects\PlatformIndependentNuGetPackages\SunamoString\SunamoString\SunamoString.csproj::TargetFramework=net9.0]
E:\vs\Projects\PlatformIndependentNuGetPackages\SunamoString\SunamoString\_sunamo\SunamoValues\Values\AllLists.cs(8,81): warning CS8625: Cannot convert null literal to non-nullable reference type. [E:\vs\Projects\PlatformIndependentNuGetPackages\SunamoString\SunamoString\SunamoString.csproj::TargetFramework=net9.0]
E:\vs\Projects\PlatformIndependentNuGetPackages\SunamoString\SunamoString\_sunamo\SunamoValues\Values\AllLists.cs(13,86): warning CS8625: Cannot convert null literal to non-nullable reference type. [E:\vs\Projects\PlatformIndependentNuGetPackages\SunamoString\SunamoString\SunamoString.csproj::TargetFramework=net9.0]
E:\vs\Projects\PlatformIndependentNuGetPackages\SunamoString\SunamoString\_sunamo\SunamoValues\Values\AllLists.cs(20,67): warning CS8625: Cannot convert null literal to non-nullable reference type. [E:\vs\Projects\PlatformIndependentNuGetPackages\SunamoString\SunamoString\SunamoString.csproj::TargetFramework=net9.0]
E:\vs\Projects\PlatformIndependentNuGetPackages\SunamoString\SunamoString\_sunamo\SunamoValues\Values\AllLists.cs(34,63): warning CS8625: Cannot convert null literal to non-nullable reference type. [E:\vs\Projects\PlatformIndependentNuGetPackages\SunamoString\SunamoString\SunamoString.csproj::TargetFramework=net9.0]
E:\vs\Projects\PlatformIndependentNuGetPackages\SunamoString\SunamoString\_public\SunamoData\Data\ABCString.cs(44,36): warning CS8602: Dereference of a possibly null reference. [E:\vs\Projects\PlatformIndependentNuGetPackages\SunamoString\SunamoString\SunamoString.csproj::TargetFramework=net9.0]
E:\vs\Projects\PlatformIndependentNuGetPackages\SunamoString\SunamoString\_public\SunamoData\Data\ABCString.cs(45,26): warning CS8602: Dereference of a possibly null reference. [E:\vs\Projects\PlatformIndependentNuGetPackages\SunamoString\SunamoString\SunamoString.csproj::TargetFramework=net9.0]
E:\vs\Projects\PlatformIndependentNuGetPackages\SunamoString\SunamoString\_public\SunamoData\Data\ABCString.cs(84,39): warning CS8604: Possible null reference argument for parameter 'firstValue' in 'ABString ABString.Get(string firstValue, object secondValue)'. [E:\vs\Projects\PlatformIndependentNuGetPackages\SunamoString\SunamoString\SunamoString.csproj::TargetFramework=net9.0]
E:\vs\Projects\PlatformIndependentNuGetPackages\SunamoString\SunamoString\SH.cs(235,43): warning CS8600: Converting null literal or possible null value to non-nullable type. [E:\vs\Projects\PlatformIndependentNuGetPackages\SunamoString\SunamoString\SunamoString.csproj::TargetFramework=net9.0]
E:\vs\Projects\PlatformIndependentNuGetPackages\SunamoString\SunamoString\SH.cs(236,44): warning CS8600: Converting null literal or possible null value to non-nullable type. [E:\vs\Projects\PlatformIndependentNuGetPackages\SunamoString\SunamoString\SunamoString.csproj::TargetFramework=net9.0]
E:\vs\Projects\PlatformIndependentNuGetPackages\SunamoString\SunamoString\SH.cs(237,93): warning CS8601: Possible null reference assignment. [E:\vs\Projects\PlatformIndependentNuGetPackages\SunamoString\SunamoString\SunamoString.csproj::TargetFramework=net9.0]
E:\vs\Projects\PlatformIndependentNuGetPackages\SunamoString\SunamoString\SH.cs(237,120): warning CS8601: Possible null reference assignment. [E:\vs\Projects\PlatformIndependentNuGetPackages\SunamoString\SunamoString\SunamoString.csproj::TargetFramework=net9.0]
E:\vs\Projects\PlatformIndependentNuGetPackages\SunamoString\SunamoString\SH.cs(553,51): warning CS8603: Possible null reference return. [E:\vs\Projects\PlatformIndependentNuGetPackages\SunamoString\SunamoString\SunamoString.csproj::TargetFramework=net9.0]
E:\vs\Projects\PlatformIndependentNuGetPackages\SunamoString\SunamoString\SH.cs(684,16): warning CS8603: Possible null reference return. [E:\vs\Projects\PlatformIndependentNuGetPackages\SunamoString\SunamoString\SunamoString.csproj::TargetFramework=net9.0]
E:\vs\Projects\PlatformIndependentNuGetPackages\SunamoString\SunamoString\SH.cs(695,39): warning CS8600: Converting null literal or possible null value to non-nullable type. [E:\vs\Projects\PlatformIndependentNuGetPackages\SunamoString\SunamoString\SunamoString.csproj::TargetFramework=net9.0]
E:\vs\Projects\PlatformIndependentNuGetPackages\SunamoString\SunamoString\SH.cs(704,21): warning CS8602: Dereference of a possibly null reference. [E:\vs\Projects\PlatformIndependentNuGetPackages\SunamoString\SunamoString\SunamoString.csproj::TargetFramework=net9.0]
E:\vs\Projects\PlatformIndependentNuGetPackages\SunamoString\SunamoString\SH.cs(950,31): warning CS8600: Converting null literal or possible null value to non-nullable type. [E:\vs\Projects\PlatformIndependentNuGetPackages\SunamoString\SunamoString\SunamoString.csproj::TargetFramework=net9.0]
E:\vs\Projects\PlatformIndependentNuGetPackages\SunamoString\SunamoString\SH.cs(1013,23): warning CS8600: Converting null literal or possible null value to non-nullable type. [E:\vs\Projects\PlatformIndependentNuGetPackages\SunamoString\SunamoString\SunamoString.csproj::TargetFramework=net9.0]
E:\vs\Projects\PlatformIndependentNuGetPackages\SunamoString\SunamoString\SH.cs(1113,13): warning CS0219: The variable 'firstCharBeforeIsLetter' is assigned but its value is never used [E:\vs\Projects\PlatformIndependentNuGetPackages\SunamoString\SunamoString\SunamoString.csproj::TargetFramework=net9.0]
E:\vs\Projects\PlatformIndependentNuGetPackages\SunamoString\SunamoString\SH.cs(1142,48): warning CS0642: Possible mistaken empty statement [E:\vs\Projects\PlatformIndependentNuGetPackages\SunamoString\SunamoString\SunamoString.csproj::TargetFramework=net9.0]
E:\vs\Projects\PlatformIndependentNuGetPackages\SunamoString\SunamoString\SH.cs(1237,36): warning CS8625: Cannot convert null literal to non-nullable reference type. [E:\vs\Projects\PlatformIndependentNuGetPackages\SunamoString\SunamoString\SunamoString.csproj::TargetFramework=net9.0]
E:\vs\Projects\PlatformIndependentNuGetPackages\SunamoString\SunamoString\SH.cs(1237,20): warning CS8601: Possible null reference assignment. [E:\vs\Projects\PlatformIndependentNuGetPackages\SunamoString\SunamoString\SunamoString.csproj::TargetFramework=net9.0]
E:\vs\Projects\PlatformIndependentNuGetPackages\SunamoString\SunamoString\SH.cs(1348,35): warning CS8603: Possible null reference return. [E:\vs\Projects\PlatformIndependentNuGetPackages\SunamoString\SunamoString\SunamoString.csproj::TargetFramework=net9.0]
E:\vs\Projects\PlatformIndependentNuGetPackages\SunamoString\SunamoString\SH.cs(1349,16): warning CS8603: Possible null reference return. [E:\vs\Projects\PlatformIndependentNuGetPackages\SunamoString\SunamoString\SunamoString.csproj::TargetFramework=net9.0]
E:\vs\Projects\PlatformIndependentNuGetPackages\SunamoString\SunamoString\SH.cs(1854,9): warning CS0162: Unreachable code detected [E:\vs\Projects\PlatformIndependentNuGetPackages\SunamoString\SunamoString\SunamoString.csproj::TargetFramework=net9.0]
E:\vs\Projects\PlatformIndependentNuGetPackages\SunamoString\SunamoString\SH.cs(1951,16): warning CS8603: Possible null reference return. [E:\vs\Projects\PlatformIndependentNuGetPackages\SunamoString\SunamoString\SunamoString.csproj::TargetFramework=net9.0]
E:\vs\Projects\PlatformIndependentNuGetPackages\SunamoString\SunamoString\SH.cs(2260,17): warning CS8602: Dereference of a possibly null reference. [E:\vs\Projects\PlatformIndependentNuGetPackages\SunamoString\SunamoString\SunamoString.csproj::TargetFramework=net9.0]
E:\vs\Projects\PlatformIndependentNuGetPackages\SunamoString\SunamoString\SH.cs(2376,24): warning CS8600: Converting null literal or possible null value to non-nullable type. [E:\vs\Projects\PlatformIndependentNuGetPackages\SunamoString\SunamoString\SunamoString.csproj::TargetFramework=net9.0]
E:\vs\Projects\PlatformIndependentNuGetPackages\SunamoString\SunamoString\SH.cs(2376,16): warning CS8600: Converting null literal or possible null value to non-nullable type. [E:\vs\Projects\PlatformIndependentNuGetPackages\SunamoString\SunamoString\SunamoString.csproj::TargetFramework=net9.0]
E:\vs\Projects\PlatformIndependentNuGetPackages\SunamoString\SunamoString\SH.cs(2377,42): warning CS8601: Possible null reference assignment. [E:\vs\Projects\PlatformIndependentNuGetPackages\SunamoString\SunamoString\SunamoString.csproj::TargetFramework=net9.0]
E:\vs\Projects\PlatformIndependentNuGetPackages\SunamoString\SunamoString\SH.cs(2377,52): warning CS8601: Possible null reference assignment. [E:\vs\Projects\PlatformIndependentNuGetPackages\SunamoString\SunamoString\SunamoString.csproj::TargetFramework=net9.0]
E:\vs\Projects\PlatformIndependentNuGetPackages\SunamoString\SunamoString\SH.cs(2380,12): warning CS8618: Non-nullable property 'BracketsLeftList' must contain a non-null value when exiting constructor. Consider adding the 'required' modifier or declaring the property as nullable. [E:\vs\Projects\PlatformIndependentNuGetPackages\SunamoString\SunamoString\SunamoString.csproj::TargetFramework=net9.0]
E:\vs\Projects\PlatformIndependentNuGetPackages\SunamoString\SunamoString\SH.cs(2380,12): warning CS8618: Non-nullable property 'BracketsRightList' must contain a non-null value when exiting constructor. Consider adding the 'required' modifier or declaring the property as nullable. [E:\vs\Projects\PlatformIndependentNuGetPackages\SunamoString\SunamoString\SunamoString.csproj::TargetFramework=net9.0]
E:\vs\Projects\PlatformIndependentNuGetPackages\SunamoString\SunamoString\SH.cs(2380,12): warning CS8618: Non-nullable field 'BracketsLeft' must contain a non-null value when exiting constructor. Consider adding the 'required' modifier or declaring the field as nullable. [E:\vs\Projects\PlatformIndependentNuGetPackages\SunamoString\SunamoString\SunamoString.csproj::TargetFramework=net9.0]
E:\vs\Projects\PlatformIndependentNuGetPackages\SunamoString\SunamoString\SH.cs(2380,12): warning CS8618: Non-nullable field 'BracketsRight' must contain a non-null value when exiting constructor. Consider adding the 'required' modifier or declaring the field as nullable. [E:\vs\Projects\PlatformIndependentNuGetPackages\SunamoString\SunamoString\SunamoString.csproj::TargetFramework=net9.0]
E:\vs\Projects\PlatformIndependentNuGetPackages\SunamoString\SunamoString\SH.cs(3159,21): warning CS8600: Converting null literal or possible null value to non-nullable type. [E:\vs\Projects\PlatformIndependentNuGetPackages\SunamoString\SunamoString\SunamoString.csproj::TargetFramework=net9.0]
E:\vs\Projects\PlatformIndependentNuGetPackages\SunamoString\SunamoString\SH.cs(3183,24): warning CS8603: Possible null reference return. [E:\vs\Projects\PlatformIndependentNuGetPackages\SunamoString\SunamoString\SunamoString.csproj::TargetFramework=net9.0]
E:\vs\Projects\PlatformIndependentNuGetPackages\SunamoString\SunamoString\SH.cs(3187,16): warning CS8603: Possible null reference return. [E:\vs\Projects\PlatformIndependentNuGetPackages\SunamoString\SunamoString\SunamoString.csproj::TargetFramework=net9.0]
E:\vs\Projects\PlatformIndependentNuGetPackages\SunamoString\SunamoString\SH.cs(3216,16): warning CS8603: Possible null reference return. [E:\vs\Projects\PlatformIndependentNuGetPackages\SunamoString\SunamoString\SunamoString.csproj::TargetFramework=net9.0]
E:\vs\Projects\PlatformIndependentNuGetPackages\SunamoString\SunamoString\_sunamo\LetterAndDigitCharService.cs(5,25): warning CS0649: Field 'LetterAndDigitCharService.AllCharsWithoutSpecial' is never assigned to, and will always have its default value null [E:\vs\Projects\PlatformIndependentNuGetPackages\SunamoString\SunamoString\SunamoString.csproj::TargetFramework=net9.0]
E:\vs\Projects\PlatformIndependentNuGetPackages\SunamoString\SunamoString\_sunamo\LetterAndDigitCharService.cs(6,25): warning CS0649: Field 'LetterAndDigitCharService.AllChars' is never assigned to, and will always have its default value null [E:\vs\Projects\PlatformIndependentNuGetPackages\SunamoString\SunamoString\SunamoString.csproj::TargetFramework=net9.0]
E:\vs\Projects\PlatformIndependentNuGetPackages\SunamoString\SunamoString\_sunamo\SpecialCharsService.cs(16,34): warning CS0649: Field 'SpecialCharsService.SpecialCharsAll' is never assigned to, and will always have its default value null [E:\vs\Projects\PlatformIndependentNuGetPackages\SunamoString\SunamoString\SunamoString.csproj::TargetFramework=net9.0]
E:\vs\Projects\PlatformIndependentNuGetPackages\SunamoString\SunamoString\_sunamo\WhitespaceCharService.cs(5,25): warning CS0649: Field 'WhitespaceCharService.WhiteSpaceChars' is never assigned to, and will always have its default value null [E:\vs\Projects\PlatformIndependentNuGetPackages\SunamoString\SunamoString\SunamoString.csproj::TargetFramework=net9.0]
E:\vs\Projects\PlatformIndependentNuGetPackages\SunamoString\SunamoString\BalancedBrackets.cs(3,14): warning CS1591: Missing XML comment for publicly visible type or member 'BalancedBrackets' [E:\vs\Projects\PlatformIndependentNuGetPackages\SunamoString\SunamoString\SunamoString.csproj::TargetFramework=net9.0]
E:\vs\Projects\PlatformIndependentNuGetPackages\SunamoString\SunamoString\BalancedBrackets.cs(21,24): warning CS1591: Missing XML comment for publicly visible type or member 'BalancedBrackets.AreBracketsBalanced(List<char>)' [E:\vs\Projects\PlatformIndependentNuGetPackages\SunamoString\SunamoString\SunamoString.csproj::TargetFramework=net9.0]
E:\vs\Projects\PlatformIndependentNuGetPackages\SunamoString\SunamoString\Delegates\StringDelegates.cs(3,14): warning CS1591: Missing XML comment for publicly visible type or member 'StringDelegates' [E:\vs\Projects\PlatformIndependentNuGetPackages\SunamoString\SunamoString\SunamoString.csproj::TargetFramework=net9.0]
E:\vs\Projects\PlatformIndependentNuGetPackages\SunamoString\SunamoString\Delegates\StringDelegates.cs(6,24): warning CS1591: Missing XML comment for publicly visible type or member 'StringDelegates.Contains(string, string)' [E:\vs\Projects\PlatformIndependentNuGetPackages\SunamoString\SunamoString\SunamoString.csproj::TargetFramework=net9.0]
E:\vs\Projects\PlatformIndependentNuGetPackages\SunamoString\SunamoString\Enums\Brackets.cs(3,13): warning CS1591: Missing XML comment for publicly visible type or member 'Brackets' [E:\vs\Projects\PlatformIndependentNuGetPackages\SunamoString\SunamoString\SunamoString.csproj::TargetFramework=net9.0]
E:\vs\Projects\PlatformIndependentNuGetPackages\SunamoString\SunamoString\Enums\Brackets.cs(5,5): warning CS1591: Missing XML comment for publicly visible type or member 'Brackets.Curly' [E:\vs\Projects\PlatformIndependentNuGetPackages\SunamoString\SunamoString\SunamoString.csproj::TargetFramework=net9.0]
E:\vs\Projects\PlatformIndependentNuGetPackages\SunamoString\SunamoString\Enums\Brackets.cs(6,5): warning CS1591: Missing XML comment for publicly visible type or member 'Brackets.Square' [E:\vs\Projects\PlatformIndependentNuGetPackages\SunamoString\SunamoString\SunamoString.csproj::TargetFramework=net9.0]
E:\vs\Projects\PlatformIndependentNuGetPackages\SunamoString\SunamoString\Enums\Brackets.cs(7,5): warning CS1591: Missing XML comment for publicly visible type or member 'Brackets.Normal' [E:\vs\Projects\PlatformIndependentNuGetPackages\SunamoString\SunamoString\SunamoString.csproj::TargetFramework=net9.0]
E:\vs\Projects\PlatformIndependentNuGetPackages\SunamoString\SunamoString\Enums\Brackets.cs(8,5): warning CS1591: Missing XML comment for publicly visible type or member 'Brackets.None' [E:\vs\Projects\PlatformIndependentNuGetPackages\SunamoString\SunamoString\SunamoString.csproj::TargetFramework=net9.0]
E:\vs\Projects\PlatformIndependentNuGetPackages\SunamoString\SunamoString\Enums\SearchStrategy.cs(3,13): warning CS1591: Missing XML comment for publicly visible type or member 'SearchStrategy' [E:\vs\Projects\PlatformIndependentNuGetPackages\SunamoString\SunamoString\SunamoString.csproj::TargetFramework=net9.0]
E:\vs\Projects\PlatformIndependentNuGetPackages\SunamoString\SunamoString\Extensions\StringExtensions.cs(6,21): warning CS1591: Missing XML comment for publicly visible type or member 'StringExtensions' [E:\vs\Projects\PlatformIndependentNuGetPackages\SunamoString\SunamoString\SunamoString.csproj::TargetFramework=net9.0]
E:\vs\Projects\PlatformIndependentNuGetPackages\SunamoString\SunamoString\Extensions\StringExtensions.cs(8,26): warning CS1591: Missing XML comment for publicly visible type or member 'StringExtensions.RemoveInvisibleChars(string)' [E:\vs\Projects\PlatformIndependentNuGetPackages\SunamoString\SunamoString\SunamoString.csproj::TargetFramework=net9.0]
E:\vs\Projects\PlatformIndependentNuGetPackages\SunamoString\SunamoString\Extensions\StringExtensions.cs(16,26): warning CS1591: Missing XML comment for publicly visible type or member 'StringExtensions.RemoveWhitespaceChars(string)' [E:\vs\Projects\PlatformIndependentNuGetPackages\SunamoString\SunamoString\SunamoString.csproj::TargetFramework=net9.0]
E:\vs\Projects\PlatformIndependentNuGetPackages\SunamoString\SunamoString\Extensions\StringExtensions.cs(25,26): warning CS1591: Missing XML comment for publicly visible type or member 'StringExtensions.FromSpace160To32(string)' [E:\vs\Projects\PlatformIndependentNuGetPackages\SunamoString\SunamoString\SunamoString.csproj::TargetFramework=net9.0]
E:\vs\Projects\PlatformIndependentNuGetPackages\SunamoString\SunamoString\Extensions\StringExtensions.cs(30,39): warning CS1591: Missing XML comment for publicly visible type or member 'StringExtensions.SplitAndKeep(string, char[])' [E:\vs\Projects\PlatformIndependentNuGetPackages\SunamoString\SunamoString\SunamoString.csproj::TargetFramework=net9.0]
E:\vs\Projects\PlatformIndependentNuGetPackages\SunamoString\SunamoString\Generators\LoremIpsumGenerator.cs(3,21): warning CS1591: Missing XML comment for publicly visible type or member 'LoremIpsumGenerator' [E:\vs\Projects\PlatformIndependentNuGetPackages\SunamoString\SunamoString\SunamoString.csproj::TargetFramework=net9.0]
E:\vs\Projects\PlatformIndependentNuGetPackages\SunamoString\SunamoString\Generators\LoremIpsumGenerator.cs(52,26): warning CS1591: Missing XML comment for publicly visible type or member 'LoremIpsumGenerator.Generate(int)' [E:\vs\Projects\PlatformIndependentNuGetPackages\SunamoString\SunamoString\SunamoString.csproj::TargetFramework=net9.0]
E:\vs\Projects\PlatformIndependentNuGetPackages\SunamoString\SunamoString\SH.cs(3,14): warning CS1591: Missing XML comment for publicly visible type or member 'SH' [E:\vs\Projects\PlatformIndependentNuGetPackages\SunamoString\SunamoString\SunamoString.csproj::TargetFramework=net9.0]
E:\vs\Projects\PlatformIndependentNuGetPackages\SunamoString\SunamoString\SH.cs(5,33): warning CS1591: Missing XML comment for publicly visible type or member 'SH.BracketsLeftList' [E:\vs\Projects\PlatformIndependentNuGetPackages\SunamoString\SunamoString\SunamoString.csproj::TargetFramework=net9.0]
E:\vs\Projects\PlatformIndependentNuGetPackages\SunamoString\SunamoString\SH.cs(6,33): warning CS1591: Missing XML comment for publicly visible type or member 'SH.BracketsRightList' [E:\vs\Projects\PlatformIndependentNuGetPackages\SunamoString\SunamoString\SunamoString.csproj::TargetFramework=net9.0]
E:\vs\Projects\PlatformIndependentNuGetPackages\SunamoString\SunamoString\SH.cs(8,26): warning CS1591: Missing XML comment for publicly visible type or member 'SH.XMismatchCountInInputArraysOfSHAllHaveRightFormat' [E:\vs\Projects\PlatformIndependentNuGetPackages\SunamoString\SunamoString\SunamoString.csproj::TargetFramework=net9.0]
E:\vs\Projects\PlatformIndependentNuGetPackages\SunamoString\SunamoString\SH.cs(11,24): warning CS1591: Missing XML comment for publicly visible type or member 'SH.ContainsCl(string, StringOrStringList, SearchStrategy, bool, bool)' [E:\vs\Projects\PlatformIndependentNuGetPackages\SunamoString\SunamoString\SunamoString.csproj::TargetFramework=net9.0]
E:\vs\Projects\PlatformIndependentNuGetPackages\SunamoString\SunamoString\SH.cs(62,26): warning CS1591: Missing XML comment for publicly visible type or member 'SH.WhiteSpaceFromStart(string)' [E:\vs\Projects\PlatformIndependentNuGetPackages\SunamoString\SunamoString\SunamoString.csproj::TargetFramework=net9.0]
E:\vs\Projects\PlatformIndependentNuGetPackages\SunamoString\SunamoString\SH.cs(184,26): warning CS1591: Missing XML comment for publicly visible type or member 'SH.PrefixIfNotStartedWith(string, string, bool)' [E:\vs\Projects\PlatformIndependentNuGetPackages\SunamoString\SunamoString\SunamoString.csproj::TargetFramework=net9.0]
E:\vs\Projects\PlatformIndependentNuGetPackages\SunamoString\SunamoString\SH.cs(195,26): warning CS1591: Missing XML comment for publicly visible type or member 'SH.RemoveLastChar(string)' [E:\vs\Projects\PlatformIndependentNuGetPackages\SunamoString\SunamoString\SunamoString.csproj::TargetFramework=net9.0]
E:\vs\Projects\PlatformIndependentNuGetPackages\SunamoString\SunamoString\SH.cs(212,26): warning CS1591: Missing XML comment for publicly visible type or member 'SH.AddBeforeUpperChars(string, char, bool)' [E:\vs\Projects\PlatformIndependentNuGetPackages\SunamoString\SunamoString\SunamoString.csproj::TargetFramework=net9.0]
E:\vs\Projects\PlatformIndependentNuGetPackages\SunamoString\SunamoString\SH.cs(229,26): warning CS1591: Missing XML comment for publicly visible type or member 'SH.RemoveEndingPairCharsWhenDontHaveStarting(string, string, string)' [E:\vs\Projects\PlatformIndependentNuGetPackages\SunamoString\SunamoString\SunamoString.csproj::TargetFramework=net9.0]
E:\vs\Projects\PlatformIndependentNuGetPackages\SunamoString\SunamoString\SH.cs(243,41): warning CS1591: Missing XML comment for publicly visible type or member 'SH.GetPairsStartAndEnd(List<int>, List<int>, ref List<int>, ref List<int>)' [E:\vs\Projects\PlatformIndependentNuGetPackages\SunamoString\SunamoString\SunamoString.csproj::TargetFramework=net9.0]
E:\vs\Projects\PlatformIndependentNuGetPackages\SunamoString\SunamoString\SH.cs(337,26): warning CS1591: Missing XML comment for publicly visible type or member 'SH.RemoveAndInsertReplace(string, int, string, string)' [E:\vs\Projects\PlatformIndependentNuGetPackages\SunamoString\SunamoString\SunamoString.csproj::TargetFramework=net9.0]
E:\vs\Projects\PlatformIndependentNuGetPackages\SunamoString\SunamoString\SH.cs(347,26): warning CS1591: Missing XML comment for publicly visible type or member 'SH.ReplaceOnce(string, string, string)' [E:\vs\Projects\PlatformIndependentNuGetPackages\SunamoString\SunamoString\SunamoString.csproj::TargetFramework=net9.0]
E:\vs\Projects\PlatformIndependentNuGetPackages\SunamoString\SunamoString\SH.cs(354,26): warning CS1591: Missing XML comment for publicly visible type or member 'SH.ReplaceOnceIfStartedWith(string, string, string)' [E:\vs\Projects\PlatformIndependentNuGetPackages\SunamoString\SunamoString\SunamoString.csproj::TargetFramework=net9.0]
E:\vs\Projects\PlatformIndependentNuGetPackages\SunamoString\SunamoString\SH.cs(359,26): warning CS1591: Missing XML comment for publicly visible type or member 'SH.ReplaceOnceIfStartedWith(string, string, string, out bool)' [E:\vs\Projects\PlatformIndependentNuGetPackages\SunamoString\SunamoString\SunamoString.csproj::TargetFramework=net9.0]
E:\vs\Projects\PlatformIndependentNuGetPackages\SunamoString\SunamoString\SH.cs(369,26): warning CS1591: Missing XML comment for publicly visible type or member 'SH.NormalizeString(string)' [E:\vs\Projects\PlatformIndependentNuGetPackages\SunamoString\SunamoString\SunamoString.csproj::TargetFramework=net9.0]
E:\vs\Projects\PlatformIndependentNuGetPackages\SunamoString\SunamoString\SH.cs(406,29): warning CS1591: Missing XML comment for publicly visible type or member 'SH.TabOrSpaceNextTo(string)' [E:\vs\Projects\PlatformIndependentNuGetPackages\SunamoString\SunamoString\SunamoString.csproj::TargetFramework=net9.0]
E:\vs\Projects\PlatformIndependentNuGetPackages\SunamoString\SunamoString\SH.cs(428,26): warning CS1591: Missing XML comment for publicly visible type or member 'SH.WrapWithBs(string)' [E:\vs\Projects\PlatformIndependentNuGetPackages\SunamoString\SunamoString\SunamoString.csproj::TargetFramework=net9.0]
E:\vs\Projects\PlatformIndependentNuGetPackages\SunamoString\SunamoString\SH.cs(432,26): warning CS1591: Missing XML comment for publicly visible type or member 'SH.WrapWithSpace(string)' [E:\vs\Projects\PlatformIndependentNuGetPackages\SunamoString\SunamoString\SunamoString.csproj::TargetFramework=net9.0]
E:\vs\Projects\PlatformIndependentNuGetPackages\SunamoString\SunamoString\SH.cs(436,26): warning CS1591: Missing XML comment for publicly visible type or member 'SH.WrapWithQm(string)' [E:\vs\Projects\PlatformIndependentNuGetPackages\SunamoString\SunamoString\SunamoString.csproj::TargetFramework=net9.0]
E:\vs\Projects\PlatformIndependentNuGetPackages\SunamoString\SunamoString\SH.cs(440,26): warning CS1591: Missing XML comment for publicly visible type or member 'SH.WrapWithIf(string, string, Func<string, string, bool>)' [E:\vs\Projects\PlatformIndependentNuGetPackages\SunamoString\SunamoString\SunamoString.csproj::TargetFramework=net9.0]
E:\vs\Projects\PlatformIndependentNuGetPackages\SunamoString\SunamoString\SH.cs(445,26): warning CS1591: Missing XML comment for publicly visible type or member 'SH.WrapWithQm(string, bool)' [E:\vs\Projects\PlatformIndependentNuGetPackages\SunamoString\SunamoString\SunamoString.csproj::TargetFramework=net9.0]
E:\vs\Projects\PlatformIndependentNuGetPackages\SunamoString\SunamoString\SH.cs(449,23): warning CS1591: Missing XML comment for publicly visible type or member 'SH.OccurencesOfStringIn(string, string)' [E:\vs\Projects\PlatformIndependentNuGetPackages\SunamoString\SunamoString\SunamoString.csproj::TargetFramework=net9.0]
E:\vs\Projects\PlatformIndependentNuGetPackages\SunamoString\SunamoString\SH.cs(476,36): warning CS1591: Missing XML comment for publicly visible type or member 'SH.GetPartsByLocationNoOutInt(string, int)' [E:\vs\Projects\PlatformIndependentNuGetPackages\SunamoString\SunamoString\SunamoString.csproj::TargetFramework=net9.0]
E:\vs\Projects\PlatformIndependentNuGetPackages\SunamoString\SunamoString\SH.cs(482,36): warning CS1591: Missing XML comment for publicly visible type or member 'SH.GetPartsByLocationNoOut(string, char)' [E:\vs\Projects\PlatformIndependentNuGetPackages\SunamoString\SunamoString\SunamoString.csproj::TargetFramework=net9.0]
E:\vs\Projects\PlatformIndependentNuGetPackages\SunamoString\SunamoString\SH.cs(562,26): warning CS1591: Missing XML comment for publicly visible type or member 'SH.GetTextBetweenTwoCharsInts(string, int, int)' [E:\vs\Projects\PlatformIndependentNuGetPackages\SunamoString\SunamoString\SunamoString.csproj::TargetFramework=net9.0]
E:\vs\Projects\PlatformIndependentNuGetPackages\SunamoString\SunamoString\SH.cs(571,24): warning CS1591: Missing XML comment for publicly visible type or member 'SH.FirstCharUpper(ref string)' [E:\vs\Projects\PlatformIndependentNuGetPackages\SunamoString\SunamoString\SunamoString.csproj::TargetFramework=net9.0]
E:\vs\Projects\PlatformIndependentNuGetPackages\SunamoString\SunamoString\SH.cs(575,26): warning CS1591: Missing XML comment for publicly visible type or member 'SH.FirstCharUpper(string)' [E:\vs\Projects\PlatformIndependentNuGetPackages\SunamoString\SunamoString\SunamoString.csproj::TargetFramework=net9.0]
E:\vs\Projects\PlatformIndependentNuGetPackages\SunamoString\SunamoString\SH.cs(602,26): warning CS1591: Missing XML comment for publicly visible type or member 'SH.FromSpace160To32(string)' [E:\vs\Projects\PlatformIndependentNuGetPackages\SunamoString\SunamoString\SunamoString.csproj::TargetFramework=net9.0]
E:\vs\Projects\PlatformIndependentNuGetPackages\SunamoString\SunamoString\SH.cs(607,24): warning CS1591: Missing XML comment for publicly visible type or member 'SH.IsNumber(string, params char[])' [E:\vs\Projects\PlatformIndependentNuGetPackages\SunamoString\SunamoString\SunamoString.csproj::TargetFramework=net9.0]
E:\vs\Projects\PlatformIndependentNuGetPackages\SunamoString\SunamoString\SH.cs(615,26): warning CS1591: Missing XML comment for publicly visible type or member 'SH.MakeUpToXChars(int, int)' [E:\vs\Projects\PlatformIndependentNuGetPackages\SunamoString\SunamoString\SunamoString.csproj::TargetFramework=net9.0]
E:\vs\Projects\PlatformIndependentNuGetPackages\SunamoString\SunamoString\SH.cs(624,24): warning CS1591: Missing XML comment for publicly visible type or member 'SH.GetFirstChar(string)' [E:\vs\Projects\PlatformIndependentNuGetPackages\SunamoString\SunamoString\SunamoString.csproj::TargetFramework=net9.0]
E:\vs\Projects\PlatformIndependentNuGetPackages\SunamoString\SunamoString\SH.cs(628,26): warning CS1591: Missing XML comment for publicly visible type or member 'SH.ToPascalCase(string)' [E:\vs\Projects\PlatformIndependentNuGetPackages\SunamoString\SunamoString\SunamoString.csproj::TargetFramework=net9.0]
E:\vs\Projects\PlatformIndependentNuGetPackages\SunamoString\SunamoString\SH.cs(641,24): warning CS1591: Missing XML comment for publicly visible type or member 'SH.StartWithWhitespace(string)' [E:\vs\Projects\PlatformIndependentNuGetPackages\SunamoString\SunamoString\SunamoString.csproj::TargetFramework=net9.0]
E:\vs\Projects\PlatformIndependentNuGetPackages\SunamoString\SunamoString\SH.cs(647,26): warning CS1591: Missing XML comment for publicly visible type or member 'SH.DetectNewline(string)' [E:\vs\Projects\PlatformIndependentNuGetPackages\SunamoString\SunamoString\SunamoString.csproj::TargetFramework=net9.0]
E:\vs\Projects\PlatformIndependentNuGetPackages\SunamoString\SunamoString\SH.cs(652,26): warning CS1591: Missing XML comment for publicly visible type or member 'SH.RemoveLastWord(string)' [E:\vs\Projects\PlatformIndependentNuGetPackages\SunamoString\SunamoString\SunamoString.csproj::TargetFramework=net9.0]
E:\vs\Projects\PlatformIndependentNuGetPackages\SunamoString\SunamoString\SH.cs(656,29): warning CS1591: Missing XML comment for publicly visible type or member 'SH.GetIndexesOfLinesStartingWith(List<string>, Func<string, bool>)' [E:\vs\Projects\PlatformIndependentNuGetPackages\SunamoString\SunamoString\SunamoString.csproj::TargetFramework=net9.0]
E:\vs\Projects\PlatformIndependentNuGetPackages\SunamoString\SunamoString\SH.cs(663,26): warning CS1591: Missing XML comment for publicly visible type or member 'SH.RemoveLinesWhichContains(string, string)' [E:\vs\Projects\PlatformIndependentNuGetPackages\SunamoString\SunamoString\SunamoString.csproj::TargetFramework=net9.0]
E:\vs\Projects\PlatformIndependentNuGetPackages\SunamoString\SunamoString\SH.cs(670,26): warning CS1591: Missing XML comment for publicly visible type or member 'SH.AddIfNotContains(string, string, string)' [E:\vs\Projects\PlatformIndependentNuGetPackages\SunamoString\SunamoString\SunamoString.csproj::TargetFramework=net9.0]
E:\vs\Projects\PlatformIndependentNuGetPackages\SunamoString\SunamoString\SH.cs(680,26): warning CS1591: Missing XML comment for publicly visible type or member 'SH.SwitchSwap(string, string)' [E:\vs\Projects\PlatformIndependentNuGetPackages\SunamoString\SunamoString\SunamoString.csproj::TargetFramework=net9.0]
E:\vs\Projects\PlatformIndependentNuGetPackages\SunamoString\SunamoString\SH.cs(686,26): warning CS1591: Missing XML comment for publicly visible type or member 'SH.InsertBeforeEndingBracket(string, string)' [E:\vs\Projects\PlatformIndependentNuGetPackages\SunamoString\SunamoString\SunamoString.csproj::TargetFramework=net9.0]
E:\vs\Projects\PlatformIndependentNuGetPackages\SunamoString\SunamoString\SH.cs(692,41): warning CS1591: Missing XML comment for publicly visible type or member 'SH.StatisticLetterChars(string, StatisticLetterCharsStrategy, params char[])' [E:\vs\Projects\PlatformIndependentNuGetPackages\SunamoString\SunamoString\SunamoString.csproj::TargetFramework=net9.0]
E:\vs\Projects\PlatformIndependentNuGetPackages\SunamoString\SunamoString\SH.cs(710,30): warning CS1591: Missing XML comment for publicly visible type or member 'SH.AllBrackets(string)' [E:\vs\Projects\PlatformIndependentNuGetPackages\SunamoString\SunamoString\SunamoString.csproj::TargetFramework=net9.0]
E:\vs\Projects\PlatformIndependentNuGetPackages\SunamoString\SunamoString\SH.cs(721,52): warning CS1591: Missing XML comment for publicly visible type or member 'SH.IndexesOfBrackets(string)' [E:\vs\Projects\PlatformIndependentNuGetPackages\SunamoString\SunamoString\SunamoString.csproj::TargetFramework=net9.0]
E:\vs\Projects\PlatformIndependentNuGetPackages\SunamoString\SunamoString\SH.cs(756,26): warning CS1591: Missing XML comment for publicly visible type or member 'SH.ReplaceBrackets(string, Brackets, Brackets)' [E:\vs\Projects\PlatformIndependentNuGetPackages\SunamoString\SunamoString\SunamoString.csproj::TargetFramework=net9.0]
E:\vs\Projects\PlatformIndependentNuGetPackages\SunamoString\SunamoString\SH.cs(762,29): warning CS1591: Missing XML comment for publicly visible type or member 'SH.ContainsAnyFromElement(StringBuilder, IList<string>)' [E:\vs\Projects\PlatformIndependentNuGetPackages\SunamoString\SunamoString\SunamoString.csproj::TargetFramework=net9.0]
E:\vs\Projects\PlatformIndependentNuGetPackages\SunamoString\SunamoString\SH.cs(773,23): warning CS1591: Missing XML comment for publicly visible type or member 'SH.FindClosingBracketIndexChar(StringBuilder, bool, string)' [E:\vs\Projects\PlatformIndependentNuGetPackages\SunamoString\SunamoString\SunamoString.csproj::TargetFramework=net9.0]
E:\vs\Projects\PlatformIndependentNuGetPackages\SunamoString\SunamoString\SH.cs(778,23): warning CS1591: Missing XML comment for publicly visible type or member 'SH.FindClosingBracketIndex(StringBuilder, bool, int)' [E:\vs\Projects\PlatformIndependentNuGetPackages\SunamoString\SunamoString\SunamoString.csproj::TargetFramework=net9.0]
E:\vs\Projects\PlatformIndependentNuGetPackages\SunamoString\SunamoString\SH.cs(807,24): warning CS1591: Missing XML comment for publicly visible type or member 'SH.CheckWhetherNoBrackedIsBeforeOther2(string)' [E:\vs\Projects\PlatformIndependentNuGetPackages\SunamoString\SunamoString\SunamoString.csproj::TargetFramework=net9.0]
E:\vs\Projects\PlatformIndependentNuGetPackages\SunamoString\SunamoString\SH.cs(811,24): warning CS1591: Missing XML comment for publicly visible type or member 'SH.CheckWhetherNoBrackedIsBeforeOther1(string)' [E:\vs\Projects\PlatformIndependentNuGetPackages\SunamoString\SunamoString\SunamoString.csproj::TargetFramework=net9.0]
E:\vs\Projects\PlatformIndependentNuGetPackages\SunamoString\SunamoString\SH.cs(822,26): warning CS1591: Missing XML comment for publicly visible type or member 'SH.ConvertWhitespaceToVisible(string)' [E:\vs\Projects\PlatformIndependentNuGetPackages\SunamoString\SunamoString\SunamoString.csproj::TargetFramework=net9.0]
E:\vs\Projects\PlatformIndependentNuGetPackages\SunamoString\SunamoString\SH.cs(830,26): warning CS1591: Missing XML comment for publicly visible type or member 'SH.ConcatSpace(IList)' [E:\vs\Projects\PlatformIndependentNuGetPackages\SunamoString\SunamoString\SunamoString.csproj::TargetFramework=net9.0]
E:\vs\Projects\PlatformIndependentNuGetPackages\SunamoString\SunamoString\SH.cs(836,24): warning CS1591: Missing XML comment for publicly visible type or member 'SH.IsNullOrWhiteSpaceRange(params string[])' [E:\vs\Projects\PlatformIndependentNuGetPackages\SunamoString\SunamoString\SunamoString.csproj::TargetFramework=net9.0]
E:\vs\Projects\PlatformIndependentNuGetPackages\SunamoString\SunamoString\SH.cs(843,24): warning CS1591: Missing XML comment for publicly visible type or member 'SH.IsSingleLine(string)' [E:\vs\Projects\PlatformIndependentNuGetPackages\SunamoString\SunamoString\SunamoString.csproj::TargetFramework=net9.0]
E:\vs\Projects\PlatformIndependentNuGetPackages\SunamoString\SunamoString\SH.cs(847,26): warning CS1591: Missing XML comment for publicly visible type or member 'SH.GetWhitespaceFromBeginning(StringBuilder, string)' [E:\vs\Projects\PlatformIndependentNuGetPackages\SunamoString\SunamoString\SunamoString.csproj::TargetFramework=net9.0]
E:\vs\Projects\PlatformIndependentNuGetPackages\SunamoString\SunamoString\SH.cs(891,24): warning CS1591: Missing XML comment for publicly visible type or member 'SH.ContainsNewLine(string)' [E:\vs\Projects\PlatformIndependentNuGetPackages\SunamoString\SunamoString\SunamoString.csproj::TargetFramework=net9.0]
E:\vs\Projects\PlatformIndependentNuGetPackages\SunamoString\SunamoString\SH.cs(895,24): warning CS1591: Missing XML comment for publicly visible type or member 'SH.ChangeEncodingProcessWrongCharacters(ref string)' [E:\vs\Projects\PlatformIndependentNuGetPackages\SunamoString\SunamoString\SunamoString.csproj::TargetFramework=net9.0]
E:\vs\Projects\PlatformIndependentNuGetPackages\SunamoString\SunamoString\SH.cs(933,32): warning CS1591: Missing XML comment for publicly visible type or member 'SH.AddSpaceAfterFirstLetterForEveryAndSort(List<string>)' [E:\vs\Projects\PlatformIndependentNuGetPackages\SunamoString\SunamoString\SunamoString.csproj::TargetFramework=net9.0]
E:\vs\Projects\PlatformIndependentNuGetPackages\SunamoString\SunamoString\SH.cs(940,26): warning CS1591: Missing XML comment for publicly visible type or member 'SH.GetLastWord(string, bool)' [E:\vs\Projects\PlatformIndependentNuGetPackages\SunamoString\SunamoString\SunamoString.csproj::TargetFramework=net9.0]
E:\vs\Projects\PlatformIndependentNuGetPackages\SunamoString\SunamoString\SH.cs(948,26): warning CS1591: Missing XML comment for publicly visible type or member 'SH.AddSpaceAndDontDuplicate(bool, string, string)' [E:\vs\Projects\PlatformIndependentNuGetPackages\SunamoString\SunamoString\SunamoString.csproj::TargetFramework=net9.0]
E:\vs\Projects\PlatformIndependentNuGetPackages\SunamoString\SunamoString\SH.cs(969,26): warning CS1591: Missing XML comment for publicly visible type or member 'SH.CountOfItems(List<KeyValuePair<string, int>>)' [E:\vs\Projects\PlatformIndependentNuGetPackages\SunamoString\SunamoString\SunamoString.csproj::TargetFramework=net9.0]
E:\vs\Projects\PlatformIndependentNuGetPackages\SunamoString\SunamoString\SH.cs(975,26): warning CS1591: Missing XML comment for publicly visible type or member 'SH.MultiWhitespaceLineToSingle(List<string>)' [E:\vs\Projects\PlatformIndependentNuGetPackages\SunamoString\SunamoString\SunamoString.csproj::TargetFramework=net9.0]
E:\vs\Projects\PlatformIndependentNuGetPackages\SunamoString\SunamoString\SH.cs(1010,24): warning CS1591: Missing XML comment for publicly visible type or member 'SH.IndentAsPreviousLine(List<string>)' [E:\vs\Projects\PlatformIndependentNuGetPackages\SunamoString\SunamoString\SunamoString.csproj::TargetFramework=net9.0]
E:\vs\Projects\PlatformIndependentNuGetPackages\SunamoString\SunamoString\SH.cs(1037,24): warning CS1591: Missing XML comment for publicly visible type or member 'SH.ContainsLine(string, bool, params string[])' [E:\vs\Projects\PlatformIndependentNuGetPackages\SunamoString\SunamoString\SunamoString.csproj::TargetFramework=net9.0]
E:\vs\Projects\PlatformIndependentNuGetPackages\SunamoString\SunamoString\SH.cs(1064,26): warning CS1591: Missing XML comment for publicly visible type or member 'SH.WordAfter(string, string)' [E:\vs\Projects\PlatformIndependentNuGetPackages\SunamoString\SunamoString\SunamoString.csproj::TargetFramework=net9.0]
E:\vs\Projects\PlatformIndependentNuGetPackages\SunamoString\SunamoString\SH.cs(1084,26): warning CS1591: Missing XML comment for publicly visible type or member 'SH.Leading(string, Func<char, bool>)' [E:\vs\Projects\PlatformIndependentNuGetPackages\SunamoString\SunamoString\SunamoString.csproj::TargetFramework=net9.0]
E:\vs\Projects\PlatformIndependentNuGetPackages\SunamoString\SunamoString\SH.cs(1094,24): warning CS1591: Missing XML comment for publicly visible type or member 'SH.IsOnIndex(string, int, Func<char, bool>)' [E:\vs\Projects\PlatformIndependentNuGetPackages\SunamoString\SunamoString\SunamoString.csproj::TargetFramework=net9.0]
E:\vs\Projects\PlatformIndependentNuGetPackages\SunamoString\SunamoString\SH.cs(1099,23): warning CS1591: Missing XML comment for publicly visible type or member 'SH.CountLines(string)' [E:\vs\Projects\PlatformIndependentNuGetPackages\SunamoString\SunamoString\SunamoString.csproj::TargetFramework=net9.0]
E:\vs\Projects\PlatformIndependentNuGetPackages\SunamoString\SunamoString\SH.cs(1103,24): warning CS1591: Missing XML comment for publicly visible type or member 'SH.HasLetter(string)' [E:\vs\Projects\PlatformIndependentNuGetPackages\SunamoString\SunamoString\SunamoString.csproj::TargetFramework=net9.0]
E:\vs\Projects\PlatformIndependentNuGetPackages\SunamoString\SunamoString\SH.cs(1110,32): warning CS1591: Missing XML comment for publicly visible type or member 'SH.GetTextsBetween(string, string, string, bool)' [E:\vs\Projects\PlatformIndependentNuGetPackages\SunamoString\SunamoString\SunamoString.csproj::TargetFramework=net9.0]
E:\vs\Projects\PlatformIndependentNuGetPackages\SunamoString\SunamoString\SH.cs(1116,32): warning CS1591: Missing XML comment for publicly visible type or member 'SH.GetTextsBetween(string, string, string, bool, out bool)' [E:\vs\Projects\PlatformIndependentNuGetPackages\SunamoString\SunamoString\SunamoString.csproj::TargetFramework=net9.0]
E:\vs\Projects\PlatformIndependentNuGetPackages\SunamoString\SunamoString\SH.cs(1184,26): warning CS1591: Missing XML comment for publicly visible type or member 'SH.RemoveLastLetters(string, int)' [E:\vs\Projects\PlatformIndependentNuGetPackages\SunamoString\SunamoString\SunamoString.csproj::TargetFramework=net9.0]
E:\vs\Projects\PlatformIndependentNuGetPackages\SunamoString\SunamoString\SH.cs(1213,24): warning CS1591: Missing XML comment for publicly visible type or member 'SH.HasCharRightFormat(char, CharFormatDataString)' [E:\vs\Projects\PlatformIndependentNuGetPackages\SunamoString\SunamoString\SunamoString.csproj::TargetFramework=net9.0]
E:\vs\Projects\PlatformIndependentNuGetPackages\SunamoString\SunamoString\SH.cs(1235,24): warning CS1591: Missing XML comment for publicly visible type or member 'SH.GetTextInLastSquareBracketsAndOther(string, out string, out string)' [E:\vs\Projects\PlatformIndependentNuGetPackages\SunamoString\SunamoString\SunamoString.csproj::TargetFramework=net9.0]
E:\vs\Projects\PlatformIndependentNuGetPackages\SunamoString\SunamoString\SH.cs(1248,26): warning CS1591: Missing XML comment for publicly visible type or member 'SH.RemoveBracketsWithTextCaseInsensitive(string, string, params string[])' [E:\vs\Projects\PlatformIndependentNuGetPackages\SunamoString\SunamoString\SunamoString.csproj::TargetFramework=net9.0]
E:\vs\Projects\PlatformIndependentNuGetPackages\SunamoString\SunamoString\SH.cs(1257,26): warning CS1591: Missing XML comment for publicly visible type or member 'SH.RemoveBracketsWithoutText(string)' [E:\vs\Projects\PlatformIndependentNuGetPackages\SunamoString\SunamoString\SunamoString.csproj::TargetFramework=net9.0]
E:\vs\Projects\PlatformIndependentNuGetPackages\SunamoString\SunamoString\SH.cs(1261,26): warning CS1591: Missing XML comment for publicly visible type or member 'SH.WithoutSpecialChars(string, params char[])' [E:\vs\Projects\PlatformIndependentNuGetPackages\SunamoString\SunamoString\SunamoString.csproj::TargetFramework=net9.0]
E:\vs\Projects\PlatformIndependentNuGetPackages\SunamoString\SunamoString\SH.cs(1271,26): warning CS1591: Missing XML comment for publicly visible type or member 'SH.RemoveBracketsFromStart(string)' [E:\vs\Projects\PlatformIndependentNuGetPackages\SunamoString\SunamoString\SunamoString.csproj::TargetFramework=net9.0]
E:\vs\Projects\PlatformIndependentNuGetPackages\SunamoString\SunamoString\SH.cs(1298,26): warning CS1591: Missing XML comment for publicly visible type or member 'SH.RemoveLastCharIfIs(string, char)' [E:\vs\Projects\PlatformIndependentNuGetPackages\SunamoString\SunamoString\SunamoString.csproj::TargetFramework=net9.0]
E:\vs\Projects\PlatformIndependentNuGetPackages\SunamoString\SunamoString\SH.cs(1318,26): warning CS1591: Missing XML comment for publicly visible type or member 'SH.AddEmptyLines(string, int)' [E:\vs\Projects\PlatformIndependentNuGetPackages\SunamoString\SunamoString\SunamoString.csproj::TargetFramework=net9.0]
E:\vs\Projects\PlatformIndependentNuGetPackages\SunamoString\SunamoString\SH.cs(1324,26): warning CS1591: Missing XML comment for publicly visible type or member 'SH.ToCase(string, bool?)' [E:\vs\Projects\PlatformIndependentNuGetPackages\SunamoString\SunamoString\SunamoString.csproj::TargetFramework=net9.0]
E:\vs\Projects\PlatformIndependentNuGetPackages\SunamoString\SunamoString\SH.cs(1334,24): warning CS1591: Missing XML comment for publicly visible type or member 'SH.EndsWithNumber(string)' [E:\vs\Projects\PlatformIndependentNuGetPackages\SunamoString\SunamoString\SunamoString.csproj::TargetFramework=net9.0]
E:\vs\Projects\PlatformIndependentNuGetPackages\SunamoString\SunamoString\SH.cs(1351,24): warning CS1591: Missing XML comment for publicly visible type or member 'SH.LastCharEquals(string, char)' [E:\vs\Projects\PlatformIndependentNuGetPackages\SunamoString\SunamoString\SunamoString.csproj::TargetFramework=net9.0]
E:\vs\Projects\PlatformIndependentNuGetPackages\SunamoString\SunamoString\SH.cs(1358,26): warning CS1591: Missing XML comment for publicly visible type or member 'SH.GetWithoutLastWord(string)' [E:\vs\Projects\PlatformIndependentNuGetPackages\SunamoString\SunamoString\SunamoString.csproj::TargetFramework=net9.0]
E:\vs\Projects\PlatformIndependentNuGetPackages\SunamoString\SunamoString\SH.cs(1365,26): warning CS1591: Missing XML comment for publicly visible type or member 'SH.DeleteCharsOutOfAscii(string)' [E:\vs\Projects\PlatformIndependentNuGetPackages\SunamoString\SunamoString\SunamoString.csproj::TargetFramework=net9.0]
E:\vs\Projects\PlatformIndependentNuGetPackages\SunamoString\SunamoString\SH.cs(1401,26): warning CS1591: Missing XML comment for publicly visible type or member 'SH.StripFunctationsAndSymbols(string)' [E:\vs\Projects\PlatformIndependentNuGetPackages\SunamoString\SunamoString\SunamoString.csproj::TargetFramework=net9.0]
E:\vs\Projects\PlatformIndependentNuGetPackages\SunamoString\SunamoString\SH.cs(1428,26): warning CS1591: Missing XML comment for publicly visible type or member 'SH.GetWithoutFirstWord(string)' [E:\vs\Projects\PlatformIndependentNuGetPackages\SunamoString\SunamoString\SunamoString.csproj::TargetFramework=net9.0]
E:\vs\Projects\PlatformIndependentNuGetPackages\SunamoString\SunamoString\SH.cs(1436,23): warning CS1591: Missing XML comment for publicly visible type or member 'SH.EndsWithIndex(string, params string[])' [E:\vs\Projects\PlatformIndependentNuGetPackages\SunamoString\SunamoString\SunamoString.csproj::TargetFramework=net9.0]
E:\vs\Projects\PlatformIndependentNuGetPackages\SunamoString\SunamoString\SH.cs(1455,26): warning CS1591: Missing XML comment for publicly visible type or member 'SH.FirstCharLower(string)' [E:\vs\Projects\PlatformIndependentNuGetPackages\SunamoString\SunamoString\SunamoString.csproj::TargetFramework=net9.0]
E:\vs\Projects\PlatformIndependentNuGetPackages\SunamoString\SunamoString\SH.cs(1482,5): warning CS1587: XML comment is not placed on a valid language element [E:\vs\Projects\PlatformIndependentNuGetPackages\SunamoString\SunamoString\SunamoString.csproj::TargetFramework=net9.0]
E:\vs\Projects\PlatformIndependentNuGetPackages\SunamoString\SunamoString\SH.cs(1524,26): warning CS1591: Missing XML comment for publicly visible type or member 'SH.WrapWithChar(string, char, bool, bool)' [E:\vs\Projects\PlatformIndependentNuGetPackages\SunamoString\SunamoString\SunamoString.csproj::TargetFramework=net9.0]
E:\vs\Projects\PlatformIndependentNuGetPackages\SunamoString\SunamoString\SH.cs(1538,49): warning CS1591: Missing XML comment for publicly visible type or member 'SH.BracketsLeft' [E:\vs\Projects\PlatformIndependentNuGetPackages\SunamoString\SunamoString\SunamoString.csproj::TargetFramework=net9.0]
E:\vs\Projects\PlatformIndependentNuGetPackages\SunamoString\SunamoString\SH.cs(1539,49): warning CS1591: Missing XML comment for publicly visible type or member 'SH.BracketsRight' [E:\vs\Projects\PlatformIndependentNuGetPackages\SunamoString\SunamoString\SunamoString.csproj::TargetFramework=net9.0]
E:\vs\Projects\PlatformIndependentNuGetPackages\SunamoString\SunamoString\SH.cs(1540,27): warning CS1591: Missing XML comment for publicly visible type or member 'SH.Init()' [E:\vs\Projects\PlatformIndependentNuGetPackages\SunamoString\SunamoString\SunamoString.csproj::TargetFramework=net9.0]
E:\vs\Projects\PlatformIndependentNuGetPackages\SunamoString\SunamoString\SH.cs(1559,23): warning CS1591: Missing XML comment for publicly visible type or member 'SH.CountOf(string, char)' [E:\vs\Projects\PlatformIndependentNuGetPackages\SunamoString\SunamoString\SunamoString.csproj::TargetFramework=net9.0]
E:\vs\Projects\PlatformIndependentNuGetPackages\SunamoString\SunamoString\SH.cs(1600,24): warning CS1591: Missing XML comment for publicly visible type or member 'SH.HasIndex(int, string, bool)' [E:\vs\Projects\PlatformIndependentNuGetPackages\SunamoString\SunamoString\SunamoString.csproj::TargetFramework=net9.0]
E:\vs\Projects\PlatformIndependentNuGetPackages\SunamoString\SunamoString\SH.cs(1611,24): warning CS1591: Missing XML comment for publicly visible type or member 'SH.IsNegation(string)' [E:\vs\Projects\PlatformIndependentNuGetPackages\SunamoString\SunamoString\SunamoString.csproj::TargetFramework=net9.0]
E:\vs\Projects\PlatformIndependentNuGetPackages\SunamoString\SunamoString\SH.cs(1616,34): warning CS1591: Missing XML comment for publicly visible type or member 'SH.IsNegationTuple(string)' [E:\vs\Projects\PlatformIndependentNuGetPackages\SunamoString\SunamoString\SunamoString.csproj::TargetFramework=net9.0]
E:\vs\Projects\PlatformIndependentNuGetPackages\SunamoString\SunamoString\SH.cs(1640,24): warning CS1591: Missing XML comment for publicly visible type or member 'SH.EqualsOneOfThis(string, params string[])' [E:\vs\Projects\PlatformIndependentNuGetPackages\SunamoString\SunamoString\SunamoString.csproj::TargetFramework=net9.0]
E:\vs\Projects\PlatformIndependentNuGetPackages\SunamoString\SunamoString\SH.cs(1856,23): warning CS1591: Missing XML comment for publicly visible type or member 'SH.FirstWordWhichIsNumberAllIndexes(List<string>, bool)' [E:\vs\Projects\PlatformIndependentNuGetPackages\SunamoString\SunamoString\SunamoString.csproj::TargetFramework=net9.0]
E:\vs\Projects\PlatformIndependentNuGetPackages\SunamoString\SunamoString\SH.cs(1872,24): warning CS1591: Missing XML comment for publicly visible type or member 'SH.CompareStringIgnoreWhitespaces2(string, string)' [E:\vs\Projects\PlatformIndependentNuGetPackages\SunamoString\SunamoString\SunamoString.csproj::TargetFramework=net9.0]
E:\vs\Projects\PlatformIndependentNuGetPackages\SunamoString\SunamoString\SH.cs(1877,24): warning CS1591: Missing XML comment for publicly visible type or member 'SH.CompareStringIgnoreWhitespaces(string, string)' [E:\vs\Projects\PlatformIndependentNuGetPackages\SunamoString\SunamoString\SunamoString.csproj::TargetFramework=net9.0]
E:\vs\Projects\PlatformIndependentNuGetPackages\SunamoString\SunamoString\SH.cs(1906,24): warning CS1591: Missing XML comment for publicly visible type or member 'SH.ContainsOnly(string, List<char>)' [E:\vs\Projects\PlatformIndependentNuGetPackages\SunamoString\SunamoString\SunamoString.csproj::TargetFramework=net9.0]
E:\vs\Projects\PlatformIndependentNuGetPackages\SunamoString\SunamoString\SH.cs(1953,26): warning CS1591: Missing XML comment for publicly visible type or member 'SH.InBrackets(string)' [E:\vs\Projects\PlatformIndependentNuGetPackages\SunamoString\SunamoString\SunamoString.csproj::TargetFramework=net9.0]
E:\vs\Projects\PlatformIndependentNuGetPackages\SunamoString\SunamoString\SH.cs(1983,30): warning CS1591: Missing XML comment for publicly visible type or member 'SH.ContainsAnyChar(string, bool, IList<char>)' [E:\vs\Projects\PlatformIndependentNuGetPackages\SunamoString\SunamoString\SunamoString.csproj::TargetFramework=net9.0]
E:\vs\Projects\PlatformIndependentNuGetPackages\SunamoString\SunamoString\SH.cs(2030,27): warning CS1591: Missing XML comment for publicly visible type or member 'SH.GetWordOnIndex(string, int)' [E:\vs\Projects\PlatformIndependentNuGetPackages\SunamoString\SunamoString\SunamoString.csproj::TargetFramework=net9.0]
E:\vs\Projects\PlatformIndependentNuGetPackages\SunamoString\SunamoString\SH.cs(2034,24): warning CS1591: Missing XML comment for publicly visible type or member 'SH.ContainsUpper(string)' [E:\vs\Projects\PlatformIndependentNuGetPackages\SunamoString\SunamoString\SunamoString.csproj::TargetFramework=net9.0]
E:\vs\Projects\PlatformIndependentNuGetPackages\SunamoString\SunamoString\SH.cs(2038,24): warning CS1591: Missing XML comment for publicly visible type or member 'SH.ContainsLower(string)' [E:\vs\Projects\PlatformIndependentNuGetPackages\SunamoString\SunamoString\SunamoString.csproj::TargetFramework=net9.0]
E:\vs\Projects\PlatformIndependentNuGetPackages\SunamoString\SunamoString\SH.cs(2236,32): warning CS1591: Missing XML comment for publicly visible type or member 'SH.ValuesBetweenQuotes(string, bool, bool)' [E:\vs\Projects\PlatformIndependentNuGetPackages\SunamoString\SunamoString\SunamoString.csproj::TargetFramework=net9.0]
E:\vs\Projects\PlatformIndependentNuGetPackages\SunamoString\SunamoString\SH.cs(2242,32): warning CS1591: Missing XML comment for publicly visible type or member 'SH.ValuesBetweenQuotesAndApos(string, bool, bool)' [E:\vs\Projects\PlatformIndependentNuGetPackages\SunamoString\SunamoString\SunamoString.csproj::TargetFramework=net9.0]
E:\vs\Projects\PlatformIndependentNuGetPackages\SunamoString\SunamoString\SH.cs(2275,24): warning CS1591: Missing XML comment for publicly visible type or member 'SH.ContainsAtLeastOne(string, List<string>)' [E:\vs\Projects\PlatformIndependentNuGetPackages\SunamoString\SunamoString\SunamoString.csproj::TargetFramework=net9.0]
E:\vs\Projects\PlatformIndependentNuGetPackages\SunamoString\SunamoString\SH.cs(2334,23): warning CS1591: Missing XML comment for publicly visible type or member 'SH.AnotherOtherThanLetterOrDigit(string, int)' [E:\vs\Projects\PlatformIndependentNuGetPackages\SunamoString\SunamoString\SunamoString.csproj::TargetFramework=net9.0]
E:\vs\Projects\PlatformIndependentNuGetPackages\SunamoString\SunamoString\SH.cs(2344,26): warning CS1591: Missing XML comment for publicly visible type or member 'SH.LastChars(string, int)' [E:\vs\Projects\PlatformIndependentNuGetPackages\SunamoString\SunamoString\SunamoString.csproj::TargetFramework=net9.0]
E:\vs\Projects\PlatformIndependentNuGetPackages\SunamoString\SunamoString\SH.cs(2349,26): warning CS1591: Missing XML comment for publicly visible type or member 'SH.TabToNewLine(string)' [E:\vs\Projects\PlatformIndependentNuGetPackages\SunamoString\SunamoString\SunamoString.csproj::TargetFramework=net9.0]
E:\vs\Projects\PlatformIndependentNuGetPackages\SunamoString\SunamoString\SH.cs(2358,24): warning CS1591: Missing XML comment for publicly visible type or member 'SH.IsAllLower(string)' [E:\vs\Projects\PlatformIndependentNuGetPackages\SunamoString\SunamoString\SunamoString.csproj::TargetFramework=net9.0]
E:\vs\Projects\PlatformIndependentNuGetPackages\SunamoString\SunamoString\SH.cs(2369,24): warning CS1591: Missing XML comment for publicly visible type or member 'SH.IsAllUpper(string)' [E:\vs\Projects\PlatformIndependentNuGetPackages\SunamoString\SunamoString\SunamoString.csproj::TargetFramework=net9.0]
E:\vs\Projects\PlatformIndependentNuGetPackages\SunamoString\SunamoString\SH.cs(2373,24): warning CS1591: Missing XML comment for publicly visible type or member 'SH.ContainsBracket(string, bool)' [E:\vs\Projects\PlatformIndependentNuGetPackages\SunamoString\SunamoString\SunamoString.csproj::TargetFramework=net9.0]
E:\vs\Projects\PlatformIndependentNuGetPackages\SunamoString\SunamoString\SH.cs(2379,27): warning CS1591: Missing XML comment for publicly visible type or member 'SH.S_Cs' [E:\vs\Projects\PlatformIndependentNuGetPackages\SunamoString\SunamoString\SunamoString.csproj::TargetFramework=net9.0]
E:\vs\Projects\PlatformIndependentNuGetPackages\SunamoString\SunamoString\SH.cs(2385,29): warning CS1591: Missing XML comment for publicly visible type or member 'SH.IndexesOfChars(string, char)' [E:\vs\Projects\PlatformIndependentNuGetPackages\SunamoString\SunamoString\SunamoString.csproj::TargetFramework=net9.0]
E:\vs\Projects\PlatformIndependentNuGetPackages\SunamoString\SunamoString\SH.cs(2403,24): warning CS1591: Missing XML comment for publicly visible type or member 'SH.ContainsBracket(string, ref List<char>, ref List<char>, bool)' [E:\vs\Projects\PlatformIndependentNuGetPackages\SunamoString\SunamoString\SunamoString.csproj::TargetFramework=net9.0]
E:\vs\Projects\PlatformIndependentNuGetPackages\SunamoString\SunamoString\SH.cs(2418,24): warning CS1591: Missing XML comment for publicly visible type or member 'SH.ClosingBracketFor(char)' [E:\vs\Projects\PlatformIndependentNuGetPackages\SunamoString\SunamoString\SunamoString.csproj::TargetFramework=net9.0]
E:\vs\Projects\PlatformIndependentNuGetPackages\SunamoString\SunamoString\SH.cs(2437,26): warning CS1591: Missing XML comment for publicly visible type or member 'SH.PadRight(string, string, int)' [E:\vs\Projects\PlatformIndependentNuGetPackages\SunamoString\SunamoString\SunamoString.csproj::TargetFramework=net9.0]
E:\vs\Projects\PlatformIndependentNuGetPackages\SunamoString\SunamoString\SH.cs(2443,24): warning CS1591: Missing XML comment for publicly visible type or member 'SH.RemoveLastCharSb(StringBuilder)' [E:\vs\Projects\PlatformIndependentNuGetPackages\SunamoString\SunamoString\SunamoString.csproj::TargetFramework=net9.0]
E:\vs\Projects\PlatformIndependentNuGetPackages\SunamoString\SunamoString\SH.cs(2447,26): warning CS1591: Missing XML comment for publicly visible type or member 'SH.RemoveUselessWhitespaces(string)' [E:\vs\Projects\PlatformIndependentNuGetPackages\SunamoString\SunamoString\SunamoString.csproj::TargetFramework=net9.0]
E:\vs\Projects\PlatformIndependentNuGetPackages\SunamoString\SunamoString\SH.cs(2482,21): warning CS1591: Missing XML comment for publicly visible type or member 'SH.ToNumber<T>(Func<string, T>, string)' [E:\vs\Projects\PlatformIndependentNuGetPackages\SunamoString\SunamoString\SunamoString.csproj::TargetFramework=net9.0]
E:\vs\Projects\PlatformIndependentNuGetPackages\SunamoString\SunamoString\SH.cs(2486,26): warning CS1591: Missing XML comment for publicly visible type or member 'SH.RepairQuotes(string)' [E:\vs\Projects\PlatformIndependentNuGetPackages\SunamoString\SunamoString\SunamoString.csproj::TargetFramework=net9.0]
E:\vs\Projects\PlatformIndependentNuGetPackages\SunamoString\SunamoString\SH.cs(2494,24): warning CS1591: Missing XML comment for publicly visible type or member 'SH.IsNumbered(string)' [E:\vs\Projects\PlatformIndependentNuGetPackages\SunamoString\SunamoString\SunamoString.csproj::TargetFramework=net9.0]
E:\vs\Projects\PlatformIndependentNuGetPackages\SunamoString\SunamoString\SH.cs(2512,26): warning CS1591: Missing XML comment for publicly visible type or member 'SH.InsertEndingBracket(string, char)' [E:\vs\Projects\PlatformIndependentNuGetPackages\SunamoString\SunamoString\SunamoString.csproj::TargetFramework=net9.0]
E:\vs\Projects\PlatformIndependentNuGetPackages\SunamoString\SunamoString\SH.cs(2524,26): warning CS1591: Missing XML comment for publicly visible type or member 'SH.InsertEndingBracket(string, List<char>, List<char>)' [E:\vs\Projects\PlatformIndependentNuGetPackages\SunamoString\SunamoString\SunamoString.csproj::TargetFramework=net9.0]
E:\vs\Projects\PlatformIndependentNuGetPackages\SunamoString\SunamoString\SH.cs(2528,26): warning CS1591: Missing XML comment for publicly visible type or member 'SH.InsertEndingBracketWorker(string, int, int, List<char>, char)' [E:\vs\Projects\PlatformIndependentNuGetPackages\SunamoString\SunamoString\SunamoString.csproj::TargetFramework=net9.0]
E:\vs\Projects\PlatformIndependentNuGetPackages\SunamoString\SunamoString\SH.cs(2554,26): warning CS1591: Missing XML comment for publicly visible type or member 'SH.PairsBracketsToCompleteBlock(string)' [E:\vs\Projects\PlatformIndependentNuGetPackages\SunamoString\SunamoString\SunamoString.csproj::TargetFramework=net9.0]
E:\vs\Projects\PlatformIndependentNuGetPackages\SunamoString\SunamoString\SH.cs(2618,30): warning CS1591: Missing XML comment for publicly visible type or member 'SH.IncludeBrackets(string, bool)' [E:\vs\Projects\PlatformIndependentNuGetPackages\SunamoString\SunamoString\SunamoString.csproj::TargetFramework=net9.0]
E:\vs\Projects\PlatformIndependentNuGetPackages\SunamoString\SunamoString\SH.cs(2635,24): warning CS1591: Missing XML comment for publicly visible type or member 'SH.IsValidISO(string)' [E:\vs\Projects\PlatformIndependentNuGetPackages\SunamoString\SunamoString\SunamoString.csproj::TargetFramework=net9.0]
E:\vs\Projects\PlatformIndependentNuGetPackages\SunamoString\SunamoString\SH.cs(2685,24): warning CS1591: Missing XML comment for publicly visible type or member 'SH.ContainsOnlyCase(string, bool, bool)' [E:\vs\Projects\PlatformIndependentNuGetPackages\SunamoString\SunamoString\SunamoString.csproj::TargetFramework=net9.0]
E:\vs\Projects\PlatformIndependentNuGetPackages\SunamoString\SunamoString\SH.cs(2709,26): warning CS1591: Missing XML comment for publicly visible type or member 'SH.ShortForLettersCount(string, int)' [E:\vs\Projects\PlatformIndependentNuGetPackages\SunamoString\SunamoString\SunamoString.csproj::TargetFramework=net9.0]
E:\vs\Projects\PlatformIndependentNuGetPackages\SunamoString\SunamoString\SH.cs(2726,24): warning CS1591: Missing XML comment for publicly visible type or member 'SH.ContainsVariable(string)' [E:\vs\Projects\PlatformIndependentNuGetPackages\SunamoString\SunamoString\SunamoString.csproj::TargetFramework=net9.0]
E:\vs\Projects\PlatformIndependentNuGetPackages\SunamoString\SunamoString\SH.cs(2730,24): warning CS1591: Missing XML comment for publicly visible type or member 'SH.ContainsVariable(char, char, string)' [E:\vs\Projects\PlatformIndependentNuGetPackages\SunamoString\SunamoString\SunamoString.csproj::TargetFramework=net9.0]
E:\vs\Projects\PlatformIndependentNuGetPackages\SunamoString\SunamoString\SH.cs(2760,29): warning CS1591: Missing XML comment for publicly visible type or member 'SH.GetVariablesInString(string)' [E:\vs\Projects\PlatformIndependentNuGetPackages\SunamoString\SunamoString\SunamoString.csproj::TargetFramework=net9.0]
E:\vs\Projects\PlatformIndependentNuGetPackages\SunamoString\SunamoString\SH.cs(2849,24): warning CS1591: Missing XML comment for publicly visible type or member 'SH.ContainsOtherChatThanLetterAndDigit(string)' [E:\vs\Projects\PlatformIndependentNuGetPackages\SunamoString\SunamoString\SunamoString.csproj::TargetFramework=net9.0]
E:\vs\Projects\PlatformIndependentNuGetPackages\SunamoString\SunamoString\SH.cs(2856,26): warning CS1591: Missing XML comment for publicly visible type or member 'SH.GetOddIndexesOfWord(string)' [E:\vs\Projects\PlatformIndependentNuGetPackages\SunamoString\SunamoString\SunamoString.csproj::TargetFramework=net9.0]
E:\vs\Projects\PlatformIndependentNuGetPackages\SunamoString\SunamoString\SH.cs(2908,32): warning CS1591: Missing XML comment for publicly visible type or member 'SH.RemoveDuplicatesNone(string, string)' [E:\vs\Projects\PlatformIndependentNuGetPackages\SunamoString\SunamoString\SunamoString.csproj::TargetFramework=net9.0]
E:\vs\Projects\PlatformIndependentNuGetPackages\SunamoString\SunamoString\SH.cs(3049,42): warning CS1591: Missing XML comment for publicly visible type or member 'SH.ReturnOccurencesOfStringFromToWord(string, params string[])' [E:\vs\Projects\PlatformIndependentNuGetPackages\SunamoString\SunamoString\SunamoString.csproj::TargetFramework=net9.0]
E:\vs\Projects\PlatformIndependentNuGetPackages\SunamoString\SunamoString\SH.cs(3112,26): warning CS1591: Missing XML comment for publicly visible type or member 'SH.GetFirstPartByLocation(string, int)' [E:\vs\Projects\PlatformIndependentNuGetPackages\SunamoString\SunamoString\SunamoString.csproj::TargetFramework=net9.0]
E:\vs\Projects\PlatformIndependentNuGetPackages\SunamoString\SunamoString\SH.cs(3189,24): warning CS1591: Missing XML comment for publicly visible type or member 'SH.EndsWith(string, string)' [E:\vs\Projects\PlatformIndependentNuGetPackages\SunamoString\SunamoString\SunamoString.csproj::TargetFramework=net9.0]
E:\vs\Projects\PlatformIndependentNuGetPackages\SunamoString\SunamoString\SH.cs(3193,24): warning CS1591: Missing XML comment for publicly visible type or member 'SH.RemovePrefix(ref string, string)' [E:\vs\Projects\PlatformIndependentNuGetPackages\SunamoString\SunamoString\SunamoString.csproj::TargetFramework=net9.0]
E:\vs\Projects\PlatformIndependentNuGetPackages\SunamoString\SunamoString\SH.cs(3202,26): warning CS1591: Missing XML comment for publicly visible type or member 'SH.GetToFirstChar(string, int)' [E:\vs\Projects\PlatformIndependentNuGetPackages\SunamoString\SunamoString\SunamoString.csproj::TargetFramework=net9.0]
E:\vs\Projects\PlatformIndependentNuGetPackages\SunamoString\SunamoString\SH.cs(3218,24): warning CS1591: Missing XML comment for publicly visible type or member 'SH.ContainsFromEnd(string, char, out int)' [E:\vs\Projects\PlatformIndependentNuGetPackages\SunamoString\SunamoString\SunamoString.csproj::TargetFramework=net9.0]
E:\vs\Projects\PlatformIndependentNuGetPackages\SunamoString\SunamoString\SH.cs(3229,26): warning CS1591: Missing XML comment for publicly visible type or member 'SH.FirstWhichIsNotEmpty(params string[])' [E:\vs\Projects\PlatformIndependentNuGetPackages\SunamoString\SunamoString\SunamoString.csproj::TargetFramework=net9.0]
E:\vs\Projects\PlatformIndependentNuGetPackages\SunamoString\SunamoString\SH.cs(3277,24): warning CS1591: Missing XML comment for publicly visible type or member 'SH.IsNullOrWhiteSpace(string)' [E:\vs\Projects\PlatformIndependentNuGetPackages\SunamoString\SunamoString\SunamoString.csproj::TargetFramework=net9.0]
E:\vs\Projects\PlatformIndependentNuGetPackages\SunamoString\SunamoString\SHNotTranslateAble.cs(3,21): warning CS1591: Missing XML comment for publicly visible type or member 'SHNotTranslateAble' [E:\vs\Projects\PlatformIndependentNuGetPackages\SunamoString\SunamoString\SunamoString.csproj::TargetFramework=net9.0]
E:\vs\Projects\PlatformIndependentNuGetPackages\SunamoString\SunamoString\TT.cs(11,26): warning CS1591: Missing XML comment for publicly visible type or member 'TT.NameValue(string, string)' [E:\vs\Projects\PlatformIndependentNuGetPackages\SunamoString\SunamoString\SunamoString.csproj::TargetFramework=net9.0]
E:\vs\Projects\PlatformIndependentNuGetPackages\SunamoString\SunamoString\TT.cs(16,26): warning CS1591: Missing XML comment for publicly visible type or member 'TT.NameValue(ABCString, string)' [E:\vs\Projects\PlatformIndependentNuGetPackages\SunamoString\SunamoString\SunamoString.csproj::TargetFramework=net9.0]
E:\vs\Projects\PlatformIndependentNuGetPackages\SunamoString\SunamoString\_public\StringOrStringList.cs(3,14): warning CS1591: Missing XML comment for publicly visible type or member 'StringOrStringList' [E:\vs\Projects\PlatformIndependentNuGetPackages\SunamoString\SunamoString\SunamoString.csproj::TargetFramework=net9.0]
E:\vs\Projects\PlatformIndependentNuGetPackages\SunamoString\SunamoString\_public\StringOrStringList.cs(5,12): warning CS1591: Missing XML comment for publicly visible type or member 'StringOrStringList.StringOrStringList(string)' [E:\vs\Projects\PlatformIndependentNuGetPackages\SunamoString\SunamoString\SunamoString.csproj::TargetFramework=net9.0]
E:\vs\Projects\PlatformIndependentNuGetPackages\SunamoString\SunamoString\_public\StringOrStringList.cs(9,12): warning CS1591: Missing XML comment for publicly visible type or member 'StringOrStringList.StringOrStringList(List<string>)' [E:\vs\Projects\PlatformIndependentNuGetPackages\SunamoString\SunamoString\SunamoString.csproj::TargetFramework=net9.0]
E:\vs\Projects\PlatformIndependentNuGetPackages\SunamoString\SunamoString\_public\StringOrStringList.cs(13,19): warning CS1591: Missing XML comment for publicly visible type or member 'StringOrStringList.String' [E:\vs\Projects\PlatformIndependentNuGetPackages\SunamoString\SunamoString\SunamoString.csproj::TargetFramework=net9.0]
E:\vs\Projects\PlatformIndependentNuGetPackages\SunamoString\SunamoString\_public\StringOrStringList.cs(14,25): warning CS1591: Missing XML comment for publicly visible type or member 'StringOrStringList.List' [E:\vs\Projects\PlatformIndependentNuGetPackages\SunamoString\SunamoString\SunamoString.csproj::TargetFramework=net9.0]
E:\vs\Projects\PlatformIndependentNuGetPackages\SunamoString\SunamoString\_public\StringOrStringList.cs(15,19): warning CS1591: Missing XML comment for publicly visible type or member 'StringOrStringList.GetString()' [E:\vs\Projects\PlatformIndependentNuGetPackages\SunamoString\SunamoString\SunamoString.csproj::TargetFramework=net9.0]
E:\vs\Projects\PlatformIndependentNuGetPackages\SunamoString\SunamoString\_public\StringOrStringList.cs(31,25): warning CS1591: Missing XML comment for publicly visible type or member 'StringOrStringList.GetList()' [E:\vs\Projects\PlatformIndependentNuGetPackages\SunamoString\SunamoString\SunamoString.csproj::TargetFramework=net9.0]
E:\vs\Projects\PlatformIndependentNuGetPackages\SunamoString\SunamoString\_public\SunamoData\Data\ABCString.cs(3,14): warning CS1591: Missing XML comment for publicly visible type or member 'ABCString' [E:\vs\Projects\PlatformIndependentNuGetPackages\SunamoString\SunamoString\SunamoString.csproj::TargetFramework=net9.0]
E:\vs\Projects\PlatformIndependentNuGetPackages\SunamoString\SunamoString\_public\SunamoData\Data\ABCString.cs(5,29): warning CS1591: Missing XML comment for publicly visible type or member 'ABCString.Empty' [E:\vs\Projects\PlatformIndependentNuGetPackages\SunamoString\SunamoString\SunamoString.csproj::TargetFramework=net9.0]
E:\vs\Projects\PlatformIndependentNuGetPackages\SunamoString\SunamoString\_public\SunamoData\Data\ABCString.cs(6,12): warning CS1591: Missing XML comment for publicly visible type or member 'ABCString.ABCString()' [E:\vs\Projects\PlatformIndependentNuGetPackages\SunamoString\SunamoString\SunamoString.csproj::TargetFramework=net9.0]
E:\vs\Projects\PlatformIndependentNuGetPackages\SunamoString\SunamoString\_public\SunamoData\Data\ABCString.cs(9,28): warning CS1591: Missing XML comment for publicly visible type or member 'ABCString.ToString()' [E:\vs\Projects\PlatformIndependentNuGetPackages\SunamoString\SunamoString\SunamoString.csproj::TargetFramework=net9.0]
E:\vs\Projects\PlatformIndependentNuGetPackages\SunamoString\SunamoString\_public\SunamoData\Data\ABCString.cs(18,16): warning CS1591: Missing XML comment for publicly visible type or member 'ABCString.Length' [E:\vs\Projects\PlatformIndependentNuGetPackages\SunamoString\SunamoString\SunamoString.csproj::TargetFramework=net9.0]
E:\vs\Projects\PlatformIndependentNuGetPackages\SunamoString\SunamoString\_public\SunamoData\Data\ABCString.cs(25,12): warning CS1591: Missing XML comment for publicly visible type or member 'ABCString.ABCString(int)' [E:\vs\Projects\PlatformIndependentNuGetPackages\SunamoString\SunamoString\SunamoString.csproj::TargetFramework=net9.0]
E:\vs\Projects\PlatformIndependentNuGetPackages\SunamoString\SunamoString\_public\SunamoData\Data\ABCString.cs(32,12): warning CS1591: Missing XML comment for publicly visible type or member 'ABCString.ABCString(params object[])' [E:\vs\Projects\PlatformIndependentNuGetPackages\SunamoString\SunamoString\SunamoString.csproj::TargetFramework=net9.0]
E:\vs\Projects\PlatformIndependentNuGetPackages\SunamoString\SunamoString\_public\SunamoData\Data\ABCString.cs(88,12): warning CS1591: Missing XML comment for publicly visible type or member 'ABCString.ABCString(params ABString[])' [E:\vs\Projects\PlatformIndependentNuGetPackages\SunamoString\SunamoString\SunamoString.csproj::TargetFramework=net9.0]
E:\vs\Projects\PlatformIndependentNuGetPackages\SunamoString\SunamoString\_public\SunamoData\Data\ABCString.cs(96,21): warning CS1591: Missing XML comment for publicly visible type or member 'ABCString.OnlyBs()' [E:\vs\Projects\PlatformIndependentNuGetPackages\SunamoString\SunamoString\SunamoString.csproj::TargetFramework=net9.0]
E:\vs\Projects\PlatformIndependentNuGetPackages\SunamoString\SunamoString\_public\SunamoData\Data\ABCString.cs(100,25): warning CS1591: Missing XML comment for publicly visible type or member 'ABCString.OnlyBsList()' [E:\vs\Projects\PlatformIndependentNuGetPackages\SunamoString\SunamoString\SunamoString.csproj::TargetFramework=net9.0]
E:\vs\Projects\PlatformIndependentNuGetPackages\SunamoString\SunamoString\_public\SunamoData\Data\ABCString.cs(109,25): warning CS1591: Missing XML comment for publicly visible type or member 'ABCString.OnlyAs()' [E:\vs\Projects\PlatformIndependentNuGetPackages\SunamoString\SunamoString\SunamoString.csproj::TargetFramework=net9.0]
E:\vs\Projects\PlatformIndependentNuGetPackages\SunamoString\SunamoString\_public\SunamoData\Data\ABCString.cs(119,32): warning CS1591: Missing XML comment for publicly visible type or member 'ABCString.OnlyBs(List<ABString>)' [E:\vs\Projects\PlatformIndependentNuGetPackages\SunamoString\SunamoString\SunamoString.csproj::TargetFramework=net9.0]
E:\vs\Projects\PlatformIndependentNuGetPackages\SunamoString\SunamoString\_public\SunamoData\Data\ABString.cs(3,14): warning CS1591: Missing XML comment for publicly visible type or member 'ABString' [E:\vs\Projects\PlatformIndependentNuGetPackages\SunamoString\SunamoString\SunamoString.csproj::TargetFramework=net9.0]
E:\vs\Projects\PlatformIndependentNuGetPackages\SunamoString\SunamoString\_public\SunamoData\Data\ABString.cs(5,24): warning CS1591: Missing XML comment for publicly visible type or member 'ABString.Type' [E:\vs\Projects\PlatformIndependentNuGetPackages\SunamoString\SunamoString\SunamoString.csproj::TargetFramework=net9.0]
E:\vs\Projects\PlatformIndependentNuGetPackages\SunamoString\SunamoString\_public\SunamoData\Data\ABString.cs(19,12): warning CS1591: Missing XML comment for publicly visible type or member 'ABString.ABString(string, object)' [E:\vs\Projects\PlatformIndependentNuGetPackages\SunamoString\SunamoString\SunamoString.csproj::TargetFramework=net9.0]
E:\vs\Projects\PlatformIndependentNuGetPackages\SunamoString\SunamoString\_public\SunamoData\Data\ABString.cs(25,28): warning CS1591: Missing XML comment for publicly visible type or member 'ABString.Get(Type, object)' [E:\vs\Projects\PlatformIndependentNuGetPackages\SunamoString\SunamoString\SunamoString.csproj::TargetFramework=net9.0]
E:\vs\Projects\PlatformIndependentNuGetPackages\SunamoString\SunamoString\_public\SunamoData\Data\ABString.cs(30,28): warning CS1591: Missing XML comment for publicly visible type or member 'ABString.Get(string, object)' [E:\vs\Projects\PlatformIndependentNuGetPackages\SunamoString\SunamoString\SunamoString.csproj::TargetFramework=net9.0]
E:\vs\Projects\PlatformIndependentNuGetPackages\SunamoString\SunamoString\_public\SunamoData\Data\ABString.cs(35,28): warning CS1591: Missing XML comment for publicly visible type or member 'ABString.ToString()' [E:\vs\Projects\PlatformIndependentNuGetPackages\SunamoString\SunamoString\SunamoString.csproj::TargetFramework=net9.0]
E:\vs\Projects\PlatformIndependentNuGetPackages\SunamoString\SunamoString\_public\SunamoData\Data\CharFormatDataString.cs(3,14): warning CS1591: Missing XML comment for publicly visible type or member 'CharFormatDataString' [E:\vs\Projects\PlatformIndependentNuGetPackages\SunamoString\SunamoString\SunamoString.csproj::TargetFramework=net9.0]
E:\vs\Projects\PlatformIndependentNuGetPackages\SunamoString\SunamoString\_public\SunamoData\Data\CharFormatDataString.cs(16,25): warning CS1591: Missing XML comment for publicly visible type or member 'CharFormatDataString.Templates' [E:\vs\Projects\PlatformIndependentNuGetPackages\SunamoString\SunamoString\SunamoString.csproj::TargetFramework=net9.0]
E:\vs\Projects\PlatformIndependentNuGetPackages\SunamoString\SunamoString\_public\SunamoData\Data\CharFormatDataString.cs(19,44): warning CS1591: Missing XML comment for publicly visible type or member 'CharFormatDataString.Templates.Dash' [E:\vs\Projects\PlatformIndependentNuGetPackages\SunamoString\SunamoString\SunamoString.csproj::TargetFramework=net9.0]
E:\vs\Projects\PlatformIndependentNuGetPackages\SunamoString\SunamoString\_public\SunamoData\Data\CharFormatDataString.cs(20,44): warning CS1591: Missing XML comment for publicly visible type or member 'CharFormatDataString.Templates.NotNumber' [E:\vs\Projects\PlatformIndependentNuGetPackages\SunamoString\SunamoString\SunamoString.csproj::TargetFramework=net9.0]
E:\vs\Projects\PlatformIndependentNuGetPackages\SunamoString\SunamoString\_public\SunamoData\Data\CharFormatDataString.cs(24,44): warning CS1591: Missing XML comment for publicly visible type or member 'CharFormatDataString.Templates.TwoLetterNumber' [E:\vs\Projects\PlatformIndependentNuGetPackages\SunamoString\SunamoString\SunamoString.csproj::TargetFramework=net9.0]
E:\vs\Projects\PlatformIndependentNuGetPackages\SunamoString\SunamoString\_public\SunamoData\Data\CharFormatDataString.cs(31,44): warning CS1591: Missing XML comment for publicly visible type or member 'CharFormatDataString.Templates.Any' [E:\vs\Projects\PlatformIndependentNuGetPackages\SunamoString\SunamoString\SunamoString.csproj::TargetFramework=net9.0]
E:\vs\Projects\PlatformIndependentNuGetPackages\SunamoString\SunamoString\_public\SunamoData\Data\CharFormatDataString.cs(39,12): warning CS1591: Missing XML comment for publicly visible type or member 'CharFormatDataString.CharFormatDataString(bool?, char[])' [E:\vs\Projects\PlatformIndependentNuGetPackages\SunamoString\SunamoString\SunamoString.csproj::TargetFramework=net9.0]
E:\vs\Projects\PlatformIndependentNuGetPackages\SunamoString\SunamoString\_public\SunamoData\Data\CharFormatDataString.cs(44,12): warning CS1591: Missing XML comment for publicly visible type or member 'CharFormatDataString.CharFormatDataString()' [E:\vs\Projects\PlatformIndependentNuGetPackages\SunamoString\SunamoString\SunamoString.csproj::TargetFramework=net9.0]
E:\vs\Projects\PlatformIndependentNuGetPackages\SunamoString\SunamoString\_public\SunamoData\Data\CharFormatDataString.cs(47,40): warning CS1591: Missing XML comment for publicly visible type or member 'CharFormatDataString.GetOnlyNumbers(FromToString)' [E:\vs\Projects\PlatformIndependentNuGetPackages\SunamoString\SunamoString\SunamoString.csproj::TargetFramework=net9.0]
E:\vs\Projects\PlatformIndependentNuGetPackages\SunamoString\SunamoString\_public\SunamoData\Data\CharFormatDataString.cs(63,40): warning CS1591: Missing XML comment for publicly visible type or member 'CharFormatDataString.Get(bool?, FromToString, params char[])' [E:\vs\Projects\PlatformIndependentNuGetPackages\SunamoString\SunamoString\SunamoString.csproj::TargetFramework=net9.0]
E:\vs\Projects\PlatformIndependentNuGetPackages\SunamoString\SunamoString\_public\SunamoData\Data\FromToString.cs(3,14): warning CS1591: Missing XML comment for publicly visible type or member 'FromToString' [E:\vs\Projects\PlatformIndependentNuGetPackages\SunamoString\SunamoString\SunamoString.csproj::TargetFramework=net9.0]
E:\vs\Projects\PlatformIndependentNuGetPackages\SunamoString\SunamoString\_public\SunamoData\Data\FromToString.cs(5,32): warning CS1591: Missing XML comment for publicly visible type or member 'FromToString.Empty' [E:\vs\Projects\PlatformIndependentNuGetPackages\SunamoString\SunamoString\SunamoString.csproj::TargetFramework=net9.0]
E:\vs\Projects\PlatformIndependentNuGetPackages\SunamoString\SunamoString\_public\SunamoData\Data\FromToString.cs(6,12): warning CS1591: Missing XML comment for publicly visible type or member 'FromToString.FromToString()' [E:\vs\Projects\PlatformIndependentNuGetPackages\SunamoString\SunamoString\SunamoString.csproj::TargetFramework=net9.0]
E:\vs\Projects\PlatformIndependentNuGetPackages\SunamoString\SunamoString\_public\SunamoData\Data\FromToString.cs(24,12): warning CS1591: Missing XML comment for publicly visible type or member 'FromToString.FromToString(long, long, FromToUseString)' [E:\vs\Projects\PlatformIndependentNuGetPackages\SunamoString\SunamoString\SunamoString.csproj::TargetFramework=net9.0]
E:\vs\Projects\PlatformIndependentNuGetPackages\SunamoString\SunamoString\_public\SunamoData\Data\FromToTSHString.cs(3,14): warning CS1591: Missing XML comment for publicly visible type or member 'FromToTSHString<T>' [E:\vs\Projects\PlatformIndependentNuGetPackages\SunamoString\SunamoString\SunamoString.csproj::TargetFramework=net9.0]
E:\vs\Projects\PlatformIndependentNuGetPackages\SunamoString\SunamoString\_public\SunamoData\Data\FromToTSHString.cs(6,17): warning CS1591: Missing XML comment for publicly visible type or member 'FromToTSHString<T>.Empty' [E:\vs\Projects\PlatformIndependentNuGetPackages\SunamoString\SunamoString\SunamoString.csproj::TargetFramework=net9.0]
E:\vs\Projects\PlatformIndependentNuGetPackages\SunamoString\SunamoString\_public\SunamoData\Data\FromToTSHString.cs(8,28): warning CS1591: Missing XML comment for publicly visible type or member 'FromToTSHString<T>.FtUse' [E:\vs\Projects\PlatformIndependentNuGetPackages\SunamoString\SunamoString\SunamoString.csproj::TargetFramework=net9.0]
E:\vs\Projects\PlatformIndependentNuGetPackages\SunamoString\SunamoString\_public\SunamoData\Data\FromToTSHString.cs(10,12): warning CS1591: Missing XML comment for publicly visible type or member 'FromToTSHString<T>.FromToTSHString()' [E:\vs\Projects\PlatformIndependentNuGetPackages\SunamoString\SunamoString\SunamoString.csproj::TargetFramework=net9.0]
E:\vs\Projects\PlatformIndependentNuGetPackages\SunamoString\SunamoString\_public\SunamoData\Data\FromToTSHString.cs(22,12): warning CS1591: Missing XML comment for publicly visible type or member 'FromToTSHString<T>.FromToTSHString(T, T, FromToUseString)' [E:\vs\Projects\PlatformIndependentNuGetPackages\SunamoString\SunamoString\SunamoString.csproj::TargetFramework=net9.0]
E:\vs\Projects\PlatformIndependentNuGetPackages\SunamoString\SunamoString\_public\SunamoData\Data\FromToTSHString.cs(28,14): warning CS1591: Missing XML comment for publicly visible type or member 'FromToTSHString<T>.From' [E:\vs\Projects\PlatformIndependentNuGetPackages\SunamoString\SunamoString\SunamoString.csproj::TargetFramework=net9.0]
E:\vs\Projects\PlatformIndependentNuGetPackages\SunamoString\SunamoString\_public\SunamoData\Data\FromToTSHString.cs(33,14): warning CS1591: Missing XML comment for publicly visible type or member 'FromToTSHString<T>.To' [E:\vs\Projects\PlatformIndependentNuGetPackages\SunamoString\SunamoString\SunamoString.csproj::TargetFramework=net9.0]
E:\vs\Projects\PlatformIndependentNuGetPackages\SunamoString\SunamoString\_public\SunamoData\Data\FromToTSHString.cs(38,17): warning CS1591: Missing XML comment for publicly visible type or member 'FromToTSHString<T>.FromL' [E:\vs\Projects\PlatformIndependentNuGetPackages\SunamoString\SunamoString\SunamoString.csproj::TargetFramework=net9.0]
E:\vs\Projects\PlatformIndependentNuGetPackages\SunamoString\SunamoString\_public\SunamoData\Data\FromToTSHString.cs(39,17): warning CS1591: Missing XML comment for publicly visible type or member 'FromToTSHString<T>.ToL' [E:\vs\Projects\PlatformIndependentNuGetPackages\SunamoString\SunamoString\SunamoString.csproj::TargetFramework=net9.0]
E:\vs\Projects\PlatformIndependentNuGetPackages\SunamoString\SunamoString\_public\SunamoData\Data\FromToWordString.cs(3,14): warning CS1591: Missing XML comment for publicly visible type or member 'FromToWordString' [E:\vs\Projects\PlatformIndependentNuGetPackages\SunamoString\SunamoString\SunamoString.csproj::TargetFramework=net9.0]
E:\vs\Projects\PlatformIndependentNuGetPackages\SunamoString\SunamoString\_public\SunamoData\Data\FromToWordString.cs(5,16): warning CS1591: Missing XML comment for publicly visible type or member 'FromToWordString.From' [E:\vs\Projects\PlatformIndependentNuGetPackages\SunamoString\SunamoString\SunamoString.csproj::TargetFramework=net9.0]
E:\vs\Projects\PlatformIndependentNuGetPackages\SunamoString\SunamoString\_public\SunamoData\Data\FromToWordString.cs(6,16): warning CS1591: Missing XML comment for publicly visible type or member 'FromToWordString.To' [E:\vs\Projects\PlatformIndependentNuGetPackages\SunamoString\SunamoString\SunamoString.csproj::TargetFramework=net9.0]
E:\vs\Projects\PlatformIndependentNuGetPackages\SunamoString\SunamoString\_public\SunamoData\Data\FromToWordString.cs(7,19): warning CS1591: Missing XML comment for publicly visible type or member 'FromToWordString.Word' [E:\vs\Projects\PlatformIndependentNuGetPackages\SunamoString\SunamoString\SunamoString.csproj::TargetFramework=net9.0]
E:\vs\Projects\PlatformIndependentNuGetPackages\SunamoString\SunamoString\_public\SunamoData\Data\SquareMap.cs(5,14): warning CS1591: Missing XML comment for publicly visible type or member 'SquareMap' [E:\vs\Projects\PlatformIndependentNuGetPackages\SunamoString\SunamoString\SunamoString.csproj::TargetFramework=net9.0]
E:\vs\Projects\PlatformIndependentNuGetPackages\SunamoString\SunamoString\_public\SunamoData\Data\SquareMap.cs(7,22): warning CS1591: Missing XML comment for publicly visible type or member 'SquareMap.CurlyBrackets' [E:\vs\Projects\PlatformIndependentNuGetPackages\SunamoString\SunamoString\SunamoString.csproj::TargetFramework=net9.0]
E:\vs\Projects\PlatformIndependentNuGetPackages\SunamoString\SunamoString\_public\SunamoData\Data\SquareMap.cs(8,22): warning CS1591: Missing XML comment for publicly visible type or member 'SquareMap.SquareBrackets' [E:\vs\Projects\PlatformIndependentNuGetPackages\SunamoString\SunamoString\SunamoString.csproj::TargetFramework=net9.0]
E:\vs\Projects\PlatformIndependentNuGetPackages\SunamoString\SunamoString\_public\SunamoData\Data\SquareMap.cs(9,22): warning CS1591: Missing XML comment for publicly visible type or member 'SquareMap.Brackets' [E:\vs\Projects\PlatformIndependentNuGetPackages\SunamoString\SunamoString\SunamoString.csproj::TargetFramework=net9.0]
E:\vs\Projects\PlatformIndependentNuGetPackages\SunamoString\SunamoString\_public\SunamoData\Data\SquareMap.cs(10,22): warning CS1591: Missing XML comment for publicly visible type or member 'SquareMap.EndingCurlyBrackets' [E:\vs\Projects\PlatformIndependentNuGetPackages\SunamoString\SunamoString\SunamoString.csproj::TargetFramework=net9.0]
E:\vs\Projects\PlatformIndependentNuGetPackages\SunamoString\SunamoString\_public\SunamoData\Data\SquareMap.cs(11,22): warning CS1591: Missing XML comment for publicly visible type or member 'SquareMap.EndingSquareBrackets' [E:\vs\Projects\PlatformIndependentNuGetPackages\SunamoString\SunamoString\SunamoString.csproj::TargetFramework=net9.0]
E:\vs\Projects\PlatformIndependentNuGetPackages\SunamoString\SunamoString\_public\SunamoData\Data\SquareMap.cs(12,22): warning CS1591: Missing XML comment for publicly visible type or member 'SquareMap.EndingBrackets' [E:\vs\Projects\PlatformIndependentNuGetPackages\SunamoString\SunamoString\SunamoString.csproj::TargetFramework=net9.0]
E:\vs\Projects\PlatformIndependentNuGetPackages\SunamoString\SunamoString\_public\SunamoData\Data\SquareMap.cs(15,17): warning CS1591: Missing XML comment for publicly visible type or member 'SquareMap.Add(Brackets, bool, int)' [E:\vs\Projects\PlatformIndependentNuGetPackages\SunamoString\SunamoString\SunamoString.csproj::TargetFramework=net9.0]
E:\vs\Projects\PlatformIndependentNuGetPackages\SunamoString\SunamoString\_public\SunamoData\Data\SquareMapLines.cs(5,14): warning CS1591: Missing XML comment for publicly visible type or member 'SquareMapLines' [E:\vs\Projects\PlatformIndependentNuGetPackages\SunamoString\SunamoString\SunamoString.csproj::TargetFramework=net9.0]
E:\vs\Projects\PlatformIndependentNuGetPackages\SunamoString\SunamoString\_public\SunamoData\Data\SquareMapLines.cs(7,39): warning CS1591: Missing XML comment for publicly visible type or member 'SquareMapLines.CurlyBrackets' [E:\vs\Projects\PlatformIndependentNuGetPackages\SunamoString\SunamoString\SunamoString.csproj::TargetFramework=net9.0]
E:\vs\Projects\PlatformIndependentNuGetPackages\SunamoString\SunamoString\_public\SunamoData\Data\SquareMapLines.cs(8,39): warning CS1591: Missing XML comment for publicly visible type or member 'SquareMapLines.SquareBrackets' [E:\vs\Projects\PlatformIndependentNuGetPackages\SunamoString\SunamoString\SunamoString.csproj::TargetFramework=net9.0]
E:\vs\Projects\PlatformIndependentNuGetPackages\SunamoString\SunamoString\_public\SunamoData\Data\SquareMapLines.cs(9,39): warning CS1591: Missing XML comment for publicly visible type or member 'SquareMapLines.Brackets' [E:\vs\Projects\PlatformIndependentNuGetPackages\SunamoString\SunamoString\SunamoString.csproj::TargetFramework=net9.0]
E:\vs\Projects\PlatformIndependentNuGetPackages\SunamoString\SunamoString\_public\SunamoData\Data\SquareMapLines.cs(10,39): warning CS1591: Missing XML comment for publicly visible type or member 'SquareMapLines.EndingCurlyBrackets' [E:\vs\Projects\PlatformIndependentNuGetPackages\SunamoString\SunamoString\SunamoString.csproj::TargetFramework=net9.0]
E:\vs\Projects\PlatformIndependentNuGetPackages\SunamoString\SunamoString\_public\SunamoData\Data\SquareMapLines.cs(11,39): warning CS1591: Missing XML comment for publicly visible type or member 'SquareMapLines.EndingSquareBrackets' [E:\vs\Projects\PlatformIndependentNuGetPackages\SunamoString\SunamoString\SunamoString.csproj::TargetFramework=net9.0]
E:\vs\Projects\PlatformIndependentNuGetPackages\SunamoString\SunamoString\_public\SunamoData\Data\SquareMapLines.cs(12,39): warning CS1591: Missing XML comment for publicly visible type or member 'SquareMapLines.EndingBrackets' [E:\vs\Projects\PlatformIndependentNuGetPackages\SunamoString\SunamoString\SunamoString.csproj::TargetFramework=net9.0]
E:\vs\Projects\PlatformIndependentNuGetPackages\SunamoString\SunamoString\_public\SunamoData\Data\SquareMapLines.cs(22,12): warning CS1591: Missing XML comment for publicly visible type or member 'SquareMapLines.SquareMapLines(SquareMap)' [E:\vs\Projects\PlatformIndependentNuGetPackages\SunamoString\SunamoString\SunamoString.csproj::TargetFramework=net9.0]
E:\vs\Projects\PlatformIndependentNuGetPackages\SunamoString\SunamoString\_public\SunamoData\Data\SquareMapLines.cs(26,12): warning CS1591: Missing XML comment for publicly visible type or member 'SquareMapLines.SquareMapLines()' [E:\vs\Projects\PlatformIndependentNuGetPackages\SunamoString\SunamoString\SunamoString.csproj::TargetFramework=net9.0]
E:\vs\Projects\PlatformIndependentNuGetPackages\SunamoString\SunamoString\_public\SunamoData\Data\SquareMapLines.cs(38,17): warning CS1591: Missing XML comment for publicly visible type or member 'SquareMapLines.Add(Brackets, bool, int, int)' [E:\vs\Projects\PlatformIndependentNuGetPackages\SunamoString\SunamoString\SunamoString.csproj::TargetFramework=net9.0]
E:\vs\Projects\PlatformIndependentNuGetPackages\SunamoString\SunamoString\_public\SunamoEnums\Enums\ContainsCompareMethodString.cs(3,13): warning CS1591: Missing XML comment for publicly visible type or member 'ContainsCompareMethodString' [E:\vs\Projects\PlatformIndependentNuGetPackages\SunamoString\SunamoString\SunamoString.csproj::TargetFramework=net9.0]
E:\vs\Projects\PlatformIndependentNuGetPackages\SunamoString\SunamoString\_public\SunamoEnums\Enums\ContainsCompareMethodString.cs(5,5): warning CS1591: Missing XML comment for publicly visible type or member 'ContainsCompareMethodString.WholeInput' [E:\vs\Projects\PlatformIndependentNuGetPackages\SunamoString\SunamoString\SunamoString.csproj::TargetFramework=net9.0]
E:\vs\Projects\PlatformIndependentNuGetPackages\SunamoString\SunamoString\_public\SunamoEnums\Enums\ContainsCompareMethodString.cs(6,5): warning CS1591: Missing XML comment for publicly visible type or member 'ContainsCompareMethodString.SplitToWords' [E:\vs\Projects\PlatformIndependentNuGetPackages\SunamoString\SunamoString\SunamoString.csproj::TargetFramework=net9.0]
E:\vs\Projects\PlatformIndependentNuGetPackages\SunamoString\SunamoString\_public\SunamoEnums\Enums\ContainsCompareMethodString.cs(10,5): warning CS1591: Missing XML comment for publicly visible type or member 'ContainsCompareMethodString.Negations' [E:\vs\Projects\PlatformIndependentNuGetPackages\SunamoString\SunamoString\SunamoString.csproj::TargetFramework=net9.0]
E:\vs\Projects\PlatformIndependentNuGetPackages\SunamoString\SunamoString\_public\SunamoEnums\Enums\FromToUse.cs(6,13): warning CS1591: Missing XML comment for publicly visible type or member 'FromToUseString' [E:\vs\Projects\PlatformIndependentNuGetPackages\SunamoString\SunamoString\SunamoString.csproj::TargetFramework=net9.0]
E:\vs\Projects\PlatformIndependentNuGetPackages\SunamoString\SunamoString\_public\SunamoEnums\Enums\FromToUse.cs(8,5): warning CS1591: Missing XML comment for publicly visible type or member 'FromToUseString.DateTime' [E:\vs\Projects\PlatformIndependentNuGetPackages\SunamoString\SunamoString\SunamoString.csproj::TargetFramework=net9.0]
E:\vs\Projects\PlatformIndependentNuGetPackages\SunamoString\SunamoString\_public\SunamoEnums\Enums\FromToUse.cs(9,5): warning CS1591: Missing XML comment for publicly visible type or member 'FromToUseString.Unix' [E:\vs\Projects\PlatformIndependentNuGetPackages\SunamoString\SunamoString\SunamoString.csproj::TargetFramework=net9.0]
E:\vs\Projects\PlatformIndependentNuGetPackages\SunamoString\SunamoString\_public\SunamoEnums\Enums\FromToUse.cs(10,5): warning CS1591: Missing XML comment for publicly visible type or member 'FromToUseString.UnixJustTime' [E:\vs\Projects\PlatformIndependentNuGetPackages\SunamoString\SunamoString\SunamoString.csproj::TargetFramework=net9.0]
E:\vs\Projects\PlatformIndependentNuGetPackages\SunamoString\SunamoString\_public\SunamoEnums\Enums\FromToUse.cs(11,5): warning CS1591: Missing XML comment for publicly visible type or member 'FromToUseString.None' [E:\vs\Projects\PlatformIndependentNuGetPackages\SunamoString\SunamoString\SunamoString.csproj::TargetFramework=net9.0]
E:\vs\Projects\PlatformIndependentNuGetPackages\SunamoString\SunamoString\_public\SunamoEnums\Enums\StatisticLetterCharsStrategy.cs(3,13): warning CS1591: Missing XML comment for publicly visible type or member 'StatisticLetterCharsStrategy' [E:\vs\Projects\PlatformIndependentNuGetPackages\SunamoString\SunamoString\SunamoString.csproj::TargetFramework=net9.0]
E:\vs\Projects\PlatformIndependentNuGetPackages\SunamoString\SunamoString\_public\SunamoEnums\Enums\StatisticLetterCharsStrategy.cs(5,5): warning CS1591: Missing XML comment for publicly visible type or member 'StatisticLetterCharsStrategy.AddAsFirst' [E:\vs\Projects\PlatformIndependentNuGetPackages\SunamoString\SunamoString\SunamoString.csproj::TargetFramework=net9.0]
E:\vs\Projects\PlatformIndependentNuGetPackages\SunamoString\SunamoString\_public\SunamoEnums\Enums\StatisticLetterCharsStrategy.cs(6,5): warning CS1591: Missing XML comment for publicly visible type or member 'StatisticLetterCharsStrategy.IgnoreCompletely' [E:\vs\Projects\PlatformIndependentNuGetPackages\SunamoString\SunamoString\SunamoString.csproj::TargetFramework=net9.0]
E:\vs\Projects\PlatformIndependentNuGetPackages\SunamoString\SunamoString\SH.cs(2768,9): warning CS1587: XML comment is not placed on a valid language element [E:\vs\Projects\PlatformIndependentNuGetPackages\SunamoString\SunamoString\SunamoString.csproj::TargetFramework=net9.0]
E:\vs\Projects\PlatformIndependentNuGetPackages\SunamoString\SunamoString\TT.cs(9,5): warning CS1587: XML comment is not placed on a valid language element [E:\vs\Projects\PlatformIndependentNuGetPackages\SunamoString\SunamoString\SunamoString.csproj::TargetFramework=net9.0]
  SunamoString -> E:\vs\Projects\PlatformIndependentNuGetPackages\SunamoString\SunamoString\bin\Debug\net9.0\SunamoString.dll
E:\vs\Projects\PlatformIndependentNuGetPackages\SunamoDevCode\SunamoDevCode.Tests\FoldersWithSolutionsInstanceTests.cs(16,71): warning CS8625: Cannot convert null literal to non-nullable reference type. [E:\vs\Projects\PlatformIndependentNuGetPackages\SunamoDevCode\SunamoDevCode.Tests\SunamoDevCode.Tests.csproj::TargetFramework=net10.0]
E:\vs\Projects\PlatformIndependentNuGetPackages\SunamoDevCode\SunamoDevCode.Tests\FoldersWithSolutionsInstanceTests.cs(22,97): warning CS8625: Cannot convert null literal to non-nullable reference type. [E:\vs\Projects\PlatformIndependentNuGetPackages\SunamoDevCode\SunamoDevCode.Tests\SunamoDevCode.Tests.csproj::TargetFramework=net10.0]
E:\vs\Projects\PlatformIndependentNuGetPackages\SunamoDevCode\SunamoDevCode.Tests\Data\SolutionFolderNs\SolutionFolderTests.cs(18,63): warning CS8625: Cannot convert null literal to non-nullable reference type. [E:\vs\Projects\PlatformIndependentNuGetPackages\SunamoDevCode\SunamoDevCode.Tests\SunamoDevCode.Tests.csproj::TargetFramework=net10.0]
E:\vs\Projects\PlatformIndependentNuGetPackages\SunamoDevCode\SunamoDevCode.Tests\Data\SolutionFolderNs\SolutionFolderTests.cs(21,9): warning CS8602: Dereference of a possibly null reference. [E:\vs\Projects\PlatformIndependentNuGetPackages\SunamoDevCode\SunamoDevCode.Tests\SunamoDevCode.Tests.csproj::TargetFramework=net10.0]
E:\vs\Projects\PlatformIndependentNuGetPackages\SunamoDevCode\SunamoDevCode.Tests\FoldersWithSolutionsInstanceTests.cs(30,70): warning CS8625: Cannot convert null literal to non-nullable reference type. [E:\vs\Projects\PlatformIndependentNuGetPackages\SunamoDevCode\SunamoDevCode.Tests\SunamoDevCode.Tests.csproj::TargetFramework=net10.0]
E:\vs\Projects\PlatformIndependentNuGetPackages\SunamoDevCode\SunamoDevCode.Tests\FoldersWithSolutionsInstanceTests.cs(36,70): warning CS8625: Cannot convert null literal to non-nullable reference type. [E:\vs\Projects\PlatformIndependentNuGetPackages\SunamoDevCode\SunamoDevCode.Tests\SunamoDevCode.Tests.csproj::TargetFramework=net10.0]
E:\vs\Projects\PlatformIndependentNuGetPackages\SunamoDevCode\SunamoDevCode.Tests\FoldersWithSolutionsInstanceTests.cs(46,97): warning CS8625: Cannot convert null literal to non-nullable reference type. [E:\vs\Projects\PlatformIndependentNuGetPackages\SunamoDevCode\SunamoDevCode.Tests\SunamoDevCode.Tests.csproj::TargetFramework=net10.0]
E:\vs\Projects\PlatformIndependentNuGetPackages\SunamoDevCode\SunamoDevCode.Tests\FoldersWithSolutionsInstanceTests.cs(47,56): warning CS8625: Cannot convert null literal to non-nullable reference type. [E:\vs\Projects\PlatformIndependentNuGetPackages\SunamoDevCode\SunamoDevCode.Tests\SunamoDevCode.Tests.csproj::TargetFramework=net10.0]
E:\vs\Projects\PlatformIndependentNuGetPackages\SunamoDevCode\SunamoDevCode.Tests\FoldersWithSolutionsInstanceTests.cs(57,62): warning CS8625: Cannot convert null literal to non-nullable reference type. [E:\vs\Projects\PlatformIndependentNuGetPackages\SunamoDevCode\SunamoDevCode.Tests\SunamoDevCode.Tests.csproj::TargetFramework=net10.0]
E:\vs\Projects\PlatformIndependentNuGetPackages\SunamoDevCode\SunamoDevCode.Tests\FoldersWithSolutionsInstanceTests.cs(60,54): warning CS8625: Cannot convert null literal to non-nullable reference type. [E:\vs\Projects\PlatformIndependentNuGetPackages\SunamoDevCode\SunamoDevCode.Tests\SunamoDevCode.Tests.csproj::TargetFramework=net10.0]
E:\vs\Projects\PlatformIndependentNuGetPackages\SunamoDevCode\SunamoDevCode.Tests\CSharpHelperSunamoTests.cs(7,14): warning CS1591: Missing XML comment for publicly visible type or member 'CSharpHelperSunamoTests' [E:\vs\Projects\PlatformIndependentNuGetPackages\SunamoDevCode\SunamoDevCode.Tests\SunamoDevCode.Tests.csproj::TargetFramework=net10.0]
E:\vs\Projects\PlatformIndependentNuGetPackages\SunamoDevCode\SunamoDevCode.Tests\CSharpHelperSunamoTests.cs(10,17): warning CS1591: Missing XML comment for publicly visible type or member 'CSharpHelperSunamoTests.IndentAsPreviousLineTest()' [E:\vs\Projects\PlatformIndependentNuGetPackages\SunamoDevCode\SunamoDevCode.Tests\SunamoDevCode.Tests.csproj::TargetFramework=net10.0]
E:\vs\Projects\PlatformIndependentNuGetPackages\SunamoDevCode\SunamoDevCode.Tests\Data\SolutionFolderNs\SolutionFolderTests.cs(8,14): warning CS1591: Missing XML comment for publicly visible type or member 'SolutionFolderTests' [E:\vs\Projects\PlatformIndependentNuGetPackages\SunamoDevCode\SunamoDevCode.Tests\SunamoDevCode.Tests.csproj::TargetFramework=net10.0]
E:\vs\Projects\PlatformIndependentNuGetPackages\SunamoDevCode\SunamoDevCode.Tests\Data\SolutionFolderNs\SolutionFolderTests.cs(13,17): warning CS1591: Missing XML comment for publicly visible type or member 'SolutionFolderTests.ExeToReleaseTest()' [E:\vs\Projects\PlatformIndependentNuGetPackages\SunamoDevCode\SunamoDevCode.Tests\SunamoDevCode.Tests.csproj::TargetFramework=net10.0]
E:\vs\Projects\PlatformIndependentNuGetPackages\SunamoDevCode\SunamoDevCode.Tests\FoldersWithSolutionsInstanceTests.cs(9,14): warning CS1591: Missing XML comment for publicly visible type or member 'FoldersWithSolutionsTests' [E:\vs\Projects\PlatformIndependentNuGetPackages\SunamoDevCode\SunamoDevCode.Tests\SunamoDevCode.Tests.csproj::TargetFramework=net10.0]
E:\vs\Projects\PlatformIndependentNuGetPackages\SunamoDevCode\SunamoDevCode.Tests\FoldersWithSolutionsInstanceTests.cs(14,17): warning CS1591: Missing XML comment for publicly visible type or member 'FoldersWithSolutionsTests.InsertIntoFwssTest()' [E:\vs\Projects\PlatformIndependentNuGetPackages\SunamoDevCode\SunamoDevCode.Tests\SunamoDevCode.Tests.csproj::TargetFramework=net10.0]
E:\vs\Projects\PlatformIndependentNuGetPackages\SunamoDevCode\SunamoDevCode.Tests\FoldersWithSolutionsInstanceTests.cs(20,17): warning CS1591: Missing XML comment for publicly visible type or member 'FoldersWithSolutionsTests.Reload_AllProjectFoldersIsLoaded()' [E:\vs\Projects\PlatformIndependentNuGetPackages\SunamoDevCode\SunamoDevCode.Tests\SunamoDevCode.Tests.csproj::TargetFramework=net10.0]
E:\vs\Projects\PlatformIndependentNuGetPackages\SunamoDevCode\SunamoDevCode.Tests\FoldersWithSolutionsInstanceTests.cs(28,17): warning CS1591: Missing XML comment for publicly visible type or member 'FoldersWithSolutionsTests.ReloadTest_WithNoAddingSlns()' [E:\vs\Projects\PlatformIndependentNuGetPackages\SunamoDevCode\SunamoDevCode.Tests\SunamoDevCode.Tests.csproj::TargetFramework=net10.0]
E:\vs\Projects\PlatformIndependentNuGetPackages\SunamoDevCode\SunamoDevCode.Tests\FoldersWithSolutionsInstanceTests.cs(34,17): warning CS1591: Missing XML comment for publicly visible type or member 'FoldersWithSolutionsTests.ReloadTest_WithAddSlns()' [E:\vs\Projects\PlatformIndependentNuGetPackages\SunamoDevCode\SunamoDevCode.Tests\SunamoDevCode.Tests.csproj::TargetFramework=net10.0]
E:\vs\Projects\PlatformIndependentNuGetPackages\SunamoDevCode\SunamoDevCode.Tests\FoldersWithSolutionsInstanceTests.cs(40,17): warning CS1591: Missing XML comment for publicly visible type or member 'FoldersWithSolutionsTests.ReloadTest()' [E:\vs\Projects\PlatformIndependentNuGetPackages\SunamoDevCode\SunamoDevCode.Tests\SunamoDevCode.Tests.csproj::TargetFramework=net10.0]
E:\vs\Projects\PlatformIndependentNuGetPackages\SunamoDevCode\SunamoDevCode.Tests\FoldersWithSolutionsInstanceTests.cs(53,17): warning CS1591: Missing XML comment for publicly visible type or member 'FoldersWithSolutionsTests.Reload_IndexesProjectsInWhenFolder_WhenRootIsEVs()' [E:\vs\Projects\PlatformIndependentNuGetPackages\SunamoDevCode\SunamoDevCode.Tests\SunamoDevCode.Tests.csproj::TargetFramework=net10.0]
E:\vs\Projects\PlatformIndependentNuGetPackages\SunamoDevCode\SunamoDevCode.Tests\UnitTest1.cs(4,14): warning CS1591: Missing XML comment for publicly visible type or member 'UnitTest1' [E:\vs\Projects\PlatformIndependentNuGetPackages\SunamoDevCode\SunamoDevCode.Tests\SunamoDevCode.Tests.csproj::TargetFramework=net10.0]
E:\vs\Projects\PlatformIndependentNuGetPackages\SunamoDevCode\SunamoDevCode.Tests\UnitTest1.cs(7,17): warning CS1591: Missing XML comment for publicly visible type or member 'UnitTest1.Test1()' [E:\vs\Projects\PlatformIndependentNuGetPackages\SunamoDevCode\SunamoDevCode.Tests\SunamoDevCode.Tests.csproj::TargetFramework=net10.0]
  SunamoDevCode.Tests -> E:\vs\Projects\PlatformIndependentNuGetPackages\SunamoDevCode\SunamoDevCode.Tests\bin\Debug\net10.0\SunamoDevCode.Tests.dll
E:\vs\Projects\PlatformIndependentNuGetPackages\SunamoDevCode\SunamoDevCode.Tests\Data\SolutionFolderNs\SolutionFolderTests.cs(18,63): warning CS8625: Cannot convert null literal to non-nullable reference type. [E:\vs\Projects\PlatformIndependentNuGetPackages\SunamoDevCode\SunamoDevCode.Tests\SunamoDevCode.Tests.csproj::TargetFramework=net9.0]
E:\vs\Projects\PlatformIndependentNuGetPackages\SunamoDevCode\SunamoDevCode.Tests\Data\SolutionFolderNs\SolutionFolderTests.cs(21,9): warning CS8602: Dereference of a possibly null reference. [E:\vs\Projects\PlatformIndependentNuGetPackages\SunamoDevCode\SunamoDevCode.Tests\SunamoDevCode.Tests.csproj::TargetFramework=net9.0]
E:\vs\Projects\PlatformIndependentNuGetPackages\SunamoDevCode\SunamoDevCode.Tests\FoldersWithSolutionsInstanceTests.cs(16,71): warning CS8625: Cannot convert null literal to non-nullable reference type. [E:\vs\Projects\PlatformIndependentNuGetPackages\SunamoDevCode\SunamoDevCode.Tests\SunamoDevCode.Tests.csproj::TargetFramework=net9.0]
E:\vs\Projects\PlatformIndependentNuGetPackages\SunamoDevCode\SunamoDevCode.Tests\FoldersWithSolutionsInstanceTests.cs(22,97): warning CS8625: Cannot convert null literal to non-nullable reference type. [E:\vs\Projects\PlatformIndependentNuGetPackages\SunamoDevCode\SunamoDevCode.Tests\SunamoDevCode.Tests.csproj::TargetFramework=net9.0]
E:\vs\Projects\PlatformIndependentNuGetPackages\SunamoDevCode\SunamoDevCode.Tests\FoldersWithSolutionsInstanceTests.cs(30,70): warning CS8625: Cannot convert null literal to non-nullable reference type. [E:\vs\Projects\PlatformIndependentNuGetPackages\SunamoDevCode\SunamoDevCode.Tests\SunamoDevCode.Tests.csproj::TargetFramework=net9.0]
E:\vs\Projects\PlatformIndependentNuGetPackages\SunamoDevCode\SunamoDevCode.Tests\FoldersWithSolutionsInstanceTests.cs(36,70): warning CS8625: Cannot convert null literal to non-nullable reference type. [E:\vs\Projects\PlatformIndependentNuGetPackages\SunamoDevCode\SunamoDevCode.Tests\SunamoDevCode.Tests.csproj::TargetFramework=net9.0]
E:\vs\Projects\PlatformIndependentNuGetPackages\SunamoDevCode\SunamoDevCode.Tests\FoldersWithSolutionsInstanceTests.cs(46,97): warning CS8625: Cannot convert null literal to non-nullable reference type. [E:\vs\Projects\PlatformIndependentNuGetPackages\SunamoDevCode\SunamoDevCode.Tests\SunamoDevCode.Tests.csproj::TargetFramework=net9.0]
E:\vs\Projects\PlatformIndependentNuGetPackages\SunamoDevCode\SunamoDevCode.Tests\FoldersWithSolutionsInstanceTests.cs(47,56): warning CS8625: Cannot convert null literal to non-nullable reference type. [E:\vs\Projects\PlatformIndependentNuGetPackages\SunamoDevCode\SunamoDevCode.Tests\SunamoDevCode.Tests.csproj::TargetFramework=net9.0]
E:\vs\Projects\PlatformIndependentNuGetPackages\SunamoDevCode\SunamoDevCode.Tests\FoldersWithSolutionsInstanceTests.cs(57,62): warning CS8625: Cannot convert null literal to non-nullable reference type. [E:\vs\Projects\PlatformIndependentNuGetPackages\SunamoDevCode\SunamoDevCode.Tests\SunamoDevCode.Tests.csproj::TargetFramework=net9.0]
E:\vs\Projects\PlatformIndependentNuGetPackages\SunamoDevCode\SunamoDevCode.Tests\FoldersWithSolutionsInstanceTests.cs(60,54): warning CS8625: Cannot convert null literal to non-nullable reference type. [E:\vs\Projects\PlatformIndependentNuGetPackages\SunamoDevCode\SunamoDevCode.Tests\SunamoDevCode.Tests.csproj::TargetFramework=net9.0]
E:\vs\Projects\PlatformIndependentNuGetPackages\SunamoDevCode\SunamoDevCode.Tests\CSharpHelperSunamoTests.cs(7,14): warning CS1591: Missing XML comment for publicly visible type or member 'CSharpHelperSunamoTests' [E:\vs\Projects\PlatformIndependentNuGetPackages\SunamoDevCode\SunamoDevCode.Tests\SunamoDevCode.Tests.csproj::TargetFramework=net9.0]
E:\vs\Projects\PlatformIndependentNuGetPackages\SunamoDevCode\SunamoDevCode.Tests\CSharpHelperSunamoTests.cs(10,17): warning CS1591: Missing XML comment for publicly visible type or member 'CSharpHelperSunamoTests.IndentAsPreviousLineTest()' [E:\vs\Projects\PlatformIndependentNuGetPackages\SunamoDevCode\SunamoDevCode.Tests\SunamoDevCode.Tests.csproj::TargetFramework=net9.0]
E:\vs\Projects\PlatformIndependentNuGetPackages\SunamoDevCode\SunamoDevCode.Tests\Data\SolutionFolderNs\SolutionFolderTests.cs(8,14): warning CS1591: Missing XML comment for publicly visible type or member 'SolutionFolderTests' [E:\vs\Projects\PlatformIndependentNuGetPackages\SunamoDevCode\SunamoDevCode.Tests\SunamoDevCode.Tests.csproj::TargetFramework=net9.0]
E:\vs\Projects\PlatformIndependentNuGetPackages\SunamoDevCode\SunamoDevCode.Tests\Data\SolutionFolderNs\SolutionFolderTests.cs(13,17): warning CS1591: Missing XML comment for publicly visible type or member 'SolutionFolderTests.ExeToReleaseTest()' [E:\vs\Projects\PlatformIndependentNuGetPackages\SunamoDevCode\SunamoDevCode.Tests\SunamoDevCode.Tests.csproj::TargetFramework=net9.0]
E:\vs\Projects\PlatformIndependentNuGetPackages\SunamoDevCode\SunamoDevCode.Tests\FoldersWithSolutionsInstanceTests.cs(9,14): warning CS1591: Missing XML comment for publicly visible type or member 'FoldersWithSolutionsTests' [E:\vs\Projects\PlatformIndependentNuGetPackages\SunamoDevCode\SunamoDevCode.Tests\SunamoDevCode.Tests.csproj::TargetFramework=net9.0]
E:\vs\Projects\PlatformIndependentNuGetPackages\SunamoDevCode\SunamoDevCode.Tests\FoldersWithSolutionsInstanceTests.cs(14,17): warning CS1591: Missing XML comment for publicly visible type or member 'FoldersWithSolutionsTests.InsertIntoFwssTest()' [E:\vs\Projects\PlatformIndependentNuGetPackages\SunamoDevCode\SunamoDevCode.Tests\SunamoDevCode.Tests.csproj::TargetFramework=net9.0]
E:\vs\Projects\PlatformIndependentNuGetPackages\SunamoDevCode\SunamoDevCode.Tests\FoldersWithSolutionsInstanceTests.cs(20,17): warning CS1591: Missing XML comment for publicly visible type or member 'FoldersWithSolutionsTests.Reload_AllProjectFoldersIsLoaded()' [E:\vs\Projects\PlatformIndependentNuGetPackages\SunamoDevCode\SunamoDevCode.Tests\SunamoDevCode.Tests.csproj::TargetFramework=net9.0]
E:\vs\Projects\PlatformIndependentNuGetPackages\SunamoDevCode\SunamoDevCode.Tests\FoldersWithSolutionsInstanceTests.cs(28,17): warning CS1591: Missing XML comment for publicly visible type or member 'FoldersWithSolutionsTests.ReloadTest_WithNoAddingSlns()' [E:\vs\Projects\PlatformIndependentNuGetPackages\SunamoDevCode\SunamoDevCode.Tests\SunamoDevCode.Tests.csproj::TargetFramework=net9.0]
E:\vs\Projects\PlatformIndependentNuGetPackages\SunamoDevCode\SunamoDevCode.Tests\FoldersWithSolutionsInstanceTests.cs(34,17): warning CS1591: Missing XML comment for publicly visible type or member 'FoldersWithSolutionsTests.ReloadTest_WithAddSlns()' [E:\vs\Projects\PlatformIndependentNuGetPackages\SunamoDevCode\SunamoDevCode.Tests\SunamoDevCode.Tests.csproj::TargetFramework=net9.0]
E:\vs\Projects\PlatformIndependentNuGetPackages\SunamoDevCode\SunamoDevCode.Tests\FoldersWithSolutionsInstanceTests.cs(40,17): warning CS1591: Missing XML comment for publicly visible type or member 'FoldersWithSolutionsTests.ReloadTest()' [E:\vs\Projects\PlatformIndependentNuGetPackages\SunamoDevCode\SunamoDevCode.Tests\SunamoDevCode.Tests.csproj::TargetFramework=net9.0]
E:\vs\Projects\PlatformIndependentNuGetPackages\SunamoDevCode\SunamoDevCode.Tests\FoldersWithSolutionsInstanceTests.cs(53,17): warning CS1591: Missing XML comment for publicly visible type or member 'FoldersWithSolutionsTests.Reload_IndexesProjectsInWhenFolder_WhenRootIsEVs()' [E:\vs\Projects\PlatformIndependentNuGetPackages\SunamoDevCode\SunamoDevCode.Tests\SunamoDevCode.Tests.csproj::TargetFramework=net9.0]
E:\vs\Projects\PlatformIndependentNuGetPackages\SunamoDevCode\SunamoDevCode.Tests\UnitTest1.cs(4,14): warning CS1591: Missing XML comment for publicly visible type or member 'UnitTest1' [E:\vs\Projects\PlatformIndependentNuGetPackages\SunamoDevCode\SunamoDevCode.Tests\SunamoDevCode.Tests.csproj::TargetFramework=net9.0]
E:\vs\Projects\PlatformIndependentNuGetPackages\SunamoDevCode\SunamoDevCode.Tests\UnitTest1.cs(7,17): warning CS1591: Missing XML comment for publicly visible type or member 'UnitTest1.Test1()' [E:\vs\Projects\PlatformIndependentNuGetPackages\SunamoDevCode\SunamoDevCode.Tests\SunamoDevCode.Tests.csproj::TargetFramework=net9.0]
  SunamoDevCode.Tests -> E:\vs\Projects\PlatformIndependentNuGetPackages\SunamoDevCode\SunamoDevCode.Tests\bin\Debug\net9.0\SunamoDevCode.Tests.dll
E:\vs\Projects\PlatformIndependentNuGetPackages\SunamoDevCode\RunnerDevCode\AddOrEditNamespaceServiceTests.cs(4,14): warning CS1591: Missing XML comment for publicly visible type or member 'AddOrEditNamespaceServiceTests' [E:\vs\Projects\PlatformIndependentNuGetPackages\SunamoDevCode\RunnerDevCode\RunnerDevCode.csproj::TargetFramework=net10.0]
E:\vs\Projects\PlatformIndependentNuGetPackages\SunamoDevCode\RunnerDevCode\AddOrEditNamespaceServiceTests.cs(6,12): warning CS1591: Missing XML comment for publicly visible type or member 'AddOrEditNamespaceServiceTests.AddOrEditNamespaceServiceTests()' [E:\vs\Projects\PlatformIndependentNuGetPackages\SunamoDevCode\RunnerDevCode\RunnerDevCode.csproj::TargetFramework=net10.0]
E:\vs\Projects\PlatformIndependentNuGetPackages\SunamoDevCode\RunnerDevCode\AddOrEditNamespaceServiceTests.cs(4,14): warning CS1591: Missing XML comment for publicly visible type or member 'AddOrEditNamespaceServiceTests' [E:\vs\Projects\PlatformIndependentNuGetPackages\SunamoDevCode\RunnerDevCode\RunnerDevCode.csproj::TargetFramework=net9.0]
E:\vs\Projects\PlatformIndependentNuGetPackages\SunamoDevCode\RunnerDevCode\AddOrEditNamespaceServiceTests.cs(6,12): warning CS1591: Missing XML comment for publicly visible type or member 'AddOrEditNamespaceServiceTests.AddOrEditNamespaceServiceTests()' [E:\vs\Projects\PlatformIndependentNuGetPackages\SunamoDevCode\RunnerDevCode\RunnerDevCode.csproj::TargetFramework=net9.0]
  RunnerDevCode -> E:\vs\Projects\PlatformIndependentNuGetPackages\SunamoDevCode\RunnerDevCode\bin\Debug\net9.0\RunnerDevCode.dll
  RunnerDevCode -> E:\vs\Projects\PlatformIndependentNuGetPackages\SunamoDevCode\RunnerDevCode\bin\Debug\net10.0\RunnerDevCode.dll

Build succeeded.

E:\vs\Projects\PlatformIndependentNuGetPackages\SunamoStringGetLines\SunamoStringGetLines\SHGetLines.cs(5,14): warning CS1591: Missing XML comment for publicly visible type or member 'SHGetLines' [E:\vs\Projects\PlatformIndependentNuGetPackages\SunamoStringGetLines\SunamoStringGetLines\SunamoStringGetLines.csproj::TargetFramework=net10.0]
E:\vs\Projects\PlatformIndependentNuGetPackages\SunamoStringGetLines\SunamoStringGetLines\SHGetLines.cs(7,32): warning CS1591: Missing XML comment for publicly visible type or member 'SHGetLines.GetLines(string, GetLinesArgs?)' [E:\vs\Projects\PlatformIndependentNuGetPackages\SunamoStringGetLines\SunamoStringGetLines\SunamoStringGetLines.csproj::TargetFramework=net10.0]
E:\vs\Projects\PlatformIndependentNuGetPackages\SunamoStringGetLines\SunamoStringGetLines\SHGetLines.cs(22,32): warning CS1591: Missing XML comment for publicly visible type or member 'SHGetLines.GetLinesFromLinesWithOneRow(List<string>)' [E:\vs\Projects\PlatformIndependentNuGetPackages\SunamoStringGetLines\SunamoStringGetLines\SunamoStringGetLines.csproj::TargetFramework=net10.0]
E:\vs\Projects\PlatformIndependentNuGetPackages\SunamoStringGetLines\SunamoStringGetLines\SHGetLines.cs(5,14): warning CS1591: Missing XML comment for publicly visible type or member 'SHGetLines' [E:\vs\Projects\PlatformIndependentNuGetPackages\SunamoStringGetLines\SunamoStringGetLines\SunamoStringGetLines.csproj::TargetFramework=net9.0]
E:\vs\Projects\PlatformIndependentNuGetPackages\SunamoStringGetLines\SunamoStringGetLines\SHGetLines.cs(7,32): warning CS1591: Missing XML comment for publicly visible type or member 'SHGetLines.GetLines(string, GetLinesArgs?)' [E:\vs\Projects\PlatformIndependentNuGetPackages\SunamoStringGetLines\SunamoStringGetLines\SunamoStringGetLines.csproj::TargetFramework=net9.0]
E:\vs\Projects\PlatformIndependentNuGetPackages\SunamoStringGetLines\SunamoStringGetLines\SHGetLines.cs(22,32): warning CS1591: Missing XML comment for publicly visible type or member 'SHGetLines.GetLinesFromLinesWithOneRow(List<string>)' [E:\vs\Projects\PlatformIndependentNuGetPackages\SunamoStringGetLines\SunamoStringGetLines\SunamoStringGetLines.csproj::TargetFramework=net9.0]
E:\vs\Projects\PlatformIndependentNuGetPackages\SunamoString\SunamoString\_public\SunamoData\Data\FromToString.cs(5,32): warning CS0108: 'FromToString.Empty' hides inherited member 'FromToTSHString<long>.Empty'. Use the new keyword if hiding was intended. [E:\vs\Projects\PlatformIndependentNuGetPackages\SunamoString\SunamoString\SunamoString.csproj::TargetFramework=net10.0]
E:\vs\Projects\PlatformIndependentNuGetPackages\SunamoString\SunamoString\_sunamo\SunamoDictionary\DictionaryHelper.cs(5,58): warning CS8714: The type 'T' cannot be used as type parameter 'TKey' in the generic type or method 'Dictionary<TKey, TValue>'. Nullability of type argument 'T' doesn't match 'notnull' constraint. [E:\vs\Projects\PlatformIndependentNuGetPackages\SunamoString\SunamoString\SunamoString.csproj::TargetFramework=net10.0]
E:\vs\Projects\PlatformIndependentNuGetPackages\SunamoString\SunamoString\SH.cs(530,78): warning CS8625: Cannot convert null literal to non-nullable reference type. [E:\vs\Projects\PlatformIndependentNuGetPackages\SunamoString\SunamoString\SunamoString.csproj::TargetFramework=net10.0]
E:\vs\Projects\PlatformIndependentNuGetPackages\SunamoString\SunamoString\SH.cs(670,101): warning CS8625: Cannot convert null literal to non-nullable reference type. [E:\vs\Projects\PlatformIndependentNuGetPackages\SunamoString\SunamoString\SunamoString.csproj::TargetFramework=net10.0]
E:\vs\Projects\PlatformIndependentNuGetPackages\SunamoString\SunamoString\SH.cs(2230,37): warning CS8625: Cannot convert null literal to non-nullable reference type. [E:\vs\Projects\PlatformIndependentNuGetPackages\SunamoString\SunamoString\SunamoString.csproj::TargetFramework=net10.0]
E:\vs\Projects\PlatformIndependentNuGetPackages\SunamoString\SunamoString\_public\StringOrStringList.cs(5,12): warning CS8618: Non-nullable property 'List' must contain a non-null value when exiting constructor. Consider adding the 'required' modifier or declaring the property as nullable. [E:\vs\Projects\PlatformIndependentNuGetPackages\SunamoString\SunamoString\SunamoString.csproj::TargetFramework=net10.0]
E:\vs\Projects\PlatformIndependentNuGetPackages\SunamoString\SunamoString\_sunamo\WhitespaceCharService.cs(5,25): warning CS8618: Non-nullable field 'WhiteSpaceChars' must contain a non-null value when exiting constructor. Consider adding the 'required' modifier or declaring the field as nullable. [E:\vs\Projects\PlatformIndependentNuGetPackages\SunamoString\SunamoString\SunamoString.csproj::TargetFramework=net10.0]
E:\vs\Projects\PlatformIndependentNuGetPackages\SunamoString\SunamoString\_sunamo\LetterAndDigitCharService.cs(5,25): warning CS8618: Non-nullable field 'AllCharsWithoutSpecial' must contain a non-null value when exiting constructor. Consider adding the 'required' modifier or declaring the field as nullable. [E:\vs\Projects\PlatformIndependentNuGetPackages\SunamoString\SunamoString\SunamoString.csproj::TargetFramework=net10.0]
E:\vs\Projects\PlatformIndependentNuGetPackages\SunamoString\SunamoString\_sunamo\LetterAndDigitCharService.cs(6,25): warning CS8618: Non-nullable field 'AllChars' must contain a non-null value when exiting constructor. Consider adding the 'required' modifier or declaring the field as nullable. [E:\vs\Projects\PlatformIndependentNuGetPackages\SunamoString\SunamoString\SunamoString.csproj::TargetFramework=net10.0]
E:\vs\Projects\PlatformIndependentNuGetPackages\SunamoString\SunamoString\_public\StringOrStringList.cs(9,12): warning CS8618: Non-nullable property 'String' must contain a non-null value when exiting constructor. Consider adding the 'required' modifier or declaring the property as nullable. [E:\vs\Projects\PlatformIndependentNuGetPackages\SunamoString\SunamoString\SunamoString.csproj::TargetFramework=net10.0]
E:\vs\Projects\PlatformIndependentNuGetPackages\SunamoString\SunamoString\TT.cs(19,78): warning CS8604: Possible null reference argument for parameter 'value' in 'string TT.NameValue(string name, string value)'. [E:\vs\Projects\PlatformIndependentNuGetPackages\SunamoString\SunamoString\SunamoString.csproj::TargetFramework=net10.0]
E:\vs\Projects\PlatformIndependentNuGetPackages\SunamoString\SunamoString\_public\SunamoData\Data\ABString.cs(11,37): warning CS8625: Cannot convert null literal to non-nullable reference type. [E:\vs\Projects\PlatformIndependentNuGetPackages\SunamoString\SunamoString\SunamoString.csproj::TargetFramework=net10.0]
E:\vs\Projects\PlatformIndependentNuGetPackages\SunamoString\SunamoString\_public\SunamoData\Data\ABString.cs(17,37): warning CS8625: Cannot convert null literal to non-nullable reference type. [E:\vs\Projects\PlatformIndependentNuGetPackages\SunamoString\SunamoString\SunamoString.csproj::TargetFramework=net10.0]
E:\vs\Projects\PlatformIndependentNuGetPackages\SunamoString\SunamoString\_public\SunamoData\Data\SquareMapLines.cs(22,12): warning CS8618: Non-nullable property 'CurlyBrackets' must contain a non-null value when exiting constructor. Consider adding the 'required' modifier or declaring the property as nullable. [E:\vs\Projects\PlatformIndependentNuGetPackages\SunamoString\SunamoString\SunamoString.csproj::TargetFramework=net10.0]
E:\vs\Projects\PlatformIndependentNuGetPackages\SunamoString\SunamoString\_public\SunamoData\Data\SquareMapLines.cs(22,12): warning CS8618: Non-nullable property 'SquareBrackets' must contain a non-null value when exiting constructor. Consider adding the 'required' modifier or declaring the property as nullable. [E:\vs\Projects\PlatformIndependentNuGetPackages\SunamoString\SunamoString\SunamoString.csproj::TargetFramework=net10.0]
E:\vs\Projects\PlatformIndependentNuGetPackages\SunamoString\SunamoString\_public\SunamoData\Data\SquareMapLines.cs(22,12): warning CS8618: Non-nullable property 'Brackets' must contain a non-null value when exiting constructor. Consider adding the 'required' modifier or declaring the property as nullable. [E:\vs\Projects\PlatformIndependentNuGetPackages\SunamoString\SunamoString\SunamoString.csproj::TargetFramework=net10.0]
E:\vs\Projects\PlatformIndependentNuGetPackages\SunamoString\SunamoString\_public\SunamoData\Data\SquareMapLines.cs(22,12): warning CS8618: Non-nullable property 'EndingCurlyBrackets' must contain a non-null value when exiting constructor. Consider adding the 'required' modifier or declaring the property as nullable. [E:\vs\Projects\PlatformIndependentNuGetPackages\SunamoString\SunamoString\SunamoString.csproj::TargetFramework=net10.0]
E:\vs\Projects\PlatformIndependentNuGetPackages\SunamoString\SunamoString\_public\SunamoData\Data\SquareMapLines.cs(22,12): warning CS8618: Non-nullable property 'EndingSquareBrackets' must contain a non-null value when exiting constructor. Consider adding the 'required' modifier or declaring the property as nullable. [E:\vs\Projects\PlatformIndependentNuGetPackages\SunamoString\SunamoString\SunamoString.csproj::TargetFramework=net10.0]
E:\vs\Projects\PlatformIndependentNuGetPackages\SunamoString\SunamoString\_public\SunamoData\Data\SquareMapLines.cs(22,12): warning CS8618: Non-nullable property 'EndingBrackets' must contain a non-null value when exiting constructor. Consider adding the 'required' modifier or declaring the property as nullable. [E:\vs\Projects\PlatformIndependentNuGetPackages\SunamoString\SunamoString\SunamoString.csproj::TargetFramework=net10.0]
E:\vs\Projects\PlatformIndependentNuGetPackages\SunamoString\SunamoString\_public\SunamoData\Data\ABString.cs(27,29): warning CS8604: Possible null reference argument for parameter 'firstValue' in 'ABString.ABString(string firstValue, object secondValue)'. [E:\vs\Projects\PlatformIndependentNuGetPackages\SunamoString\SunamoString\SunamoString.csproj::TargetFramework=net10.0]
E:\vs\Projects\PlatformIndependentNuGetPackages\SunamoString\SunamoString\_public\SunamoData\Data\SquareMapLines.cs(26,12): warning CS8618: Non-nullable property 'CurlyBrackets' must contain a non-null value when exiting constructor. Consider adding the 'required' modifier or declaring the property as nullable. [E:\vs\Projects\PlatformIndependentNuGetPackages\SunamoString\SunamoString\SunamoString.csproj::TargetFramework=net10.0]
E:\vs\Projects\PlatformIndependentNuGetPackages\SunamoString\SunamoString\_public\SunamoData\Data\SquareMapLines.cs(26,12): warning CS8618: Non-nullable property 'SquareBrackets' must contain a non-null value when exiting constructor. Consider adding the 'required' modifier or declaring the property as nullable. [E:\vs\Projects\PlatformIndependentNuGetPackages\SunamoString\SunamoString\SunamoString.csproj::TargetFramework=net10.0]
E:\vs\Projects\PlatformIndependentNuGetPackages\SunamoString\SunamoString\_public\SunamoData\Data\SquareMapLines.cs(26,12): warning CS8618: Non-nullable property 'Brackets' must contain a non-null value when exiting constructor. Consider adding the 'required' modifier or declaring the property as nullable. [E:\vs\Projects\PlatformIndependentNuGetPackages\SunamoString\SunamoString\SunamoString.csproj::TargetFramework=net10.0]
E:\vs\Projects\PlatformIndependentNuGetPackages\SunamoString\SunamoString\_public\SunamoData\Data\SquareMapLines.cs(26,12): warning CS8618: Non-nullable property 'EndingCurlyBrackets' must contain a non-null value when exiting constructor. Consider adding the 'required' modifier or declaring the property as nullable. [E:\vs\Projects\PlatformIndependentNuGetPackages\SunamoString\SunamoString\SunamoString.csproj::TargetFramework=net10.0]
E:\vs\Projects\PlatformIndependentNuGetPackages\SunamoString\SunamoString\_public\SunamoData\Data\SquareMapLines.cs(26,12): warning CS8618: Non-nullable property 'EndingSquareBrackets' must contain a non-null value when exiting constructor. Consider adding the 'required' modifier or declaring the property as nullable. [E:\vs\Projects\PlatformIndependentNuGetPackages\SunamoString\SunamoString\SunamoString.csproj::TargetFramework=net10.0]
E:\vs\Projects\PlatformIndependentNuGetPackages\SunamoString\SunamoString\_public\SunamoData\Data\SquareMapLines.cs(26,12): warning CS8618: Non-nullable property 'EndingBrackets' must contain a non-null value when exiting constructor. Consider adding the 'required' modifier or declaring the property as nullable. [E:\vs\Projects\PlatformIndependentNuGetPackages\SunamoString\SunamoString\SunamoString.csproj::TargetFramework=net10.0]
E:\vs\Projects\PlatformIndependentNuGetPackages\SunamoString\SunamoString\_public\SunamoData\Data\CharFormatDataString.cs(15,42): warning CS8625: Cannot convert null literal to non-nullable reference type. [E:\vs\Projects\PlatformIndependentNuGetPackages\SunamoString\SunamoString\SunamoString.csproj::TargetFramework=net10.0]
E:\vs\Projects\PlatformIndependentNuGetPackages\SunamoString\SunamoString\_public\SunamoData\Data\CharFormatDataString.cs(38,48): warning CS8625: Cannot convert null literal to non-nullable reference type. [E:\vs\Projects\PlatformIndependentNuGetPackages\SunamoString\SunamoString\SunamoString.csproj::TargetFramework=net10.0]
E:\vs\Projects\PlatformIndependentNuGetPackages\SunamoString\SunamoString\_sunamo\SpecialCharsService.cs(16,34): warning CS8618: Non-nullable field 'SpecialCharsAll' must contain a non-null value when exiting constructor. Consider adding the 'required' modifier or declaring the field as nullable. [E:\vs\Projects\PlatformIndependentNuGetPackages\SunamoString\SunamoString\SunamoString.csproj::TargetFramework=net10.0]
E:\vs\Projects\PlatformIndependentNuGetPackages\SunamoString\SunamoString\_public\SunamoData\Data\ABCString.cs(29,22): warning CS8625: Cannot convert null literal to non-nullable reference type. [E:\vs\Projects\PlatformIndependentNuGetPackages\SunamoString\SunamoString\SunamoString.csproj::TargetFramework=net10.0]
E:\vs\Projects\PlatformIndependentNuGetPackages\SunamoString\SunamoString\_public\SunamoData\Data\FromToTSHString.cs(31,30): warning CS8600: Converting null literal or possible null value to non-nullable type. [E:\vs\Projects\PlatformIndependentNuGetPackages\SunamoString\SunamoString\SunamoString.csproj::TargetFramework=net10.0]
E:\vs\Projects\PlatformIndependentNuGetPackages\SunamoString\SunamoString\_public\SunamoData\Data\FromToTSHString.cs(36,28): warning CS8600: Converting null literal or possible null value to non-nullable type. [E:\vs\Projects\PlatformIndependentNuGetPackages\SunamoString\SunamoString\SunamoString.csproj::TargetFramework=net10.0]
E:\vs\Projects\PlatformIndependentNuGetPackages\SunamoString\SunamoString\_public\SunamoData\Data\ABCString.cs(44,36): warning CS8602: Dereference of a possibly null reference. [E:\vs\Projects\PlatformIndependentNuGetPackages\SunamoString\SunamoString\SunamoString.csproj::TargetFramework=net10.0]
E:\vs\Projects\PlatformIndependentNuGetPackages\SunamoString\SunamoString\_public\SunamoData\Data\ABCString.cs(45,26): warning CS8602: Dereference of a possibly null reference. [E:\vs\Projects\PlatformIndependentNuGetPackages\SunamoString\SunamoString\SunamoString.csproj::TargetFramework=net10.0]
E:\vs\Projects\PlatformIndependentNuGetPackages\SunamoString\SunamoString\_public\SunamoData\Data\ABCString.cs(84,39): warning CS8604: Possible null reference argument for parameter 'firstValue' in 'ABString ABString.Get(string firstValue, object secondValue)'. [E:\vs\Projects\PlatformIndependentNuGetPackages\SunamoString\SunamoString\SunamoString.csproj::TargetFramework=net10.0]
E:\vs\Projects\PlatformIndependentNuGetPackages\SunamoString\SunamoString\SH.cs(13,23): warning CS8600: Converting null literal or possible null value to non-nullable type. [E:\vs\Projects\PlatformIndependentNuGetPackages\SunamoString\SunamoString\SunamoString.csproj::TargetFramework=net10.0]
E:\vs\Projects\PlatformIndependentNuGetPackages\SunamoString\SunamoString\SH.cs(60,31): warning CS8604: Possible null reference argument for parameter 'value' in 'bool string.Contains(string value)'. [E:\vs\Projects\PlatformIndependentNuGetPackages\SunamoString\SunamoString\SunamoString.csproj::TargetFramework=net10.0]
E:\vs\Projects\PlatformIndependentNuGetPackages\SunamoString\SunamoString\Extensions\StringExtensions.cs(34,36): warning CS8600: Converting null literal or possible null value to non-nullable type. [E:\vs\Projects\PlatformIndependentNuGetPackages\SunamoString\SunamoString\SunamoString.csproj::TargetFramework=net10.0]
E:\vs\Projects\PlatformIndependentNuGetPackages\SunamoString\SunamoString\_sunamo\SunamoStringParts\SHParts.cs(7,37): warning CS8604: Possible null reference argument for parameter 'value' in 'int string.LastIndexOf(string value)'. [E:\vs\Projects\PlatformIndependentNuGetPackages\SunamoString\SunamoString\SunamoString.csproj::TargetFramework=net10.0]
E:\vs\Projects\PlatformIndependentNuGetPackages\SunamoString\SunamoString\_sunamo\SunamoStringReplace\SHReplace.cs(40,25): warning CS8600: Converting null literal or possible null value to non-nullable type. [E:\vs\Projects\PlatformIndependentNuGetPackages\SunamoString\SunamoString\SunamoString.csproj::TargetFramework=net10.0]
E:\vs\Projects\PlatformIndependentNuGetPackages\SunamoString\SunamoString\_sunamo\SunamoStringReplace\SHReplace.cs(40,20): warning CS8600: Converting null literal or possible null value to non-nullable type. [E:\vs\Projects\PlatformIndependentNuGetPackages\SunamoString\SunamoString\SunamoString.csproj::TargetFramework=net10.0]
E:\vs\Projects\PlatformIndependentNuGetPackages\SunamoString\SunamoString\_sunamo\SunamoStringReplace\SHReplace.cs(33,16): warning CS0219: The variable 'methodName' is assigned but its value is never used [E:\vs\Projects\PlatformIndependentNuGetPackages\SunamoString\SunamoString\SunamoString.csproj::TargetFramework=net10.0]
E:\vs\Projects\PlatformIndependentNuGetPackages\SunamoString\SunamoString\SH.cs(235,43): warning CS8600: Converting null literal or possible null value to non-nullable type. [E:\vs\Projects\PlatformIndependentNuGetPackages\SunamoString\SunamoString\SunamoString.csproj::TargetFramework=net10.0]
E:\vs\Projects\PlatformIndependentNuGetPackages\SunamoString\SunamoString\SH.cs(236,44): warning CS8600: Converting null literal or possible null value to non-nullable type. [E:\vs\Projects\PlatformIndependentNuGetPackages\SunamoString\SunamoString\SunamoString.csproj::TargetFramework=net10.0]
E:\vs\Projects\PlatformIndependentNuGetPackages\SunamoString\SunamoString\SH.cs(237,93): warning CS8601: Possible null reference assignment. [E:\vs\Projects\PlatformIndependentNuGetPackages\SunamoString\SunamoString\SunamoString.csproj::TargetFramework=net10.0]
E:\vs\Projects\PlatformIndependentNuGetPackages\SunamoString\SunamoString\SH.cs(237,120): warning CS8601: Possible null reference assignment. [E:\vs\Projects\PlatformIndependentNuGetPackages\SunamoString\SunamoString\SunamoString.csproj::TargetFramework=net10.0]
E:\vs\Projects\PlatformIndependentNuGetPackages\SunamoString\SunamoString\_sunamo\SunamoValues\Values\AllLists.cs(8,81): warning CS8625: Cannot convert null literal to non-nullable reference type. [E:\vs\Projects\PlatformIndependentNuGetPackages\SunamoString\SunamoString\SunamoString.csproj::TargetFramework=net10.0]
E:\vs\Projects\PlatformIndependentNuGetPackages\SunamoString\SunamoString\_sunamo\SunamoValues\Values\AllLists.cs(13,86): warning CS8625: Cannot convert null literal to non-nullable reference type. [E:\vs\Projects\PlatformIndependentNuGetPackages\SunamoString\SunamoString\SunamoString.csproj::TargetFramework=net10.0]
E:\vs\Projects\PlatformIndependentNuGetPackages\SunamoString\SunamoString\_sunamo\SunamoValues\Values\AllLists.cs(20,67): warning CS8625: Cannot convert null literal to non-nullable reference type. [E:\vs\Projects\PlatformIndependentNuGetPackages\SunamoString\SunamoString\SunamoString.csproj::TargetFramework=net10.0]
E:\vs\Projects\PlatformIndependentNuGetPackages\SunamoString\SunamoString\_sunamo\SunamoValues\Values\AllLists.cs(34,63): warning CS8625: Cannot convert null literal to non-nullable reference type. [E:\vs\Projects\PlatformIndependentNuGetPackages\SunamoString\SunamoString\SunamoString.csproj::TargetFramework=net10.0]
E:\vs\Projects\PlatformIndependentNuGetPackages\SunamoString\SunamoString\SH.cs(553,51): warning CS8603: Possible null reference return. [E:\vs\Projects\PlatformIndependentNuGetPackages\SunamoString\SunamoString\SunamoString.csproj::TargetFramework=net10.0]
E:\vs\Projects\PlatformIndependentNuGetPackages\SunamoString\SunamoString\SH.cs(684,16): warning CS8603: Possible null reference return. [E:\vs\Projects\PlatformIndependentNuGetPackages\SunamoString\SunamoString\SunamoString.csproj::TargetFramework=net10.0]
E:\vs\Projects\PlatformIndependentNuGetPackages\SunamoString\SunamoString\SH.cs(695,39): warning CS8600: Converting null literal or possible null value to non-nullable type. [E:\vs\Projects\PlatformIndependentNuGetPackages\SunamoString\SunamoString\SunamoString.csproj::TargetFramework=net10.0]
E:\vs\Projects\PlatformIndependentNuGetPackages\SunamoString\SunamoString\SH.cs(704,21): warning CS8602: Dereference of a possibly null reference. [E:\vs\Projects\PlatformIndependentNuGetPackages\SunamoString\SunamoString\SunamoString.csproj::TargetFramework=net10.0]
E:\vs\Projects\PlatformIndependentNuGetPackages\SunamoString\SunamoString\SH.cs(950,31): warning CS8600: Converting null literal or possible null value to non-nullable type. [E:\vs\Projects\PlatformIndependentNuGetPackages\SunamoString\SunamoString\SunamoString.csproj::TargetFramework=net10.0]
E:\vs\Projects\PlatformIndependentNuGetPackages\SunamoString\SunamoString\SH.cs(1013,23): warning CS8600: Converting null literal or possible null value to non-nullable type. [E:\vs\Projects\PlatformIndependentNuGetPackages\SunamoString\SunamoString\SunamoString.csproj::TargetFramework=net10.0]
E:\vs\Projects\PlatformIndependentNuGetPackages\SunamoString\SunamoString\SH.cs(1113,13): warning CS0219: The variable 'firstCharBeforeIsLetter' is assigned but its value is never used [E:\vs\Projects\PlatformIndependentNuGetPackages\SunamoString\SunamoString\SunamoString.csproj::TargetFramework=net10.0]
E:\vs\Projects\PlatformIndependentNuGetPackages\SunamoString\SunamoString\SH.cs(1142,48): warning CS0642: Possible mistaken empty statement [E:\vs\Projects\PlatformIndependentNuGetPackages\SunamoString\SunamoString\SunamoString.csproj::TargetFramework=net10.0]
E:\vs\Projects\PlatformIndependentNuGetPackages\SunamoString\SunamoString\SH.cs(1237,36): warning CS8625: Cannot convert null literal to non-nullable reference type. [E:\vs\Projects\PlatformIndependentNuGetPackages\SunamoString\SunamoString\SunamoString.csproj::TargetFramework=net10.0]
E:\vs\Projects\PlatformIndependentNuGetPackages\SunamoString\SunamoString\SH.cs(1237,20): warning CS8601: Possible null reference assignment. [E:\vs\Projects\PlatformIndependentNuGetPackages\SunamoString\SunamoString\SunamoString.csproj::TargetFramework=net10.0]
E:\vs\Projects\PlatformIndependentNuGetPackages\SunamoString\SunamoString\SH.cs(1348,35): warning CS8603: Possible null reference return. [E:\vs\Projects\PlatformIndependentNuGetPackages\SunamoString\SunamoString\SunamoString.csproj::TargetFramework=net10.0]
E:\vs\Projects\PlatformIndependentNuGetPackages\SunamoString\SunamoString\SH.cs(1349,16): warning CS8603: Possible null reference return. [E:\vs\Projects\PlatformIndependentNuGetPackages\SunamoString\SunamoString\SunamoString.csproj::TargetFramework=net10.0]
E:\vs\Projects\PlatformIndependentNuGetPackages\SunamoString\SunamoString\SH.cs(1854,9): warning CS0162: Unreachable code detected [E:\vs\Projects\PlatformIndependentNuGetPackages\SunamoString\SunamoString\SunamoString.csproj::TargetFramework=net10.0]
E:\vs\Projects\PlatformIndependentNuGetPackages\SunamoString\SunamoString\SH.cs(1951,16): warning CS8603: Possible null reference return. [E:\vs\Projects\PlatformIndependentNuGetPackages\SunamoString\SunamoString\SunamoString.csproj::TargetFramework=net10.0]
E:\vs\Projects\PlatformIndependentNuGetPackages\SunamoString\SunamoString\SH.cs(2260,17): warning CS8602: Dereference of a possibly null reference. [E:\vs\Projects\PlatformIndependentNuGetPackages\SunamoString\SunamoString\SunamoString.csproj::TargetFramework=net10.0]
E:\vs\Projects\PlatformIndependentNuGetPackages\SunamoString\SunamoString\SH.cs(2376,24): warning CS8600: Converting null literal or possible null value to non-nullable type. [E:\vs\Projects\PlatformIndependentNuGetPackages\SunamoString\SunamoString\SunamoString.csproj::TargetFramework=net10.0]
E:\vs\Projects\PlatformIndependentNuGetPackages\SunamoString\SunamoString\SH.cs(2376,16): warning CS8600: Converting null literal or possible null value to non-nullable type. [E:\vs\Projects\PlatformIndependentNuGetPackages\SunamoString\SunamoString\SunamoString.csproj::TargetFramework=net10.0]
E:\vs\Projects\PlatformIndependentNuGetPackages\SunamoString\SunamoString\SH.cs(2377,42): warning CS8601: Possible null reference assignment. [E:\vs\Projects\PlatformIndependentNuGetPackages\SunamoString\SunamoString\SunamoString.csproj::TargetFramework=net10.0]
E:\vs\Projects\PlatformIndependentNuGetPackages\SunamoString\SunamoString\SH.cs(2377,52): warning CS8601: Possible null reference assignment. [E:\vs\Projects\PlatformIndependentNuGetPackages\SunamoString\SunamoString\SunamoString.csproj::TargetFramework=net10.0]
E:\vs\Projects\PlatformIndependentNuGetPackages\SunamoString\SunamoString\SH.cs(2380,12): warning CS8618: Non-nullable property 'BracketsLeftList' must contain a non-null value when exiting constructor. Consider adding the 'required' modifier or declaring the property as nullable. [E:\vs\Projects\PlatformIndependentNuGetPackages\SunamoString\SunamoString\SunamoString.csproj::TargetFramework=net10.0]
E:\vs\Projects\PlatformIndependentNuGetPackages\SunamoString\SunamoString\SH.cs(2380,12): warning CS8618: Non-nullable property 'BracketsRightList' must contain a non-null value when exiting constructor. Consider adding the 'required' modifier or declaring the property as nullable. [E:\vs\Projects\PlatformIndependentNuGetPackages\SunamoString\SunamoString\SunamoString.csproj::TargetFramework=net10.0]
E:\vs\Projects\PlatformIndependentNuGetPackages\SunamoString\SunamoString\SH.cs(2380,12): warning CS8618: Non-nullable field 'BracketsLeft' must contain a non-null value when exiting constructor. Consider adding the 'required' modifier or declaring the field as nullable. [E:\vs\Projects\PlatformIndependentNuGetPackages\SunamoString\SunamoString\SunamoString.csproj::TargetFramework=net10.0]
E:\vs\Projects\PlatformIndependentNuGetPackages\SunamoString\SunamoString\SH.cs(2380,12): warning CS8618: Non-nullable field 'BracketsRight' must contain a non-null value when exiting constructor. Consider adding the 'required' modifier or declaring the field as nullable. [E:\vs\Projects\PlatformIndependentNuGetPackages\SunamoString\SunamoString\SunamoString.csproj::TargetFramework=net10.0]
E:\vs\Projects\PlatformIndependentNuGetPackages\SunamoString\SunamoString\SH.cs(3159,21): warning CS8600: Converting null literal or possible null value to non-nullable type. [E:\vs\Projects\PlatformIndependentNuGetPackages\SunamoString\SunamoString\SunamoString.csproj::TargetFramework=net10.0]
E:\vs\Projects\PlatformIndependentNuGetPackages\SunamoString\SunamoString\SH.cs(3183,24): warning CS8603: Possible null reference return. [E:\vs\Projects\PlatformIndependentNuGetPackages\SunamoString\SunamoString\SunamoString.csproj::TargetFramework=net10.0]
E:\vs\Projects\PlatformIndependentNuGetPackages\SunamoString\SunamoString\SH.cs(3187,16): warning CS8603: Possible null reference return. [E:\vs\Projects\PlatformIndependentNuGetPackages\SunamoString\SunamoString\SunamoString.csproj::TargetFramework=net10.0]
E:\vs\Projects\PlatformIndependentNuGetPackages\SunamoString\SunamoString\SH.cs(3216,16): warning CS8603: Possible null reference return. [E:\vs\Projects\PlatformIndependentNuGetPackages\SunamoString\SunamoString\SunamoString.csproj::TargetFramework=net10.0]
E:\vs\Projects\PlatformIndependentNuGetPackages\SunamoString\SunamoString\_sunamo\LetterAndDigitCharService.cs(5,25): warning CS0649: Field 'LetterAndDigitCharService.AllCharsWithoutSpecial' is never assigned to, and will always have its default value null [E:\vs\Projects\PlatformIndependentNuGetPackages\SunamoString\SunamoString\SunamoString.csproj::TargetFramework=net10.0]
E:\vs\Projects\PlatformIndependentNuGetPackages\SunamoString\SunamoString\_sunamo\SpecialCharsService.cs(16,34): warning CS0649: Field 'SpecialCharsService.SpecialCharsAll' is never assigned to, and will always have its default value null [E:\vs\Projects\PlatformIndependentNuGetPackages\SunamoString\SunamoString\SunamoString.csproj::TargetFramework=net10.0]
E:\vs\Projects\PlatformIndependentNuGetPackages\SunamoString\SunamoString\_sunamo\WhitespaceCharService.cs(5,25): warning CS0649: Field 'WhitespaceCharService.WhiteSpaceChars' is never assigned to, and will always have its default value null [E:\vs\Projects\PlatformIndependentNuGetPackages\SunamoString\SunamoString\SunamoString.csproj::TargetFramework=net10.0]
E:\vs\Projects\PlatformIndependentNuGetPackages\SunamoString\SunamoString\_sunamo\LetterAndDigitCharService.cs(6,25): warning CS0649: Field 'LetterAndDigitCharService.AllChars' is never assigned to, and will always have its default value null [E:\vs\Projects\PlatformIndependentNuGetPackages\SunamoString\SunamoString\SunamoString.csproj::TargetFramework=net10.0]
E:\vs\Projects\PlatformIndependentNuGetPackages\SunamoString\SunamoString\BalancedBrackets.cs(3,14): warning CS1591: Missing XML comment for publicly visible type or member 'BalancedBrackets' [E:\vs\Projects\PlatformIndependentNuGetPackages\SunamoString\SunamoString\SunamoString.csproj::TargetFramework=net10.0]
E:\vs\Projects\PlatformIndependentNuGetPackages\SunamoString\SunamoString\BalancedBrackets.cs(21,24): warning CS1591: Missing XML comment for publicly visible type or member 'BalancedBrackets.AreBracketsBalanced(List<char>)' [E:\vs\Projects\PlatformIndependentNuGetPackages\SunamoString\SunamoString\SunamoString.csproj::TargetFramework=net10.0]
E:\vs\Projects\PlatformIndependentNuGetPackages\SunamoString\SunamoString\Delegates\StringDelegates.cs(3,14): warning CS1591: Missing XML comment for publicly visible type or member 'StringDelegates' [E:\vs\Projects\PlatformIndependentNuGetPackages\SunamoString\SunamoString\SunamoString.csproj::TargetFramework=net10.0]
E:\vs\Projects\PlatformIndependentNuGetPackages\SunamoString\SunamoString\Delegates\StringDelegates.cs(6,24): warning CS1591: Missing XML comment for publicly visible type or member 'StringDelegates.Contains(string, string)' [E:\vs\Projects\PlatformIndependentNuGetPackages\SunamoString\SunamoString\SunamoString.csproj::TargetFramework=net10.0]
E:\vs\Projects\PlatformIndependentNuGetPackages\SunamoString\SunamoString\Enums\Brackets.cs(3,13): warning CS1591: Missing XML comment for publicly visible type or member 'Brackets' [E:\vs\Projects\PlatformIndependentNuGetPackages\SunamoString\SunamoString\SunamoString.csproj::TargetFramework=net10.0]
E:\vs\Projects\PlatformIndependentNuGetPackages\SunamoString\SunamoString\Enums\Brackets.cs(5,5): warning CS1591: Missing XML comment for publicly visible type or member 'Brackets.Curly' [E:\vs\Projects\PlatformIndependentNuGetPackages\SunamoString\SunamoString\SunamoString.csproj::TargetFramework=net10.0]
E:\vs\Projects\PlatformIndependentNuGetPackages\SunamoString\SunamoString\Enums\Brackets.cs(6,5): warning CS1591: Missing XML comment for publicly visible type or member 'Brackets.Square' [E:\vs\Projects\PlatformIndependentNuGetPackages\SunamoString\SunamoString\SunamoString.csproj::TargetFramework=net10.0]
E:\vs\Projects\PlatformIndependentNuGetPackages\SunamoString\SunamoString\Enums\Brackets.cs(7,5): warning CS1591: Missing XML comment for publicly visible type or member 'Brackets.Normal' [E:\vs\Projects\PlatformIndependentNuGetPackages\SunamoString\SunamoString\SunamoString.csproj::TargetFramework=net10.0]
E:\vs\Projects\PlatformIndependentNuGetPackages\SunamoString\SunamoString\Enums\Brackets.cs(8,5): warning CS1591: Missing XML comment for publicly visible type or member 'Brackets.None' [E:\vs\Projects\PlatformIndependentNuGetPackages\SunamoString\SunamoString\SunamoString.csproj::TargetFramework=net10.0]
E:\vs\Projects\PlatformIndependentNuGetPackages\SunamoString\SunamoString\Enums\SearchStrategy.cs(3,13): warning CS1591: Missing XML comment for publicly visible type or member 'SearchStrategy' [E:\vs\Projects\PlatformIndependentNuGetPackages\SunamoString\SunamoString\SunamoString.csproj::TargetFramework=net10.0]
E:\vs\Projects\PlatformIndependentNuGetPackages\SunamoString\SunamoString\Extensions\StringExtensions.cs(6,21): warning CS1591: Missing XML comment for publicly visible type or member 'StringExtensions' [E:\vs\Projects\PlatformIndependentNuGetPackages\SunamoString\SunamoString\SunamoString.csproj::TargetFramework=net10.0]
E:\vs\Projects\PlatformIndependentNuGetPackages\SunamoString\SunamoString\Extensions\StringExtensions.cs(8,26): warning CS1591: Missing XML comment for publicly visible type or member 'StringExtensions.RemoveInvisibleChars(string)' [E:\vs\Projects\PlatformIndependentNuGetPackages\SunamoString\SunamoString\SunamoString.csproj::TargetFramework=net10.0]
E:\vs\Projects\PlatformIndependentNuGetPackages\SunamoString\SunamoString\Extensions\StringExtensions.cs(16,26): warning CS1591: Missing XML comment for publicly visible type or member 'StringExtensions.RemoveWhitespaceChars(string)' [E:\vs\Projects\PlatformIndependentNuGetPackages\SunamoString\SunamoString\SunamoString.csproj::TargetFramework=net10.0]
E:\vs\Projects\PlatformIndependentNuGetPackages\SunamoString\SunamoString\Extensions\StringExtensions.cs(25,26): warning CS1591: Missing XML comment for publicly visible type or member 'StringExtensions.FromSpace160To32(string)' [E:\vs\Projects\PlatformIndependentNuGetPackages\SunamoString\SunamoString\SunamoString.csproj::TargetFramework=net10.0]
E:\vs\Projects\PlatformIndependentNuGetPackages\SunamoString\SunamoString\Extensions\StringExtensions.cs(30,39): warning CS1591: Missing XML comment for publicly visible type or member 'StringExtensions.SplitAndKeep(string, char[])' [E:\vs\Projects\PlatformIndependentNuGetPackages\SunamoString\SunamoString\SunamoString.csproj::TargetFramework=net10.0]
E:\vs\Projects\PlatformIndependentNuGetPackages\SunamoString\SunamoString\Generators\LoremIpsumGenerator.cs(3,21): warning CS1591: Missing XML comment for publicly visible type or member 'LoremIpsumGenerator' [E:\vs\Projects\PlatformIndependentNuGetPackages\SunamoString\SunamoString\SunamoString.csproj::TargetFramework=net10.0]
E:\vs\Projects\PlatformIndependentNuGetPackages\SunamoString\SunamoString\Generators\LoremIpsumGenerator.cs(52,26): warning CS1591: Missing XML comment for publicly visible type or member 'LoremIpsumGenerator.Generate(int)' [E:\vs\Projects\PlatformIndependentNuGetPackages\SunamoString\SunamoString\SunamoString.csproj::TargetFramework=net10.0]
E:\vs\Projects\PlatformIndependentNuGetPackages\SunamoString\SunamoString\SH.cs(3,14): warning CS1591: Missing XML comment for publicly visible type or member 'SH' [E:\vs\Projects\PlatformIndependentNuGetPackages\SunamoString\SunamoString\SunamoString.csproj::TargetFramework=net10.0]
E:\vs\Projects\PlatformIndependentNuGetPackages\SunamoString\SunamoString\SH.cs(5,33): warning CS1591: Missing XML comment for publicly visible type or member 'SH.BracketsLeftList' [E:\vs\Projects\PlatformIndependentNuGetPackages\SunamoString\SunamoString\SunamoString.csproj::TargetFramework=net10.0]
E:\vs\Projects\PlatformIndependentNuGetPackages\SunamoString\SunamoString\SH.cs(6,33): warning CS1591: Missing XML comment for publicly visible type or member 'SH.BracketsRightList' [E:\vs\Projects\PlatformIndependentNuGetPackages\SunamoString\SunamoString\SunamoString.csproj::TargetFramework=net10.0]
E:\vs\Projects\PlatformIndependentNuGetPackages\SunamoString\SunamoString\SH.cs(8,26): warning CS1591: Missing XML comment for publicly visible type or member 'SH.XMismatchCountInInputArraysOfSHAllHaveRightFormat' [E:\vs\Projects\PlatformIndependentNuGetPackages\SunamoString\SunamoString\SunamoString.csproj::TargetFramework=net10.0]
E:\vs\Projects\PlatformIndependentNuGetPackages\SunamoString\SunamoString\SH.cs(11,24): warning CS1591: Missing XML comment for publicly visible type or member 'SH.ContainsCl(string, StringOrStringList, SearchStrategy, bool, bool)' [E:\vs\Projects\PlatformIndependentNuGetPackages\SunamoString\SunamoString\SunamoString.csproj::TargetFramework=net10.0]
E:\vs\Projects\PlatformIndependentNuGetPackages\SunamoString\SunamoString\SH.cs(62,26): warning CS1591: Missing XML comment for publicly visible type or member 'SH.WhiteSpaceFromStart(string)' [E:\vs\Projects\PlatformIndependentNuGetPackages\SunamoString\SunamoString\SunamoString.csproj::TargetFramework=net10.0]
E:\vs\Projects\PlatformIndependentNuGetPackages\SunamoString\SunamoString\SH.cs(184,26): warning CS1591: Missing XML comment for publicly visible type or member 'SH.PrefixIfNotStartedWith(string, string, bool)' [E:\vs\Projects\PlatformIndependentNuGetPackages\SunamoString\SunamoString\SunamoString.csproj::TargetFramework=net10.0]
E:\vs\Projects\PlatformIndependentNuGetPackages\SunamoString\SunamoString\SH.cs(195,26): warning CS1591: Missing XML comment for publicly visible type or member 'SH.RemoveLastChar(string)' [E:\vs\Projects\PlatformIndependentNuGetPackages\SunamoString\SunamoString\SunamoString.csproj::TargetFramework=net10.0]
E:\vs\Projects\PlatformIndependentNuGetPackages\SunamoString\SunamoString\SH.cs(212,26): warning CS1591: Missing XML comment for publicly visible type or member 'SH.AddBeforeUpperChars(string, char, bool)' [E:\vs\Projects\PlatformIndependentNuGetPackages\SunamoString\SunamoString\SunamoString.csproj::TargetFramework=net10.0]
E:\vs\Projects\PlatformIndependentNuGetPackages\SunamoString\SunamoString\SH.cs(229,26): warning CS1591: Missing XML comment for publicly visible type or member 'SH.RemoveEndingPairCharsWhenDontHaveStarting(string, string, string)' [E:\vs\Projects\PlatformIndependentNuGetPackages\SunamoString\SunamoString\SunamoString.csproj::TargetFramework=net10.0]
E:\vs\Projects\PlatformIndependentNuGetPackages\SunamoString\SunamoString\SH.cs(243,41): warning CS1591: Missing XML comment for publicly visible type or member 'SH.GetPairsStartAndEnd(List<int>, List<int>, ref List<int>, ref List<int>)' [E:\vs\Projects\PlatformIndependentNuGetPackages\SunamoString\SunamoString\SunamoString.csproj::TargetFramework=net10.0]
E:\vs\Projects\PlatformIndependentNuGetPackages\SunamoString\SunamoString\SH.cs(337,26): warning CS1591: Missing XML comment for publicly visible type or member 'SH.RemoveAndInsertReplace(string, int, string, string)' [E:\vs\Projects\PlatformIndependentNuGetPackages\SunamoString\SunamoString\SunamoString.csproj::TargetFramework=net10.0]
E:\vs\Projects\PlatformIndependentNuGetPackages\SunamoString\SunamoString\SH.cs(347,26): warning CS1591: Missing XML comment for publicly visible type or member 'SH.ReplaceOnce(string, string, string)' [E:\vs\Projects\PlatformIndependentNuGetPackages\SunamoString\SunamoString\SunamoString.csproj::TargetFramework=net10.0]
E:\vs\Projects\PlatformIndependentNuGetPackages\SunamoString\SunamoString\SH.cs(354,26): warning CS1591: Missing XML comment for publicly visible type or member 'SH.ReplaceOnceIfStartedWith(string, string, string)' [E:\vs\Projects\PlatformIndependentNuGetPackages\SunamoString\SunamoString\SunamoString.csproj::TargetFramework=net10.0]
E:\vs\Projects\PlatformIndependentNuGetPackages\SunamoString\SunamoString\SH.cs(359,26): warning CS1591: Missing XML comment for publicly visible type or member 'SH.ReplaceOnceIfStartedWith(string, string, string, out bool)' [E:\vs\Projects\PlatformIndependentNuGetPackages\SunamoString\SunamoString\SunamoString.csproj::TargetFramework=net10.0]
E:\vs\Projects\PlatformIndependentNuGetPackages\SunamoString\SunamoString\SH.cs(369,26): warning CS1591: Missing XML comment for publicly visible type or member 'SH.NormalizeString(string)' [E:\vs\Projects\PlatformIndependentNuGetPackages\SunamoString\SunamoString\SunamoString.csproj::TargetFramework=net10.0]
E:\vs\Projects\PlatformIndependentNuGetPackages\SunamoString\SunamoString\SH.cs(406,29): warning CS1591: Missing XML comment for publicly visible type or member 'SH.TabOrSpaceNextTo(string)' [E:\vs\Projects\PlatformIndependentNuGetPackages\SunamoString\SunamoString\SunamoString.csproj::TargetFramework=net10.0]
E:\vs\Projects\PlatformIndependentNuGetPackages\SunamoString\SunamoString\SH.cs(428,26): warning CS1591: Missing XML comment for publicly visible type or member 'SH.WrapWithBs(string)' [E:\vs\Projects\PlatformIndependentNuGetPackages\SunamoString\SunamoString\SunamoString.csproj::TargetFramework=net10.0]
E:\vs\Projects\PlatformIndependentNuGetPackages\SunamoString\SunamoString\SH.cs(432,26): warning CS1591: Missing XML comment for publicly visible type or member 'SH.WrapWithSpace(string)' [E:\vs\Projects\PlatformIndependentNuGetPackages\SunamoString\SunamoString\SunamoString.csproj::TargetFramework=net10.0]
E:\vs\Projects\PlatformIndependentNuGetPackages\SunamoString\SunamoString\SH.cs(436,26): warning CS1591: Missing XML comment for publicly visible type or member 'SH.WrapWithQm(string)' [E:\vs\Projects\PlatformIndependentNuGetPackages\SunamoString\SunamoString\SunamoString.csproj::TargetFramework=net10.0]
E:\vs\Projects\PlatformIndependentNuGetPackages\SunamoString\SunamoString\SH.cs(440,26): warning CS1591: Missing XML comment for publicly visible type or member 'SH.WrapWithIf(string, string, Func<string, string, bool>)' [E:\vs\Projects\PlatformIndependentNuGetPackages\SunamoString\SunamoString\SunamoString.csproj::TargetFramework=net10.0]
E:\vs\Projects\PlatformIndependentNuGetPackages\SunamoString\SunamoString\SH.cs(445,26): warning CS1591: Missing XML comment for publicly visible type or member 'SH.WrapWithQm(string, bool)' [E:\vs\Projects\PlatformIndependentNuGetPackages\SunamoString\SunamoString\SunamoString.csproj::TargetFramework=net10.0]
E:\vs\Projects\PlatformIndependentNuGetPackages\SunamoString\SunamoString\SH.cs(449,23): warning CS1591: Missing XML comment for publicly visible type or member 'SH.OccurencesOfStringIn(string, string)' [E:\vs\Projects\PlatformIndependentNuGetPackages\SunamoString\SunamoString\SunamoString.csproj::TargetFramework=net10.0]
E:\vs\Projects\PlatformIndependentNuGetPackages\SunamoString\SunamoString\SH.cs(476,36): warning CS1591: Missing XML comment for publicly visible type or member 'SH.GetPartsByLocationNoOutInt(string, int)' [E:\vs\Projects\PlatformIndependentNuGetPackages\SunamoString\SunamoString\SunamoString.csproj::TargetFramework=net10.0]
E:\vs\Projects\PlatformIndependentNuGetPackages\SunamoString\SunamoString\SH.cs(482,36): warning CS1591: Missing XML comment for publicly visible type or member 'SH.GetPartsByLocationNoOut(string, char)' [E:\vs\Projects\PlatformIndependentNuGetPackages\SunamoString\SunamoString\SunamoString.csproj::TargetFramework=net10.0]
E:\vs\Projects\PlatformIndependentNuGetPackages\SunamoString\SunamoString\SH.cs(562,26): warning CS1591: Missing XML comment for publicly visible type or member 'SH.GetTextBetweenTwoCharsInts(string, int, int)' [E:\vs\Projects\PlatformIndependentNuGetPackages\SunamoString\SunamoString\SunamoString.csproj::TargetFramework=net10.0]
E:\vs\Projects\PlatformIndependentNuGetPackages\SunamoString\SunamoString\SH.cs(571,24): warning CS1591: Missing XML comment for publicly visible type or member 'SH.FirstCharUpper(ref string)' [E:\vs\Projects\PlatformIndependentNuGetPackages\SunamoString\SunamoString\SunamoString.csproj::TargetFramework=net10.0]
E:\vs\Projects\PlatformIndependentNuGetPackages\SunamoString\SunamoString\SH.cs(575,26): warning CS1591: Missing XML comment for publicly visible type or member 'SH.FirstCharUpper(string)' [E:\vs\Projects\PlatformIndependentNuGetPackages\SunamoString\SunamoString\SunamoString.csproj::TargetFramework=net10.0]
E:\vs\Projects\PlatformIndependentNuGetPackages\SunamoString\SunamoString\SH.cs(602,26): warning CS1591: Missing XML comment for publicly visible type or member 'SH.FromSpace160To32(string)' [E:\vs\Projects\PlatformIndependentNuGetPackages\SunamoString\SunamoString\SunamoString.csproj::TargetFramework=net10.0]
E:\vs\Projects\PlatformIndependentNuGetPackages\SunamoString\SunamoString\SH.cs(607,24): warning CS1591: Missing XML comment for publicly visible type or member 'SH.IsNumber(string, params char[])' [E:\vs\Projects\PlatformIndependentNuGetPackages\SunamoString\SunamoString\SunamoString.csproj::TargetFramework=net10.0]
E:\vs\Projects\PlatformIndependentNuGetPackages\SunamoString\SunamoString\SH.cs(615,26): warning CS1591: Missing XML comment for publicly visible type or member 'SH.MakeUpToXChars(int, int)' [E:\vs\Projects\PlatformIndependentNuGetPackages\SunamoString\SunamoString\SunamoString.csproj::TargetFramework=net10.0]
E:\vs\Projects\PlatformIndependentNuGetPackages\SunamoString\SunamoString\SH.cs(624,24): warning CS1591: Missing XML comment for publicly visible type or member 'SH.GetFirstChar(string)' [E:\vs\Projects\PlatformIndependentNuGetPackages\SunamoString\SunamoString\SunamoString.csproj::TargetFramework=net10.0]
E:\vs\Projects\PlatformIndependentNuGetPackages\SunamoString\SunamoString\SH.cs(628,26): warning CS1591: Missing XML comment for publicly visible type or member 'SH.ToPascalCase(string)' [E:\vs\Projects\PlatformIndependentNuGetPackages\SunamoString\SunamoString\SunamoString.csproj::TargetFramework=net10.0]
E:\vs\Projects\PlatformIndependentNuGetPackages\SunamoString\SunamoString\SH.cs(641,24): warning CS1591: Missing XML comment for publicly visible type or member 'SH.StartWithWhitespace(string)' [E:\vs\Projects\PlatformIndependentNuGetPackages\SunamoString\SunamoString\SunamoString.csproj::TargetFramework=net10.0]
E:\vs\Projects\PlatformIndependentNuGetPackages\SunamoString\SunamoString\SH.cs(647,26): warning CS1591: Missing XML comment for publicly visible type or member 'SH.DetectNewline(string)' [E:\vs\Projects\PlatformIndependentNuGetPackages\SunamoString\SunamoString\SunamoString.csproj::TargetFramework=net10.0]
E:\vs\Projects\PlatformIndependentNuGetPackages\SunamoString\SunamoString\SH.cs(652,26): warning CS1591: Missing XML comment for publicly visible type or member 'SH.RemoveLastWord(string)' [E:\vs\Projects\PlatformIndependentNuGetPackages\SunamoString\SunamoString\SunamoString.csproj::TargetFramework=net10.0]
E:\vs\Projects\PlatformIndependentNuGetPackages\SunamoString\SunamoString\SH.cs(656,29): warning CS1591: Missing XML comment for publicly visible type or member 'SH.GetIndexesOfLinesStartingWith(List<string>, Func<string, bool>)' [E:\vs\Projects\PlatformIndependentNuGetPackages\SunamoString\SunamoString\SunamoString.csproj::TargetFramework=net10.0]
E:\vs\Projects\PlatformIndependentNuGetPackages\SunamoString\SunamoString\SH.cs(663,26): warning CS1591: Missing XML comment for publicly visible type or member 'SH.RemoveLinesWhichContains(string, string)' [E:\vs\Projects\PlatformIndependentNuGetPackages\SunamoString\SunamoString\SunamoString.csproj::TargetFramework=net10.0]
E:\vs\Projects\PlatformIndependentNuGetPackages\SunamoString\SunamoString\SH.cs(670,26): warning CS1591: Missing XML comment for publicly visible type or member 'SH.AddIfNotContains(string, string, string)' [E:\vs\Projects\PlatformIndependentNuGetPackages\SunamoString\SunamoString\SunamoString.csproj::TargetFramework=net10.0]
E:\vs\Projects\PlatformIndependentNuGetPackages\SunamoString\SunamoString\SH.cs(680,26): warning CS1591: Missing XML comment for publicly visible type or member 'SH.SwitchSwap(string, string)' [E:\vs\Projects\PlatformIndependentNuGetPackages\SunamoString\SunamoString\SunamoString.csproj::TargetFramework=net10.0]
E:\vs\Projects\PlatformIndependentNuGetPackages\SunamoString\SunamoString\SH.cs(686,26): warning CS1591: Missing XML comment for publicly visible type or member 'SH.InsertBeforeEndingBracket(string, string)' [E:\vs\Projects\PlatformIndependentNuGetPackages\SunamoString\SunamoString\SunamoString.csproj::TargetFramework=net10.0]
E:\vs\Projects\PlatformIndependentNuGetPackages\SunamoString\SunamoString\SH.cs(692,41): warning CS1591: Missing XML comment for publicly visible type or member 'SH.StatisticLetterChars(string, StatisticLetterCharsStrategy, params char[])' [E:\vs\Projects\PlatformIndependentNuGetPackages\SunamoString\SunamoString\SunamoString.csproj::TargetFramework=net10.0]
E:\vs\Projects\PlatformIndependentNuGetPackages\SunamoString\SunamoString\SH.cs(710,30): warning CS1591: Missing XML comment for publicly visible type or member 'SH.AllBrackets(string)' [E:\vs\Projects\PlatformIndependentNuGetPackages\SunamoString\SunamoString\SunamoString.csproj::TargetFramework=net10.0]
E:\vs\Projects\PlatformIndependentNuGetPackages\SunamoString\SunamoString\SH.cs(721,52): warning CS1591: Missing XML comment for publicly visible type or member 'SH.IndexesOfBrackets(string)' [E:\vs\Projects\PlatformIndependentNuGetPackages\SunamoString\SunamoString\SunamoString.csproj::TargetFramework=net10.0]
E:\vs\Projects\PlatformIndependentNuGetPackages\SunamoString\SunamoString\SH.cs(756,26): warning CS1591: Missing XML comment for publicly visible type or member 'SH.ReplaceBrackets(string, Brackets, Brackets)' [E:\vs\Projects\PlatformIndependentNuGetPackages\SunamoString\SunamoString\SunamoString.csproj::TargetFramework=net10.0]
E:\vs\Projects\PlatformIndependentNuGetPackages\SunamoString\SunamoString\SH.cs(762,29): warning CS1591: Missing XML comment for publicly visible type or member 'SH.ContainsAnyFromElement(StringBuilder, IList<string>)' [E:\vs\Projects\PlatformIndependentNuGetPackages\SunamoString\SunamoString\SunamoString.csproj::TargetFramework=net10.0]
E:\vs\Projects\PlatformIndependentNuGetPackages\SunamoString\SunamoString\SH.cs(773,23): warning CS1591: Missing XML comment for publicly visible type or member 'SH.FindClosingBracketIndexChar(StringBuilder, bool, string)' [E:\vs\Projects\PlatformIndependentNuGetPackages\SunamoString\SunamoString\SunamoString.csproj::TargetFramework=net10.0]
E:\vs\Projects\PlatformIndependentNuGetPackages\SunamoString\SunamoString\SH.cs(778,23): warning CS1591: Missing XML comment for publicly visible type or member 'SH.FindClosingBracketIndex(StringBuilder, bool, int)' [E:\vs\Projects\PlatformIndependentNuGetPackages\SunamoString\SunamoString\SunamoString.csproj::TargetFramework=net10.0]
E:\vs\Projects\PlatformIndependentNuGetPackages\SunamoString\SunamoString\SH.cs(807,24): warning CS1591: Missing XML comment for publicly visible type or member 'SH.CheckWhetherNoBrackedIsBeforeOther2(string)' [E:\vs\Projects\PlatformIndependentNuGetPackages\SunamoString\SunamoString\SunamoString.csproj::TargetFramework=net10.0]
E:\vs\Projects\PlatformIndependentNuGetPackages\SunamoString\SunamoString\SH.cs(811,24): warning CS1591: Missing XML comment for publicly visible type or member 'SH.CheckWhetherNoBrackedIsBeforeOther1(string)' [E:\vs\Projects\PlatformIndependentNuGetPackages\SunamoString\SunamoString\SunamoString.csproj::TargetFramework=net10.0]
E:\vs\Projects\PlatformIndependentNuGetPackages\SunamoString\SunamoString\SH.cs(822,26): warning CS1591: Missing XML comment for publicly visible type or member 'SH.ConvertWhitespaceToVisible(string)' [E:\vs\Projects\PlatformIndependentNuGetPackages\SunamoString\SunamoString\SunamoString.csproj::TargetFramework=net10.0]
E:\vs\Projects\PlatformIndependentNuGetPackages\SunamoString\SunamoString\SH.cs(830,26): warning CS1591: Missing XML comment for publicly visible type or member 'SH.ConcatSpace(IList)' [E:\vs\Projects\PlatformIndependentNuGetPackages\SunamoString\SunamoString\SunamoString.csproj::TargetFramework=net10.0]
E:\vs\Projects\PlatformIndependentNuGetPackages\SunamoString\SunamoString\SH.cs(836,24): warning CS1591: Missing XML comment for publicly visible type or member 'SH.IsNullOrWhiteSpaceRange(params string[])' [E:\vs\Projects\PlatformIndependentNuGetPackages\SunamoString\SunamoString\SunamoString.csproj::TargetFramework=net10.0]
E:\vs\Projects\PlatformIndependentNuGetPackages\SunamoString\SunamoString\SH.cs(843,24): warning CS1591: Missing XML comment for publicly visible type or member 'SH.IsSingleLine(string)' [E:\vs\Projects\PlatformIndependentNuGetPackages\SunamoString\SunamoString\SunamoString.csproj::TargetFramework=net10.0]
E:\vs\Projects\PlatformIndependentNuGetPackages\SunamoString\SunamoString\SH.cs(847,26): warning CS1591: Missing XML comment for publicly visible type or member 'SH.GetWhitespaceFromBeginning(StringBuilder, string)' [E:\vs\Projects\PlatformIndependentNuGetPackages\SunamoString\SunamoString\SunamoString.csproj::TargetFramework=net10.0]
E:\vs\Projects\PlatformIndependentNuGetPackages\SunamoString\SunamoString\SH.cs(891,24): warning CS1591: Missing XML comment for publicly visible type or member 'SH.ContainsNewLine(string)' [E:\vs\Projects\PlatformIndependentNuGetPackages\SunamoString\SunamoString\SunamoString.csproj::TargetFramework=net10.0]
E:\vs\Projects\PlatformIndependentNuGetPackages\SunamoString\SunamoString\SH.cs(895,24): warning CS1591: Missing XML comment for publicly visible type or member 'SH.ChangeEncodingProcessWrongCharacters(ref string)' [E:\vs\Projects\PlatformIndependentNuGetPackages\SunamoString\SunamoString\SunamoString.csproj::TargetFramework=net10.0]
E:\vs\Projects\PlatformIndependentNuGetPackages\SunamoString\SunamoString\SH.cs(933,32): warning CS1591: Missing XML comment for publicly visible type or member 'SH.AddSpaceAfterFirstLetterForEveryAndSort(List<string>)' [E:\vs\Projects\PlatformIndependentNuGetPackages\SunamoString\SunamoString\SunamoString.csproj::TargetFramework=net10.0]
E:\vs\Projects\PlatformIndependentNuGetPackages\SunamoString\SunamoString\SH.cs(940,26): warning CS1591: Missing XML comment for publicly visible type or member 'SH.GetLastWord(string, bool)' [E:\vs\Projects\PlatformIndependentNuGetPackages\SunamoString\SunamoString\SunamoString.csproj::TargetFramework=net10.0]
E:\vs\Projects\PlatformIndependentNuGetPackages\SunamoString\SunamoString\SH.cs(948,26): warning CS1591: Missing XML comment for publicly visible type or member 'SH.AddSpaceAndDontDuplicate(bool, string, string)' [E:\vs\Projects\PlatformIndependentNuGetPackages\SunamoString\SunamoString\SunamoString.csproj::TargetFramework=net10.0]
E:\vs\Projects\PlatformIndependentNuGetPackages\SunamoString\SunamoString\SH.cs(969,26): warning CS1591: Missing XML comment for publicly visible type or member 'SH.CountOfItems(List<KeyValuePair<string, int>>)' [E:\vs\Projects\PlatformIndependentNuGetPackages\SunamoString\SunamoString\SunamoString.csproj::TargetFramework=net10.0]
E:\vs\Projects\PlatformIndependentNuGetPackages\SunamoString\SunamoString\SH.cs(975,26): warning CS1591: Missing XML comment for publicly visible type or member 'SH.MultiWhitespaceLineToSingle(List<string>)' [E:\vs\Projects\PlatformIndependentNuGetPackages\SunamoString\SunamoString\SunamoString.csproj::TargetFramework=net10.0]
E:\vs\Projects\PlatformIndependentNuGetPackages\SunamoString\SunamoString\SH.cs(1010,24): warning CS1591: Missing XML comment for publicly visible type or member 'SH.IndentAsPreviousLine(List<string>)' [E:\vs\Projects\PlatformIndependentNuGetPackages\SunamoString\SunamoString\SunamoString.csproj::TargetFramework=net10.0]
E:\vs\Projects\PlatformIndependentNuGetPackages\SunamoString\SunamoString\SH.cs(1037,24): warning CS1591: Missing XML comment for publicly visible type or member 'SH.ContainsLine(string, bool, params string[])' [E:\vs\Projects\PlatformIndependentNuGetPackages\SunamoString\SunamoString\SunamoString.csproj::TargetFramework=net10.0]
E:\vs\Projects\PlatformIndependentNuGetPackages\SunamoString\SunamoString\SH.cs(1064,26): warning CS1591: Missing XML comment for publicly visible type or member 'SH.WordAfter(string, string)' [E:\vs\Projects\PlatformIndependentNuGetPackages\SunamoString\SunamoString\SunamoString.csproj::TargetFramework=net10.0]
E:\vs\Projects\PlatformIndependentNuGetPackages\SunamoString\SunamoString\SH.cs(1084,26): warning CS1591: Missing XML comment for publicly visible type or member 'SH.Leading(string, Func<char, bool>)' [E:\vs\Projects\PlatformIndependentNuGetPackages\SunamoString\SunamoString\SunamoString.csproj::TargetFramework=net10.0]
E:\vs\Projects\PlatformIndependentNuGetPackages\SunamoString\SunamoString\SH.cs(1094,24): warning CS1591: Missing XML comment for publicly visible type or member 'SH.IsOnIndex(string, int, Func<char, bool>)' [E:\vs\Projects\PlatformIndependentNuGetPackages\SunamoString\SunamoString\SunamoString.csproj::TargetFramework=net10.0]
E:\vs\Projects\PlatformIndependentNuGetPackages\SunamoString\SunamoString\SH.cs(1099,23): warning CS1591: Missing XML comment for publicly visible type or member 'SH.CountLines(string)' [E:\vs\Projects\PlatformIndependentNuGetPackages\SunamoString\SunamoString\SunamoString.csproj::TargetFramework=net10.0]
E:\vs\Projects\PlatformIndependentNuGetPackages\SunamoString\SunamoString\SH.cs(1103,24): warning CS1591: Missing XML comment for publicly visible type or member 'SH.HasLetter(string)' [E:\vs\Projects\PlatformIndependentNuGetPackages\SunamoString\SunamoString\SunamoString.csproj::TargetFramework=net10.0]
E:\vs\Projects\PlatformIndependentNuGetPackages\SunamoString\SunamoString\SH.cs(1110,32): warning CS1591: Missing XML comment for publicly visible type or member 'SH.GetTextsBetween(string, string, string, bool)' [E:\vs\Projects\PlatformIndependentNuGetPackages\SunamoString\SunamoString\SunamoString.csproj::TargetFramework=net10.0]
E:\vs\Projects\PlatformIndependentNuGetPackages\SunamoString\SunamoString\SH.cs(1116,32): warning CS1591: Missing XML comment for publicly visible type or member 'SH.GetTextsBetween(string, string, string, bool, out bool)' [E:\vs\Projects\PlatformIndependentNuGetPackages\SunamoString\SunamoString\SunamoString.csproj::TargetFramework=net10.0]
E:\vs\Projects\PlatformIndependentNuGetPackages\SunamoString\SunamoString\SH.cs(1184,26): warning CS1591: Missing XML comment for publicly visible type or member 'SH.RemoveLastLetters(string, int)' [E:\vs\Projects\PlatformIndependentNuGetPackages\SunamoString\SunamoString\SunamoString.csproj::TargetFramework=net10.0]
E:\vs\Projects\PlatformIndependentNuGetPackages\SunamoString\SunamoString\SH.cs(1213,24): warning CS1591: Missing XML comment for publicly visible type or member 'SH.HasCharRightFormat(char, CharFormatDataString)' [E:\vs\Projects\PlatformIndependentNuGetPackages\SunamoString\SunamoString\SunamoString.csproj::TargetFramework=net10.0]
E:\vs\Projects\PlatformIndependentNuGetPackages\SunamoString\SunamoString\SH.cs(1235,24): warning CS1591: Missing XML comment for publicly visible type or member 'SH.GetTextInLastSquareBracketsAndOther(string, out string, out string)' [E:\vs\Projects\PlatformIndependentNuGetPackages\SunamoString\SunamoString\SunamoString.csproj::TargetFramework=net10.0]
E:\vs\Projects\PlatformIndependentNuGetPackages\SunamoString\SunamoString\SH.cs(1248,26): warning CS1591: Missing XML comment for publicly visible type or member 'SH.RemoveBracketsWithTextCaseInsensitive(string, string, params string[])' [E:\vs\Projects\PlatformIndependentNuGetPackages\SunamoString\SunamoString\SunamoString.csproj::TargetFramework=net10.0]
E:\vs\Projects\PlatformIndependentNuGetPackages\SunamoString\SunamoString\SH.cs(1257,26): warning CS1591: Missing XML comment for publicly visible type or member 'SH.RemoveBracketsWithoutText(string)' [E:\vs\Projects\PlatformIndependentNuGetPackages\SunamoString\SunamoString\SunamoString.csproj::TargetFramework=net10.0]
E:\vs\Projects\PlatformIndependentNuGetPackages\SunamoString\SunamoString\SH.cs(1261,26): warning CS1591: Missing XML comment for publicly visible type or member 'SH.WithoutSpecialChars(string, params char[])' [E:\vs\Projects\PlatformIndependentNuGetPackages\SunamoString\SunamoString\SunamoString.csproj::TargetFramework=net10.0]
E:\vs\Projects\PlatformIndependentNuGetPackages\SunamoString\SunamoString\SH.cs(1271,26): warning CS1591: Missing XML comment for publicly visible type or member 'SH.RemoveBracketsFromStart(string)' [E:\vs\Projects\PlatformIndependentNuGetPackages\SunamoString\SunamoString\SunamoString.csproj::TargetFramework=net10.0]
E:\vs\Projects\PlatformIndependentNuGetPackages\SunamoString\SunamoString\SH.cs(1298,26): warning CS1591: Missing XML comment for publicly visible type or member 'SH.RemoveLastCharIfIs(string, char)' [E:\vs\Projects\PlatformIndependentNuGetPackages\SunamoString\SunamoString\SunamoString.csproj::TargetFramework=net10.0]
E:\vs\Projects\PlatformIndependentNuGetPackages\SunamoString\SunamoString\SH.cs(1318,26): warning CS1591: Missing XML comment for publicly visible type or member 'SH.AddEmptyLines(string, int)' [E:\vs\Projects\PlatformIndependentNuGetPackages\SunamoString\SunamoString\SunamoString.csproj::TargetFramework=net10.0]
E:\vs\Projects\PlatformIndependentNuGetPackages\SunamoString\SunamoString\SH.cs(1324,26): warning CS1591: Missing XML comment for publicly visible type or member 'SH.ToCase(string, bool?)' [E:\vs\Projects\PlatformIndependentNuGetPackages\SunamoString\SunamoString\SunamoString.csproj::TargetFramework=net10.0]
E:\vs\Projects\PlatformIndependentNuGetPackages\SunamoString\SunamoString\SH.cs(1334,24): warning CS1591: Missing XML comment for publicly visible type or member 'SH.EndsWithNumber(string)' [E:\vs\Projects\PlatformIndependentNuGetPackages\SunamoString\SunamoString\SunamoString.csproj::TargetFramework=net10.0]
E:\vs\Projects\PlatformIndependentNuGetPackages\SunamoString\SunamoString\SH.cs(1351,24): warning CS1591: Missing XML comment for publicly visible type or member 'SH.LastCharEquals(string, char)' [E:\vs\Projects\PlatformIndependentNuGetPackages\SunamoString\SunamoString\SunamoString.csproj::TargetFramework=net10.0]
E:\vs\Projects\PlatformIndependentNuGetPackages\SunamoString\SunamoString\SH.cs(1358,26): warning CS1591: Missing XML comment for publicly visible type or member 'SH.GetWithoutLastWord(string)' [E:\vs\Projects\PlatformIndependentNuGetPackages\SunamoString\SunamoString\SunamoString.csproj::TargetFramework=net10.0]
E:\vs\Projects\PlatformIndependentNuGetPackages\SunamoString\SunamoString\SH.cs(1365,26): warning CS1591: Missing XML comment for publicly visible type or member 'SH.DeleteCharsOutOfAscii(string)' [E:\vs\Projects\PlatformIndependentNuGetPackages\SunamoString\SunamoString\SunamoString.csproj::TargetFramework=net10.0]
E:\vs\Projects\PlatformIndependentNuGetPackages\SunamoString\SunamoString\SH.cs(1401,26): warning CS1591: Missing XML comment for publicly visible type or member 'SH.StripFunctationsAndSymbols(string)' [E:\vs\Projects\PlatformIndependentNuGetPackages\SunamoString\SunamoString\SunamoString.csproj::TargetFramework=net10.0]
E:\vs\Projects\PlatformIndependentNuGetPackages\SunamoString\SunamoString\SH.cs(1428,26): warning CS1591: Missing XML comment for publicly visible type or member 'SH.GetWithoutFirstWord(string)' [E:\vs\Projects\PlatformIndependentNuGetPackages\SunamoString\SunamoString\SunamoString.csproj::TargetFramework=net10.0]
E:\vs\Projects\PlatformIndependentNuGetPackages\SunamoString\SunamoString\SH.cs(1436,23): warning CS1591: Missing XML comment for publicly visible type or member 'SH.EndsWithIndex(string, params string[])' [E:\vs\Projects\PlatformIndependentNuGetPackages\SunamoString\SunamoString\SunamoString.csproj::TargetFramework=net10.0]
E:\vs\Projects\PlatformIndependentNuGetPackages\SunamoString\SunamoString\SH.cs(1455,26): warning CS1591: Missing XML comment for publicly visible type or member 'SH.FirstCharLower(string)' [E:\vs\Projects\PlatformIndependentNuGetPackages\SunamoString\SunamoString\SunamoString.csproj::TargetFramework=net10.0]
E:\vs\Projects\PlatformIndependentNuGetPackages\SunamoString\SunamoString\SH.cs(1482,5): warning CS1587: XML comment is not placed on a valid language element [E:\vs\Projects\PlatformIndependentNuGetPackages\SunamoString\SunamoString\SunamoString.csproj::TargetFramework=net10.0]
E:\vs\Projects\PlatformIndependentNuGetPackages\SunamoString\SunamoString\SH.cs(1524,26): warning CS1591: Missing XML comment for publicly visible type or member 'SH.WrapWithChar(string, char, bool, bool)' [E:\vs\Projects\PlatformIndependentNuGetPackages\SunamoString\SunamoString\SunamoString.csproj::TargetFramework=net10.0]
E:\vs\Projects\PlatformIndependentNuGetPackages\SunamoString\SunamoString\SH.cs(1538,49): warning CS1591: Missing XML comment for publicly visible type or member 'SH.BracketsLeft' [E:\vs\Projects\PlatformIndependentNuGetPackages\SunamoString\SunamoString\SunamoString.csproj::TargetFramework=net10.0]
E:\vs\Projects\PlatformIndependentNuGetPackages\SunamoString\SunamoString\SH.cs(1539,49): warning CS1591: Missing XML comment for publicly visible type or member 'SH.BracketsRight' [E:\vs\Projects\PlatformIndependentNuGetPackages\SunamoString\SunamoString\SunamoString.csproj::TargetFramework=net10.0]
E:\vs\Projects\PlatformIndependentNuGetPackages\SunamoString\SunamoString\SH.cs(1540,27): warning CS1591: Missing XML comment for publicly visible type or member 'SH.Init()' [E:\vs\Projects\PlatformIndependentNuGetPackages\SunamoString\SunamoString\SunamoString.csproj::TargetFramework=net10.0]
E:\vs\Projects\PlatformIndependentNuGetPackages\SunamoString\SunamoString\SH.cs(1559,23): warning CS1591: Missing XML comment for publicly visible type or member 'SH.CountOf(string, char)' [E:\vs\Projects\PlatformIndependentNuGetPackages\SunamoString\SunamoString\SunamoString.csproj::TargetFramework=net10.0]
E:\vs\Projects\PlatformIndependentNuGetPackages\SunamoString\SunamoString\SH.cs(1600,24): warning CS1591: Missing XML comment for publicly visible type or member 'SH.HasIndex(int, string, bool)' [E:\vs\Projects\PlatformIndependentNuGetPackages\SunamoString\SunamoString\SunamoString.csproj::TargetFramework=net10.0]
E:\vs\Projects\PlatformIndependentNuGetPackages\SunamoString\SunamoString\SH.cs(1611,24): warning CS1591: Missing XML comment for publicly visible type or member 'SH.IsNegation(string)' [E:\vs\Projects\PlatformIndependentNuGetPackages\SunamoString\SunamoString\SunamoString.csproj::TargetFramework=net10.0]
E:\vs\Projects\PlatformIndependentNuGetPackages\SunamoString\SunamoString\SH.cs(1616,34): warning CS1591: Missing XML comment for publicly visible type or member 'SH.IsNegationTuple(string)' [E:\vs\Projects\PlatformIndependentNuGetPackages\SunamoString\SunamoString\SunamoString.csproj::TargetFramework=net10.0]
E:\vs\Projects\PlatformIndependentNuGetPackages\SunamoString\SunamoString\SH.cs(1640,24): warning CS1591: Missing XML comment for publicly visible type or member 'SH.EqualsOneOfThis(string, params string[])' [E:\vs\Projects\PlatformIndependentNuGetPackages\SunamoString\SunamoString\SunamoString.csproj::TargetFramework=net10.0]
E:\vs\Projects\PlatformIndependentNuGetPackages\SunamoString\SunamoString\SH.cs(1856,23): warning CS1591: Missing XML comment for publicly visible type or member 'SH.FirstWordWhichIsNumberAllIndexes(List<string>, bool)' [E:\vs\Projects\PlatformIndependentNuGetPackages\SunamoString\SunamoString\SunamoString.csproj::TargetFramework=net10.0]
E:\vs\Projects\PlatformIndependentNuGetPackages\SunamoString\SunamoString\SH.cs(1872,24): warning CS1591: Missing XML comment for publicly visible type or member 'SH.CompareStringIgnoreWhitespaces2(string, string)' [E:\vs\Projects\PlatformIndependentNuGetPackages\SunamoString\SunamoString\SunamoString.csproj::TargetFramework=net10.0]
E:\vs\Projects\PlatformIndependentNuGetPackages\SunamoString\SunamoString\SH.cs(1877,24): warning CS1591: Missing XML comment for publicly visible type or member 'SH.CompareStringIgnoreWhitespaces(string, string)' [E:\vs\Projects\PlatformIndependentNuGetPackages\SunamoString\SunamoString\SunamoString.csproj::TargetFramework=net10.0]
E:\vs\Projects\PlatformIndependentNuGetPackages\SunamoString\SunamoString\SH.cs(1906,24): warning CS1591: Missing XML comment for publicly visible type or member 'SH.ContainsOnly(string, List<char>)' [E:\vs\Projects\PlatformIndependentNuGetPackages\SunamoString\SunamoString\SunamoString.csproj::TargetFramework=net10.0]
E:\vs\Projects\PlatformIndependentNuGetPackages\SunamoString\SunamoString\SH.cs(1953,26): warning CS1591: Missing XML comment for publicly visible type or member 'SH.InBrackets(string)' [E:\vs\Projects\PlatformIndependentNuGetPackages\SunamoString\SunamoString\SunamoString.csproj::TargetFramework=net10.0]
E:\vs\Projects\PlatformIndependentNuGetPackages\SunamoString\SunamoString\SH.cs(1983,30): warning CS1591: Missing XML comment for publicly visible type or member 'SH.ContainsAnyChar(string, bool, IList<char>)' [E:\vs\Projects\PlatformIndependentNuGetPackages\SunamoString\SunamoString\SunamoString.csproj::TargetFramework=net10.0]
E:\vs\Projects\PlatformIndependentNuGetPackages\SunamoString\SunamoString\SH.cs(2030,27): warning CS1591: Missing XML comment for publicly visible type or member 'SH.GetWordOnIndex(string, int)' [E:\vs\Projects\PlatformIndependentNuGetPackages\SunamoString\SunamoString\SunamoString.csproj::TargetFramework=net10.0]
E:\vs\Projects\PlatformIndependentNuGetPackages\SunamoString\SunamoString\SH.cs(2034,24): warning CS1591: Missing XML comment for publicly visible type or member 'SH.ContainsUpper(string)' [E:\vs\Projects\PlatformIndependentNuGetPackages\SunamoString\SunamoString\SunamoString.csproj::TargetFramework=net10.0]
E:\vs\Projects\PlatformIndependentNuGetPackages\SunamoString\SunamoString\SH.cs(2038,24): warning CS1591: Missing XML comment for publicly visible type or member 'SH.ContainsLower(string)' [E:\vs\Projects\PlatformIndependentNuGetPackages\SunamoString\SunamoString\SunamoString.csproj::TargetFramework=net10.0]
E:\vs\Projects\PlatformIndependentNuGetPackages\SunamoString\SunamoString\SH.cs(2236,32): warning CS1591: Missing XML comment for publicly visible type or member 'SH.ValuesBetweenQuotes(string, bool, bool)' [E:\vs\Projects\PlatformIndependentNuGetPackages\SunamoString\SunamoString\SunamoString.csproj::TargetFramework=net10.0]
E:\vs\Projects\PlatformIndependentNuGetPackages\SunamoString\SunamoString\SH.cs(2242,32): warning CS1591: Missing XML comment for publicly visible type or member 'SH.ValuesBetweenQuotesAndApos(string, bool, bool)' [E:\vs\Projects\PlatformIndependentNuGetPackages\SunamoString\SunamoString\SunamoString.csproj::TargetFramework=net10.0]
E:\vs\Projects\PlatformIndependentNuGetPackages\SunamoString\SunamoString\SH.cs(2275,24): warning CS1591: Missing XML comment for publicly visible type or member 'SH.ContainsAtLeastOne(string, List<string>)' [E:\vs\Projects\PlatformIndependentNuGetPackages\SunamoString\SunamoString\SunamoString.csproj::TargetFramework=net10.0]
E:\vs\Projects\PlatformIndependentNuGetPackages\SunamoString\SunamoString\SH.cs(2334,23): warning CS1591: Missing XML comment for publicly visible type or member 'SH.AnotherOtherThanLetterOrDigit(string, int)' [E:\vs\Projects\PlatformIndependentNuGetPackages\SunamoString\SunamoString\SunamoString.csproj::TargetFramework=net10.0]
E:\vs\Projects\PlatformIndependentNuGetPackages\SunamoString\SunamoString\SH.cs(2344,26): warning CS1591: Missing XML comment for publicly visible type or member 'SH.LastChars(string, int)' [E:\vs\Projects\PlatformIndependentNuGetPackages\SunamoString\SunamoString\SunamoString.csproj::TargetFramework=net10.0]
E:\vs\Projects\PlatformIndependentNuGetPackages\SunamoString\SunamoString\SH.cs(2349,26): warning CS1591: Missing XML comment for publicly visible type or member 'SH.TabToNewLine(string)' [E:\vs\Projects\PlatformIndependentNuGetPackages\SunamoString\SunamoString\SunamoString.csproj::TargetFramework=net10.0]
E:\vs\Projects\PlatformIndependentNuGetPackages\SunamoString\SunamoString\SH.cs(2358,24): warning CS1591: Missing XML comment for publicly visible type or member 'SH.IsAllLower(string)' [E:\vs\Projects\PlatformIndependentNuGetPackages\SunamoString\SunamoString\SunamoString.csproj::TargetFramework=net10.0]
E:\vs\Projects\PlatformIndependentNuGetPackages\SunamoString\SunamoString\SH.cs(2369,24): warning CS1591: Missing XML comment for publicly visible type or member 'SH.IsAllUpper(string)' [E:\vs\Projects\PlatformIndependentNuGetPackages\SunamoString\SunamoString\SunamoString.csproj::TargetFramework=net10.0]
E:\vs\Projects\PlatformIndependentNuGetPackages\SunamoString\SunamoString\SH.cs(2373,24): warning CS1591: Missing XML comment for publicly visible type or member 'SH.ContainsBracket(string, bool)' [E:\vs\Projects\PlatformIndependentNuGetPackages\SunamoString\SunamoString\SunamoString.csproj::TargetFramework=net10.0]
E:\vs\Projects\PlatformIndependentNuGetPackages\SunamoString\SunamoString\SH.cs(2379,27): warning CS1591: Missing XML comment for publicly visible type or member 'SH.S_Cs' [E:\vs\Projects\PlatformIndependentNuGetPackages\SunamoString\SunamoString\SunamoString.csproj::TargetFramework=net10.0]
E:\vs\Projects\PlatformIndependentNuGetPackages\SunamoString\SunamoString\SH.cs(2385,29): warning CS1591: Missing XML comment for publicly visible type or member 'SH.IndexesOfChars(string, char)' [E:\vs\Projects\PlatformIndependentNuGetPackages\SunamoString\SunamoString\SunamoString.csproj::TargetFramework=net10.0]
E:\vs\Projects\PlatformIndependentNuGetPackages\SunamoString\SunamoString\SH.cs(2403,24): warning CS1591: Missing XML comment for publicly visible type or member 'SH.ContainsBracket(string, ref List<char>, ref List<char>, bool)' [E:\vs\Projects\PlatformIndependentNuGetPackages\SunamoString\SunamoString\SunamoString.csproj::TargetFramework=net10.0]
E:\vs\Projects\PlatformIndependentNuGetPackages\SunamoString\SunamoString\SH.cs(2418,24): warning CS1591: Missing XML comment for publicly visible type or member 'SH.ClosingBracketFor(char)' [E:\vs\Projects\PlatformIndependentNuGetPackages\SunamoString\SunamoString\SunamoString.csproj::TargetFramework=net10.0]
E:\vs\Projects\PlatformIndependentNuGetPackages\SunamoString\SunamoString\SH.cs(2437,26): warning CS1591: Missing XML comment for publicly visible type or member 'SH.PadRight(string, string, int)' [E:\vs\Projects\PlatformIndependentNuGetPackages\SunamoString\SunamoString\SunamoString.csproj::TargetFramework=net10.0]
E:\vs\Projects\PlatformIndependentNuGetPackages\SunamoString\SunamoString\SH.cs(2443,24): warning CS1591: Missing XML comment for publicly visible type or member 'SH.RemoveLastCharSb(StringBuilder)' [E:\vs\Projects\PlatformIndependentNuGetPackages\SunamoString\SunamoString\SunamoString.csproj::TargetFramework=net10.0]
E:\vs\Projects\PlatformIndependentNuGetPackages\SunamoString\SunamoString\SH.cs(2447,26): warning CS1591: Missing XML comment for publicly visible type or member 'SH.RemoveUselessWhitespaces(string)' [E:\vs\Projects\PlatformIndependentNuGetPackages\SunamoString\SunamoString\SunamoString.csproj::TargetFramework=net10.0]
E:\vs\Projects\PlatformIndependentNuGetPackages\SunamoString\SunamoString\SH.cs(2482,21): warning CS1591: Missing XML comment for publicly visible type or member 'SH.ToNumber<T>(Func<string, T>, string)' [E:\vs\Projects\PlatformIndependentNuGetPackages\SunamoString\SunamoString\SunamoString.csproj::TargetFramework=net10.0]
E:\vs\Projects\PlatformIndependentNuGetPackages\SunamoString\SunamoString\SH.cs(2486,26): warning CS1591: Missing XML comment for publicly visible type or member 'SH.RepairQuotes(string)' [E:\vs\Projects\PlatformIndependentNuGetPackages\SunamoString\SunamoString\SunamoString.csproj::TargetFramework=net10.0]
E:\vs\Projects\PlatformIndependentNuGetPackages\SunamoString\SunamoString\SH.cs(2494,24): warning CS1591: Missing XML comment for publicly visible type or member 'SH.IsNumbered(string)' [E:\vs\Projects\PlatformIndependentNuGetPackages\SunamoString\SunamoString\SunamoString.csproj::TargetFramework=net10.0]
E:\vs\Projects\PlatformIndependentNuGetPackages\SunamoString\SunamoString\SH.cs(2512,26): warning CS1591: Missing XML comment for publicly visible type or member 'SH.InsertEndingBracket(string, char)' [E:\vs\Projects\PlatformIndependentNuGetPackages\SunamoString\SunamoString\SunamoString.csproj::TargetFramework=net10.0]
E:\vs\Projects\PlatformIndependentNuGetPackages\SunamoString\SunamoString\SH.cs(2524,26): warning CS1591: Missing XML comment for publicly visible type or member 'SH.InsertEndingBracket(string, List<char>, List<char>)' [E:\vs\Projects\PlatformIndependentNuGetPackages\SunamoString\SunamoString\SunamoString.csproj::TargetFramework=net10.0]
E:\vs\Projects\PlatformIndependentNuGetPackages\SunamoString\SunamoString\SH.cs(2528,26): warning CS1591: Missing XML comment for publicly visible type or member 'SH.InsertEndingBracketWorker(string, int, int, List<char>, char)' [E:\vs\Projects\PlatformIndependentNuGetPackages\SunamoString\SunamoString\SunamoString.csproj::TargetFramework=net10.0]
E:\vs\Projects\PlatformIndependentNuGetPackages\SunamoString\SunamoString\SH.cs(2554,26): warning CS1591: Missing XML comment for publicly visible type or member 'SH.PairsBracketsToCompleteBlock(string)' [E:\vs\Projects\PlatformIndependentNuGetPackages\SunamoString\SunamoString\SunamoString.csproj::TargetFramework=net10.0]
E:\vs\Projects\PlatformIndependentNuGetPackages\SunamoString\SunamoString\SH.cs(2618,30): warning CS1591: Missing XML comment for publicly visible type or member 'SH.IncludeBrackets(string, bool)' [E:\vs\Projects\PlatformIndependentNuGetPackages\SunamoString\SunamoString\SunamoString.csproj::TargetFramework=net10.0]
E:\vs\Projects\PlatformIndependentNuGetPackages\SunamoString\SunamoString\SH.cs(2635,24): warning CS1591: Missing XML comment for publicly visible type or member 'SH.IsValidISO(string)' [E:\vs\Projects\PlatformIndependentNuGetPackages\SunamoString\SunamoString\SunamoString.csproj::TargetFramework=net10.0]
E:\vs\Projects\PlatformIndependentNuGetPackages\SunamoString\SunamoString\SH.cs(2685,24): warning CS1591: Missing XML comment for publicly visible type or member 'SH.ContainsOnlyCase(string, bool, bool)' [E:\vs\Projects\PlatformIndependentNuGetPackages\SunamoString\SunamoString\SunamoString.csproj::TargetFramework=net10.0]
E:\vs\Projects\PlatformIndependentNuGetPackages\SunamoString\SunamoString\SH.cs(2709,26): warning CS1591: Missing XML comment for publicly visible type or member 'SH.ShortForLettersCount(string, int)' [E:\vs\Projects\PlatformIndependentNuGetPackages\SunamoString\SunamoString\SunamoString.csproj::TargetFramework=net10.0]
E:\vs\Projects\PlatformIndependentNuGetPackages\SunamoString\SunamoString\SH.cs(2726,24): warning CS1591: Missing XML comment for publicly visible type or member 'SH.ContainsVariable(string)' [E:\vs\Projects\PlatformIndependentNuGetPackages\SunamoString\SunamoString\SunamoString.csproj::TargetFramework=net10.0]
E:\vs\Projects\PlatformIndependentNuGetPackages\SunamoString\SunamoString\SH.cs(2730,24): warning CS1591: Missing XML comment for publicly visible type or member 'SH.ContainsVariable(char, char, string)' [E:\vs\Projects\PlatformIndependentNuGetPackages\SunamoString\SunamoString\SunamoString.csproj::TargetFramework=net10.0]
E:\vs\Projects\PlatformIndependentNuGetPackages\SunamoString\SunamoString\SH.cs(2760,29): warning CS1591: Missing XML comment for publicly visible type or member 'SH.GetVariablesInString(string)' [E:\vs\Projects\PlatformIndependentNuGetPackages\SunamoString\SunamoString\SunamoString.csproj::TargetFramework=net10.0]
E:\vs\Projects\PlatformIndependentNuGetPackages\SunamoString\SunamoString\SH.cs(2849,24): warning CS1591: Missing XML comment for publicly visible type or member 'SH.ContainsOtherChatThanLetterAndDigit(string)' [E:\vs\Projects\PlatformIndependentNuGetPackages\SunamoString\SunamoString\SunamoString.csproj::TargetFramework=net10.0]
E:\vs\Projects\PlatformIndependentNuGetPackages\SunamoString\SunamoString\SH.cs(2856,26): warning CS1591: Missing XML comment for publicly visible type or member 'SH.GetOddIndexesOfWord(string)' [E:\vs\Projects\PlatformIndependentNuGetPackages\SunamoString\SunamoString\SunamoString.csproj::TargetFramework=net10.0]
E:\vs\Projects\PlatformIndependentNuGetPackages\SunamoString\SunamoString\SH.cs(2908,32): warning CS1591: Missing XML comment for publicly visible type or member 'SH.RemoveDuplicatesNone(string, string)' [E:\vs\Projects\PlatformIndependentNuGetPackages\SunamoString\SunamoString\SunamoString.csproj::TargetFramework=net10.0]
E:\vs\Projects\PlatformIndependentNuGetPackages\SunamoString\SunamoString\SH.cs(3049,42): warning CS1591: Missing XML comment for publicly visible type or member 'SH.ReturnOccurencesOfStringFromToWord(string, params string[])' [E:\vs\Projects\PlatformIndependentNuGetPackages\SunamoString\SunamoString\SunamoString.csproj::TargetFramework=net10.0]
E:\vs\Projects\PlatformIndependentNuGetPackages\SunamoString\SunamoString\SH.cs(3112,26): warning CS1591: Missing XML comment for publicly visible type or member 'SH.GetFirstPartByLocation(string, int)' [E:\vs\Projects\PlatformIndependentNuGetPackages\SunamoString\SunamoString\SunamoString.csproj::TargetFramework=net10.0]
E:\vs\Projects\PlatformIndependentNuGetPackages\SunamoString\SunamoString\SH.cs(3189,24): warning CS1591: Missing XML comment for publicly visible type or member 'SH.EndsWith(string, string)' [E:\vs\Projects\PlatformIndependentNuGetPackages\SunamoString\SunamoString\SunamoString.csproj::TargetFramework=net10.0]
E:\vs\Projects\PlatformIndependentNuGetPackages\SunamoString\SunamoString\SH.cs(3193,24): warning CS1591: Missing XML comment for publicly visible type or member 'SH.RemovePrefix(ref string, string)' [E:\vs\Projects\PlatformIndependentNuGetPackages\SunamoString\SunamoString\SunamoString.csproj::TargetFramework=net10.0]
E:\vs\Projects\PlatformIndependentNuGetPackages\SunamoString\SunamoString\SH.cs(3202,26): warning CS1591: Missing XML comment for publicly visible type or member 'SH.GetToFirstChar(string, int)' [E:\vs\Projects\PlatformIndependentNuGetPackages\SunamoString\SunamoString\SunamoString.csproj::TargetFramework=net10.0]
E:\vs\Projects\PlatformIndependentNuGetPackages\SunamoString\SunamoString\SH.cs(3218,24): warning CS1591: Missing XML comment for publicly visible type or member 'SH.ContainsFromEnd(string, char, out int)' [E:\vs\Projects\PlatformIndependentNuGetPackages\SunamoString\SunamoString\SunamoString.csproj::TargetFramework=net10.0]
E:\vs\Projects\PlatformIndependentNuGetPackages\SunamoString\SunamoString\SH.cs(3229,26): warning CS1591: Missing XML comment for publicly visible type or member 'SH.FirstWhichIsNotEmpty(params string[])' [E:\vs\Projects\PlatformIndependentNuGetPackages\SunamoString\SunamoString\SunamoString.csproj::TargetFramework=net10.0]
E:\vs\Projects\PlatformIndependentNuGetPackages\SunamoString\SunamoString\SH.cs(3277,24): warning CS1591: Missing XML comment for publicly visible type or member 'SH.IsNullOrWhiteSpace(string)' [E:\vs\Projects\PlatformIndependentNuGetPackages\SunamoString\SunamoString\SunamoString.csproj::TargetFramework=net10.0]
E:\vs\Projects\PlatformIndependentNuGetPackages\SunamoString\SunamoString\SHNotTranslateAble.cs(3,21): warning CS1591: Missing XML comment for publicly visible type or member 'SHNotTranslateAble' [E:\vs\Projects\PlatformIndependentNuGetPackages\SunamoString\SunamoString\SunamoString.csproj::TargetFramework=net10.0]
E:\vs\Projects\PlatformIndependentNuGetPackages\SunamoString\SunamoString\TT.cs(11,26): warning CS1591: Missing XML comment for publicly visible type or member 'TT.NameValue(string, string)' [E:\vs\Projects\PlatformIndependentNuGetPackages\SunamoString\SunamoString\SunamoString.csproj::TargetFramework=net10.0]
E:\vs\Projects\PlatformIndependentNuGetPackages\SunamoString\SunamoString\TT.cs(16,26): warning CS1591: Missing XML comment for publicly visible type or member 'TT.NameValue(ABCString, string)' [E:\vs\Projects\PlatformIndependentNuGetPackages\SunamoString\SunamoString\SunamoString.csproj::TargetFramework=net10.0]
E:\vs\Projects\PlatformIndependentNuGetPackages\SunamoString\SunamoString\_public\StringOrStringList.cs(3,14): warning CS1591: Missing XML comment for publicly visible type or member 'StringOrStringList' [E:\vs\Projects\PlatformIndependentNuGetPackages\SunamoString\SunamoString\SunamoString.csproj::TargetFramework=net10.0]
E:\vs\Projects\PlatformIndependentNuGetPackages\SunamoString\SunamoString\_public\StringOrStringList.cs(5,12): warning CS1591: Missing XML comment for publicly visible type or member 'StringOrStringList.StringOrStringList(string)' [E:\vs\Projects\PlatformIndependentNuGetPackages\SunamoString\SunamoString\SunamoString.csproj::TargetFramework=net10.0]
E:\vs\Projects\PlatformIndependentNuGetPackages\SunamoString\SunamoString\_public\StringOrStringList.cs(9,12): warning CS1591: Missing XML comment for publicly visible type or member 'StringOrStringList.StringOrStringList(List<string>)' [E:\vs\Projects\PlatformIndependentNuGetPackages\SunamoString\SunamoString\SunamoString.csproj::TargetFramework=net10.0]
E:\vs\Projects\PlatformIndependentNuGetPackages\SunamoString\SunamoString\_public\StringOrStringList.cs(13,19): warning CS1591: Missing XML comment for publicly visible type or member 'StringOrStringList.String' [E:\vs\Projects\PlatformIndependentNuGetPackages\SunamoString\SunamoString\SunamoString.csproj::TargetFramework=net10.0]
E:\vs\Projects\PlatformIndependentNuGetPackages\SunamoString\SunamoString\_public\StringOrStringList.cs(14,25): warning CS1591: Missing XML comment for publicly visible type or member 'StringOrStringList.List' [E:\vs\Projects\PlatformIndependentNuGetPackages\SunamoString\SunamoString\SunamoString.csproj::TargetFramework=net10.0]
E:\vs\Projects\PlatformIndependentNuGetPackages\SunamoString\SunamoString\_public\StringOrStringList.cs(15,19): warning CS1591: Missing XML comment for publicly visible type or member 'StringOrStringList.GetString()' [E:\vs\Projects\PlatformIndependentNuGetPackages\SunamoString\SunamoString\SunamoString.csproj::TargetFramework=net10.0]
E:\vs\Projects\PlatformIndependentNuGetPackages\SunamoString\SunamoString\_public\StringOrStringList.cs(31,25): warning CS1591: Missing XML comment for publicly visible type or member 'StringOrStringList.GetList()' [E:\vs\Projects\PlatformIndependentNuGetPackages\SunamoString\SunamoString\SunamoString.csproj::TargetFramework=net10.0]
E:\vs\Projects\PlatformIndependentNuGetPackages\SunamoString\SunamoString\_public\SunamoData\Data\ABCString.cs(3,14): warning CS1591: Missing XML comment for publicly visible type or member 'ABCString' [E:\vs\Projects\PlatformIndependentNuGetPackages\SunamoString\SunamoString\SunamoString.csproj::TargetFramework=net10.0]
E:\vs\Projects\PlatformIndependentNuGetPackages\SunamoString\SunamoString\_public\SunamoData\Data\ABCString.cs(5,29): warning CS1591: Missing XML comment for publicly visible type or member 'ABCString.Empty' [E:\vs\Projects\PlatformIndependentNuGetPackages\SunamoString\SunamoString\SunamoString.csproj::TargetFramework=net10.0]
E:\vs\Projects\PlatformIndependentNuGetPackages\SunamoString\SunamoString\_public\SunamoData\Data\ABCString.cs(6,12): warning CS1591: Missing XML comment for publicly visible type or member 'ABCString.ABCString()' [E:\vs\Projects\PlatformIndependentNuGetPackages\SunamoString\SunamoString\SunamoString.csproj::TargetFramework=net10.0]
E:\vs\Projects\PlatformIndependentNuGetPackages\SunamoString\SunamoString\_public\SunamoData\Data\ABCString.cs(9,28): warning CS1591: Missing XML comment for publicly visible type or member 'ABCString.ToString()' [E:\vs\Projects\PlatformIndependentNuGetPackages\SunamoString\SunamoString\SunamoString.csproj::TargetFramework=net10.0]
E:\vs\Projects\PlatformIndependentNuGetPackages\SunamoString\SunamoString\_public\SunamoData\Data\ABCString.cs(18,16): warning CS1591: Missing XML comment for publicly visible type or member 'ABCString.Length' [E:\vs\Projects\PlatformIndependentNuGetPackages\SunamoString\SunamoString\SunamoString.csproj::TargetFramework=net10.0]
E:\vs\Projects\PlatformIndependentNuGetPackages\SunamoString\SunamoString\_public\SunamoData\Data\ABCString.cs(25,12): warning CS1591: Missing XML comment for publicly visible type or member 'ABCString.ABCString(int)' [E:\vs\Projects\PlatformIndependentNuGetPackages\SunamoString\SunamoString\SunamoString.csproj::TargetFramework=net10.0]
E:\vs\Projects\PlatformIndependentNuGetPackages\SunamoString\SunamoString\_public\SunamoData\Data\ABCString.cs(32,12): warning CS1591: Missing XML comment for publicly visible type or member 'ABCString.ABCString(params object[])' [E:\vs\Projects\PlatformIndependentNuGetPackages\SunamoString\SunamoString\SunamoString.csproj::TargetFramework=net10.0]
E:\vs\Projects\PlatformIndependentNuGetPackages\SunamoString\SunamoString\_public\SunamoData\Data\ABCString.cs(88,12): warning CS1591: Missing XML comment for publicly visible type or member 'ABCString.ABCString(params ABString[])' [E:\vs\Projects\PlatformIndependentNuGetPackages\SunamoString\SunamoString\SunamoString.csproj::TargetFramework=net10.0]
E:\vs\Projects\PlatformIndependentNuGetPackages\SunamoString\SunamoString\_public\SunamoData\Data\ABCString.cs(96,21): warning CS1591: Missing XML comment for publicly visible type or member 'ABCString.OnlyBs()' [E:\vs\Projects\PlatformIndependentNuGetPackages\SunamoString\SunamoString\SunamoString.csproj::TargetFramework=net10.0]
E:\vs\Projects\PlatformIndependentNuGetPackages\SunamoString\SunamoString\_public\SunamoData\Data\ABCString.cs(100,25): warning CS1591: Missing XML comment for publicly visible type or member 'ABCString.OnlyBsList()' [E:\vs\Projects\PlatformIndependentNuGetPackages\SunamoString\SunamoString\SunamoString.csproj::TargetFramework=net10.0]
E:\vs\Projects\PlatformIndependentNuGetPackages\SunamoString\SunamoString\_public\SunamoData\Data\ABCString.cs(109,25): warning CS1591: Missing XML comment for publicly visible type or member 'ABCString.OnlyAs()' [E:\vs\Projects\PlatformIndependentNuGetPackages\SunamoString\SunamoString\SunamoString.csproj::TargetFramework=net10.0]
E:\vs\Projects\PlatformIndependentNuGetPackages\SunamoString\SunamoString\_public\SunamoData\Data\ABCString.cs(119,32): warning CS1591: Missing XML comment for publicly visible type or member 'ABCString.OnlyBs(List<ABString>)' [E:\vs\Projects\PlatformIndependentNuGetPackages\SunamoString\SunamoString\SunamoString.csproj::TargetFramework=net10.0]
E:\vs\Projects\PlatformIndependentNuGetPackages\SunamoString\SunamoString\_public\SunamoData\Data\ABString.cs(3,14): warning CS1591: Missing XML comment for publicly visible type or member 'ABString' [E:\vs\Projects\PlatformIndependentNuGetPackages\SunamoString\SunamoString\SunamoString.csproj::TargetFramework=net10.0]
E:\vs\Projects\PlatformIndependentNuGetPackages\SunamoString\SunamoString\_public\SunamoData\Data\ABString.cs(5,24): warning CS1591: Missing XML comment for publicly visible type or member 'ABString.Type' [E:\vs\Projects\PlatformIndependentNuGetPackages\SunamoString\SunamoString\SunamoString.csproj::TargetFramework=net10.0]
E:\vs\Projects\PlatformIndependentNuGetPackages\SunamoString\SunamoString\_public\SunamoData\Data\ABString.cs(19,12): warning CS1591: Missing XML comment for publicly visible type or member 'ABString.ABString(string, object)' [E:\vs\Projects\PlatformIndependentNuGetPackages\SunamoString\SunamoString\SunamoString.csproj::TargetFramework=net10.0]
E:\vs\Projects\PlatformIndependentNuGetPackages\SunamoString\SunamoString\_public\SunamoData\Data\ABString.cs(25,28): warning CS1591: Missing XML comment for publicly visible type or member 'ABString.Get(Type, object)' [E:\vs\Projects\PlatformIndependentNuGetPackages\SunamoString\SunamoString\SunamoString.csproj::TargetFramework=net10.0]
E:\vs\Projects\PlatformIndependentNuGetPackages\SunamoString\SunamoString\_public\SunamoData\Data\ABString.cs(30,28): warning CS1591: Missing XML comment for publicly visible type or member 'ABString.Get(string, object)' [E:\vs\Projects\PlatformIndependentNuGetPackages\SunamoString\SunamoString\SunamoString.csproj::TargetFramework=net10.0]
E:\vs\Projects\PlatformIndependentNuGetPackages\SunamoString\SunamoString\_public\SunamoData\Data\ABString.cs(35,28): warning CS1591: Missing XML comment for publicly visible type or member 'ABString.ToString()' [E:\vs\Projects\PlatformIndependentNuGetPackages\SunamoString\SunamoString\SunamoString.csproj::TargetFramework=net10.0]
E:\vs\Projects\PlatformIndependentNuGetPackages\SunamoString\SunamoString\_public\SunamoData\Data\CharFormatDataString.cs(3,14): warning CS1591: Missing XML comment for publicly visible type or member 'CharFormatDataString' [E:\vs\Projects\PlatformIndependentNuGetPackages\SunamoString\SunamoString\SunamoString.csproj::TargetFramework=net10.0]
E:\vs\Projects\PlatformIndependentNuGetPackages\SunamoString\SunamoString\_public\SunamoData\Data\CharFormatDataString.cs(16,25): warning CS1591: Missing XML comment for publicly visible type or member 'CharFormatDataString.Templates' [E:\vs\Projects\PlatformIndependentNuGetPackages\SunamoString\SunamoString\SunamoString.csproj::TargetFramework=net10.0]
E:\vs\Projects\PlatformIndependentNuGetPackages\SunamoString\SunamoString\_public\SunamoData\Data\CharFormatDataString.cs(19,44): warning CS1591: Missing XML comment for publicly visible type or member 'CharFormatDataString.Templates.Dash' [E:\vs\Projects\PlatformIndependentNuGetPackages\SunamoString\SunamoString\SunamoString.csproj::TargetFramework=net10.0]
E:\vs\Projects\PlatformIndependentNuGetPackages\SunamoString\SunamoString\_public\SunamoData\Data\CharFormatDataString.cs(20,44): warning CS1591: Missing XML comment for publicly visible type or member 'CharFormatDataString.Templates.NotNumber' [E:\vs\Projects\PlatformIndependentNuGetPackages\SunamoString\SunamoString\SunamoString.csproj::TargetFramework=net10.0]
E:\vs\Projects\PlatformIndependentNuGetPackages\SunamoString\SunamoString\_public\SunamoData\Data\CharFormatDataString.cs(24,44): warning CS1591: Missing XML comment for publicly visible type or member 'CharFormatDataString.Templates.TwoLetterNumber' [E:\vs\Projects\PlatformIndependentNuGetPackages\SunamoString\SunamoString\SunamoString.csproj::TargetFramework=net10.0]
E:\vs\Projects\PlatformIndependentNuGetPackages\SunamoString\SunamoString\_public\SunamoData\Data\CharFormatDataString.cs(31,44): warning CS1591: Missing XML comment for publicly visible type or member 'CharFormatDataString.Templates.Any' [E:\vs\Projects\PlatformIndependentNuGetPackages\SunamoString\SunamoString\SunamoString.csproj::TargetFramework=net10.0]
E:\vs\Projects\PlatformIndependentNuGetPackages\SunamoString\SunamoString\_public\SunamoData\Data\CharFormatDataString.cs(39,12): warning CS1591: Missing XML comment for publicly visible type or member 'CharFormatDataString.CharFormatDataString(bool?, char[])' [E:\vs\Projects\PlatformIndependentNuGetPackages\SunamoString\SunamoString\SunamoString.csproj::TargetFramework=net10.0]
E:\vs\Projects\PlatformIndependentNuGetPackages\SunamoString\SunamoString\_public\SunamoData\Data\CharFormatDataString.cs(44,12): warning CS1591: Missing XML comment for publicly visible type or member 'CharFormatDataString.CharFormatDataString()' [E:\vs\Projects\PlatformIndependentNuGetPackages\SunamoString\SunamoString\SunamoString.csproj::TargetFramework=net10.0]
E:\vs\Projects\PlatformIndependentNuGetPackages\SunamoString\SunamoString\_public\SunamoData\Data\CharFormatDataString.cs(47,40): warning CS1591: Missing XML comment for publicly visible type or member 'CharFormatDataString.GetOnlyNumbers(FromToString)' [E:\vs\Projects\PlatformIndependentNuGetPackages\SunamoString\SunamoString\SunamoString.csproj::TargetFramework=net10.0]
E:\vs\Projects\PlatformIndependentNuGetPackages\SunamoString\SunamoString\_public\SunamoData\Data\CharFormatDataString.cs(63,40): warning CS1591: Missing XML comment for publicly visible type or member 'CharFormatDataString.Get(bool?, FromToString, params char[])' [E:\vs\Projects\PlatformIndependentNuGetPackages\SunamoString\SunamoString\SunamoString.csproj::TargetFramework=net10.0]
E:\vs\Projects\PlatformIndependentNuGetPackages\SunamoString\SunamoString\_public\SunamoData\Data\FromToString.cs(3,14): warning CS1591: Missing XML comment for publicly visible type or member 'FromToString' [E:\vs\Projects\PlatformIndependentNuGetPackages\SunamoString\SunamoString\SunamoString.csproj::TargetFramework=net10.0]
E:\vs\Projects\PlatformIndependentNuGetPackages\SunamoString\SunamoString\_public\SunamoData\Data\FromToString.cs(5,32): warning CS1591: Missing XML comment for publicly visible type or member 'FromToString.Empty' [E:\vs\Projects\PlatformIndependentNuGetPackages\SunamoString\SunamoString\SunamoString.csproj::TargetFramework=net10.0]
E:\vs\Projects\PlatformIndependentNuGetPackages\SunamoString\SunamoString\_public\SunamoData\Data\FromToString.cs(6,12): warning CS1591: Missing XML comment for publicly visible type or member 'FromToString.FromToString()' [E:\vs\Projects\PlatformIndependentNuGetPackages\SunamoString\SunamoString\SunamoString.csproj::TargetFramework=net10.0]
E:\vs\Projects\PlatformIndependentNuGetPackages\SunamoString\SunamoString\_public\SunamoData\Data\FromToString.cs(24,12): warning CS1591: Missing XML comment for publicly visible type or member 'FromToString.FromToString(long, long, FromToUseString)' [E:\vs\Projects\PlatformIndependentNuGetPackages\SunamoString\SunamoString\SunamoString.csproj::TargetFramework=net10.0]
E:\vs\Projects\PlatformIndependentNuGetPackages\SunamoString\SunamoString\_public\SunamoData\Data\FromToTSHString.cs(3,14): warning CS1591: Missing XML comment for publicly visible type or member 'FromToTSHString<T>' [E:\vs\Projects\PlatformIndependentNuGetPackages\SunamoString\SunamoString\SunamoString.csproj::TargetFramework=net10.0]
E:\vs\Projects\PlatformIndependentNuGetPackages\SunamoString\SunamoString\_public\SunamoData\Data\FromToTSHString.cs(6,17): warning CS1591: Missing XML comment for publicly visible type or member 'FromToTSHString<T>.Empty' [E:\vs\Projects\PlatformIndependentNuGetPackages\SunamoString\SunamoString\SunamoString.csproj::TargetFramework=net10.0]
E:\vs\Projects\PlatformIndependentNuGetPackages\SunamoString\SunamoString\_public\SunamoData\Data\FromToTSHString.cs(8,28): warning CS1591: Missing XML comment for publicly visible type or member 'FromToTSHString<T>.FtUse' [E:\vs\Projects\PlatformIndependentNuGetPackages\SunamoString\SunamoString\SunamoString.csproj::TargetFramework=net10.0]
E:\vs\Projects\PlatformIndependentNuGetPackages\SunamoString\SunamoString\_public\SunamoData\Data\FromToTSHString.cs(10,12): warning CS1591: Missing XML comment for publicly visible type or member 'FromToTSHString<T>.FromToTSHString()' [E:\vs\Projects\PlatformIndependentNuGetPackages\SunamoString\SunamoString\SunamoString.csproj::TargetFramework=net10.0]
E:\vs\Projects\PlatformIndependentNuGetPackages\SunamoString\SunamoString\_public\SunamoData\Data\FromToTSHString.cs(22,12): warning CS1591: Missing XML comment for publicly visible type or member 'FromToTSHString<T>.FromToTSHString(T, T, FromToUseString)' [E:\vs\Projects\PlatformIndependentNuGetPackages\SunamoString\SunamoString\SunamoString.csproj::TargetFramework=net10.0]
E:\vs\Projects\PlatformIndependentNuGetPackages\SunamoString\SunamoString\_public\SunamoData\Data\FromToTSHString.cs(28,14): warning CS1591: Missing XML comment for publicly visible type or member 'FromToTSHString<T>.From' [E:\vs\Projects\PlatformIndependentNuGetPackages\SunamoString\SunamoString\SunamoString.csproj::TargetFramework=net10.0]
E:\vs\Projects\PlatformIndependentNuGetPackages\SunamoString\SunamoString\_public\SunamoData\Data\FromToTSHString.cs(33,14): warning CS1591: Missing XML comment for publicly visible type or member 'FromToTSHString<T>.To' [E:\vs\Projects\PlatformIndependentNuGetPackages\SunamoString\SunamoString\SunamoString.csproj::TargetFramework=net10.0]
E:\vs\Projects\PlatformIndependentNuGetPackages\SunamoString\SunamoString\_public\SunamoData\Data\FromToTSHString.cs(38,17): warning CS1591: Missing XML comment for publicly visible type or member 'FromToTSHString<T>.FromL' [E:\vs\Projects\PlatformIndependentNuGetPackages\SunamoString\SunamoString\SunamoString.csproj::TargetFramework=net10.0]
E:\vs\Projects\PlatformIndependentNuGetPackages\SunamoString\SunamoString\_public\SunamoData\Data\FromToTSHString.cs(39,17): warning CS1591: Missing XML comment for publicly visible type or member 'FromToTSHString<T>.ToL' [E:\vs\Projects\PlatformIndependentNuGetPackages\SunamoString\SunamoString\SunamoString.csproj::TargetFramework=net10.0]
E:\vs\Projects\PlatformIndependentNuGetPackages\SunamoString\SunamoString\_public\SunamoData\Data\FromToWordString.cs(3,14): warning CS1591: Missing XML comment for publicly visible type or member 'FromToWordString' [E:\vs\Projects\PlatformIndependentNuGetPackages\SunamoString\SunamoString\SunamoString.csproj::TargetFramework=net10.0]
E:\vs\Projects\PlatformIndependentNuGetPackages\SunamoString\SunamoString\_public\SunamoData\Data\FromToWordString.cs(5,16): warning CS1591: Missing XML comment for publicly visible type or member 'FromToWordString.From' [E:\vs\Projects\PlatformIndependentNuGetPackages\SunamoString\SunamoString\SunamoString.csproj::TargetFramework=net10.0]
E:\vs\Projects\PlatformIndependentNuGetPackages\SunamoString\SunamoString\_public\SunamoData\Data\FromToWordString.cs(6,16): warning CS1591: Missing XML comment for publicly visible type or member 'FromToWordString.To' [E:\vs\Projects\PlatformIndependentNuGetPackages\SunamoString\SunamoString\SunamoString.csproj::TargetFramework=net10.0]
E:\vs\Projects\PlatformIndependentNuGetPackages\SunamoString\SunamoString\_public\SunamoData\Data\FromToWordString.cs(7,19): warning CS1591: Missing XML comment for publicly visible type or member 'FromToWordString.Word' [E:\vs\Projects\PlatformIndependentNuGetPackages\SunamoString\SunamoString\SunamoString.csproj::TargetFramework=net10.0]
E:\vs\Projects\PlatformIndependentNuGetPackages\SunamoString\SunamoString\_public\SunamoData\Data\SquareMap.cs(5,14): warning CS1591: Missing XML comment for publicly visible type or member 'SquareMap' [E:\vs\Projects\PlatformIndependentNuGetPackages\SunamoString\SunamoString\SunamoString.csproj::TargetFramework=net10.0]
E:\vs\Projects\PlatformIndependentNuGetPackages\SunamoString\SunamoString\_public\SunamoData\Data\SquareMap.cs(7,22): warning CS1591: Missing XML comment for publicly visible type or member 'SquareMap.CurlyBrackets' [E:\vs\Projects\PlatformIndependentNuGetPackages\SunamoString\SunamoString\SunamoString.csproj::TargetFramework=net10.0]
E:\vs\Projects\PlatformIndependentNuGetPackages\SunamoString\SunamoString\_public\SunamoData\Data\SquareMap.cs(8,22): warning CS1591: Missing XML comment for publicly visible type or member 'SquareMap.SquareBrackets' [E:\vs\Projects\PlatformIndependentNuGetPackages\SunamoString\SunamoString\SunamoString.csproj::TargetFramework=net10.0]
E:\vs\Projects\PlatformIndependentNuGetPackages\SunamoString\SunamoString\_public\SunamoData\Data\SquareMap.cs(9,22): warning CS1591: Missing XML comment for publicly visible type or member 'SquareMap.Brackets' [E:\vs\Projects\PlatformIndependentNuGetPackages\SunamoString\SunamoString\SunamoString.csproj::TargetFramework=net10.0]
E:\vs\Projects\PlatformIndependentNuGetPackages\SunamoString\SunamoString\_public\SunamoData\Data\SquareMap.cs(10,22): warning CS1591: Missing XML comment for publicly visible type or member 'SquareMap.EndingCurlyBrackets' [E:\vs\Projects\PlatformIndependentNuGetPackages\SunamoString\SunamoString\SunamoString.csproj::TargetFramework=net10.0]
E:\vs\Projects\PlatformIndependentNuGetPackages\SunamoString\SunamoString\_public\SunamoData\Data\SquareMap.cs(11,22): warning CS1591: Missing XML comment for publicly visible type or member 'SquareMap.EndingSquareBrackets' [E:\vs\Projects\PlatformIndependentNuGetPackages\SunamoString\SunamoString\SunamoString.csproj::TargetFramework=net10.0]
E:\vs\Projects\PlatformIndependentNuGetPackages\SunamoString\SunamoString\_public\SunamoData\Data\SquareMap.cs(12,22): warning CS1591: Missing XML comment for publicly visible type or member 'SquareMap.EndingBrackets' [E:\vs\Projects\PlatformIndependentNuGetPackages\SunamoString\SunamoString\SunamoString.csproj::TargetFramework=net10.0]
E:\vs\Projects\PlatformIndependentNuGetPackages\SunamoString\SunamoString\_public\SunamoData\Data\SquareMap.cs(15,17): warning CS1591: Missing XML comment for publicly visible type or member 'SquareMap.Add(Brackets, bool, int)' [E:\vs\Projects\PlatformIndependentNuGetPackages\SunamoString\SunamoString\SunamoString.csproj::TargetFramework=net10.0]
E:\vs\Projects\PlatformIndependentNuGetPackages\SunamoString\SunamoString\_public\SunamoData\Data\SquareMapLines.cs(5,14): warning CS1591: Missing XML comment for publicly visible type or member 'SquareMapLines' [E:\vs\Projects\PlatformIndependentNuGetPackages\SunamoString\SunamoString\SunamoString.csproj::TargetFramework=net10.0]
E:\vs\Projects\PlatformIndependentNuGetPackages\SunamoString\SunamoString\_public\SunamoData\Data\SquareMapLines.cs(7,39): warning CS1591: Missing XML comment for publicly visible type or member 'SquareMapLines.CurlyBrackets' [E:\vs\Projects\PlatformIndependentNuGetPackages\SunamoString\SunamoString\SunamoString.csproj::TargetFramework=net10.0]
E:\vs\Projects\PlatformIndependentNuGetPackages\SunamoString\SunamoString\_public\SunamoData\Data\SquareMapLines.cs(8,39): warning CS1591: Missing XML comment for publicly visible type or member 'SquareMapLines.SquareBrackets' [E:\vs\Projects\PlatformIndependentNuGetPackages\SunamoString\SunamoString\SunamoString.csproj::TargetFramework=net10.0]
E:\vs\Projects\PlatformIndependentNuGetPackages\SunamoString\SunamoString\_public\SunamoData\Data\SquareMapLines.cs(9,39): warning CS1591: Missing XML comment for publicly visible type or member 'SquareMapLines.Brackets' [E:\vs\Projects\PlatformIndependentNuGetPackages\SunamoString\SunamoString\SunamoString.csproj::TargetFramework=net10.0]
E:\vs\Projects\PlatformIndependentNuGetPackages\SunamoString\SunamoString\_public\SunamoData\Data\SquareMapLines.cs(10,39): warning CS1591: Missing XML comment for publicly visible type or member 'SquareMapLines.EndingCurlyBrackets' [E:\vs\Projects\PlatformIndependentNuGetPackages\SunamoString\SunamoString\SunamoString.csproj::TargetFramework=net10.0]
E:\vs\Projects\PlatformIndependentNuGetPackages\SunamoString\SunamoString\_public\SunamoData\Data\SquareMapLines.cs(11,39): warning CS1591: Missing XML comment for publicly visible type or member 'SquareMapLines.EndingSquareBrackets' [E:\vs\Projects\PlatformIndependentNuGetPackages\SunamoString\SunamoString\SunamoString.csproj::TargetFramework=net10.0]
E:\vs\Projects\PlatformIndependentNuGetPackages\SunamoString\SunamoString\_public\SunamoData\Data\SquareMapLines.cs(12,39): warning CS1591: Missing XML comment for publicly visible type or member 'SquareMapLines.EndingBrackets' [E:\vs\Projects\PlatformIndependentNuGetPackages\SunamoString\SunamoString\SunamoString.csproj::TargetFramework=net10.0]
E:\vs\Projects\PlatformIndependentNuGetPackages\SunamoString\SunamoString\_public\SunamoData\Data\SquareMapLines.cs(22,12): warning CS1591: Missing XML comment for publicly visible type or member 'SquareMapLines.SquareMapLines(SquareMap)' [E:\vs\Projects\PlatformIndependentNuGetPackages\SunamoString\SunamoString\SunamoString.csproj::TargetFramework=net10.0]
E:\vs\Projects\PlatformIndependentNuGetPackages\SunamoString\SunamoString\_public\SunamoData\Data\SquareMapLines.cs(26,12): warning CS1591: Missing XML comment for publicly visible type or member 'SquareMapLines.SquareMapLines()' [E:\vs\Projects\PlatformIndependentNuGetPackages\SunamoString\SunamoString\SunamoString.csproj::TargetFramework=net10.0]
E:\vs\Projects\PlatformIndependentNuGetPackages\SunamoString\SunamoString\_public\SunamoData\Data\SquareMapLines.cs(38,17): warning CS1591: Missing XML comment for publicly visible type or member 'SquareMapLines.Add(Brackets, bool, int, int)' [E:\vs\Projects\PlatformIndependentNuGetPackages\SunamoString\SunamoString\SunamoString.csproj::TargetFramework=net10.0]
E:\vs\Projects\PlatformIndependentNuGetPackages\SunamoString\SunamoString\_public\SunamoEnums\Enums\ContainsCompareMethodString.cs(3,13): warning CS1591: Missing XML comment for publicly visible type or member 'ContainsCompareMethodString' [E:\vs\Projects\PlatformIndependentNuGetPackages\SunamoString\SunamoString\SunamoString.csproj::TargetFramework=net10.0]
E:\vs\Projects\PlatformIndependentNuGetPackages\SunamoString\SunamoString\_public\SunamoEnums\Enums\ContainsCompareMethodString.cs(5,5): warning CS1591: Missing XML comment for publicly visible type or member 'ContainsCompareMethodString.WholeInput' [E:\vs\Projects\PlatformIndependentNuGetPackages\SunamoString\SunamoString\SunamoString.csproj::TargetFramework=net10.0]
E:\vs\Projects\PlatformIndependentNuGetPackages\SunamoString\SunamoString\_public\SunamoEnums\Enums\ContainsCompareMethodString.cs(6,5): warning CS1591: Missing XML comment for publicly visible type or member 'ContainsCompareMethodString.SplitToWords' [E:\vs\Projects\PlatformIndependentNuGetPackages\SunamoString\SunamoString\SunamoString.csproj::TargetFramework=net10.0]
E:\vs\Projects\PlatformIndependentNuGetPackages\SunamoString\SunamoString\_public\SunamoEnums\Enums\ContainsCompareMethodString.cs(10,5): warning CS1591: Missing XML comment for publicly visible type or member 'ContainsCompareMethodString.Negations' [E:\vs\Projects\PlatformIndependentNuGetPackages\SunamoString\SunamoString\SunamoString.csproj::TargetFramework=net10.0]
E:\vs\Projects\PlatformIndependentNuGetPackages\SunamoString\SunamoString\_public\SunamoEnums\Enums\FromToUse.cs(6,13): warning CS1591: Missing XML comment for publicly visible type or member 'FromToUseString' [E:\vs\Projects\PlatformIndependentNuGetPackages\SunamoString\SunamoString\SunamoString.csproj::TargetFramework=net10.0]
E:\vs\Projects\PlatformIndependentNuGetPackages\SunamoString\SunamoString\_public\SunamoEnums\Enums\FromToUse.cs(8,5): warning CS1591: Missing XML comment for publicly visible type or member 'FromToUseString.DateTime' [E:\vs\Projects\PlatformIndependentNuGetPackages\SunamoString\SunamoString\SunamoString.csproj::TargetFramework=net10.0]
E:\vs\Projects\PlatformIndependentNuGetPackages\SunamoString\SunamoString\_public\SunamoEnums\Enums\FromToUse.cs(9,5): warning CS1591: Missing XML comment for publicly visible type or member 'FromToUseString.Unix' [E:\vs\Projects\PlatformIndependentNuGetPackages\SunamoString\SunamoString\SunamoString.csproj::TargetFramework=net10.0]
E:\vs\Projects\PlatformIndependentNuGetPackages\SunamoString\SunamoString\_public\SunamoEnums\Enums\FromToUse.cs(10,5): warning CS1591: Missing XML comment for publicly visible type or member 'FromToUseString.UnixJustTime' [E:\vs\Projects\PlatformIndependentNuGetPackages\SunamoString\SunamoString\SunamoString.csproj::TargetFramework=net10.0]
E:\vs\Projects\PlatformIndependentNuGetPackages\SunamoString\SunamoString\_public\SunamoEnums\Enums\FromToUse.cs(11,5): warning CS1591: Missing XML comment for publicly visible type or member 'FromToUseString.None' [E:\vs\Projects\PlatformIndependentNuGetPackages\SunamoString\SunamoString\SunamoString.csproj::TargetFramework=net10.0]
E:\vs\Projects\PlatformIndependentNuGetPackages\SunamoString\SunamoString\_public\SunamoEnums\Enums\StatisticLetterCharsStrategy.cs(3,13): warning CS1591: Missing XML comment for publicly visible type or member 'StatisticLetterCharsStrategy' [E:\vs\Projects\PlatformIndependentNuGetPackages\SunamoString\SunamoString\SunamoString.csproj::TargetFramework=net10.0]
E:\vs\Projects\PlatformIndependentNuGetPackages\SunamoString\SunamoString\_public\SunamoEnums\Enums\StatisticLetterCharsStrategy.cs(5,5): warning CS1591: Missing XML comment for publicly visible type or member 'StatisticLetterCharsStrategy.AddAsFirst' [E:\vs\Projects\PlatformIndependentNuGetPackages\SunamoString\SunamoString\SunamoString.csproj::TargetFramework=net10.0]
E:\vs\Projects\PlatformIndependentNuGetPackages\SunamoString\SunamoString\_public\SunamoEnums\Enums\StatisticLetterCharsStrategy.cs(6,5): warning CS1591: Missing XML comment for publicly visible type or member 'StatisticLetterCharsStrategy.IgnoreCompletely' [E:\vs\Projects\PlatformIndependentNuGetPackages\SunamoString\SunamoString\SunamoString.csproj::TargetFramework=net10.0]
E:\vs\Projects\PlatformIndependentNuGetPackages\SunamoString\SunamoString\SH.cs(2768,9): warning CS1587: XML comment is not placed on a valid language element [E:\vs\Projects\PlatformIndependentNuGetPackages\SunamoString\SunamoString\SunamoString.csproj::TargetFramework=net10.0]
E:\vs\Projects\PlatformIndependentNuGetPackages\SunamoString\SunamoString\TT.cs(9,5): warning CS1587: XML comment is not placed on a valid language element [E:\vs\Projects\PlatformIndependentNuGetPackages\SunamoString\SunamoString\SunamoString.csproj::TargetFramework=net10.0]
E:\vs\Projects\PlatformIndependentNuGetPackages\SunamoString\SunamoString\_sunamo\SunamoDictionary\DictionaryHelper.cs(5,58): warning CS8714: The type 'T' cannot be used as type parameter 'TKey' in the generic type or method 'Dictionary<TKey, TValue>'. Nullability of type argument 'T' doesn't match 'notnull' constraint. [E:\vs\Projects\PlatformIndependentNuGetPackages\SunamoString\SunamoString\SunamoString.csproj::TargetFramework=net9.0]
E:\vs\Projects\PlatformIndependentNuGetPackages\SunamoString\SunamoString\_public\SunamoData\Data\FromToString.cs(5,32): warning CS0108: 'FromToString.Empty' hides inherited member 'FromToTSHString<long>.Empty'. Use the new keyword if hiding was intended. [E:\vs\Projects\PlatformIndependentNuGetPackages\SunamoString\SunamoString\SunamoString.csproj::TargetFramework=net9.0]
E:\vs\Projects\PlatformIndependentNuGetPackages\SunamoString\SunamoString\SH.cs(530,78): warning CS8625: Cannot convert null literal to non-nullable reference type. [E:\vs\Projects\PlatformIndependentNuGetPackages\SunamoString\SunamoString\SunamoString.csproj::TargetFramework=net9.0]
E:\vs\Projects\PlatformIndependentNuGetPackages\SunamoString\SunamoString\SH.cs(670,101): warning CS8625: Cannot convert null literal to non-nullable reference type. [E:\vs\Projects\PlatformIndependentNuGetPackages\SunamoString\SunamoString\SunamoString.csproj::TargetFramework=net9.0]
E:\vs\Projects\PlatformIndependentNuGetPackages\SunamoString\SunamoString\SH.cs(2230,37): warning CS8625: Cannot convert null literal to non-nullable reference type. [E:\vs\Projects\PlatformIndependentNuGetPackages\SunamoString\SunamoString\SunamoString.csproj::TargetFramework=net9.0]
E:\vs\Projects\PlatformIndependentNuGetPackages\SunamoString\SunamoString\_sunamo\WhitespaceCharService.cs(5,25): warning CS8618: Non-nullable field 'WhiteSpaceChars' must contain a non-null value when exiting constructor. Consider adding the 'required' modifier or declaring the field as nullable. [E:\vs\Projects\PlatformIndependentNuGetPackages\SunamoString\SunamoString\SunamoString.csproj::TargetFramework=net9.0]
E:\vs\Projects\PlatformIndependentNuGetPackages\SunamoString\SunamoString\_public\StringOrStringList.cs(5,12): warning CS8618: Non-nullable property 'List' must contain a non-null value when exiting constructor. Consider adding the 'required' modifier or declaring the property as nullable. [E:\vs\Projects\PlatformIndependentNuGetPackages\SunamoString\SunamoString\SunamoString.csproj::TargetFramework=net9.0]
E:\vs\Projects\PlatformIndependentNuGetPackages\SunamoString\SunamoString\_sunamo\LetterAndDigitCharService.cs(5,25): warning CS8618: Non-nullable field 'AllCharsWithoutSpecial' must contain a non-null value when exiting constructor. Consider adding the 'required' modifier or declaring the field as nullable. [E:\vs\Projects\PlatformIndependentNuGetPackages\SunamoString\SunamoString\SunamoString.csproj::TargetFramework=net9.0]
E:\vs\Projects\PlatformIndependentNuGetPackages\SunamoString\SunamoString\_sunamo\LetterAndDigitCharService.cs(6,25): warning CS8618: Non-nullable field 'AllChars' must contain a non-null value when exiting constructor. Consider adding the 'required' modifier or declaring the field as nullable. [E:\vs\Projects\PlatformIndependentNuGetPackages\SunamoString\SunamoString\SunamoString.csproj::TargetFramework=net9.0]
E:\vs\Projects\PlatformIndependentNuGetPackages\SunamoString\SunamoString\_public\SunamoData\Data\ABString.cs(11,37): warning CS8625: Cannot convert null literal to non-nullable reference type. [E:\vs\Projects\PlatformIndependentNuGetPackages\SunamoString\SunamoString\SunamoString.csproj::TargetFramework=net9.0]
E:\vs\Projects\PlatformIndependentNuGetPackages\SunamoString\SunamoString\_public\SunamoData\Data\ABString.cs(17,37): warning CS8625: Cannot convert null literal to non-nullable reference type. [E:\vs\Projects\PlatformIndependentNuGetPackages\SunamoString\SunamoString\SunamoString.csproj::TargetFramework=net9.0]
E:\vs\Projects\PlatformIndependentNuGetPackages\SunamoString\SunamoString\_public\SunamoData\Data\ABString.cs(27,29): warning CS8604: Possible null reference argument for parameter 'firstValue' in 'ABString.ABString(string firstValue, object secondValue)'. [E:\vs\Projects\PlatformIndependentNuGetPackages\SunamoString\SunamoString\SunamoString.csproj::TargetFramework=net9.0]
E:\vs\Projects\PlatformIndependentNuGetPackages\SunamoString\SunamoString\_public\StringOrStringList.cs(9,12): warning CS8618: Non-nullable property 'String' must contain a non-null value when exiting constructor. Consider adding the 'required' modifier or declaring the property as nullable. [E:\vs\Projects\PlatformIndependentNuGetPackages\SunamoString\SunamoString\SunamoString.csproj::TargetFramework=net9.0]
E:\vs\Projects\PlatformIndependentNuGetPackages\SunamoString\SunamoString\_public\SunamoData\Data\SquareMapLines.cs(22,12): warning CS8618: Non-nullable property 'CurlyBrackets' must contain a non-null value when exiting constructor. Consider adding the 'required' modifier or declaring the property as nullable. [E:\vs\Projects\PlatformIndependentNuGetPackages\SunamoString\SunamoString\SunamoString.csproj::TargetFramework=net9.0]
E:\vs\Projects\PlatformIndependentNuGetPackages\SunamoString\SunamoString\_public\SunamoData\Data\SquareMapLines.cs(22,12): warning CS8618: Non-nullable property 'SquareBrackets' must contain a non-null value when exiting constructor. Consider adding the 'required' modifier or declaring the property as nullable. [E:\vs\Projects\PlatformIndependentNuGetPackages\SunamoString\SunamoString\SunamoString.csproj::TargetFramework=net9.0]
E:\vs\Projects\PlatformIndependentNuGetPackages\SunamoString\SunamoString\_public\SunamoData\Data\SquareMapLines.cs(22,12): warning CS8618: Non-nullable property 'Brackets' must contain a non-null value when exiting constructor. Consider adding the 'required' modifier or declaring the property as nullable. [E:\vs\Projects\PlatformIndependentNuGetPackages\SunamoString\SunamoString\SunamoString.csproj::TargetFramework=net9.0]
E:\vs\Projects\PlatformIndependentNuGetPackages\SunamoString\SunamoString\_public\SunamoData\Data\SquareMapLines.cs(22,12): warning CS8618: Non-nullable property 'EndingCurlyBrackets' must contain a non-null value when exiting constructor. Consider adding the 'required' modifier or declaring the property as nullable. [E:\vs\Projects\PlatformIndependentNuGetPackages\SunamoString\SunamoString\SunamoString.csproj::TargetFramework=net9.0]
E:\vs\Projects\PlatformIndependentNuGetPackages\SunamoString\SunamoString\_public\SunamoData\Data\SquareMapLines.cs(22,12): warning CS8618: Non-nullable property 'EndingSquareBrackets' must contain a non-null value when exiting constructor. Consider adding the 'required' modifier or declaring the property as nullable. [E:\vs\Projects\PlatformIndependentNuGetPackages\SunamoString\SunamoString\SunamoString.csproj::TargetFramework=net9.0]
E:\vs\Projects\PlatformIndependentNuGetPackages\SunamoString\SunamoString\_public\SunamoData\Data\SquareMapLines.cs(22,12): warning CS8618: Non-nullable property 'EndingBrackets' must contain a non-null value when exiting constructor. Consider adding the 'required' modifier or declaring the property as nullable. [E:\vs\Projects\PlatformIndependentNuGetPackages\SunamoString\SunamoString\SunamoString.csproj::TargetFramework=net9.0]
E:\vs\Projects\PlatformIndependentNuGetPackages\SunamoString\SunamoString\_public\SunamoData\Data\SquareMapLines.cs(26,12): warning CS8618: Non-nullable property 'CurlyBrackets' must contain a non-null value when exiting constructor. Consider adding the 'required' modifier or declaring the property as nullable. [E:\vs\Projects\PlatformIndependentNuGetPackages\SunamoString\SunamoString\SunamoString.csproj::TargetFramework=net9.0]
E:\vs\Projects\PlatformIndependentNuGetPackages\SunamoString\SunamoString\_public\SunamoData\Data\SquareMapLines.cs(26,12): warning CS8618: Non-nullable property 'SquareBrackets' must contain a non-null value when exiting constructor. Consider adding the 'required' modifier or declaring the property as nullable. [E:\vs\Projects\PlatformIndependentNuGetPackages\SunamoString\SunamoString\SunamoString.csproj::TargetFramework=net9.0]
E:\vs\Projects\PlatformIndependentNuGetPackages\SunamoString\SunamoString\_public\SunamoData\Data\SquareMapLines.cs(26,12): warning CS8618: Non-nullable property 'Brackets' must contain a non-null value when exiting constructor. Consider adding the 'required' modifier or declaring the property as nullable. [E:\vs\Projects\PlatformIndependentNuGetPackages\SunamoString\SunamoString\SunamoString.csproj::TargetFramework=net9.0]
E:\vs\Projects\PlatformIndependentNuGetPackages\SunamoString\SunamoString\_public\SunamoData\Data\SquareMapLines.cs(26,12): warning CS8618: Non-nullable property 'EndingCurlyBrackets' must contain a non-null value when exiting constructor. Consider adding the 'required' modifier or declaring the property as nullable. [E:\vs\Projects\PlatformIndependentNuGetPackages\SunamoString\SunamoString\SunamoString.csproj::TargetFramework=net9.0]
E:\vs\Projects\PlatformIndependentNuGetPackages\SunamoString\SunamoString\_public\SunamoData\Data\SquareMapLines.cs(26,12): warning CS8618: Non-nullable property 'EndingSquareBrackets' must contain a non-null value when exiting constructor. Consider adding the 'required' modifier or declaring the property as nullable. [E:\vs\Projects\PlatformIndependentNuGetPackages\SunamoString\SunamoString\SunamoString.csproj::TargetFramework=net9.0]
E:\vs\Projects\PlatformIndependentNuGetPackages\SunamoString\SunamoString\_public\SunamoData\Data\SquareMapLines.cs(26,12): warning CS8618: Non-nullable property 'EndingBrackets' must contain a non-null value when exiting constructor. Consider adding the 'required' modifier or declaring the property as nullable. [E:\vs\Projects\PlatformIndependentNuGetPackages\SunamoString\SunamoString\SunamoString.csproj::TargetFramework=net9.0]
E:\vs\Projects\PlatformIndependentNuGetPackages\SunamoString\SunamoString\_public\SunamoData\Data\CharFormatDataString.cs(15,42): warning CS8625: Cannot convert null literal to non-nullable reference type. [E:\vs\Projects\PlatformIndependentNuGetPackages\SunamoString\SunamoString\SunamoString.csproj::TargetFramework=net9.0]
E:\vs\Projects\PlatformIndependentNuGetPackages\SunamoString\SunamoString\_public\SunamoData\Data\CharFormatDataString.cs(38,48): warning CS8625: Cannot convert null literal to non-nullable reference type. [E:\vs\Projects\PlatformIndependentNuGetPackages\SunamoString\SunamoString\SunamoString.csproj::TargetFramework=net9.0]
E:\vs\Projects\PlatformIndependentNuGetPackages\SunamoString\SunamoString\_sunamo\SpecialCharsService.cs(16,34): warning CS8618: Non-nullable field 'SpecialCharsAll' must contain a non-null value when exiting constructor. Consider adding the 'required' modifier or declaring the field as nullable. [E:\vs\Projects\PlatformIndependentNuGetPackages\SunamoString\SunamoString\SunamoString.csproj::TargetFramework=net9.0]
E:\vs\Projects\PlatformIndependentNuGetPackages\SunamoString\SunamoString\_public\SunamoData\Data\FromToTSHString.cs(31,30): warning CS8600: Converting null literal or possible null value to non-nullable type. [E:\vs\Projects\PlatformIndependentNuGetPackages\SunamoString\SunamoString\SunamoString.csproj::TargetFramework=net9.0]
E:\vs\Projects\PlatformIndependentNuGetPackages\SunamoString\SunamoString\_sunamo\SunamoStringParts\SHParts.cs(7,37): warning CS8604: Possible null reference argument for parameter 'value' in 'int string.LastIndexOf(string value)'. [E:\vs\Projects\PlatformIndependentNuGetPackages\SunamoString\SunamoString\SunamoString.csproj::TargetFramework=net9.0]
E:\vs\Projects\PlatformIndependentNuGetPackages\SunamoString\SunamoString\_public\SunamoData\Data\FromToTSHString.cs(36,28): warning CS8600: Converting null literal or possible null value to non-nullable type. [E:\vs\Projects\PlatformIndependentNuGetPackages\SunamoString\SunamoString\SunamoString.csproj::TargetFramework=net9.0]
E:\vs\Projects\PlatformIndependentNuGetPackages\SunamoString\SunamoString\SH.cs(13,23): warning CS8600: Converting null literal or possible null value to non-nullable type. [E:\vs\Projects\PlatformIndependentNuGetPackages\SunamoString\SunamoString\SunamoString.csproj::TargetFramework=net9.0]
E:\vs\Projects\PlatformIndependentNuGetPackages\SunamoString\SunamoString\SH.cs(60,31): warning CS8604: Possible null reference argument for parameter 'value' in 'bool string.Contains(string value)'. [E:\vs\Projects\PlatformIndependentNuGetPackages\SunamoString\SunamoString\SunamoString.csproj::TargetFramework=net9.0]
E:\vs\Projects\PlatformIndependentNuGetPackages\SunamoString\SunamoString\_public\SunamoData\Data\ABCString.cs(29,22): warning CS8625: Cannot convert null literal to non-nullable reference type. [E:\vs\Projects\PlatformIndependentNuGetPackages\SunamoString\SunamoString\SunamoString.csproj::TargetFramework=net9.0]
E:\vs\Projects\PlatformIndependentNuGetPackages\SunamoString\SunamoString\Extensions\StringExtensions.cs(34,36): warning CS8600: Converting null literal or possible null value to non-nullable type. [E:\vs\Projects\PlatformIndependentNuGetPackages\SunamoString\SunamoString\SunamoString.csproj::TargetFramework=net9.0]
E:\vs\Projects\PlatformIndependentNuGetPackages\SunamoString\SunamoString\_sunamo\SunamoStringReplace\SHReplace.cs(40,25): warning CS8600: Converting null literal or possible null value to non-nullable type. [E:\vs\Projects\PlatformIndependentNuGetPackages\SunamoString\SunamoString\SunamoString.csproj::TargetFramework=net9.0]
E:\vs\Projects\PlatformIndependentNuGetPackages\SunamoString\SunamoString\_sunamo\SunamoStringReplace\SHReplace.cs(40,20): warning CS8600: Converting null literal or possible null value to non-nullable type. [E:\vs\Projects\PlatformIndependentNuGetPackages\SunamoString\SunamoString\SunamoString.csproj::TargetFramework=net9.0]
E:\vs\Projects\PlatformIndependentNuGetPackages\SunamoString\SunamoString\_sunamo\SunamoStringReplace\SHReplace.cs(33,16): warning CS0219: The variable 'methodName' is assigned but its value is never used [E:\vs\Projects\PlatformIndependentNuGetPackages\SunamoString\SunamoString\SunamoString.csproj::TargetFramework=net9.0]
E:\vs\Projects\PlatformIndependentNuGetPackages\SunamoString\SunamoString\TT.cs(19,78): warning CS8604: Possible null reference argument for parameter 'value' in 'string TT.NameValue(string name, string value)'. [E:\vs\Projects\PlatformIndependentNuGetPackages\SunamoString\SunamoString\SunamoString.csproj::TargetFramework=net9.0]
E:\vs\Projects\PlatformIndependentNuGetPackages\SunamoString\SunamoString\_sunamo\SunamoValues\Values\AllLists.cs(8,81): warning CS8625: Cannot convert null literal to non-nullable reference type. [E:\vs\Projects\PlatformIndependentNuGetPackages\SunamoString\SunamoString\SunamoString.csproj::TargetFramework=net9.0]
E:\vs\Projects\PlatformIndependentNuGetPackages\SunamoString\SunamoString\_sunamo\SunamoValues\Values\AllLists.cs(13,86): warning CS8625: Cannot convert null literal to non-nullable reference type. [E:\vs\Projects\PlatformIndependentNuGetPackages\SunamoString\SunamoString\SunamoString.csproj::TargetFramework=net9.0]
E:\vs\Projects\PlatformIndependentNuGetPackages\SunamoString\SunamoString\_sunamo\SunamoValues\Values\AllLists.cs(20,67): warning CS8625: Cannot convert null literal to non-nullable reference type. [E:\vs\Projects\PlatformIndependentNuGetPackages\SunamoString\SunamoString\SunamoString.csproj::TargetFramework=net9.0]
E:\vs\Projects\PlatformIndependentNuGetPackages\SunamoString\SunamoString\_sunamo\SunamoValues\Values\AllLists.cs(34,63): warning CS8625: Cannot convert null literal to non-nullable reference type. [E:\vs\Projects\PlatformIndependentNuGetPackages\SunamoString\SunamoString\SunamoString.csproj::TargetFramework=net9.0]
E:\vs\Projects\PlatformIndependentNuGetPackages\SunamoString\SunamoString\_public\SunamoData\Data\ABCString.cs(44,36): warning CS8602: Dereference of a possibly null reference. [E:\vs\Projects\PlatformIndependentNuGetPackages\SunamoString\SunamoString\SunamoString.csproj::TargetFramework=net9.0]
E:\vs\Projects\PlatformIndependentNuGetPackages\SunamoString\SunamoString\_public\SunamoData\Data\ABCString.cs(45,26): warning CS8602: Dereference of a possibly null reference. [E:\vs\Projects\PlatformIndependentNuGetPackages\SunamoString\SunamoString\SunamoString.csproj::TargetFramework=net9.0]
E:\vs\Projects\PlatformIndependentNuGetPackages\SunamoString\SunamoString\_public\SunamoData\Data\ABCString.cs(84,39): warning CS8604: Possible null reference argument for parameter 'firstValue' in 'ABString ABString.Get(string firstValue, object secondValue)'. [E:\vs\Projects\PlatformIndependentNuGetPackages\SunamoString\SunamoString\SunamoString.csproj::TargetFramework=net9.0]
E:\vs\Projects\PlatformIndependentNuGetPackages\SunamoString\SunamoString\SH.cs(235,43): warning CS8600: Converting null literal or possible null value to non-nullable type. [E:\vs\Projects\PlatformIndependentNuGetPackages\SunamoString\SunamoString\SunamoString.csproj::TargetFramework=net9.0]
E:\vs\Projects\PlatformIndependentNuGetPackages\SunamoString\SunamoString\SH.cs(236,44): warning CS8600: Converting null literal or possible null value to non-nullable type. [E:\vs\Projects\PlatformIndependentNuGetPackages\SunamoString\SunamoString\SunamoString.csproj::TargetFramework=net9.0]
E:\vs\Projects\PlatformIndependentNuGetPackages\SunamoString\SunamoString\SH.cs(237,93): warning CS8601: Possible null reference assignment. [E:\vs\Projects\PlatformIndependentNuGetPackages\SunamoString\SunamoString\SunamoString.csproj::TargetFramework=net9.0]
E:\vs\Projects\PlatformIndependentNuGetPackages\SunamoString\SunamoString\SH.cs(237,120): warning CS8601: Possible null reference assignment. [E:\vs\Projects\PlatformIndependentNuGetPackages\SunamoString\SunamoString\SunamoString.csproj::TargetFramework=net9.0]
E:\vs\Projects\PlatformIndependentNuGetPackages\SunamoString\SunamoString\SH.cs(553,51): warning CS8603: Possible null reference return. [E:\vs\Projects\PlatformIndependentNuGetPackages\SunamoString\SunamoString\SunamoString.csproj::TargetFramework=net9.0]
E:\vs\Projects\PlatformIndependentNuGetPackages\SunamoString\SunamoString\SH.cs(684,16): warning CS8603: Possible null reference return. [E:\vs\Projects\PlatformIndependentNuGetPackages\SunamoString\SunamoString\SunamoString.csproj::TargetFramework=net9.0]
E:\vs\Projects\PlatformIndependentNuGetPackages\SunamoString\SunamoString\SH.cs(695,39): warning CS8600: Converting null literal or possible null value to non-nullable type. [E:\vs\Projects\PlatformIndependentNuGetPackages\SunamoString\SunamoString\SunamoString.csproj::TargetFramework=net9.0]
E:\vs\Projects\PlatformIndependentNuGetPackages\SunamoString\SunamoString\SH.cs(704,21): warning CS8602: Dereference of a possibly null reference. [E:\vs\Projects\PlatformIndependentNuGetPackages\SunamoString\SunamoString\SunamoString.csproj::TargetFramework=net9.0]
E:\vs\Projects\PlatformIndependentNuGetPackages\SunamoString\SunamoString\SH.cs(950,31): warning CS8600: Converting null literal or possible null value to non-nullable type. [E:\vs\Projects\PlatformIndependentNuGetPackages\SunamoString\SunamoString\SunamoString.csproj::TargetFramework=net9.0]
E:\vs\Projects\PlatformIndependentNuGetPackages\SunamoString\SunamoString\SH.cs(1013,23): warning CS8600: Converting null literal or possible null value to non-nullable type. [E:\vs\Projects\PlatformIndependentNuGetPackages\SunamoString\SunamoString\SunamoString.csproj::TargetFramework=net9.0]
E:\vs\Projects\PlatformIndependentNuGetPackages\SunamoString\SunamoString\SH.cs(1113,13): warning CS0219: The variable 'firstCharBeforeIsLetter' is assigned but its value is never used [E:\vs\Projects\PlatformIndependentNuGetPackages\SunamoString\SunamoString\SunamoString.csproj::TargetFramework=net9.0]
E:\vs\Projects\PlatformIndependentNuGetPackages\SunamoString\SunamoString\SH.cs(1142,48): warning CS0642: Possible mistaken empty statement [E:\vs\Projects\PlatformIndependentNuGetPackages\SunamoString\SunamoString\SunamoString.csproj::TargetFramework=net9.0]
E:\vs\Projects\PlatformIndependentNuGetPackages\SunamoString\SunamoString\SH.cs(1237,36): warning CS8625: Cannot convert null literal to non-nullable reference type. [E:\vs\Projects\PlatformIndependentNuGetPackages\SunamoString\SunamoString\SunamoString.csproj::TargetFramework=net9.0]
E:\vs\Projects\PlatformIndependentNuGetPackages\SunamoString\SunamoString\SH.cs(1237,20): warning CS8601: Possible null reference assignment. [E:\vs\Projects\PlatformIndependentNuGetPackages\SunamoString\SunamoString\SunamoString.csproj::TargetFramework=net9.0]
E:\vs\Projects\PlatformIndependentNuGetPackages\SunamoString\SunamoString\SH.cs(1348,35): warning CS8603: Possible null reference return. [E:\vs\Projects\PlatformIndependentNuGetPackages\SunamoString\SunamoString\SunamoString.csproj::TargetFramework=net9.0]
E:\vs\Projects\PlatformIndependentNuGetPackages\SunamoString\SunamoString\SH.cs(1349,16): warning CS8603: Possible null reference return. [E:\vs\Projects\PlatformIndependentNuGetPackages\SunamoString\SunamoString\SunamoString.csproj::TargetFramework=net9.0]
E:\vs\Projects\PlatformIndependentNuGetPackages\SunamoString\SunamoString\SH.cs(1854,9): warning CS0162: Unreachable code detected [E:\vs\Projects\PlatformIndependentNuGetPackages\SunamoString\SunamoString\SunamoString.csproj::TargetFramework=net9.0]
E:\vs\Projects\PlatformIndependentNuGetPackages\SunamoString\SunamoString\SH.cs(1951,16): warning CS8603: Possible null reference return. [E:\vs\Projects\PlatformIndependentNuGetPackages\SunamoString\SunamoString\SunamoString.csproj::TargetFramework=net9.0]
E:\vs\Projects\PlatformIndependentNuGetPackages\SunamoString\SunamoString\SH.cs(2260,17): warning CS8602: Dereference of a possibly null reference. [E:\vs\Projects\PlatformIndependentNuGetPackages\SunamoString\SunamoString\SunamoString.csproj::TargetFramework=net9.0]
E:\vs\Projects\PlatformIndependentNuGetPackages\SunamoString\SunamoString\SH.cs(2376,24): warning CS8600: Converting null literal or possible null value to non-nullable type. [E:\vs\Projects\PlatformIndependentNuGetPackages\SunamoString\SunamoString\SunamoString.csproj::TargetFramework=net9.0]
E:\vs\Projects\PlatformIndependentNuGetPackages\SunamoString\SunamoString\SH.cs(2376,16): warning CS8600: Converting null literal or possible null value to non-nullable type. [E:\vs\Projects\PlatformIndependentNuGetPackages\SunamoString\SunamoString\SunamoString.csproj::TargetFramework=net9.0]
E:\vs\Projects\PlatformIndependentNuGetPackages\SunamoString\SunamoString\SH.cs(2377,42): warning CS8601: Possible null reference assignment. [E:\vs\Projects\PlatformIndependentNuGetPackages\SunamoString\SunamoString\SunamoString.csproj::TargetFramework=net9.0]
E:\vs\Projects\PlatformIndependentNuGetPackages\SunamoString\SunamoString\SH.cs(2377,52): warning CS8601: Possible null reference assignment. [E:\vs\Projects\PlatformIndependentNuGetPackages\SunamoString\SunamoString\SunamoString.csproj::TargetFramework=net9.0]
E:\vs\Projects\PlatformIndependentNuGetPackages\SunamoString\SunamoString\SH.cs(2380,12): warning CS8618: Non-nullable property 'BracketsLeftList' must contain a non-null value when exiting constructor. Consider adding the 'required' modifier or declaring the property as nullable. [E:\vs\Projects\PlatformIndependentNuGetPackages\SunamoString\SunamoString\SunamoString.csproj::TargetFramework=net9.0]
E:\vs\Projects\PlatformIndependentNuGetPackages\SunamoString\SunamoString\SH.cs(2380,12): warning CS8618: Non-nullable property 'BracketsRightList' must contain a non-null value when exiting constructor. Consider adding the 'required' modifier or declaring the property as nullable. [E:\vs\Projects\PlatformIndependentNuGetPackages\SunamoString\SunamoString\SunamoString.csproj::TargetFramework=net9.0]
E:\vs\Projects\PlatformIndependentNuGetPackages\SunamoString\SunamoString\SH.cs(2380,12): warning CS8618: Non-nullable field 'BracketsLeft' must contain a non-null value when exiting constructor. Consider adding the 'required' modifier or declaring the field as nullable. [E:\vs\Projects\PlatformIndependentNuGetPackages\SunamoString\SunamoString\SunamoString.csproj::TargetFramework=net9.0]
E:\vs\Projects\PlatformIndependentNuGetPackages\SunamoString\SunamoString\SH.cs(2380,12): warning CS8618: Non-nullable field 'BracketsRight' must contain a non-null value when exiting constructor. Consider adding the 'required' modifier or declaring the field as nullable. [E:\vs\Projects\PlatformIndependentNuGetPackages\SunamoString\SunamoString\SunamoString.csproj::TargetFramework=net9.0]
E:\vs\Projects\PlatformIndependentNuGetPackages\SunamoString\SunamoString\SH.cs(3159,21): warning CS8600: Converting null literal or possible null value to non-nullable type. [E:\vs\Projects\PlatformIndependentNuGetPackages\SunamoString\SunamoString\SunamoString.csproj::TargetFramework=net9.0]
E:\vs\Projects\PlatformIndependentNuGetPackages\SunamoString\SunamoString\SH.cs(3183,24): warning CS8603: Possible null reference return. [E:\vs\Projects\PlatformIndependentNuGetPackages\SunamoString\SunamoString\SunamoString.csproj::TargetFramework=net9.0]
E:\vs\Projects\PlatformIndependentNuGetPackages\SunamoString\SunamoString\SH.cs(3187,16): warning CS8603: Possible null reference return. [E:\vs\Projects\PlatformIndependentNuGetPackages\SunamoString\SunamoString\SunamoString.csproj::TargetFramework=net9.0]
E:\vs\Projects\PlatformIndependentNuGetPackages\SunamoString\SunamoString\SH.cs(3216,16): warning CS8603: Possible null reference return. [E:\vs\Projects\PlatformIndependentNuGetPackages\SunamoString\SunamoString\SunamoString.csproj::TargetFramework=net9.0]
E:\vs\Projects\PlatformIndependentNuGetPackages\SunamoString\SunamoString\_sunamo\LetterAndDigitCharService.cs(5,25): warning CS0649: Field 'LetterAndDigitCharService.AllCharsWithoutSpecial' is never assigned to, and will always have its default value null [E:\vs\Projects\PlatformIndependentNuGetPackages\SunamoString\SunamoString\SunamoString.csproj::TargetFramework=net9.0]
E:\vs\Projects\PlatformIndependentNuGetPackages\SunamoString\SunamoString\_sunamo\LetterAndDigitCharService.cs(6,25): warning CS0649: Field 'LetterAndDigitCharService.AllChars' is never assigned to, and will always have its default value null [E:\vs\Projects\PlatformIndependentNuGetPackages\SunamoString\SunamoString\SunamoString.csproj::TargetFramework=net9.0]
E:\vs\Projects\PlatformIndependentNuGetPackages\SunamoString\SunamoString\_sunamo\SpecialCharsService.cs(16,34): warning CS0649: Field 'SpecialCharsService.SpecialCharsAll' is never assigned to, and will always have its default value null [E:\vs\Projects\PlatformIndependentNuGetPackages\SunamoString\SunamoString\SunamoString.csproj::TargetFramework=net9.0]
E:\vs\Projects\PlatformIndependentNuGetPackages\SunamoString\SunamoString\_sunamo\WhitespaceCharService.cs(5,25): warning CS0649: Field 'WhitespaceCharService.WhiteSpaceChars' is never assigned to, and will always have its default value null [E:\vs\Projects\PlatformIndependentNuGetPackages\SunamoString\SunamoString\SunamoString.csproj::TargetFramework=net9.0]
E:\vs\Projects\PlatformIndependentNuGetPackages\SunamoString\SunamoString\BalancedBrackets.cs(3,14): warning CS1591: Missing XML comment for publicly visible type or member 'BalancedBrackets' [E:\vs\Projects\PlatformIndependentNuGetPackages\SunamoString\SunamoString\SunamoString.csproj::TargetFramework=net9.0]
E:\vs\Projects\PlatformIndependentNuGetPackages\SunamoString\SunamoString\BalancedBrackets.cs(21,24): warning CS1591: Missing XML comment for publicly visible type or member 'BalancedBrackets.AreBracketsBalanced(List<char>)' [E:\vs\Projects\PlatformIndependentNuGetPackages\SunamoString\SunamoString\SunamoString.csproj::TargetFramework=net9.0]
E:\vs\Projects\PlatformIndependentNuGetPackages\SunamoString\SunamoString\Delegates\StringDelegates.cs(3,14): warning CS1591: Missing XML comment for publicly visible type or member 'StringDelegates' [E:\vs\Projects\PlatformIndependentNuGetPackages\SunamoString\SunamoString\SunamoString.csproj::TargetFramework=net9.0]
E:\vs\Projects\PlatformIndependentNuGetPackages\SunamoString\SunamoString\Delegates\StringDelegates.cs(6,24): warning CS1591: Missing XML comment for publicly visible type or member 'StringDelegates.Contains(string, string)' [E:\vs\Projects\PlatformIndependentNuGetPackages\SunamoString\SunamoString\SunamoString.csproj::TargetFramework=net9.0]
E:\vs\Projects\PlatformIndependentNuGetPackages\SunamoString\SunamoString\Enums\Brackets.cs(3,13): warning CS1591: Missing XML comment for publicly visible type or member 'Brackets' [E:\vs\Projects\PlatformIndependentNuGetPackages\SunamoString\SunamoString\SunamoString.csproj::TargetFramework=net9.0]
E:\vs\Projects\PlatformIndependentNuGetPackages\SunamoString\SunamoString\Enums\Brackets.cs(5,5): warning CS1591: Missing XML comment for publicly visible type or member 'Brackets.Curly' [E:\vs\Projects\PlatformIndependentNuGetPackages\SunamoString\SunamoString\SunamoString.csproj::TargetFramework=net9.0]
E:\vs\Projects\PlatformIndependentNuGetPackages\SunamoString\SunamoString\Enums\Brackets.cs(6,5): warning CS1591: Missing XML comment for publicly visible type or member 'Brackets.Square' [E:\vs\Projects\PlatformIndependentNuGetPackages\SunamoString\SunamoString\SunamoString.csproj::TargetFramework=net9.0]
E:\vs\Projects\PlatformIndependentNuGetPackages\SunamoString\SunamoString\Enums\Brackets.cs(7,5): warning CS1591: Missing XML comment for publicly visible type or member 'Brackets.Normal' [E:\vs\Projects\PlatformIndependentNuGetPackages\SunamoString\SunamoString\SunamoString.csproj::TargetFramework=net9.0]
E:\vs\Projects\PlatformIndependentNuGetPackages\SunamoString\SunamoString\Enums\Brackets.cs(8,5): warning CS1591: Missing XML comment for publicly visible type or member 'Brackets.None' [E:\vs\Projects\PlatformIndependentNuGetPackages\SunamoString\SunamoString\SunamoString.csproj::TargetFramework=net9.0]
E:\vs\Projects\PlatformIndependentNuGetPackages\SunamoString\SunamoString\Enums\SearchStrategy.cs(3,13): warning CS1591: Missing XML comment for publicly visible type or member 'SearchStrategy' [E:\vs\Projects\PlatformIndependentNuGetPackages\SunamoString\SunamoString\SunamoString.csproj::TargetFramework=net9.0]
E:\vs\Projects\PlatformIndependentNuGetPackages\SunamoString\SunamoString\Extensions\StringExtensions.cs(6,21): warning CS1591: Missing XML comment for publicly visible type or member 'StringExtensions' [E:\vs\Projects\PlatformIndependentNuGetPackages\SunamoString\SunamoString\SunamoString.csproj::TargetFramework=net9.0]
E:\vs\Projects\PlatformIndependentNuGetPackages\SunamoString\SunamoString\Extensions\StringExtensions.cs(8,26): warning CS1591: Missing XML comment for publicly visible type or member 'StringExtensions.RemoveInvisibleChars(string)' [E:\vs\Projects\PlatformIndependentNuGetPackages\SunamoString\SunamoString\SunamoString.csproj::TargetFramework=net9.0]
E:\vs\Projects\PlatformIndependentNuGetPackages\SunamoString\SunamoString\Extensions\StringExtensions.cs(16,26): warning CS1591: Missing XML comment for publicly visible type or member 'StringExtensions.RemoveWhitespaceChars(string)' [E:\vs\Projects\PlatformIndependentNuGetPackages\SunamoString\SunamoString\SunamoString.csproj::TargetFramework=net9.0]
E:\vs\Projects\PlatformIndependentNuGetPackages\SunamoString\SunamoString\Extensions\StringExtensions.cs(25,26): warning CS1591: Missing XML comment for publicly visible type or member 'StringExtensions.FromSpace160To32(string)' [E:\vs\Projects\PlatformIndependentNuGetPackages\SunamoString\SunamoString\SunamoString.csproj::TargetFramework=net9.0]
E:\vs\Projects\PlatformIndependentNuGetPackages\SunamoString\SunamoString\Extensions\StringExtensions.cs(30,39): warning CS1591: Missing XML comment for publicly visible type or member 'StringExtensions.SplitAndKeep(string, char[])' [E:\vs\Projects\PlatformIndependentNuGetPackages\SunamoString\SunamoString\SunamoString.csproj::TargetFramework=net9.0]
E:\vs\Projects\PlatformIndependentNuGetPackages\SunamoString\SunamoString\Generators\LoremIpsumGenerator.cs(3,21): warning CS1591: Missing XML comment for publicly visible type or member 'LoremIpsumGenerator' [E:\vs\Projects\PlatformIndependentNuGetPackages\SunamoString\SunamoString\SunamoString.csproj::TargetFramework=net9.0]
E:\vs\Projects\PlatformIndependentNuGetPackages\SunamoString\SunamoString\Generators\LoremIpsumGenerator.cs(52,26): warning CS1591: Missing XML comment for publicly visible type or member 'LoremIpsumGenerator.Generate(int)' [E:\vs\Projects\PlatformIndependentNuGetPackages\SunamoString\SunamoString\SunamoString.csproj::TargetFramework=net9.0]
E:\vs\Projects\PlatformIndependentNuGetPackages\SunamoString\SunamoString\SH.cs(3,14): warning CS1591: Missing XML comment for publicly visible type or member 'SH' [E:\vs\Projects\PlatformIndependentNuGetPackages\SunamoString\SunamoString\SunamoString.csproj::TargetFramework=net9.0]
E:\vs\Projects\PlatformIndependentNuGetPackages\SunamoString\SunamoString\SH.cs(5,33): warning CS1591: Missing XML comment for publicly visible type or member 'SH.BracketsLeftList' [E:\vs\Projects\PlatformIndependentNuGetPackages\SunamoString\SunamoString\SunamoString.csproj::TargetFramework=net9.0]
E:\vs\Projects\PlatformIndependentNuGetPackages\SunamoString\SunamoString\SH.cs(6,33): warning CS1591: Missing XML comment for publicly visible type or member 'SH.BracketsRightList' [E:\vs\Projects\PlatformIndependentNuGetPackages\SunamoString\SunamoString\SunamoString.csproj::TargetFramework=net9.0]
E:\vs\Projects\PlatformIndependentNuGetPackages\SunamoString\SunamoString\SH.cs(8,26): warning CS1591: Missing XML comment for publicly visible type or member 'SH.XMismatchCountInInputArraysOfSHAllHaveRightFormat' [E:\vs\Projects\PlatformIndependentNuGetPackages\SunamoString\SunamoString\SunamoString.csproj::TargetFramework=net9.0]
E:\vs\Projects\PlatformIndependentNuGetPackages\SunamoString\SunamoString\SH.cs(11,24): warning CS1591: Missing XML comment for publicly visible type or member 'SH.ContainsCl(string, StringOrStringList, SearchStrategy, bool, bool)' [E:\vs\Projects\PlatformIndependentNuGetPackages\SunamoString\SunamoString\SunamoString.csproj::TargetFramework=net9.0]
E:\vs\Projects\PlatformIndependentNuGetPackages\SunamoString\SunamoString\SH.cs(62,26): warning CS1591: Missing XML comment for publicly visible type or member 'SH.WhiteSpaceFromStart(string)' [E:\vs\Projects\PlatformIndependentNuGetPackages\SunamoString\SunamoString\SunamoString.csproj::TargetFramework=net9.0]
E:\vs\Projects\PlatformIndependentNuGetPackages\SunamoString\SunamoString\SH.cs(184,26): warning CS1591: Missing XML comment for publicly visible type or member 'SH.PrefixIfNotStartedWith(string, string, bool)' [E:\vs\Projects\PlatformIndependentNuGetPackages\SunamoString\SunamoString\SunamoString.csproj::TargetFramework=net9.0]
E:\vs\Projects\PlatformIndependentNuGetPackages\SunamoString\SunamoString\SH.cs(195,26): warning CS1591: Missing XML comment for publicly visible type or member 'SH.RemoveLastChar(string)' [E:\vs\Projects\PlatformIndependentNuGetPackages\SunamoString\SunamoString\SunamoString.csproj::TargetFramework=net9.0]
E:\vs\Projects\PlatformIndependentNuGetPackages\SunamoString\SunamoString\SH.cs(212,26): warning CS1591: Missing XML comment for publicly visible type or member 'SH.AddBeforeUpperChars(string, char, bool)' [E:\vs\Projects\PlatformIndependentNuGetPackages\SunamoString\SunamoString\SunamoString.csproj::TargetFramework=net9.0]
E:\vs\Projects\PlatformIndependentNuGetPackages\SunamoString\SunamoString\SH.cs(229,26): warning CS1591: Missing XML comment for publicly visible type or member 'SH.RemoveEndingPairCharsWhenDontHaveStarting(string, string, string)' [E:\vs\Projects\PlatformIndependentNuGetPackages\SunamoString\SunamoString\SunamoString.csproj::TargetFramework=net9.0]
E:\vs\Projects\PlatformIndependentNuGetPackages\SunamoString\SunamoString\SH.cs(243,41): warning CS1591: Missing XML comment for publicly visible type or member 'SH.GetPairsStartAndEnd(List<int>, List<int>, ref List<int>, ref List<int>)' [E:\vs\Projects\PlatformIndependentNuGetPackages\SunamoString\SunamoString\SunamoString.csproj::TargetFramework=net9.0]
E:\vs\Projects\PlatformIndependentNuGetPackages\SunamoString\SunamoString\SH.cs(337,26): warning CS1591: Missing XML comment for publicly visible type or member 'SH.RemoveAndInsertReplace(string, int, string, string)' [E:\vs\Projects\PlatformIndependentNuGetPackages\SunamoString\SunamoString\SunamoString.csproj::TargetFramework=net9.0]
E:\vs\Projects\PlatformIndependentNuGetPackages\SunamoString\SunamoString\SH.cs(347,26): warning CS1591: Missing XML comment for publicly visible type or member 'SH.ReplaceOnce(string, string, string)' [E:\vs\Projects\PlatformIndependentNuGetPackages\SunamoString\SunamoString\SunamoString.csproj::TargetFramework=net9.0]
E:\vs\Projects\PlatformIndependentNuGetPackages\SunamoString\SunamoString\SH.cs(354,26): warning CS1591: Missing XML comment for publicly visible type or member 'SH.ReplaceOnceIfStartedWith(string, string, string)' [E:\vs\Projects\PlatformIndependentNuGetPackages\SunamoString\SunamoString\SunamoString.csproj::TargetFramework=net9.0]
E:\vs\Projects\PlatformIndependentNuGetPackages\SunamoString\SunamoString\SH.cs(359,26): warning CS1591: Missing XML comment for publicly visible type or member 'SH.ReplaceOnceIfStartedWith(string, string, string, out bool)' [E:\vs\Projects\PlatformIndependentNuGetPackages\SunamoString\SunamoString\SunamoString.csproj::TargetFramework=net9.0]
E:\vs\Projects\PlatformIndependentNuGetPackages\SunamoString\SunamoString\SH.cs(369,26): warning CS1591: Missing XML comment for publicly visible type or member 'SH.NormalizeString(string)' [E:\vs\Projects\PlatformIndependentNuGetPackages\SunamoString\SunamoString\SunamoString.csproj::TargetFramework=net9.0]
E:\vs\Projects\PlatformIndependentNuGetPackages\SunamoString\SunamoString\SH.cs(406,29): warning CS1591: Missing XML comment for publicly visible type or member 'SH.TabOrSpaceNextTo(string)' [E:\vs\Projects\PlatformIndependentNuGetPackages\SunamoString\SunamoString\SunamoString.csproj::TargetFramework=net9.0]
E:\vs\Projects\PlatformIndependentNuGetPackages\SunamoString\SunamoString\SH.cs(428,26): warning CS1591: Missing XML comment for publicly visible type or member 'SH.WrapWithBs(string)' [E:\vs\Projects\PlatformIndependentNuGetPackages\SunamoString\SunamoString\SunamoString.csproj::TargetFramework=net9.0]
E:\vs\Projects\PlatformIndependentNuGetPackages\SunamoString\SunamoString\SH.cs(432,26): warning CS1591: Missing XML comment for publicly visible type or member 'SH.WrapWithSpace(string)' [E:\vs\Projects\PlatformIndependentNuGetPackages\SunamoString\SunamoString\SunamoString.csproj::TargetFramework=net9.0]
E:\vs\Projects\PlatformIndependentNuGetPackages\SunamoString\SunamoString\SH.cs(436,26): warning CS1591: Missing XML comment for publicly visible type or member 'SH.WrapWithQm(string)' [E:\vs\Projects\PlatformIndependentNuGetPackages\SunamoString\SunamoString\SunamoString.csproj::TargetFramework=net9.0]
E:\vs\Projects\PlatformIndependentNuGetPackages\SunamoString\SunamoString\SH.cs(440,26): warning CS1591: Missing XML comment for publicly visible type or member 'SH.WrapWithIf(string, string, Func<string, string, bool>)' [E:\vs\Projects\PlatformIndependentNuGetPackages\SunamoString\SunamoString\SunamoString.csproj::TargetFramework=net9.0]
E:\vs\Projects\PlatformIndependentNuGetPackages\SunamoString\SunamoString\SH.cs(445,26): warning CS1591: Missing XML comment for publicly visible type or member 'SH.WrapWithQm(string, bool)' [E:\vs\Projects\PlatformIndependentNuGetPackages\SunamoString\SunamoString\SunamoString.csproj::TargetFramework=net9.0]
E:\vs\Projects\PlatformIndependentNuGetPackages\SunamoString\SunamoString\SH.cs(449,23): warning CS1591: Missing XML comment for publicly visible type or member 'SH.OccurencesOfStringIn(string, string)' [E:\vs\Projects\PlatformIndependentNuGetPackages\SunamoString\SunamoString\SunamoString.csproj::TargetFramework=net9.0]
E:\vs\Projects\PlatformIndependentNuGetPackages\SunamoString\SunamoString\SH.cs(476,36): warning CS1591: Missing XML comment for publicly visible type or member 'SH.GetPartsByLocationNoOutInt(string, int)' [E:\vs\Projects\PlatformIndependentNuGetPackages\SunamoString\SunamoString\SunamoString.csproj::TargetFramework=net9.0]
E:\vs\Projects\PlatformIndependentNuGetPackages\SunamoString\SunamoString\SH.cs(482,36): warning CS1591: Missing XML comment for publicly visible type or member 'SH.GetPartsByLocationNoOut(string, char)' [E:\vs\Projects\PlatformIndependentNuGetPackages\SunamoString\SunamoString\SunamoString.csproj::TargetFramework=net9.0]
E:\vs\Projects\PlatformIndependentNuGetPackages\SunamoString\SunamoString\SH.cs(562,26): warning CS1591: Missing XML comment for publicly visible type or member 'SH.GetTextBetweenTwoCharsInts(string, int, int)' [E:\vs\Projects\PlatformIndependentNuGetPackages\SunamoString\SunamoString\SunamoString.csproj::TargetFramework=net9.0]
E:\vs\Projects\PlatformIndependentNuGetPackages\SunamoString\SunamoString\SH.cs(571,24): warning CS1591: Missing XML comment for publicly visible type or member 'SH.FirstCharUpper(ref string)' [E:\vs\Projects\PlatformIndependentNuGetPackages\SunamoString\SunamoString\SunamoString.csproj::TargetFramework=net9.0]
E:\vs\Projects\PlatformIndependentNuGetPackages\SunamoString\SunamoString\SH.cs(575,26): warning CS1591: Missing XML comment for publicly visible type or member 'SH.FirstCharUpper(string)' [E:\vs\Projects\PlatformIndependentNuGetPackages\SunamoString\SunamoString\SunamoString.csproj::TargetFramework=net9.0]
E:\vs\Projects\PlatformIndependentNuGetPackages\SunamoString\SunamoString\SH.cs(602,26): warning CS1591: Missing XML comment for publicly visible type or member 'SH.FromSpace160To32(string)' [E:\vs\Projects\PlatformIndependentNuGetPackages\SunamoString\SunamoString\SunamoString.csproj::TargetFramework=net9.0]
E:\vs\Projects\PlatformIndependentNuGetPackages\SunamoString\SunamoString\SH.cs(607,24): warning CS1591: Missing XML comment for publicly visible type or member 'SH.IsNumber(string, params char[])' [E:\vs\Projects\PlatformIndependentNuGetPackages\SunamoString\SunamoString\SunamoString.csproj::TargetFramework=net9.0]
E:\vs\Projects\PlatformIndependentNuGetPackages\SunamoString\SunamoString\SH.cs(615,26): warning CS1591: Missing XML comment for publicly visible type or member 'SH.MakeUpToXChars(int, int)' [E:\vs\Projects\PlatformIndependentNuGetPackages\SunamoString\SunamoString\SunamoString.csproj::TargetFramework=net9.0]
E:\vs\Projects\PlatformIndependentNuGetPackages\SunamoString\SunamoString\SH.cs(624,24): warning CS1591: Missing XML comment for publicly visible type or member 'SH.GetFirstChar(string)' [E:\vs\Projects\PlatformIndependentNuGetPackages\SunamoString\SunamoString\SunamoString.csproj::TargetFramework=net9.0]
E:\vs\Projects\PlatformIndependentNuGetPackages\SunamoString\SunamoString\SH.cs(628,26): warning CS1591: Missing XML comment for publicly visible type or member 'SH.ToPascalCase(string)' [E:\vs\Projects\PlatformIndependentNuGetPackages\SunamoString\SunamoString\SunamoString.csproj::TargetFramework=net9.0]
E:\vs\Projects\PlatformIndependentNuGetPackages\SunamoString\SunamoString\SH.cs(641,24): warning CS1591: Missing XML comment for publicly visible type or member 'SH.StartWithWhitespace(string)' [E:\vs\Projects\PlatformIndependentNuGetPackages\SunamoString\SunamoString\SunamoString.csproj::TargetFramework=net9.0]
E:\vs\Projects\PlatformIndependentNuGetPackages\SunamoString\SunamoString\SH.cs(647,26): warning CS1591: Missing XML comment for publicly visible type or member 'SH.DetectNewline(string)' [E:\vs\Projects\PlatformIndependentNuGetPackages\SunamoString\SunamoString\SunamoString.csproj::TargetFramework=net9.0]
E:\vs\Projects\PlatformIndependentNuGetPackages\SunamoString\SunamoString\SH.cs(652,26): warning CS1591: Missing XML comment for publicly visible type or member 'SH.RemoveLastWord(string)' [E:\vs\Projects\PlatformIndependentNuGetPackages\SunamoString\SunamoString\SunamoString.csproj::TargetFramework=net9.0]
E:\vs\Projects\PlatformIndependentNuGetPackages\SunamoString\SunamoString\SH.cs(656,29): warning CS1591: Missing XML comment for publicly visible type or member 'SH.GetIndexesOfLinesStartingWith(List<string>, Func<string, bool>)' [E:\vs\Projects\PlatformIndependentNuGetPackages\SunamoString\SunamoString\SunamoString.csproj::TargetFramework=net9.0]
E:\vs\Projects\PlatformIndependentNuGetPackages\SunamoString\SunamoString\SH.cs(663,26): warning CS1591: Missing XML comment for publicly visible type or member 'SH.RemoveLinesWhichContains(string, string)' [E:\vs\Projects\PlatformIndependentNuGetPackages\SunamoString\SunamoString\SunamoString.csproj::TargetFramework=net9.0]
E:\vs\Projects\PlatformIndependentNuGetPackages\SunamoString\SunamoString\SH.cs(670,26): warning CS1591: Missing XML comment for publicly visible type or member 'SH.AddIfNotContains(string, string, string)' [E:\vs\Projects\PlatformIndependentNuGetPackages\SunamoString\SunamoString\SunamoString.csproj::TargetFramework=net9.0]
E:\vs\Projects\PlatformIndependentNuGetPackages\SunamoString\SunamoString\SH.cs(680,26): warning CS1591: Missing XML comment for publicly visible type or member 'SH.SwitchSwap(string, string)' [E:\vs\Projects\PlatformIndependentNuGetPackages\SunamoString\SunamoString\SunamoString.csproj::TargetFramework=net9.0]
E:\vs\Projects\PlatformIndependentNuGetPackages\SunamoString\SunamoString\SH.cs(686,26): warning CS1591: Missing XML comment for publicly visible type or member 'SH.InsertBeforeEndingBracket(string, string)' [E:\vs\Projects\PlatformIndependentNuGetPackages\SunamoString\SunamoString\SunamoString.csproj::TargetFramework=net9.0]
E:\vs\Projects\PlatformIndependentNuGetPackages\SunamoString\SunamoString\SH.cs(692,41): warning CS1591: Missing XML comment for publicly visible type or member 'SH.StatisticLetterChars(string, StatisticLetterCharsStrategy, params char[])' [E:\vs\Projects\PlatformIndependentNuGetPackages\SunamoString\SunamoString\SunamoString.csproj::TargetFramework=net9.0]
E:\vs\Projects\PlatformIndependentNuGetPackages\SunamoString\SunamoString\SH.cs(710,30): warning CS1591: Missing XML comment for publicly visible type or member 'SH.AllBrackets(string)' [E:\vs\Projects\PlatformIndependentNuGetPackages\SunamoString\SunamoString\SunamoString.csproj::TargetFramework=net9.0]
E:\vs\Projects\PlatformIndependentNuGetPackages\SunamoString\SunamoString\SH.cs(721,52): warning CS1591: Missing XML comment for publicly visible type or member 'SH.IndexesOfBrackets(string)' [E:\vs\Projects\PlatformIndependentNuGetPackages\SunamoString\SunamoString\SunamoString.csproj::TargetFramework=net9.0]
E:\vs\Projects\PlatformIndependentNuGetPackages\SunamoString\SunamoString\SH.cs(756,26): warning CS1591: Missing XML comment for publicly visible type or member 'SH.ReplaceBrackets(string, Brackets, Brackets)' [E:\vs\Projects\PlatformIndependentNuGetPackages\SunamoString\SunamoString\SunamoString.csproj::TargetFramework=net9.0]
E:\vs\Projects\PlatformIndependentNuGetPackages\SunamoString\SunamoString\SH.cs(762,29): warning CS1591: Missing XML comment for publicly visible type or member 'SH.ContainsAnyFromElement(StringBuilder, IList<string>)' [E:\vs\Projects\PlatformIndependentNuGetPackages\SunamoString\SunamoString\SunamoString.csproj::TargetFramework=net9.0]
E:\vs\Projects\PlatformIndependentNuGetPackages\SunamoString\SunamoString\SH.cs(773,23): warning CS1591: Missing XML comment for publicly visible type or member 'SH.FindClosingBracketIndexChar(StringBuilder, bool, string)' [E:\vs\Projects\PlatformIndependentNuGetPackages\SunamoString\SunamoString\SunamoString.csproj::TargetFramework=net9.0]
E:\vs\Projects\PlatformIndependentNuGetPackages\SunamoString\SunamoString\SH.cs(778,23): warning CS1591: Missing XML comment for publicly visible type or member 'SH.FindClosingBracketIndex(StringBuilder, bool, int)' [E:\vs\Projects\PlatformIndependentNuGetPackages\SunamoString\SunamoString\SunamoString.csproj::TargetFramework=net9.0]
E:\vs\Projects\PlatformIndependentNuGetPackages\SunamoString\SunamoString\SH.cs(807,24): warning CS1591: Missing XML comment for publicly visible type or member 'SH.CheckWhetherNoBrackedIsBeforeOther2(string)' [E:\vs\Projects\PlatformIndependentNuGetPackages\SunamoString\SunamoString\SunamoString.csproj::TargetFramework=net9.0]
E:\vs\Projects\PlatformIndependentNuGetPackages\SunamoString\SunamoString\SH.cs(811,24): warning CS1591: Missing XML comment for publicly visible type or member 'SH.CheckWhetherNoBrackedIsBeforeOther1(string)' [E:\vs\Projects\PlatformIndependentNuGetPackages\SunamoString\SunamoString\SunamoString.csproj::TargetFramework=net9.0]
E:\vs\Projects\PlatformIndependentNuGetPackages\SunamoString\SunamoString\SH.cs(822,26): warning CS1591: Missing XML comment for publicly visible type or member 'SH.ConvertWhitespaceToVisible(string)' [E:\vs\Projects\PlatformIndependentNuGetPackages\SunamoString\SunamoString\SunamoString.csproj::TargetFramework=net9.0]
E:\vs\Projects\PlatformIndependentNuGetPackages\SunamoString\SunamoString\SH.cs(830,26): warning CS1591: Missing XML comment for publicly visible type or member 'SH.ConcatSpace(IList)' [E:\vs\Projects\PlatformIndependentNuGetPackages\SunamoString\SunamoString\SunamoString.csproj::TargetFramework=net9.0]
E:\vs\Projects\PlatformIndependentNuGetPackages\SunamoString\SunamoString\SH.cs(836,24): warning CS1591: Missing XML comment for publicly visible type or member 'SH.IsNullOrWhiteSpaceRange(params string[])' [E:\vs\Projects\PlatformIndependentNuGetPackages\SunamoString\SunamoString\SunamoString.csproj::TargetFramework=net9.0]
E:\vs\Projects\PlatformIndependentNuGetPackages\SunamoString\SunamoString\SH.cs(843,24): warning CS1591: Missing XML comment for publicly visible type or member 'SH.IsSingleLine(string)' [E:\vs\Projects\PlatformIndependentNuGetPackages\SunamoString\SunamoString\SunamoString.csproj::TargetFramework=net9.0]
E:\vs\Projects\PlatformIndependentNuGetPackages\SunamoString\SunamoString\SH.cs(847,26): warning CS1591: Missing XML comment for publicly visible type or member 'SH.GetWhitespaceFromBeginning(StringBuilder, string)' [E:\vs\Projects\PlatformIndependentNuGetPackages\SunamoString\SunamoString\SunamoString.csproj::TargetFramework=net9.0]
E:\vs\Projects\PlatformIndependentNuGetPackages\SunamoString\SunamoString\SH.cs(891,24): warning CS1591: Missing XML comment for publicly visible type or member 'SH.ContainsNewLine(string)' [E:\vs\Projects\PlatformIndependentNuGetPackages\SunamoString\SunamoString\SunamoString.csproj::TargetFramework=net9.0]
E:\vs\Projects\PlatformIndependentNuGetPackages\SunamoString\SunamoString\SH.cs(895,24): warning CS1591: Missing XML comment for publicly visible type or member 'SH.ChangeEncodingProcessWrongCharacters(ref string)' [E:\vs\Projects\PlatformIndependentNuGetPackages\SunamoString\SunamoString\SunamoString.csproj::TargetFramework=net9.0]
E:\vs\Projects\PlatformIndependentNuGetPackages\SunamoString\SunamoString\SH.cs(933,32): warning CS1591: Missing XML comment for publicly visible type or member 'SH.AddSpaceAfterFirstLetterForEveryAndSort(List<string>)' [E:\vs\Projects\PlatformIndependentNuGetPackages\SunamoString\SunamoString\SunamoString.csproj::TargetFramework=net9.0]
E:\vs\Projects\PlatformIndependentNuGetPackages\SunamoString\SunamoString\SH.cs(940,26): warning CS1591: Missing XML comment for publicly visible type or member 'SH.GetLastWord(string, bool)' [E:\vs\Projects\PlatformIndependentNuGetPackages\SunamoString\SunamoString\SunamoString.csproj::TargetFramework=net9.0]
E:\vs\Projects\PlatformIndependentNuGetPackages\SunamoString\SunamoString\SH.cs(948,26): warning CS1591: Missing XML comment for publicly visible type or member 'SH.AddSpaceAndDontDuplicate(bool, string, string)' [E:\vs\Projects\PlatformIndependentNuGetPackages\SunamoString\SunamoString\SunamoString.csproj::TargetFramework=net9.0]
E:\vs\Projects\PlatformIndependentNuGetPackages\SunamoString\SunamoString\SH.cs(969,26): warning CS1591: Missing XML comment for publicly visible type or member 'SH.CountOfItems(List<KeyValuePair<string, int>>)' [E:\vs\Projects\PlatformIndependentNuGetPackages\SunamoString\SunamoString\SunamoString.csproj::TargetFramework=net9.0]
E:\vs\Projects\PlatformIndependentNuGetPackages\SunamoString\SunamoString\SH.cs(975,26): warning CS1591: Missing XML comment for publicly visible type or member 'SH.MultiWhitespaceLineToSingle(List<string>)' [E:\vs\Projects\PlatformIndependentNuGetPackages\SunamoString\SunamoString\SunamoString.csproj::TargetFramework=net9.0]
E:\vs\Projects\PlatformIndependentNuGetPackages\SunamoString\SunamoString\SH.cs(1010,24): warning CS1591: Missing XML comment for publicly visible type or member 'SH.IndentAsPreviousLine(List<string>)' [E:\vs\Projects\PlatformIndependentNuGetPackages\SunamoString\SunamoString\SunamoString.csproj::TargetFramework=net9.0]
E:\vs\Projects\PlatformIndependentNuGetPackages\SunamoString\SunamoString\SH.cs(1037,24): warning CS1591: Missing XML comment for publicly visible type or member 'SH.ContainsLine(string, bool, params string[])' [E:\vs\Projects\PlatformIndependentNuGetPackages\SunamoString\SunamoString\SunamoString.csproj::TargetFramework=net9.0]
E:\vs\Projects\PlatformIndependentNuGetPackages\SunamoString\SunamoString\SH.cs(1064,26): warning CS1591: Missing XML comment for publicly visible type or member 'SH.WordAfter(string, string)' [E:\vs\Projects\PlatformIndependentNuGetPackages\SunamoString\SunamoString\SunamoString.csproj::TargetFramework=net9.0]
E:\vs\Projects\PlatformIndependentNuGetPackages\SunamoString\SunamoString\SH.cs(1084,26): warning CS1591: Missing XML comment for publicly visible type or member 'SH.Leading(string, Func<char, bool>)' [E:\vs\Projects\PlatformIndependentNuGetPackages\SunamoString\SunamoString\SunamoString.csproj::TargetFramework=net9.0]
E:\vs\Projects\PlatformIndependentNuGetPackages\SunamoString\SunamoString\SH.cs(1094,24): warning CS1591: Missing XML comment for publicly visible type or member 'SH.IsOnIndex(string, int, Func<char, bool>)' [E:\vs\Projects\PlatformIndependentNuGetPackages\SunamoString\SunamoString\SunamoString.csproj::TargetFramework=net9.0]
E:\vs\Projects\PlatformIndependentNuGetPackages\SunamoString\SunamoString\SH.cs(1099,23): warning CS1591: Missing XML comment for publicly visible type or member 'SH.CountLines(string)' [E:\vs\Projects\PlatformIndependentNuGetPackages\SunamoString\SunamoString\SunamoString.csproj::TargetFramework=net9.0]
E:\vs\Projects\PlatformIndependentNuGetPackages\SunamoString\SunamoString\SH.cs(1103,24): warning CS1591: Missing XML comment for publicly visible type or member 'SH.HasLetter(string)' [E:\vs\Projects\PlatformIndependentNuGetPackages\SunamoString\SunamoString\SunamoString.csproj::TargetFramework=net9.0]
E:\vs\Projects\PlatformIndependentNuGetPackages\SunamoString\SunamoString\SH.cs(1110,32): warning CS1591: Missing XML comment for publicly visible type or member 'SH.GetTextsBetween(string, string, string, bool)' [E:\vs\Projects\PlatformIndependentNuGetPackages\SunamoString\SunamoString\SunamoString.csproj::TargetFramework=net9.0]
E:\vs\Projects\PlatformIndependentNuGetPackages\SunamoString\SunamoString\SH.cs(1116,32): warning CS1591: Missing XML comment for publicly visible type or member 'SH.GetTextsBetween(string, string, string, bool, out bool)' [E:\vs\Projects\PlatformIndependentNuGetPackages\SunamoString\SunamoString\SunamoString.csproj::TargetFramework=net9.0]
E:\vs\Projects\PlatformIndependentNuGetPackages\SunamoString\SunamoString\SH.cs(1184,26): warning CS1591: Missing XML comment for publicly visible type or member 'SH.RemoveLastLetters(string, int)' [E:\vs\Projects\PlatformIndependentNuGetPackages\SunamoString\SunamoString\SunamoString.csproj::TargetFramework=net9.0]
E:\vs\Projects\PlatformIndependentNuGetPackages\SunamoString\SunamoString\SH.cs(1213,24): warning CS1591: Missing XML comment for publicly visible type or member 'SH.HasCharRightFormat(char, CharFormatDataString)' [E:\vs\Projects\PlatformIndependentNuGetPackages\SunamoString\SunamoString\SunamoString.csproj::TargetFramework=net9.0]
E:\vs\Projects\PlatformIndependentNuGetPackages\SunamoString\SunamoString\SH.cs(1235,24): warning CS1591: Missing XML comment for publicly visible type or member 'SH.GetTextInLastSquareBracketsAndOther(string, out string, out string)' [E:\vs\Projects\PlatformIndependentNuGetPackages\SunamoString\SunamoString\SunamoString.csproj::TargetFramework=net9.0]
E:\vs\Projects\PlatformIndependentNuGetPackages\SunamoString\SunamoString\SH.cs(1248,26): warning CS1591: Missing XML comment for publicly visible type or member 'SH.RemoveBracketsWithTextCaseInsensitive(string, string, params string[])' [E:\vs\Projects\PlatformIndependentNuGetPackages\SunamoString\SunamoString\SunamoString.csproj::TargetFramework=net9.0]
E:\vs\Projects\PlatformIndependentNuGetPackages\SunamoString\SunamoString\SH.cs(1257,26): warning CS1591: Missing XML comment for publicly visible type or member 'SH.RemoveBracketsWithoutText(string)' [E:\vs\Projects\PlatformIndependentNuGetPackages\SunamoString\SunamoString\SunamoString.csproj::TargetFramework=net9.0]
E:\vs\Projects\PlatformIndependentNuGetPackages\SunamoString\SunamoString\SH.cs(1261,26): warning CS1591: Missing XML comment for publicly visible type or member 'SH.WithoutSpecialChars(string, params char[])' [E:\vs\Projects\PlatformIndependentNuGetPackages\SunamoString\SunamoString\SunamoString.csproj::TargetFramework=net9.0]
E:\vs\Projects\PlatformIndependentNuGetPackages\SunamoString\SunamoString\SH.cs(1271,26): warning CS1591: Missing XML comment for publicly visible type or member 'SH.RemoveBracketsFromStart(string)' [E:\vs\Projects\PlatformIndependentNuGetPackages\SunamoString\SunamoString\SunamoString.csproj::TargetFramework=net9.0]
E:\vs\Projects\PlatformIndependentNuGetPackages\SunamoString\SunamoString\SH.cs(1298,26): warning CS1591: Missing XML comment for publicly visible type or member 'SH.RemoveLastCharIfIs(string, char)' [E:\vs\Projects\PlatformIndependentNuGetPackages\SunamoString\SunamoString\SunamoString.csproj::TargetFramework=net9.0]
E:\vs\Projects\PlatformIndependentNuGetPackages\SunamoString\SunamoString\SH.cs(1318,26): warning CS1591: Missing XML comment for publicly visible type or member 'SH.AddEmptyLines(string, int)' [E:\vs\Projects\PlatformIndependentNuGetPackages\SunamoString\SunamoString\SunamoString.csproj::TargetFramework=net9.0]
E:\vs\Projects\PlatformIndependentNuGetPackages\SunamoString\SunamoString\SH.cs(1324,26): warning CS1591: Missing XML comment for publicly visible type or member 'SH.ToCase(string, bool?)' [E:\vs\Projects\PlatformIndependentNuGetPackages\SunamoString\SunamoString\SunamoString.csproj::TargetFramework=net9.0]
E:\vs\Projects\PlatformIndependentNuGetPackages\SunamoString\SunamoString\SH.cs(1334,24): warning CS1591: Missing XML comment for publicly visible type or member 'SH.EndsWithNumber(string)' [E:\vs\Projects\PlatformIndependentNuGetPackages\SunamoString\SunamoString\SunamoString.csproj::TargetFramework=net9.0]
E:\vs\Projects\PlatformIndependentNuGetPackages\SunamoString\SunamoString\SH.cs(1351,24): warning CS1591: Missing XML comment for publicly visible type or member 'SH.LastCharEquals(string, char)' [E:\vs\Projects\PlatformIndependentNuGetPackages\SunamoString\SunamoString\SunamoString.csproj::TargetFramework=net9.0]
E:\vs\Projects\PlatformIndependentNuGetPackages\SunamoString\SunamoString\SH.cs(1358,26): warning CS1591: Missing XML comment for publicly visible type or member 'SH.GetWithoutLastWord(string)' [E:\vs\Projects\PlatformIndependentNuGetPackages\SunamoString\SunamoString\SunamoString.csproj::TargetFramework=net9.0]
E:\vs\Projects\PlatformIndependentNuGetPackages\SunamoString\SunamoString\SH.cs(1365,26): warning CS1591: Missing XML comment for publicly visible type or member 'SH.DeleteCharsOutOfAscii(string)' [E:\vs\Projects\PlatformIndependentNuGetPackages\SunamoString\SunamoString\SunamoString.csproj::TargetFramework=net9.0]
E:\vs\Projects\PlatformIndependentNuGetPackages\SunamoString\SunamoString\SH.cs(1401,26): warning CS1591: Missing XML comment for publicly visible type or member 'SH.StripFunctationsAndSymbols(string)' [E:\vs\Projects\PlatformIndependentNuGetPackages\SunamoString\SunamoString\SunamoString.csproj::TargetFramework=net9.0]
E:\vs\Projects\PlatformIndependentNuGetPackages\SunamoString\SunamoString\SH.cs(1428,26): warning CS1591: Missing XML comment for publicly visible type or member 'SH.GetWithoutFirstWord(string)' [E:\vs\Projects\PlatformIndependentNuGetPackages\SunamoString\SunamoString\SunamoString.csproj::TargetFramework=net9.0]
E:\vs\Projects\PlatformIndependentNuGetPackages\SunamoString\SunamoString\SH.cs(1436,23): warning CS1591: Missing XML comment for publicly visible type or member 'SH.EndsWithIndex(string, params string[])' [E:\vs\Projects\PlatformIndependentNuGetPackages\SunamoString\SunamoString\SunamoString.csproj::TargetFramework=net9.0]
E:\vs\Projects\PlatformIndependentNuGetPackages\SunamoString\SunamoString\SH.cs(1455,26): warning CS1591: Missing XML comment for publicly visible type or member 'SH.FirstCharLower(string)' [E:\vs\Projects\PlatformIndependentNuGetPackages\SunamoString\SunamoString\SunamoString.csproj::TargetFramework=net9.0]
E:\vs\Projects\PlatformIndependentNuGetPackages\SunamoString\SunamoString\SH.cs(1482,5): warning CS1587: XML comment is not placed on a valid language element [E:\vs\Projects\PlatformIndependentNuGetPackages\SunamoString\SunamoString\SunamoString.csproj::TargetFramework=net9.0]
E:\vs\Projects\PlatformIndependentNuGetPackages\SunamoString\SunamoString\SH.cs(1524,26): warning CS1591: Missing XML comment for publicly visible type or member 'SH.WrapWithChar(string, char, bool, bool)' [E:\vs\Projects\PlatformIndependentNuGetPackages\SunamoString\SunamoString\SunamoString.csproj::TargetFramework=net9.0]
E:\vs\Projects\PlatformIndependentNuGetPackages\SunamoString\SunamoString\SH.cs(1538,49): warning CS1591: Missing XML comment for publicly visible type or member 'SH.BracketsLeft' [E:\vs\Projects\PlatformIndependentNuGetPackages\SunamoString\SunamoString\SunamoString.csproj::TargetFramework=net9.0]
E:\vs\Projects\PlatformIndependentNuGetPackages\SunamoString\SunamoString\SH.cs(1539,49): warning CS1591: Missing XML comment for publicly visible type or member 'SH.BracketsRight' [E:\vs\Projects\PlatformIndependentNuGetPackages\SunamoString\SunamoString\SunamoString.csproj::TargetFramework=net9.0]
E:\vs\Projects\PlatformIndependentNuGetPackages\SunamoString\SunamoString\SH.cs(1540,27): warning CS1591: Missing XML comment for publicly visible type or member 'SH.Init()' [E:\vs\Projects\PlatformIndependentNuGetPackages\SunamoString\SunamoString\SunamoString.csproj::TargetFramework=net9.0]
E:\vs\Projects\PlatformIndependentNuGetPackages\SunamoString\SunamoString\SH.cs(1559,23): warning CS1591: Missing XML comment for publicly visible type or member 'SH.CountOf(string, char)' [E:\vs\Projects\PlatformIndependentNuGetPackages\SunamoString\SunamoString\SunamoString.csproj::TargetFramework=net9.0]
E:\vs\Projects\PlatformIndependentNuGetPackages\SunamoString\SunamoString\SH.cs(1600,24): warning CS1591: Missing XML comment for publicly visible type or member 'SH.HasIndex(int, string, bool)' [E:\vs\Projects\PlatformIndependentNuGetPackages\SunamoString\SunamoString\SunamoString.csproj::TargetFramework=net9.0]
E:\vs\Projects\PlatformIndependentNuGetPackages\SunamoString\SunamoString\SH.cs(1611,24): warning CS1591: Missing XML comment for publicly visible type or member 'SH.IsNegation(string)' [E:\vs\Projects\PlatformIndependentNuGetPackages\SunamoString\SunamoString\SunamoString.csproj::TargetFramework=net9.0]
E:\vs\Projects\PlatformIndependentNuGetPackages\SunamoString\SunamoString\SH.cs(1616,34): warning CS1591: Missing XML comment for publicly visible type or member 'SH.IsNegationTuple(string)' [E:\vs\Projects\PlatformIndependentNuGetPackages\SunamoString\SunamoString\SunamoString.csproj::TargetFramework=net9.0]
E:\vs\Projects\PlatformIndependentNuGetPackages\SunamoString\SunamoString\SH.cs(1640,24): warning CS1591: Missing XML comment for publicly visible type or member 'SH.EqualsOneOfThis(string, params string[])' [E:\vs\Projects\PlatformIndependentNuGetPackages\SunamoString\SunamoString\SunamoString.csproj::TargetFramework=net9.0]
E:\vs\Projects\PlatformIndependentNuGetPackages\SunamoString\SunamoString\SH.cs(1856,23): warning CS1591: Missing XML comment for publicly visible type or member 'SH.FirstWordWhichIsNumberAllIndexes(List<string>, bool)' [E:\vs\Projects\PlatformIndependentNuGetPackages\SunamoString\SunamoString\SunamoString.csproj::TargetFramework=net9.0]
E:\vs\Projects\PlatformIndependentNuGetPackages\SunamoString\SunamoString\SH.cs(1872,24): warning CS1591: Missing XML comment for publicly visible type or member 'SH.CompareStringIgnoreWhitespaces2(string, string)' [E:\vs\Projects\PlatformIndependentNuGetPackages\SunamoString\SunamoString\SunamoString.csproj::TargetFramework=net9.0]
E:\vs\Projects\PlatformIndependentNuGetPackages\SunamoString\SunamoString\SH.cs(1877,24): warning CS1591: Missing XML comment for publicly visible type or member 'SH.CompareStringIgnoreWhitespaces(string, string)' [E:\vs\Projects\PlatformIndependentNuGetPackages\SunamoString\SunamoString\SunamoString.csproj::TargetFramework=net9.0]
E:\vs\Projects\PlatformIndependentNuGetPackages\SunamoString\SunamoString\SH.cs(1906,24): warning CS1591: Missing XML comment for publicly visible type or member 'SH.ContainsOnly(string, List<char>)' [E:\vs\Projects\PlatformIndependentNuGetPackages\SunamoString\SunamoString\SunamoString.csproj::TargetFramework=net9.0]
E:\vs\Projects\PlatformIndependentNuGetPackages\SunamoString\SunamoString\SH.cs(1953,26): warning CS1591: Missing XML comment for publicly visible type or member 'SH.InBrackets(string)' [E:\vs\Projects\PlatformIndependentNuGetPackages\SunamoString\SunamoString\SunamoString.csproj::TargetFramework=net9.0]
E:\vs\Projects\PlatformIndependentNuGetPackages\SunamoString\SunamoString\SH.cs(1983,30): warning CS1591: Missing XML comment for publicly visible type or member 'SH.ContainsAnyChar(string, bool, IList<char>)' [E:\vs\Projects\PlatformIndependentNuGetPackages\SunamoString\SunamoString\SunamoString.csproj::TargetFramework=net9.0]
E:\vs\Projects\PlatformIndependentNuGetPackages\SunamoString\SunamoString\SH.cs(2030,27): warning CS1591: Missing XML comment for publicly visible type or member 'SH.GetWordOnIndex(string, int)' [E:\vs\Projects\PlatformIndependentNuGetPackages\SunamoString\SunamoString\SunamoString.csproj::TargetFramework=net9.0]
E:\vs\Projects\PlatformIndependentNuGetPackages\SunamoString\SunamoString\SH.cs(2034,24): warning CS1591: Missing XML comment for publicly visible type or member 'SH.ContainsUpper(string)' [E:\vs\Projects\PlatformIndependentNuGetPackages\SunamoString\SunamoString\SunamoString.csproj::TargetFramework=net9.0]
E:\vs\Projects\PlatformIndependentNuGetPackages\SunamoString\SunamoString\SH.cs(2038,24): warning CS1591: Missing XML comment for publicly visible type or member 'SH.ContainsLower(string)' [E:\vs\Projects\PlatformIndependentNuGetPackages\SunamoString\SunamoString\SunamoString.csproj::TargetFramework=net9.0]
E:\vs\Projects\PlatformIndependentNuGetPackages\SunamoString\SunamoString\SH.cs(2236,32): warning CS1591: Missing XML comment for publicly visible type or member 'SH.ValuesBetweenQuotes(string, bool, bool)' [E:\vs\Projects\PlatformIndependentNuGetPackages\SunamoString\SunamoString\SunamoString.csproj::TargetFramework=net9.0]
E:\vs\Projects\PlatformIndependentNuGetPackages\SunamoString\SunamoString\SH.cs(2242,32): warning CS1591: Missing XML comment for publicly visible type or member 'SH.ValuesBetweenQuotesAndApos(string, bool, bool)' [E:\vs\Projects\PlatformIndependentNuGetPackages\SunamoString\SunamoString\SunamoString.csproj::TargetFramework=net9.0]
E:\vs\Projects\PlatformIndependentNuGetPackages\SunamoString\SunamoString\SH.cs(2275,24): warning CS1591: Missing XML comment for publicly visible type or member 'SH.ContainsAtLeastOne(string, List<string>)' [E:\vs\Projects\PlatformIndependentNuGetPackages\SunamoString\SunamoString\SunamoString.csproj::TargetFramework=net9.0]
E:\vs\Projects\PlatformIndependentNuGetPackages\SunamoString\SunamoString\SH.cs(2334,23): warning CS1591: Missing XML comment for publicly visible type or member 'SH.AnotherOtherThanLetterOrDigit(string, int)' [E:\vs\Projects\PlatformIndependentNuGetPackages\SunamoString\SunamoString\SunamoString.csproj::TargetFramework=net9.0]
E:\vs\Projects\PlatformIndependentNuGetPackages\SunamoString\SunamoString\SH.cs(2344,26): warning CS1591: Missing XML comment for publicly visible type or member 'SH.LastChars(string, int)' [E:\vs\Projects\PlatformIndependentNuGetPackages\SunamoString\SunamoString\SunamoString.csproj::TargetFramework=net9.0]
E:\vs\Projects\PlatformIndependentNuGetPackages\SunamoString\SunamoString\SH.cs(2349,26): warning CS1591: Missing XML comment for publicly visible type or member 'SH.TabToNewLine(string)' [E:\vs\Projects\PlatformIndependentNuGetPackages\SunamoString\SunamoString\SunamoString.csproj::TargetFramework=net9.0]
E:\vs\Projects\PlatformIndependentNuGetPackages\SunamoString\SunamoString\SH.cs(2358,24): warning CS1591: Missing XML comment for publicly visible type or member 'SH.IsAllLower(string)' [E:\vs\Projects\PlatformIndependentNuGetPackages\SunamoString\SunamoString\SunamoString.csproj::TargetFramework=net9.0]
E:\vs\Projects\PlatformIndependentNuGetPackages\SunamoString\SunamoString\SH.cs(2369,24): warning CS1591: Missing XML comment for publicly visible type or member 'SH.IsAllUpper(string)' [E:\vs\Projects\PlatformIndependentNuGetPackages\SunamoString\SunamoString\SunamoString.csproj::TargetFramework=net9.0]
E:\vs\Projects\PlatformIndependentNuGetPackages\SunamoString\SunamoString\SH.cs(2373,24): warning CS1591: Missing XML comment for publicly visible type or member 'SH.ContainsBracket(string, bool)' [E:\vs\Projects\PlatformIndependentNuGetPackages\SunamoString\SunamoString\SunamoString.csproj::TargetFramework=net9.0]
E:\vs\Projects\PlatformIndependentNuGetPackages\SunamoString\SunamoString\SH.cs(2379,27): warning CS1591: Missing XML comment for publicly visible type or member 'SH.S_Cs' [E:\vs\Projects\PlatformIndependentNuGetPackages\SunamoString\SunamoString\SunamoString.csproj::TargetFramework=net9.0]
E:\vs\Projects\PlatformIndependentNuGetPackages\SunamoString\SunamoString\SH.cs(2385,29): warning CS1591: Missing XML comment for publicly visible type or member 'SH.IndexesOfChars(string, char)' [E:\vs\Projects\PlatformIndependentNuGetPackages\SunamoString\SunamoString\SunamoString.csproj::TargetFramework=net9.0]
E:\vs\Projects\PlatformIndependentNuGetPackages\SunamoString\SunamoString\SH.cs(2403,24): warning CS1591: Missing XML comment for publicly visible type or member 'SH.ContainsBracket(string, ref List<char>, ref List<char>, bool)' [E:\vs\Projects\PlatformIndependentNuGetPackages\SunamoString\SunamoString\SunamoString.csproj::TargetFramework=net9.0]
E:\vs\Projects\PlatformIndependentNuGetPackages\SunamoString\SunamoString\SH.cs(2418,24): warning CS1591: Missing XML comment for publicly visible type or member 'SH.ClosingBracketFor(char)' [E:\vs\Projects\PlatformIndependentNuGetPackages\SunamoString\SunamoString\SunamoString.csproj::TargetFramework=net9.0]
E:\vs\Projects\PlatformIndependentNuGetPackages\SunamoString\SunamoString\SH.cs(2437,26): warning CS1591: Missing XML comment for publicly visible type or member 'SH.PadRight(string, string, int)' [E:\vs\Projects\PlatformIndependentNuGetPackages\SunamoString\SunamoString\SunamoString.csproj::TargetFramework=net9.0]
E:\vs\Projects\PlatformIndependentNuGetPackages\SunamoString\SunamoString\SH.cs(2443,24): warning CS1591: Missing XML comment for publicly visible type or member 'SH.RemoveLastCharSb(StringBuilder)' [E:\vs\Projects\PlatformIndependentNuGetPackages\SunamoString\SunamoString\SunamoString.csproj::TargetFramework=net9.0]
E:\vs\Projects\PlatformIndependentNuGetPackages\SunamoString\SunamoString\SH.cs(2447,26): warning CS1591: Missing XML comment for publicly visible type or member 'SH.RemoveUselessWhitespaces(string)' [E:\vs\Projects\PlatformIndependentNuGetPackages\SunamoString\SunamoString\SunamoString.csproj::TargetFramework=net9.0]
E:\vs\Projects\PlatformIndependentNuGetPackages\SunamoString\SunamoString\SH.cs(2482,21): warning CS1591: Missing XML comment for publicly visible type or member 'SH.ToNumber<T>(Func<string, T>, string)' [E:\vs\Projects\PlatformIndependentNuGetPackages\SunamoString\SunamoString\SunamoString.csproj::TargetFramework=net9.0]
E:\vs\Projects\PlatformIndependentNuGetPackages\SunamoString\SunamoString\SH.cs(2486,26): warning CS1591: Missing XML comment for publicly visible type or member 'SH.RepairQuotes(string)' [E:\vs\Projects\PlatformIndependentNuGetPackages\SunamoString\SunamoString\SunamoString.csproj::TargetFramework=net9.0]
E:\vs\Projects\PlatformIndependentNuGetPackages\SunamoString\SunamoString\SH.cs(2494,24): warning CS1591: Missing XML comment for publicly visible type or member 'SH.IsNumbered(string)' [E:\vs\Projects\PlatformIndependentNuGetPackages\SunamoString\SunamoString\SunamoString.csproj::TargetFramework=net9.0]
E:\vs\Projects\PlatformIndependentNuGetPackages\SunamoString\SunamoString\SH.cs(2512,26): warning CS1591: Missing XML comment for publicly visible type or member 'SH.InsertEndingBracket(string, char)' [E:\vs\Projects\PlatformIndependentNuGetPackages\SunamoString\SunamoString\SunamoString.csproj::TargetFramework=net9.0]
E:\vs\Projects\PlatformIndependentNuGetPackages\SunamoString\SunamoString\SH.cs(2524,26): warning CS1591: Missing XML comment for publicly visible type or member 'SH.InsertEndingBracket(string, List<char>, List<char>)' [E:\vs\Projects\PlatformIndependentNuGetPackages\SunamoString\SunamoString\SunamoString.csproj::TargetFramework=net9.0]
E:\vs\Projects\PlatformIndependentNuGetPackages\SunamoString\SunamoString\SH.cs(2528,26): warning CS1591: Missing XML comment for publicly visible type or member 'SH.InsertEndingBracketWorker(string, int, int, List<char>, char)' [E:\vs\Projects\PlatformIndependentNuGetPackages\SunamoString\SunamoString\SunamoString.csproj::TargetFramework=net9.0]
E:\vs\Projects\PlatformIndependentNuGetPackages\SunamoString\SunamoString\SH.cs(2554,26): warning CS1591: Missing XML comment for publicly visible type or member 'SH.PairsBracketsToCompleteBlock(string)' [E:\vs\Projects\PlatformIndependentNuGetPackages\SunamoString\SunamoString\SunamoString.csproj::TargetFramework=net9.0]
E:\vs\Projects\PlatformIndependentNuGetPackages\SunamoString\SunamoString\SH.cs(2618,30): warning CS1591: Missing XML comment for publicly visible type or member 'SH.IncludeBrackets(string, bool)' [E:\vs\Projects\PlatformIndependentNuGetPackages\SunamoString\SunamoString\SunamoString.csproj::TargetFramework=net9.0]
E:\vs\Projects\PlatformIndependentNuGetPackages\SunamoString\SunamoString\SH.cs(2635,24): warning CS1591: Missing XML comment for publicly visible type or member 'SH.IsValidISO(string)' [E:\vs\Projects\PlatformIndependentNuGetPackages\SunamoString\SunamoString\SunamoString.csproj::TargetFramework=net9.0]
E:\vs\Projects\PlatformIndependentNuGetPackages\SunamoString\SunamoString\SH.cs(2685,24): warning CS1591: Missing XML comment for publicly visible type or member 'SH.ContainsOnlyCase(string, bool, bool)' [E:\vs\Projects\PlatformIndependentNuGetPackages\SunamoString\SunamoString\SunamoString.csproj::TargetFramework=net9.0]
E:\vs\Projects\PlatformIndependentNuGetPackages\SunamoString\SunamoString\SH.cs(2709,26): warning CS1591: Missing XML comment for publicly visible type or member 'SH.ShortForLettersCount(string, int)' [E:\vs\Projects\PlatformIndependentNuGetPackages\SunamoString\SunamoString\SunamoString.csproj::TargetFramework=net9.0]
E:\vs\Projects\PlatformIndependentNuGetPackages\SunamoString\SunamoString\SH.cs(2726,24): warning CS1591: Missing XML comment for publicly visible type or member 'SH.ContainsVariable(string)' [E:\vs\Projects\PlatformIndependentNuGetPackages\SunamoString\SunamoString\SunamoString.csproj::TargetFramework=net9.0]
E:\vs\Projects\PlatformIndependentNuGetPackages\SunamoString\SunamoString\SH.cs(2730,24): warning CS1591: Missing XML comment for publicly visible type or member 'SH.ContainsVariable(char, char, string)' [E:\vs\Projects\PlatformIndependentNuGetPackages\SunamoString\SunamoString\SunamoString.csproj::TargetFramework=net9.0]
E:\vs\Projects\PlatformIndependentNuGetPackages\SunamoString\SunamoString\SH.cs(2760,29): warning CS1591: Missing XML comment for publicly visible type or member 'SH.GetVariablesInString(string)' [E:\vs\Projects\PlatformIndependentNuGetPackages\SunamoString\SunamoString\SunamoString.csproj::TargetFramework=net9.0]
E:\vs\Projects\PlatformIndependentNuGetPackages\SunamoString\SunamoString\SH.cs(2849,24): warning CS1591: Missing XML comment for publicly visible type or member 'SH.ContainsOtherChatThanLetterAndDigit(string)' [E:\vs\Projects\PlatformIndependentNuGetPackages\SunamoString\SunamoString\SunamoString.csproj::TargetFramework=net9.0]
E:\vs\Projects\PlatformIndependentNuGetPackages\SunamoString\SunamoString\SH.cs(2856,26): warning CS1591: Missing XML comment for publicly visible type or member 'SH.GetOddIndexesOfWord(string)' [E:\vs\Projects\PlatformIndependentNuGetPackages\SunamoString\SunamoString\SunamoString.csproj::TargetFramework=net9.0]
E:\vs\Projects\PlatformIndependentNuGetPackages\SunamoString\SunamoString\SH.cs(2908,32): warning CS1591: Missing XML comment for publicly visible type or member 'SH.RemoveDuplicatesNone(string, string)' [E:\vs\Projects\PlatformIndependentNuGetPackages\SunamoString\SunamoString\SunamoString.csproj::TargetFramework=net9.0]
E:\vs\Projects\PlatformIndependentNuGetPackages\SunamoString\SunamoString\SH.cs(3049,42): warning CS1591: Missing XML comment for publicly visible type or member 'SH.ReturnOccurencesOfStringFromToWord(string, params string[])' [E:\vs\Projects\PlatformIndependentNuGetPackages\SunamoString\SunamoString\SunamoString.csproj::TargetFramework=net9.0]
E:\vs\Projects\PlatformIndependentNuGetPackages\SunamoString\SunamoString\SH.cs(3112,26): warning CS1591: Missing XML comment for publicly visible type or member 'SH.GetFirstPartByLocation(string, int)' [E:\vs\Projects\PlatformIndependentNuGetPackages\SunamoString\SunamoString\SunamoString.csproj::TargetFramework=net9.0]
E:\vs\Projects\PlatformIndependentNuGetPackages\SunamoString\SunamoString\SH.cs(3189,24): warning CS1591: Missing XML comment for publicly visible type or member 'SH.EndsWith(string, string)' [E:\vs\Projects\PlatformIndependentNuGetPackages\SunamoString\SunamoString\SunamoString.csproj::TargetFramework=net9.0]
E:\vs\Projects\PlatformIndependentNuGetPackages\SunamoString\SunamoString\SH.cs(3193,24): warning CS1591: Missing XML comment for publicly visible type or member 'SH.RemovePrefix(ref string, string)' [E:\vs\Projects\PlatformIndependentNuGetPackages\SunamoString\SunamoString\SunamoString.csproj::TargetFramework=net9.0]
E:\vs\Projects\PlatformIndependentNuGetPackages\SunamoString\SunamoString\SH.cs(3202,26): warning CS1591: Missing XML comment for publicly visible type or member 'SH.GetToFirstChar(string, int)' [E:\vs\Projects\PlatformIndependentNuGetPackages\SunamoString\SunamoString\SunamoString.csproj::TargetFramework=net9.0]
E:\vs\Projects\PlatformIndependentNuGetPackages\SunamoString\SunamoString\SH.cs(3218,24): warning CS1591: Missing XML comment for publicly visible type or member 'SH.ContainsFromEnd(string, char, out int)' [E:\vs\Projects\PlatformIndependentNuGetPackages\SunamoString\SunamoString\SunamoString.csproj::TargetFramework=net9.0]
E:\vs\Projects\PlatformIndependentNuGetPackages\SunamoString\SunamoString\SH.cs(3229,26): warning CS1591: Missing XML comment for publicly visible type or member 'SH.FirstWhichIsNotEmpty(params string[])' [E:\vs\Projects\PlatformIndependentNuGetPackages\SunamoString\SunamoString\SunamoString.csproj::TargetFramework=net9.0]
E:\vs\Projects\PlatformIndependentNuGetPackages\SunamoString\SunamoString\SH.cs(3277,24): warning CS1591: Missing XML comment for publicly visible type or member 'SH.IsNullOrWhiteSpace(string)' [E:\vs\Projects\PlatformIndependentNuGetPackages\SunamoString\SunamoString\SunamoString.csproj::TargetFramework=net9.0]
E:\vs\Projects\PlatformIndependentNuGetPackages\SunamoString\SunamoString\SHNotTranslateAble.cs(3,21): warning CS1591: Missing XML comment for publicly visible type or member 'SHNotTranslateAble' [E:\vs\Projects\PlatformIndependentNuGetPackages\SunamoString\SunamoString\SunamoString.csproj::TargetFramework=net9.0]
E:\vs\Projects\PlatformIndependentNuGetPackages\SunamoString\SunamoString\TT.cs(11,26): warning CS1591: Missing XML comment for publicly visible type or member 'TT.NameValue(string, string)' [E:\vs\Projects\PlatformIndependentNuGetPackages\SunamoString\SunamoString\SunamoString.csproj::TargetFramework=net9.0]
E:\vs\Projects\PlatformIndependentNuGetPackages\SunamoString\SunamoString\TT.cs(16,26): warning CS1591: Missing XML comment for publicly visible type or member 'TT.NameValue(ABCString, string)' [E:\vs\Projects\PlatformIndependentNuGetPackages\SunamoString\SunamoString\SunamoString.csproj::TargetFramework=net9.0]
E:\vs\Projects\PlatformIndependentNuGetPackages\SunamoString\SunamoString\_public\StringOrStringList.cs(3,14): warning CS1591: Missing XML comment for publicly visible type or member 'StringOrStringList' [E:\vs\Projects\PlatformIndependentNuGetPackages\SunamoString\SunamoString\SunamoString.csproj::TargetFramework=net9.0]
E:\vs\Projects\PlatformIndependentNuGetPackages\SunamoString\SunamoString\_public\StringOrStringList.cs(5,12): warning CS1591: Missing XML comment for publicly visible type or member 'StringOrStringList.StringOrStringList(string)' [E:\vs\Projects\PlatformIndependentNuGetPackages\SunamoString\SunamoString\SunamoString.csproj::TargetFramework=net9.0]
E:\vs\Projects\PlatformIndependentNuGetPackages\SunamoString\SunamoString\_public\StringOrStringList.cs(9,12): warning CS1591: Missing XML comment for publicly visible type or member 'StringOrStringList.StringOrStringList(List<string>)' [E:\vs\Projects\PlatformIndependentNuGetPackages\SunamoString\SunamoString\SunamoString.csproj::TargetFramework=net9.0]
E:\vs\Projects\PlatformIndependentNuGetPackages\SunamoString\SunamoString\_public\StringOrStringList.cs(13,19): warning CS1591: Missing XML comment for publicly visible type or member 'StringOrStringList.String' [E:\vs\Projects\PlatformIndependentNuGetPackages\SunamoString\SunamoString\SunamoString.csproj::TargetFramework=net9.0]
E:\vs\Projects\PlatformIndependentNuGetPackages\SunamoString\SunamoString\_public\StringOrStringList.cs(14,25): warning CS1591: Missing XML comment for publicly visible type or member 'StringOrStringList.List' [E:\vs\Projects\PlatformIndependentNuGetPackages\SunamoString\SunamoString\SunamoString.csproj::TargetFramework=net9.0]
E:\vs\Projects\PlatformIndependentNuGetPackages\SunamoString\SunamoString\_public\StringOrStringList.cs(15,19): warning CS1591: Missing XML comment for publicly visible type or member 'StringOrStringList.GetString()' [E:\vs\Projects\PlatformIndependentNuGetPackages\SunamoString\SunamoString\SunamoString.csproj::TargetFramework=net9.0]
E:\vs\Projects\PlatformIndependentNuGetPackages\SunamoString\SunamoString\_public\StringOrStringList.cs(31,25): warning CS1591: Missing XML comment for publicly visible type or member 'StringOrStringList.GetList()' [E:\vs\Projects\PlatformIndependentNuGetPackages\SunamoString\SunamoString\SunamoString.csproj::TargetFramework=net9.0]
E:\vs\Projects\PlatformIndependentNuGetPackages\SunamoString\SunamoString\_public\SunamoData\Data\ABCString.cs(3,14): warning CS1591: Missing XML comment for publicly visible type or member 'ABCString' [E:\vs\Projects\PlatformIndependentNuGetPackages\SunamoString\SunamoString\SunamoString.csproj::TargetFramework=net9.0]
E:\vs\Projects\PlatformIndependentNuGetPackages\SunamoString\SunamoString\_public\SunamoData\Data\ABCString.cs(5,29): warning CS1591: Missing XML comment for publicly visible type or member 'ABCString.Empty' [E:\vs\Projects\PlatformIndependentNuGetPackages\SunamoString\SunamoString\SunamoString.csproj::TargetFramework=net9.0]
E:\vs\Projects\PlatformIndependentNuGetPackages\SunamoString\SunamoString\_public\SunamoData\Data\ABCString.cs(6,12): warning CS1591: Missing XML comment for publicly visible type or member 'ABCString.ABCString()' [E:\vs\Projects\PlatformIndependentNuGetPackages\SunamoString\SunamoString\SunamoString.csproj::TargetFramework=net9.0]
E:\vs\Projects\PlatformIndependentNuGetPackages\SunamoString\SunamoString\_public\SunamoData\Data\ABCString.cs(9,28): warning CS1591: Missing XML comment for publicly visible type or member 'ABCString.ToString()' [E:\vs\Projects\PlatformIndependentNuGetPackages\SunamoString\SunamoString\SunamoString.csproj::TargetFramework=net9.0]
E:\vs\Projects\PlatformIndependentNuGetPackages\SunamoString\SunamoString\_public\SunamoData\Data\ABCString.cs(18,16): warning CS1591: Missing XML comment for publicly visible type or member 'ABCString.Length' [E:\vs\Projects\PlatformIndependentNuGetPackages\SunamoString\SunamoString\SunamoString.csproj::TargetFramework=net9.0]
E:\vs\Projects\PlatformIndependentNuGetPackages\SunamoString\SunamoString\_public\SunamoData\Data\ABCString.cs(25,12): warning CS1591: Missing XML comment for publicly visible type or member 'ABCString.ABCString(int)' [E:\vs\Projects\PlatformIndependentNuGetPackages\SunamoString\SunamoString\SunamoString.csproj::TargetFramework=net9.0]
E:\vs\Projects\PlatformIndependentNuGetPackages\SunamoString\SunamoString\_public\SunamoData\Data\ABCString.cs(32,12): warning CS1591: Missing XML comment for publicly visible type or member 'ABCString.ABCString(params object[])' [E:\vs\Projects\PlatformIndependentNuGetPackages\SunamoString\SunamoString\SunamoString.csproj::TargetFramework=net9.0]
E:\vs\Projects\PlatformIndependentNuGetPackages\SunamoString\SunamoString\_public\SunamoData\Data\ABCString.cs(88,12): warning CS1591: Missing XML comment for publicly visible type or member 'ABCString.ABCString(params ABString[])' [E:\vs\Projects\PlatformIndependentNuGetPackages\SunamoString\SunamoString\SunamoString.csproj::TargetFramework=net9.0]
E:\vs\Projects\PlatformIndependentNuGetPackages\SunamoString\SunamoString\_public\SunamoData\Data\ABCString.cs(96,21): warning CS1591: Missing XML comment for publicly visible type or member 'ABCString.OnlyBs()' [E:\vs\Projects\PlatformIndependentNuGetPackages\SunamoString\SunamoString\SunamoString.csproj::TargetFramework=net9.0]
E:\vs\Projects\PlatformIndependentNuGetPackages\SunamoString\SunamoString\_public\SunamoData\Data\ABCString.cs(100,25): warning CS1591: Missing XML comment for publicly visible type or member 'ABCString.OnlyBsList()' [E:\vs\Projects\PlatformIndependentNuGetPackages\SunamoString\SunamoString\SunamoString.csproj::TargetFramework=net9.0]
E:\vs\Projects\PlatformIndependentNuGetPackages\SunamoString\SunamoString\_public\SunamoData\Data\ABCString.cs(109,25): warning CS1591: Missing XML comment for publicly visible type or member 'ABCString.OnlyAs()' [E:\vs\Projects\PlatformIndependentNuGetPackages\SunamoString\SunamoString\SunamoString.csproj::TargetFramework=net9.0]
E:\vs\Projects\PlatformIndependentNuGetPackages\SunamoString\SunamoString\_public\SunamoData\Data\ABCString.cs(119,32): warning CS1591: Missing XML comment for publicly visible type or member 'ABCString.OnlyBs(List<ABString>)' [E:\vs\Projects\PlatformIndependentNuGetPackages\SunamoString\SunamoString\SunamoString.csproj::TargetFramework=net9.0]
E:\vs\Projects\PlatformIndependentNuGetPackages\SunamoString\SunamoString\_public\SunamoData\Data\ABString.cs(3,14): warning CS1591: Missing XML comment for publicly visible type or member 'ABString' [E:\vs\Projects\PlatformIndependentNuGetPackages\SunamoString\SunamoString\SunamoString.csproj::TargetFramework=net9.0]
E:\vs\Projects\PlatformIndependentNuGetPackages\SunamoString\SunamoString\_public\SunamoData\Data\ABString.cs(5,24): warning CS1591: Missing XML comment for publicly visible type or member 'ABString.Type' [E:\vs\Projects\PlatformIndependentNuGetPackages\SunamoString\SunamoString\SunamoString.csproj::TargetFramework=net9.0]
E:\vs\Projects\PlatformIndependentNuGetPackages\SunamoString\SunamoString\_public\SunamoData\Data\ABString.cs(19,12): warning CS1591: Missing XML comment for publicly visible type or member 'ABString.ABString(string, object)' [E:\vs\Projects\PlatformIndependentNuGetPackages\SunamoString\SunamoString\SunamoString.csproj::TargetFramework=net9.0]
E:\vs\Projects\PlatformIndependentNuGetPackages\SunamoString\SunamoString\_public\SunamoData\Data\ABString.cs(25,28): warning CS1591: Missing XML comment for publicly visible type or member 'ABString.Get(Type, object)' [E:\vs\Projects\PlatformIndependentNuGetPackages\SunamoString\SunamoString\SunamoString.csproj::TargetFramework=net9.0]
E:\vs\Projects\PlatformIndependentNuGetPackages\SunamoString\SunamoString\_public\SunamoData\Data\ABString.cs(30,28): warning CS1591: Missing XML comment for publicly visible type or member 'ABString.Get(string, object)' [E:\vs\Projects\PlatformIndependentNuGetPackages\SunamoString\SunamoString\SunamoString.csproj::TargetFramework=net9.0]
E:\vs\Projects\PlatformIndependentNuGetPackages\SunamoString\SunamoString\_public\SunamoData\Data\ABString.cs(35,28): warning CS1591: Missing XML comment for publicly visible type or member 'ABString.ToString()' [E:\vs\Projects\PlatformIndependentNuGetPackages\SunamoString\SunamoString\SunamoString.csproj::TargetFramework=net9.0]
E:\vs\Projects\PlatformIndependentNuGetPackages\SunamoString\SunamoString\_public\SunamoData\Data\CharFormatDataString.cs(3,14): warning CS1591: Missing XML comment for publicly visible type or member 'CharFormatDataString' [E:\vs\Projects\PlatformIndependentNuGetPackages\SunamoString\SunamoString\SunamoString.csproj::TargetFramework=net9.0]
E:\vs\Projects\PlatformIndependentNuGetPackages\SunamoString\SunamoString\_public\SunamoData\Data\CharFormatDataString.cs(16,25): warning CS1591: Missing XML comment for publicly visible type or member 'CharFormatDataString.Templates' [E:\vs\Projects\PlatformIndependentNuGetPackages\SunamoString\SunamoString\SunamoString.csproj::TargetFramework=net9.0]
E:\vs\Projects\PlatformIndependentNuGetPackages\SunamoString\SunamoString\_public\SunamoData\Data\CharFormatDataString.cs(19,44): warning CS1591: Missing XML comment for publicly visible type or member 'CharFormatDataString.Templates.Dash' [E:\vs\Projects\PlatformIndependentNuGetPackages\SunamoString\SunamoString\SunamoString.csproj::TargetFramework=net9.0]
E:\vs\Projects\PlatformIndependentNuGetPackages\SunamoString\SunamoString\_public\SunamoData\Data\CharFormatDataString.cs(20,44): warning CS1591: Missing XML comment for publicly visible type or member 'CharFormatDataString.Templates.NotNumber' [E:\vs\Projects\PlatformIndependentNuGetPackages\SunamoString\SunamoString\SunamoString.csproj::TargetFramework=net9.0]
E:\vs\Projects\PlatformIndependentNuGetPackages\SunamoString\SunamoString\_public\SunamoData\Data\CharFormatDataString.cs(24,44): warning CS1591: Missing XML comment for publicly visible type or member 'CharFormatDataString.Templates.TwoLetterNumber' [E:\vs\Projects\PlatformIndependentNuGetPackages\SunamoString\SunamoString\SunamoString.csproj::TargetFramework=net9.0]
E:\vs\Projects\PlatformIndependentNuGetPackages\SunamoString\SunamoString\_public\SunamoData\Data\CharFormatDataString.cs(31,44): warning CS1591: Missing XML comment for publicly visible type or member 'CharFormatDataString.Templates.Any' [E:\vs\Projects\PlatformIndependentNuGetPackages\SunamoString\SunamoString\SunamoString.csproj::TargetFramework=net9.0]
E:\vs\Projects\PlatformIndependentNuGetPackages\SunamoString\SunamoString\_public\SunamoData\Data\CharFormatDataString.cs(39,12): warning CS1591: Missing XML comment for publicly visible type or member 'CharFormatDataString.CharFormatDataString(bool?, char[])' [E:\vs\Projects\PlatformIndependentNuGetPackages\SunamoString\SunamoString\SunamoString.csproj::TargetFramework=net9.0]
E:\vs\Projects\PlatformIndependentNuGetPackages\SunamoString\SunamoString\_public\SunamoData\Data\CharFormatDataString.cs(44,12): warning CS1591: Missing XML comment for publicly visible type or member 'CharFormatDataString.CharFormatDataString()' [E:\vs\Projects\PlatformIndependentNuGetPackages\SunamoString\SunamoString\SunamoString.csproj::TargetFramework=net9.0]
E:\vs\Projects\PlatformIndependentNuGetPackages\SunamoString\SunamoString\_public\SunamoData\Data\CharFormatDataString.cs(47,40): warning CS1591: Missing XML comment for publicly visible type or member 'CharFormatDataString.GetOnlyNumbers(FromToString)' [E:\vs\Projects\PlatformIndependentNuGetPackages\SunamoString\SunamoString\SunamoString.csproj::TargetFramework=net9.0]
E:\vs\Projects\PlatformIndependentNuGetPackages\SunamoString\SunamoString\_public\SunamoData\Data\CharFormatDataString.cs(63,40): warning CS1591: Missing XML comment for publicly visible type or member 'CharFormatDataString.Get(bool?, FromToString, params char[])' [E:\vs\Projects\PlatformIndependentNuGetPackages\SunamoString\SunamoString\SunamoString.csproj::TargetFramework=net9.0]
E:\vs\Projects\PlatformIndependentNuGetPackages\SunamoString\SunamoString\_public\SunamoData\Data\FromToString.cs(3,14): warning CS1591: Missing XML comment for publicly visible type or member 'FromToString' [E:\vs\Projects\PlatformIndependentNuGetPackages\SunamoString\SunamoString\SunamoString.csproj::TargetFramework=net9.0]
E:\vs\Projects\PlatformIndependentNuGetPackages\SunamoString\SunamoString\_public\SunamoData\Data\FromToString.cs(5,32): warning CS1591: Missing XML comment for publicly visible type or member 'FromToString.Empty' [E:\vs\Projects\PlatformIndependentNuGetPackages\SunamoString\SunamoString\SunamoString.csproj::TargetFramework=net9.0]
E:\vs\Projects\PlatformIndependentNuGetPackages\SunamoString\SunamoString\_public\SunamoData\Data\FromToString.cs(6,12): warning CS1591: Missing XML comment for publicly visible type or member 'FromToString.FromToString()' [E:\vs\Projects\PlatformIndependentNuGetPackages\SunamoString\SunamoString\SunamoString.csproj::TargetFramework=net9.0]
E:\vs\Projects\PlatformIndependentNuGetPackages\SunamoString\SunamoString\_public\SunamoData\Data\FromToString.cs(24,12): warning CS1591: Missing XML comment for publicly visible type or member 'FromToString.FromToString(long, long, FromToUseString)' [E:\vs\Projects\PlatformIndependentNuGetPackages\SunamoString\SunamoString\SunamoString.csproj::TargetFramework=net9.0]
E:\vs\Projects\PlatformIndependentNuGetPackages\SunamoString\SunamoString\_public\SunamoData\Data\FromToTSHString.cs(3,14): warning CS1591: Missing XML comment for publicly visible type or member 'FromToTSHString<T>' [E:\vs\Projects\PlatformIndependentNuGetPackages\SunamoString\SunamoString\SunamoString.csproj::TargetFramework=net9.0]
E:\vs\Projects\PlatformIndependentNuGetPackages\SunamoString\SunamoString\_public\SunamoData\Data\FromToTSHString.cs(6,17): warning CS1591: Missing XML comment for publicly visible type or member 'FromToTSHString<T>.Empty' [E:\vs\Projects\PlatformIndependentNuGetPackages\SunamoString\SunamoString\SunamoString.csproj::TargetFramework=net9.0]
E:\vs\Projects\PlatformIndependentNuGetPackages\SunamoString\SunamoString\_public\SunamoData\Data\FromToTSHString.cs(8,28): warning CS1591: Missing XML comment for publicly visible type or member 'FromToTSHString<T>.FtUse' [E:\vs\Projects\PlatformIndependentNuGetPackages\SunamoString\SunamoString\SunamoString.csproj::TargetFramework=net9.0]
E:\vs\Projects\PlatformIndependentNuGetPackages\SunamoString\SunamoString\_public\SunamoData\Data\FromToTSHString.cs(10,12): warning CS1591: Missing XML comment for publicly visible type or member 'FromToTSHString<T>.FromToTSHString()' [E:\vs\Projects\PlatformIndependentNuGetPackages\SunamoString\SunamoString\SunamoString.csproj::TargetFramework=net9.0]
E:\vs\Projects\PlatformIndependentNuGetPackages\SunamoString\SunamoString\_public\SunamoData\Data\FromToTSHString.cs(22,12): warning CS1591: Missing XML comment for publicly visible type or member 'FromToTSHString<T>.FromToTSHString(T, T, FromToUseString)' [E:\vs\Projects\PlatformIndependentNuGetPackages\SunamoString\SunamoString\SunamoString.csproj::TargetFramework=net9.0]
E:\vs\Projects\PlatformIndependentNuGetPackages\SunamoString\SunamoString\_public\SunamoData\Data\FromToTSHString.cs(28,14): warning CS1591: Missing XML comment for publicly visible type or member 'FromToTSHString<T>.From' [E:\vs\Projects\PlatformIndependentNuGetPackages\SunamoString\SunamoString\SunamoString.csproj::TargetFramework=net9.0]
E:\vs\Projects\PlatformIndependentNuGetPackages\SunamoString\SunamoString\_public\SunamoData\Data\FromToTSHString.cs(33,14): warning CS1591: Missing XML comment for publicly visible type or member 'FromToTSHString<T>.To' [E:\vs\Projects\PlatformIndependentNuGetPackages\SunamoString\SunamoString\SunamoString.csproj::TargetFramework=net9.0]
E:\vs\Projects\PlatformIndependentNuGetPackages\SunamoString\SunamoString\_public\SunamoData\Data\FromToTSHString.cs(38,17): warning CS1591: Missing XML comment for publicly visible type or member 'FromToTSHString<T>.FromL' [E:\vs\Projects\PlatformIndependentNuGetPackages\SunamoString\SunamoString\SunamoString.csproj::TargetFramework=net9.0]
E:\vs\Projects\PlatformIndependentNuGetPackages\SunamoString\SunamoString\_public\SunamoData\Data\FromToTSHString.cs(39,17): warning CS1591: Missing XML comment for publicly visible type or member 'FromToTSHString<T>.ToL' [E:\vs\Projects\PlatformIndependentNuGetPackages\SunamoString\SunamoString\SunamoString.csproj::TargetFramework=net9.0]
E:\vs\Projects\PlatformIndependentNuGetPackages\SunamoString\SunamoString\_public\SunamoData\Data\FromToWordString.cs(3,14): warning CS1591: Missing XML comment for publicly visible type or member 'FromToWordString' [E:\vs\Projects\PlatformIndependentNuGetPackages\SunamoString\SunamoString\SunamoString.csproj::TargetFramework=net9.0]
E:\vs\Projects\PlatformIndependentNuGetPackages\SunamoString\SunamoString\_public\SunamoData\Data\FromToWordString.cs(5,16): warning CS1591: Missing XML comment for publicly visible type or member 'FromToWordString.From' [E:\vs\Projects\PlatformIndependentNuGetPackages\SunamoString\SunamoString\SunamoString.csproj::TargetFramework=net9.0]
E:\vs\Projects\PlatformIndependentNuGetPackages\SunamoString\SunamoString\_public\SunamoData\Data\FromToWordString.cs(6,16): warning CS1591: Missing XML comment for publicly visible type or member 'FromToWordString.To' [E:\vs\Projects\PlatformIndependentNuGetPackages\SunamoString\SunamoString\SunamoString.csproj::TargetFramework=net9.0]
E:\vs\Projects\PlatformIndependentNuGetPackages\SunamoString\SunamoString\_public\SunamoData\Data\FromToWordString.cs(7,19): warning CS1591: Missing XML comment for publicly visible type or member 'FromToWordString.Word' [E:\vs\Projects\PlatformIndependentNuGetPackages\SunamoString\SunamoString\SunamoString.csproj::TargetFramework=net9.0]
E:\vs\Projects\PlatformIndependentNuGetPackages\SunamoString\SunamoString\_public\SunamoData\Data\SquareMap.cs(5,14): warning CS1591: Missing XML comment for publicly visible type or member 'SquareMap' [E:\vs\Projects\PlatformIndependentNuGetPackages\SunamoString\SunamoString\SunamoString.csproj::TargetFramework=net9.0]
E:\vs\Projects\PlatformIndependentNuGetPackages\SunamoString\SunamoString\_public\SunamoData\Data\SquareMap.cs(7,22): warning CS1591: Missing XML comment for publicly visible type or member 'SquareMap.CurlyBrackets' [E:\vs\Projects\PlatformIndependentNuGetPackages\SunamoString\SunamoString\SunamoString.csproj::TargetFramework=net9.0]
E:\vs\Projects\PlatformIndependentNuGetPackages\SunamoString\SunamoString\_public\SunamoData\Data\SquareMap.cs(8,22): warning CS1591: Missing XML comment for publicly visible type or member 'SquareMap.SquareBrackets' [E:\vs\Projects\PlatformIndependentNuGetPackages\SunamoString\SunamoString\SunamoString.csproj::TargetFramework=net9.0]
E:\vs\Projects\PlatformIndependentNuGetPackages\SunamoString\SunamoString\_public\SunamoData\Data\SquareMap.cs(9,22): warning CS1591: Missing XML comment for publicly visible type or member 'SquareMap.Brackets' [E:\vs\Projects\PlatformIndependentNuGetPackages\SunamoString\SunamoString\SunamoString.csproj::TargetFramework=net9.0]
E:\vs\Projects\PlatformIndependentNuGetPackages\SunamoString\SunamoString\_public\SunamoData\Data\SquareMap.cs(10,22): warning CS1591: Missing XML comment for publicly visible type or member 'SquareMap.EndingCurlyBrackets' [E:\vs\Projects\PlatformIndependentNuGetPackages\SunamoString\SunamoString\SunamoString.csproj::TargetFramework=net9.0]
E:\vs\Projects\PlatformIndependentNuGetPackages\SunamoString\SunamoString\_public\SunamoData\Data\SquareMap.cs(11,22): warning CS1591: Missing XML comment for publicly visible type or member 'SquareMap.EndingSquareBrackets' [E:\vs\Projects\PlatformIndependentNuGetPackages\SunamoString\SunamoString\SunamoString.csproj::TargetFramework=net9.0]
E:\vs\Projects\PlatformIndependentNuGetPackages\SunamoString\SunamoString\_public\SunamoData\Data\SquareMap.cs(12,22): warning CS1591: Missing XML comment for publicly visible type or member 'SquareMap.EndingBrackets' [E:\vs\Projects\PlatformIndependentNuGetPackages\SunamoString\SunamoString\SunamoString.csproj::TargetFramework=net9.0]
E:\vs\Projects\PlatformIndependentNuGetPackages\SunamoString\SunamoString\_public\SunamoData\Data\SquareMap.cs(15,17): warning CS1591: Missing XML comment for publicly visible type or member 'SquareMap.Add(Brackets, bool, int)' [E:\vs\Projects\PlatformIndependentNuGetPackages\SunamoString\SunamoString\SunamoString.csproj::TargetFramework=net9.0]
E:\vs\Projects\PlatformIndependentNuGetPackages\SunamoString\SunamoString\_public\SunamoData\Data\SquareMapLines.cs(5,14): warning CS1591: Missing XML comment for publicly visible type or member 'SquareMapLines' [E:\vs\Projects\PlatformIndependentNuGetPackages\SunamoString\SunamoString\SunamoString.csproj::TargetFramework=net9.0]
E:\vs\Projects\PlatformIndependentNuGetPackages\SunamoString\SunamoString\_public\SunamoData\Data\SquareMapLines.cs(7,39): warning CS1591: Missing XML comment for publicly visible type or member 'SquareMapLines.CurlyBrackets' [E:\vs\Projects\PlatformIndependentNuGetPackages\SunamoString\SunamoString\SunamoString.csproj::TargetFramework=net9.0]
E:\vs\Projects\PlatformIndependentNuGetPackages\SunamoString\SunamoString\_public\SunamoData\Data\SquareMapLines.cs(8,39): warning CS1591: Missing XML comment for publicly visible type or member 'SquareMapLines.SquareBrackets' [E:\vs\Projects\PlatformIndependentNuGetPackages\SunamoString\SunamoString\SunamoString.csproj::TargetFramework=net9.0]
E:\vs\Projects\PlatformIndependentNuGetPackages\SunamoString\SunamoString\_public\SunamoData\Data\SquareMapLines.cs(9,39): warning CS1591: Missing XML comment for publicly visible type or member 'SquareMapLines.Brackets' [E:\vs\Projects\PlatformIndependentNuGetPackages\SunamoString\SunamoString\SunamoString.csproj::TargetFramework=net9.0]
E:\vs\Projects\PlatformIndependentNuGetPackages\SunamoString\SunamoString\_public\SunamoData\Data\SquareMapLines.cs(10,39): warning CS1591: Missing XML comment for publicly visible type or member 'SquareMapLines.EndingCurlyBrackets' [E:\vs\Projects\PlatformIndependentNuGetPackages\SunamoString\SunamoString\SunamoString.csproj::TargetFramework=net9.0]
E:\vs\Projects\PlatformIndependentNuGetPackages\SunamoString\SunamoString\_public\SunamoData\Data\SquareMapLines.cs(11,39): warning CS1591: Missing XML comment for publicly visible type or member 'SquareMapLines.EndingSquareBrackets' [E:\vs\Projects\PlatformIndependentNuGetPackages\SunamoString\SunamoString\SunamoString.csproj::TargetFramework=net9.0]
E:\vs\Projects\PlatformIndependentNuGetPackages\SunamoString\SunamoString\_public\SunamoData\Data\SquareMapLines.cs(12,39): warning CS1591: Missing XML comment for publicly visible type or member 'SquareMapLines.EndingBrackets' [E:\vs\Projects\PlatformIndependentNuGetPackages\SunamoString\SunamoString\SunamoString.csproj::TargetFramework=net9.0]
E:\vs\Projects\PlatformIndependentNuGetPackages\SunamoString\SunamoString\_public\SunamoData\Data\SquareMapLines.cs(22,12): warning CS1591: Missing XML comment for publicly visible type or member 'SquareMapLines.SquareMapLines(SquareMap)' [E:\vs\Projects\PlatformIndependentNuGetPackages\SunamoString\SunamoString\SunamoString.csproj::TargetFramework=net9.0]
E:\vs\Projects\PlatformIndependentNuGetPackages\SunamoString\SunamoString\_public\SunamoData\Data\SquareMapLines.cs(26,12): warning CS1591: Missing XML comment for publicly visible type or member 'SquareMapLines.SquareMapLines()' [E:\vs\Projects\PlatformIndependentNuGetPackages\SunamoString\SunamoString\SunamoString.csproj::TargetFramework=net9.0]
E:\vs\Projects\PlatformIndependentNuGetPackages\SunamoString\SunamoString\_public\SunamoData\Data\SquareMapLines.cs(38,17): warning CS1591: Missing XML comment for publicly visible type or member 'SquareMapLines.Add(Brackets, bool, int, int)' [E:\vs\Projects\PlatformIndependentNuGetPackages\SunamoString\SunamoString\SunamoString.csproj::TargetFramework=net9.0]
E:\vs\Projects\PlatformIndependentNuGetPackages\SunamoString\SunamoString\_public\SunamoEnums\Enums\ContainsCompareMethodString.cs(3,13): warning CS1591: Missing XML comment for publicly visible type or member 'ContainsCompareMethodString' [E:\vs\Projects\PlatformIndependentNuGetPackages\SunamoString\SunamoString\SunamoString.csproj::TargetFramework=net9.0]
E:\vs\Projects\PlatformIndependentNuGetPackages\SunamoString\SunamoString\_public\SunamoEnums\Enums\ContainsCompareMethodString.cs(5,5): warning CS1591: Missing XML comment for publicly visible type or member 'ContainsCompareMethodString.WholeInput' [E:\vs\Projects\PlatformIndependentNuGetPackages\SunamoString\SunamoString\SunamoString.csproj::TargetFramework=net9.0]
E:\vs\Projects\PlatformIndependentNuGetPackages\SunamoString\SunamoString\_public\SunamoEnums\Enums\ContainsCompareMethodString.cs(6,5): warning CS1591: Missing XML comment for publicly visible type or member 'ContainsCompareMethodString.SplitToWords' [E:\vs\Projects\PlatformIndependentNuGetPackages\SunamoString\SunamoString\SunamoString.csproj::TargetFramework=net9.0]
E:\vs\Projects\PlatformIndependentNuGetPackages\SunamoString\SunamoString\_public\SunamoEnums\Enums\ContainsCompareMethodString.cs(10,5): warning CS1591: Missing XML comment for publicly visible type or member 'ContainsCompareMethodString.Negations' [E:\vs\Projects\PlatformIndependentNuGetPackages\SunamoString\SunamoString\SunamoString.csproj::TargetFramework=net9.0]
E:\vs\Projects\PlatformIndependentNuGetPackages\SunamoString\SunamoString\_public\SunamoEnums\Enums\FromToUse.cs(6,13): warning CS1591: Missing XML comment for publicly visible type or member 'FromToUseString' [E:\vs\Projects\PlatformIndependentNuGetPackages\SunamoString\SunamoString\SunamoString.csproj::TargetFramework=net9.0]
E:\vs\Projects\PlatformIndependentNuGetPackages\SunamoString\SunamoString\_public\SunamoEnums\Enums\FromToUse.cs(8,5): warning CS1591: Missing XML comment for publicly visible type or member 'FromToUseString.DateTime' [E:\vs\Projects\PlatformIndependentNuGetPackages\SunamoString\SunamoString\SunamoString.csproj::TargetFramework=net9.0]
E:\vs\Projects\PlatformIndependentNuGetPackages\SunamoString\SunamoString\_public\SunamoEnums\Enums\FromToUse.cs(9,5): warning CS1591: Missing XML comment for publicly visible type or member 'FromToUseString.Unix' [E:\vs\Projects\PlatformIndependentNuGetPackages\SunamoString\SunamoString\SunamoString.csproj::TargetFramework=net9.0]
E:\vs\Projects\PlatformIndependentNuGetPackages\SunamoString\SunamoString\_public\SunamoEnums\Enums\FromToUse.cs(10,5): warning CS1591: Missing XML comment for publicly visible type or member 'FromToUseString.UnixJustTime' [E:\vs\Projects\PlatformIndependentNuGetPackages\SunamoString\SunamoString\SunamoString.csproj::TargetFramework=net9.0]
E:\vs\Projects\PlatformIndependentNuGetPackages\SunamoString\SunamoString\_public\SunamoEnums\Enums\FromToUse.cs(11,5): warning CS1591: Missing XML comment for publicly visible type or member 'FromToUseString.None' [E:\vs\Projects\PlatformIndependentNuGetPackages\SunamoString\SunamoString\SunamoString.csproj::TargetFramework=net9.0]
E:\vs\Projects\PlatformIndependentNuGetPackages\SunamoString\SunamoString\_public\SunamoEnums\Enums\StatisticLetterCharsStrategy.cs(3,13): warning CS1591: Missing XML comment for publicly visible type or member 'StatisticLetterCharsStrategy' [E:\vs\Projects\PlatformIndependentNuGetPackages\SunamoString\SunamoString\SunamoString.csproj::TargetFramework=net9.0]
E:\vs\Projects\PlatformIndependentNuGetPackages\SunamoString\SunamoString\_public\SunamoEnums\Enums\StatisticLetterCharsStrategy.cs(5,5): warning CS1591: Missing XML comment for publicly visible type or member 'StatisticLetterCharsStrategy.AddAsFirst' [E:\vs\Projects\PlatformIndependentNuGetPackages\SunamoString\SunamoString\SunamoString.csproj::TargetFramework=net9.0]
E:\vs\Projects\PlatformIndependentNuGetPackages\SunamoString\SunamoString\_public\SunamoEnums\Enums\StatisticLetterCharsStrategy.cs(6,5): warning CS1591: Missing XML comment for publicly visible type or member 'StatisticLetterCharsStrategy.IgnoreCompletely' [E:\vs\Projects\PlatformIndependentNuGetPackages\SunamoString\SunamoString\SunamoString.csproj::TargetFramework=net9.0]
E:\vs\Projects\PlatformIndependentNuGetPackages\SunamoString\SunamoString\SH.cs(2768,9): warning CS1587: XML comment is not placed on a valid language element [E:\vs\Projects\PlatformIndependentNuGetPackages\SunamoString\SunamoString\SunamoString.csproj::TargetFramework=net9.0]
E:\vs\Projects\PlatformIndependentNuGetPackages\SunamoString\SunamoString\TT.cs(9,5): warning CS1587: XML comment is not placed on a valid language element [E:\vs\Projects\PlatformIndependentNuGetPackages\SunamoString\SunamoString\SunamoString.csproj::TargetFramework=net9.0]
E:\vs\Projects\PlatformIndependentNuGetPackages\SunamoDevCode\SunamoDevCode.Tests\FoldersWithSolutionsInstanceTests.cs(16,71): warning CS8625: Cannot convert null literal to non-nullable reference type. [E:\vs\Projects\PlatformIndependentNuGetPackages\SunamoDevCode\SunamoDevCode.Tests\SunamoDevCode.Tests.csproj::TargetFramework=net10.0]
E:\vs\Projects\PlatformIndependentNuGetPackages\SunamoDevCode\SunamoDevCode.Tests\FoldersWithSolutionsInstanceTests.cs(22,97): warning CS8625: Cannot convert null literal to non-nullable reference type. [E:\vs\Projects\PlatformIndependentNuGetPackages\SunamoDevCode\SunamoDevCode.Tests\SunamoDevCode.Tests.csproj::TargetFramework=net10.0]
E:\vs\Projects\PlatformIndependentNuGetPackages\SunamoDevCode\SunamoDevCode.Tests\Data\SolutionFolderNs\SolutionFolderTests.cs(18,63): warning CS8625: Cannot convert null literal to non-nullable reference type. [E:\vs\Projects\PlatformIndependentNuGetPackages\SunamoDevCode\SunamoDevCode.Tests\SunamoDevCode.Tests.csproj::TargetFramework=net10.0]
E:\vs\Projects\PlatformIndependentNuGetPackages\SunamoDevCode\SunamoDevCode.Tests\Data\SolutionFolderNs\SolutionFolderTests.cs(21,9): warning CS8602: Dereference of a possibly null reference. [E:\vs\Projects\PlatformIndependentNuGetPackages\SunamoDevCode\SunamoDevCode.Tests\SunamoDevCode.Tests.csproj::TargetFramework=net10.0]
E:\vs\Projects\PlatformIndependentNuGetPackages\SunamoDevCode\SunamoDevCode.Tests\FoldersWithSolutionsInstanceTests.cs(30,70): warning CS8625: Cannot convert null literal to non-nullable reference type. [E:\vs\Projects\PlatformIndependentNuGetPackages\SunamoDevCode\SunamoDevCode.Tests\SunamoDevCode.Tests.csproj::TargetFramework=net10.0]
E:\vs\Projects\PlatformIndependentNuGetPackages\SunamoDevCode\SunamoDevCode.Tests\FoldersWithSolutionsInstanceTests.cs(36,70): warning CS8625: Cannot convert null literal to non-nullable reference type. [E:\vs\Projects\PlatformIndependentNuGetPackages\SunamoDevCode\SunamoDevCode.Tests\SunamoDevCode.Tests.csproj::TargetFramework=net10.0]
E:\vs\Projects\PlatformIndependentNuGetPackages\SunamoDevCode\SunamoDevCode.Tests\FoldersWithSolutionsInstanceTests.cs(46,97): warning CS8625: Cannot convert null literal to non-nullable reference type. [E:\vs\Projects\PlatformIndependentNuGetPackages\SunamoDevCode\SunamoDevCode.Tests\SunamoDevCode.Tests.csproj::TargetFramework=net10.0]
E:\vs\Projects\PlatformIndependentNuGetPackages\SunamoDevCode\SunamoDevCode.Tests\FoldersWithSolutionsInstanceTests.cs(47,56): warning CS8625: Cannot convert null literal to non-nullable reference type. [E:\vs\Projects\PlatformIndependentNuGetPackages\SunamoDevCode\SunamoDevCode.Tests\SunamoDevCode.Tests.csproj::TargetFramework=net10.0]
E:\vs\Projects\PlatformIndependentNuGetPackages\SunamoDevCode\SunamoDevCode.Tests\FoldersWithSolutionsInstanceTests.cs(57,62): warning CS8625: Cannot convert null literal to non-nullable reference type. [E:\vs\Projects\PlatformIndependentNuGetPackages\SunamoDevCode\SunamoDevCode.Tests\SunamoDevCode.Tests.csproj::TargetFramework=net10.0]
E:\vs\Projects\PlatformIndependentNuGetPackages\SunamoDevCode\SunamoDevCode.Tests\FoldersWithSolutionsInstanceTests.cs(60,54): warning CS8625: Cannot convert null literal to non-nullable reference type. [E:\vs\Projects\PlatformIndependentNuGetPackages\SunamoDevCode\SunamoDevCode.Tests\SunamoDevCode.Tests.csproj::TargetFramework=net10.0]
E:\vs\Projects\PlatformIndependentNuGetPackages\SunamoDevCode\SunamoDevCode.Tests\CSharpHelperSunamoTests.cs(7,14): warning CS1591: Missing XML comment for publicly visible type or member 'CSharpHelperSunamoTests' [E:\vs\Projects\PlatformIndependentNuGetPackages\SunamoDevCode\SunamoDevCode.Tests\SunamoDevCode.Tests.csproj::TargetFramework=net10.0]
E:\vs\Projects\PlatformIndependentNuGetPackages\SunamoDevCode\SunamoDevCode.Tests\CSharpHelperSunamoTests.cs(10,17): warning CS1591: Missing XML comment for publicly visible type or member 'CSharpHelperSunamoTests.IndentAsPreviousLineTest()' [E:\vs\Projects\PlatformIndependentNuGetPackages\SunamoDevCode\SunamoDevCode.Tests\SunamoDevCode.Tests.csproj::TargetFramework=net10.0]
E:\vs\Projects\PlatformIndependentNuGetPackages\SunamoDevCode\SunamoDevCode.Tests\Data\SolutionFolderNs\SolutionFolderTests.cs(8,14): warning CS1591: Missing XML comment for publicly visible type or member 'SolutionFolderTests' [E:\vs\Projects\PlatformIndependentNuGetPackages\SunamoDevCode\SunamoDevCode.Tests\SunamoDevCode.Tests.csproj::TargetFramework=net10.0]
E:\vs\Projects\PlatformIndependentNuGetPackages\SunamoDevCode\SunamoDevCode.Tests\Data\SolutionFolderNs\SolutionFolderTests.cs(13,17): warning CS1591: Missing XML comment for publicly visible type or member 'SolutionFolderTests.ExeToReleaseTest()' [E:\vs\Projects\PlatformIndependentNuGetPackages\SunamoDevCode\SunamoDevCode.Tests\SunamoDevCode.Tests.csproj::TargetFramework=net10.0]
E:\vs\Projects\PlatformIndependentNuGetPackages\SunamoDevCode\SunamoDevCode.Tests\FoldersWithSolutionsInstanceTests.cs(9,14): warning CS1591: Missing XML comment for publicly visible type or member 'FoldersWithSolutionsTests' [E:\vs\Projects\PlatformIndependentNuGetPackages\SunamoDevCode\SunamoDevCode.Tests\SunamoDevCode.Tests.csproj::TargetFramework=net10.0]
E:\vs\Projects\PlatformIndependentNuGetPackages\SunamoDevCode\SunamoDevCode.Tests\FoldersWithSolutionsInstanceTests.cs(14,17): warning CS1591: Missing XML comment for publicly visible type or member 'FoldersWithSolutionsTests.InsertIntoFwssTest()' [E:\vs\Projects\PlatformIndependentNuGetPackages\SunamoDevCode\SunamoDevCode.Tests\SunamoDevCode.Tests.csproj::TargetFramework=net10.0]
E:\vs\Projects\PlatformIndependentNuGetPackages\SunamoDevCode\SunamoDevCode.Tests\FoldersWithSolutionsInstanceTests.cs(20,17): warning CS1591: Missing XML comment for publicly visible type or member 'FoldersWithSolutionsTests.Reload_AllProjectFoldersIsLoaded()' [E:\vs\Projects\PlatformIndependentNuGetPackages\SunamoDevCode\SunamoDevCode.Tests\SunamoDevCode.Tests.csproj::TargetFramework=net10.0]
E:\vs\Projects\PlatformIndependentNuGetPackages\SunamoDevCode\SunamoDevCode.Tests\FoldersWithSolutionsInstanceTests.cs(28,17): warning CS1591: Missing XML comment for publicly visible type or member 'FoldersWithSolutionsTests.ReloadTest_WithNoAddingSlns()' [E:\vs\Projects\PlatformIndependentNuGetPackages\SunamoDevCode\SunamoDevCode.Tests\SunamoDevCode.Tests.csproj::TargetFramework=net10.0]
E:\vs\Projects\PlatformIndependentNuGetPackages\SunamoDevCode\SunamoDevCode.Tests\FoldersWithSolutionsInstanceTests.cs(34,17): warning CS1591: Missing XML comment for publicly visible type or member 'FoldersWithSolutionsTests.ReloadTest_WithAddSlns()' [E:\vs\Projects\PlatformIndependentNuGetPackages\SunamoDevCode\SunamoDevCode.Tests\SunamoDevCode.Tests.csproj::TargetFramework=net10.0]
E:\vs\Projects\PlatformIndependentNuGetPackages\SunamoDevCode\SunamoDevCode.Tests\FoldersWithSolutionsInstanceTests.cs(40,17): warning CS1591: Missing XML comment for publicly visible type or member 'FoldersWithSolutionsTests.ReloadTest()' [E:\vs\Projects\PlatformIndependentNuGetPackages\SunamoDevCode\SunamoDevCode.Tests\SunamoDevCode.Tests.csproj::TargetFramework=net10.0]
E:\vs\Projects\PlatformIndependentNuGetPackages\SunamoDevCode\SunamoDevCode.Tests\FoldersWithSolutionsInstanceTests.cs(53,17): warning CS1591: Missing XML comment for publicly visible type or member 'FoldersWithSolutionsTests.Reload_IndexesProjectsInWhenFolder_WhenRootIsEVs()' [E:\vs\Projects\PlatformIndependentNuGetPackages\SunamoDevCode\SunamoDevCode.Tests\SunamoDevCode.Tests.csproj::TargetFramework=net10.0]
E:\vs\Projects\PlatformIndependentNuGetPackages\SunamoDevCode\SunamoDevCode.Tests\UnitTest1.cs(4,14): warning CS1591: Missing XML comment for publicly visible type or member 'UnitTest1' [E:\vs\Projects\PlatformIndependentNuGetPackages\SunamoDevCode\SunamoDevCode.Tests\SunamoDevCode.Tests.csproj::TargetFramework=net10.0]
E:\vs\Projects\PlatformIndependentNuGetPackages\SunamoDevCode\SunamoDevCode.Tests\UnitTest1.cs(7,17): warning CS1591: Missing XML comment for publicly visible type or member 'UnitTest1.Test1()' [E:\vs\Projects\PlatformIndependentNuGetPackages\SunamoDevCode\SunamoDevCode.Tests\SunamoDevCode.Tests.csproj::TargetFramework=net10.0]
E:\vs\Projects\PlatformIndependentNuGetPackages\SunamoDevCode\SunamoDevCode.Tests\Data\SolutionFolderNs\SolutionFolderTests.cs(18,63): warning CS8625: Cannot convert null literal to non-nullable reference type. [E:\vs\Projects\PlatformIndependentNuGetPackages\SunamoDevCode\SunamoDevCode.Tests\SunamoDevCode.Tests.csproj::TargetFramework=net9.0]
E:\vs\Projects\PlatformIndependentNuGetPackages\SunamoDevCode\SunamoDevCode.Tests\Data\SolutionFolderNs\SolutionFolderTests.cs(21,9): warning CS8602: Dereference of a possibly null reference. [E:\vs\Projects\PlatformIndependentNuGetPackages\SunamoDevCode\SunamoDevCode.Tests\SunamoDevCode.Tests.csproj::TargetFramework=net9.0]
E:\vs\Projects\PlatformIndependentNuGetPackages\SunamoDevCode\SunamoDevCode.Tests\FoldersWithSolutionsInstanceTests.cs(16,71): warning CS8625: Cannot convert null literal to non-nullable reference type. [E:\vs\Projects\PlatformIndependentNuGetPackages\SunamoDevCode\SunamoDevCode.Tests\SunamoDevCode.Tests.csproj::TargetFramework=net9.0]
E:\vs\Projects\PlatformIndependentNuGetPackages\SunamoDevCode\SunamoDevCode.Tests\FoldersWithSolutionsInstanceTests.cs(22,97): warning CS8625: Cannot convert null literal to non-nullable reference type. [E:\vs\Projects\PlatformIndependentNuGetPackages\SunamoDevCode\SunamoDevCode.Tests\SunamoDevCode.Tests.csproj::TargetFramework=net9.0]
E:\vs\Projects\PlatformIndependentNuGetPackages\SunamoDevCode\SunamoDevCode.Tests\FoldersWithSolutionsInstanceTests.cs(30,70): warning CS8625: Cannot convert null literal to non-nullable reference type. [E:\vs\Projects\PlatformIndependentNuGetPackages\SunamoDevCode\SunamoDevCode.Tests\SunamoDevCode.Tests.csproj::TargetFramework=net9.0]
E:\vs\Projects\PlatformIndependentNuGetPackages\SunamoDevCode\SunamoDevCode.Tests\FoldersWithSolutionsInstanceTests.cs(36,70): warning CS8625: Cannot convert null literal to non-nullable reference type. [E:\vs\Projects\PlatformIndependentNuGetPackages\SunamoDevCode\SunamoDevCode.Tests\SunamoDevCode.Tests.csproj::TargetFramework=net9.0]
E:\vs\Projects\PlatformIndependentNuGetPackages\SunamoDevCode\SunamoDevCode.Tests\FoldersWithSolutionsInstanceTests.cs(46,97): warning CS8625: Cannot convert null literal to non-nullable reference type. [E:\vs\Projects\PlatformIndependentNuGetPackages\SunamoDevCode\SunamoDevCode.Tests\SunamoDevCode.Tests.csproj::TargetFramework=net9.0]
E:\vs\Projects\PlatformIndependentNuGetPackages\SunamoDevCode\SunamoDevCode.Tests\FoldersWithSolutionsInstanceTests.cs(47,56): warning CS8625: Cannot convert null literal to non-nullable reference type. [E:\vs\Projects\PlatformIndependentNuGetPackages\SunamoDevCode\SunamoDevCode.Tests\SunamoDevCode.Tests.csproj::TargetFramework=net9.0]
E:\vs\Projects\PlatformIndependentNuGetPackages\SunamoDevCode\SunamoDevCode.Tests\FoldersWithSolutionsInstanceTests.cs(57,62): warning CS8625: Cannot convert null literal to non-nullable reference type. [E:\vs\Projects\PlatformIndependentNuGetPackages\SunamoDevCode\SunamoDevCode.Tests\SunamoDevCode.Tests.csproj::TargetFramework=net9.0]
E:\vs\Projects\PlatformIndependentNuGetPackages\SunamoDevCode\SunamoDevCode.Tests\FoldersWithSolutionsInstanceTests.cs(60,54): warning CS8625: Cannot convert null literal to non-nullable reference type. [E:\vs\Projects\PlatformIndependentNuGetPackages\SunamoDevCode\SunamoDevCode.Tests\SunamoDevCode.Tests.csproj::TargetFramework=net9.0]
E:\vs\Projects\PlatformIndependentNuGetPackages\SunamoDevCode\SunamoDevCode.Tests\CSharpHelperSunamoTests.cs(7,14): warning CS1591: Missing XML comment for publicly visible type or member 'CSharpHelperSunamoTests' [E:\vs\Projects\PlatformIndependentNuGetPackages\SunamoDevCode\SunamoDevCode.Tests\SunamoDevCode.Tests.csproj::TargetFramework=net9.0]
E:\vs\Projects\PlatformIndependentNuGetPackages\SunamoDevCode\SunamoDevCode.Tests\CSharpHelperSunamoTests.cs(10,17): warning CS1591: Missing XML comment for publicly visible type or member 'CSharpHelperSunamoTests.IndentAsPreviousLineTest()' [E:\vs\Projects\PlatformIndependentNuGetPackages\SunamoDevCode\SunamoDevCode.Tests\SunamoDevCode.Tests.csproj::TargetFramework=net9.0]
E:\vs\Projects\PlatformIndependentNuGetPackages\SunamoDevCode\SunamoDevCode.Tests\Data\SolutionFolderNs\SolutionFolderTests.cs(8,14): warning CS1591: Missing XML comment for publicly visible type or member 'SolutionFolderTests' [E:\vs\Projects\PlatformIndependentNuGetPackages\SunamoDevCode\SunamoDevCode.Tests\SunamoDevCode.Tests.csproj::TargetFramework=net9.0]
E:\vs\Projects\PlatformIndependentNuGetPackages\SunamoDevCode\SunamoDevCode.Tests\Data\SolutionFolderNs\SolutionFolderTests.cs(13,17): warning CS1591: Missing XML comment for publicly visible type or member 'SolutionFolderTests.ExeToReleaseTest()' [E:\vs\Projects\PlatformIndependentNuGetPackages\SunamoDevCode\SunamoDevCode.Tests\SunamoDevCode.Tests.csproj::TargetFramework=net9.0]
E:\vs\Projects\PlatformIndependentNuGetPackages\SunamoDevCode\SunamoDevCode.Tests\FoldersWithSolutionsInstanceTests.cs(9,14): warning CS1591: Missing XML comment for publicly visible type or member 'FoldersWithSolutionsTests' [E:\vs\Projects\PlatformIndependentNuGetPackages\SunamoDevCode\SunamoDevCode.Tests\SunamoDevCode.Tests.csproj::TargetFramework=net9.0]
E:\vs\Projects\PlatformIndependentNuGetPackages\SunamoDevCode\SunamoDevCode.Tests\FoldersWithSolutionsInstanceTests.cs(14,17): warning CS1591: Missing XML comment for publicly visible type or member 'FoldersWithSolutionsTests.InsertIntoFwssTest()' [E:\vs\Projects\PlatformIndependentNuGetPackages\SunamoDevCode\SunamoDevCode.Tests\SunamoDevCode.Tests.csproj::TargetFramework=net9.0]
E:\vs\Projects\PlatformIndependentNuGetPackages\SunamoDevCode\SunamoDevCode.Tests\FoldersWithSolutionsInstanceTests.cs(20,17): warning CS1591: Missing XML comment for publicly visible type or member 'FoldersWithSolutionsTests.Reload_AllProjectFoldersIsLoaded()' [E:\vs\Projects\PlatformIndependentNuGetPackages\SunamoDevCode\SunamoDevCode.Tests\SunamoDevCode.Tests.csproj::TargetFramework=net9.0]
E:\vs\Projects\PlatformIndependentNuGetPackages\SunamoDevCode\SunamoDevCode.Tests\FoldersWithSolutionsInstanceTests.cs(28,17): warning CS1591: Missing XML comment for publicly visible type or member 'FoldersWithSolutionsTests.ReloadTest_WithNoAddingSlns()' [E:\vs\Projects\PlatformIndependentNuGetPackages\SunamoDevCode\SunamoDevCode.Tests\SunamoDevCode.Tests.csproj::TargetFramework=net9.0]
E:\vs\Projects\PlatformIndependentNuGetPackages\SunamoDevCode\SunamoDevCode.Tests\FoldersWithSolutionsInstanceTests.cs(34,17): warning CS1591: Missing XML comment for publicly visible type or member 'FoldersWithSolutionsTests.ReloadTest_WithAddSlns()' [E:\vs\Projects\PlatformIndependentNuGetPackages\SunamoDevCode\SunamoDevCode.Tests\SunamoDevCode.Tests.csproj::TargetFramework=net9.0]
E:\vs\Projects\PlatformIndependentNuGetPackages\SunamoDevCode\SunamoDevCode.Tests\FoldersWithSolutionsInstanceTests.cs(40,17): warning CS1591: Missing XML comment for publicly visible type or member 'FoldersWithSolutionsTests.ReloadTest()' [E:\vs\Projects\PlatformIndependentNuGetPackages\SunamoDevCode\SunamoDevCode.Tests\SunamoDevCode.Tests.csproj::TargetFramework=net9.0]
E:\vs\Projects\PlatformIndependentNuGetPackages\SunamoDevCode\SunamoDevCode.Tests\FoldersWithSolutionsInstanceTests.cs(53,17): warning CS1591: Missing XML comment for publicly visible type or member 'FoldersWithSolutionsTests.Reload_IndexesProjectsInWhenFolder_WhenRootIsEVs()' [E:\vs\Projects\PlatformIndependentNuGetPackages\SunamoDevCode\SunamoDevCode.Tests\SunamoDevCode.Tests.csproj::TargetFramework=net9.0]
E:\vs\Projects\PlatformIndependentNuGetPackages\SunamoDevCode\SunamoDevCode.Tests\UnitTest1.cs(4,14): warning CS1591: Missing XML comment for publicly visible type or member 'UnitTest1' [E:\vs\Projects\PlatformIndependentNuGetPackages\SunamoDevCode\SunamoDevCode.Tests\SunamoDevCode.Tests.csproj::TargetFramework=net9.0]
E:\vs\Projects\PlatformIndependentNuGetPackages\SunamoDevCode\SunamoDevCode.Tests\UnitTest1.cs(7,17): warning CS1591: Missing XML comment for publicly visible type or member 'UnitTest1.Test1()' [E:\vs\Projects\PlatformIndependentNuGetPackages\SunamoDevCode\SunamoDevCode.Tests\SunamoDevCode.Tests.csproj::TargetFramework=net9.0]
E:\vs\Projects\PlatformIndependentNuGetPackages\SunamoDevCode\RunnerDevCode\AddOrEditNamespaceServiceTests.cs(4,14): warning CS1591: Missing XML comment for publicly visible type or member 'AddOrEditNamespaceServiceTests' [E:\vs\Projects\PlatformIndependentNuGetPackages\SunamoDevCode\RunnerDevCode\RunnerDevCode.csproj::TargetFramework=net10.0]
E:\vs\Projects\PlatformIndependentNuGetPackages\SunamoDevCode\RunnerDevCode\AddOrEditNamespaceServiceTests.cs(6,12): warning CS1591: Missing XML comment for publicly visible type or member 'AddOrEditNamespaceServiceTests.AddOrEditNamespaceServiceTests()' [E:\vs\Projects\PlatformIndependentNuGetPackages\SunamoDevCode\RunnerDevCode\RunnerDevCode.csproj::TargetFramework=net10.0]
E:\vs\Projects\PlatformIndependentNuGetPackages\SunamoDevCode\RunnerDevCode\AddOrEditNamespaceServiceTests.cs(4,14): warning CS1591: Missing XML comment for publicly visible type or member 'AddOrEditNamespaceServiceTests' [E:\vs\Projects\PlatformIndependentNuGetPackages\SunamoDevCode\RunnerDevCode\RunnerDevCode.csproj::TargetFramework=net9.0]
E:\vs\Projects\PlatformIndependentNuGetPackages\SunamoDevCode\RunnerDevCode\AddOrEditNamespaceServiceTests.cs(6,12): warning CS1591: Missing XML comment for publicly visible type or member 'AddOrEditNamespaceServiceTests.AddOrEditNamespaceServiceTests()' [E:\vs\Projects\PlatformIndependentNuGetPackages\SunamoDevCode\RunnerDevCode\RunnerDevCode.csproj::TargetFramework=net9.0]
    724 Warning(s)
    0 Error(s)

Time Elapsed 00:00:06.50
