  Determining projects to restore...
  All projects are up-to-date for restore.
  SunamoDevCode -> E:\vs\Projects\PlatformIndependentNuGetPackages\SunamoDevCode\SunamoDevCode\bin\Debug\net8.0\SunamoDevCode.dll
  SunamoDevCode -> E:\vs\Projects\PlatformIndependentNuGetPackages\SunamoDevCode\SunamoDevCode\bin\Debug\net9.0\SunamoDevCode.dll
  SunamoDevCode -> E:\vs\Projects\PlatformIndependentNuGetPackages\SunamoDevCode\SunamoDevCode\bin\Debug\net10.0\SunamoDevCode.dll

Build succeeded.
    0 Warning(s)
    0 Error(s)

Time Elapsed 00:00:02.30
